[2026-04-28T12:11:59.241+0000] {processor.py:161} INFO - Started process (PID=101) to work on /home/airflow/.local/lib/python3.8/site-packages/airflow/example_dags/example_task_group.py
[2026-04-28T12:11:59.243+0000] {processor.py:830} INFO - Processing file /home/airflow/.local/lib/python3.8/site-packages/airflow/example_dags/example_task_group.py for tasks to queue
[2026-04-28T12:11:59.249+0000] {logging_mixin.py:188} INFO - [2026-04-28T12:11:59.248+0000] {dagbag.py:540} INFO - Filling up the DagBag from /home/airflow/.local/lib/python3.8/site-packages/airflow/example_dags/example_task_group.py
[2026-04-28T12:11:59.260+0000] {processor.py:840} INFO - DAG(s) 'example_task_group' retrieved from /home/airflow/.local/lib/python3.8/site-packages/airflow/example_dags/example_task_group.py
[2026-04-28T12:11:59.566+0000] {logging_mixin.py:188} INFO - [2026-04-28T12:11:59.565+0000] {dag.py:3047} INFO - Sync 1 DAGs
[2026-04-28T12:11:59.638+0000] {logging_mixin.py:188} INFO - [2026-04-28T12:11:59.638+0000] {dag.py:3834} INFO - Setting next_dagrun for example_task_group to 2026-04-27 00:00:00+00:00, run_after=2026-04-28 00:00:00+00:00
[2026-04-28T12:11:59.769+0000] {processor.py:183} INFO - Processing /home/airflow/.local/lib/python3.8/site-packages/airflow/example_dags/example_task_group.py took 0.535 seconds
[2026-04-28T12:12:30.026+0000] {processor.py:161} INFO - Started process (PID=156) to work on /home/airflow/.local/lib/python3.8/site-packages/airflow/example_dags/example_task_group.py
[2026-04-28T12:12:30.027+0000] {processor.py:830} INFO - Processing file /home/airflow/.local/lib/python3.8/site-packages/airflow/example_dags/example_task_group.py for tasks to queue
[2026-04-28T12:12:30.029+0000] {logging_mixin.py:188} INFO - [2026-04-28T12:12:30.029+0000] {dagbag.py:540} INFO - Filling up the DagBag from /home/airflow/.local/lib/python3.8/site-packages/airflow/example_dags/example_task_group.py
[2026-04-28T12:12:30.037+0000] {processor.py:840} INFO - DAG(s) 'example_task_group' retrieved from /home/airflow/.local/lib/python3.8/site-packages/airflow/example_dags/example_task_group.py
[2026-04-28T12:12:30.057+0000] {logging_mixin.py:188} INFO - [2026-04-28T12:12:30.057+0000] {dag.py:3047} INFO - Sync 1 DAGs
[2026-04-28T12:12:30.090+0000] {logging_mixin.py:188} INFO - [2026-04-28T12:12:30.089+0000] {dag.py:3834} INFO - Setting next_dagrun for example_task_group to 2026-04-27 00:00:00+00:00, run_after=2026-04-28 00:00:00+00:00
[2026-04-28T12:12:30.112+0000] {processor.py:183} INFO - Processing /home/airflow/.local/lib/python3.8/site-packages/airflow/example_dags/example_task_group.py took 0.090 seconds
[2026-04-28T12:13:01.053+0000] {processor.py:161} INFO - Started process (PID=217) to work on /home/airflow/.local/lib/python3.8/site-packages/airflow/example_dags/example_task_group.py
[2026-04-28T12:13:01.054+0000] {processor.py:830} INFO - Processing file /home/airflow/.local/lib/python3.8/site-packages/airflow/example_dags/example_task_group.py for tasks to queue
[2026-04-28T12:13:01.056+0000] {logging_mixin.py:188} INFO - [2026-04-28T12:13:01.056+0000] {dagbag.py:540} INFO - Filling up the DagBag from /home/airflow/.local/lib/python3.8/site-packages/airflow/example_dags/example_task_group.py
[2026-04-28T12:13:01.064+0000] {processor.py:840} INFO - DAG(s) 'example_task_group' retrieved from /home/airflow/.local/lib/python3.8/site-packages/airflow/example_dags/example_task_group.py
[2026-04-28T12:13:01.081+0000] {logging_mixin.py:188} INFO - [2026-04-28T12:13:01.080+0000] {dag.py:3047} INFO - Sync 1 DAGs
[2026-04-28T12:13:01.097+0000] {logging_mixin.py:188} INFO - [2026-04-28T12:13:01.097+0000] {dag.py:3834} INFO - Setting next_dagrun for example_task_group to 2026-04-27 00:00:00+00:00, run_after=2026-04-28 00:00:00+00:00
[2026-04-28T12:13:01.110+0000] {processor.py:183} INFO - Processing /home/airflow/.local/lib/python3.8/site-packages/airflow/example_dags/example_task_group.py took 0.060 seconds
[2026-04-28T12:13:31.560+0000] {processor.py:161} INFO - Started process (PID=272) to work on /home/airflow/.local/lib/python3.8/site-packages/airflow/example_dags/example_task_group.py
[2026-04-28T12:13:31.560+0000] {processor.py:830} INFO - Processing file /home/airflow/.local/lib/python3.8/site-packages/airflow/example_dags/example_task_group.py for tasks to queue
[2026-04-28T12:13:31.562+0000] {logging_mixin.py:188} INFO - [2026-04-28T12:13:31.562+0000] {dagbag.py:540} INFO - Filling up the DagBag from /home/airflow/.local/lib/python3.8/site-packages/airflow/example_dags/example_task_group.py
[2026-04-28T12:13:31.568+0000] {processor.py:840} INFO - DAG(s) 'example_task_group' retrieved from /home/airflow/.local/lib/python3.8/site-packages/airflow/example_dags/example_task_group.py
[2026-04-28T12:13:31.584+0000] {logging_mixin.py:188} INFO - [2026-04-28T12:13:31.584+0000] {dag.py:3047} INFO - Sync 1 DAGs
[2026-04-28T12:13:31.600+0000] {logging_mixin.py:188} INFO - [2026-04-28T12:13:31.600+0000] {dag.py:3834} INFO - Setting next_dagrun for example_task_group to 2026-04-27 00:00:00+00:00, run_after=2026-04-28 00:00:00+00:00
[2026-04-28T12:13:31.614+0000] {processor.py:183} INFO - Processing /home/airflow/.local/lib/python3.8/site-packages/airflow/example_dags/example_task_group.py took 0.057 seconds
[2026-04-28T12:14:02.088+0000] {processor.py:161} INFO - Started process (PID=327) to work on /home/airflow/.local/lib/python3.8/site-packages/airflow/example_dags/example_task_group.py
[2026-04-28T12:14:02.089+0000] {processor.py:830} INFO - Processing file /home/airflow/.local/lib/python3.8/site-packages/airflow/example_dags/example_task_group.py for tasks to queue
[2026-04-28T12:14:02.091+0000] {logging_mixin.py:188} INFO - [2026-04-28T12:14:02.091+0000] {dagbag.py:540} INFO - Filling up the DagBag from /home/airflow/.local/lib/python3.8/site-packages/airflow/example_dags/example_task_group.py
[2026-04-28T12:14:02.098+0000] {processor.py:840} INFO - DAG(s) 'example_task_group' retrieved from /home/airflow/.local/lib/python3.8/site-packages/airflow/example_dags/example_task_group.py
[2026-04-28T12:14:02.114+0000] {logging_mixin.py:188} INFO - [2026-04-28T12:14:02.114+0000] {dag.py:3047} INFO - Sync 1 DAGs
[2026-04-28T12:14:02.130+0000] {logging_mixin.py:188} INFO - [2026-04-28T12:14:02.130+0000] {dag.py:3834} INFO - Setting next_dagrun for example_task_group to 2026-04-27 00:00:00+00:00, run_after=2026-04-28 00:00:00+00:00
[2026-04-28T12:14:02.152+0000] {processor.py:183} INFO - Processing /home/airflow/.local/lib/python3.8/site-packages/airflow/example_dags/example_task_group.py took 0.067 seconds
[2026-04-28T12:14:32.650+0000] {processor.py:161} INFO - Started process (PID=382) to work on /home/airflow/.local/lib/python3.8/site-packages/airflow/example_dags/example_task_group.py
[2026-04-28T12:14:32.651+0000] {processor.py:830} INFO - Processing file /home/airflow/.local/lib/python3.8/site-packages/airflow/example_dags/example_task_group.py for tasks to queue
[2026-04-28T12:14:32.653+0000] {logging_mixin.py:188} INFO - [2026-04-28T12:14:32.653+0000] {dagbag.py:540} INFO - Filling up the DagBag from /home/airflow/.local/lib/python3.8/site-packages/airflow/example_dags/example_task_group.py
[2026-04-28T12:14:32.659+0000] {processor.py:840} INFO - DAG(s) 'example_task_group' retrieved from /home/airflow/.local/lib/python3.8/site-packages/airflow/example_dags/example_task_group.py
[2026-04-28T12:14:32.674+0000] {logging_mixin.py:188} INFO - [2026-04-28T12:14:32.674+0000] {dag.py:3047} INFO - Sync 1 DAGs
[2026-04-28T12:14:32.691+0000] {logging_mixin.py:188} INFO - [2026-04-28T12:14:32.690+0000] {dag.py:3834} INFO - Setting next_dagrun for example_task_group to 2026-04-27 00:00:00+00:00, run_after=2026-04-28 00:00:00+00:00
[2026-04-28T12:14:32.703+0000] {processor.py:183} INFO - Processing /home/airflow/.local/lib/python3.8/site-packages/airflow/example_dags/example_task_group.py took 0.056 seconds
[2026-04-28T12:15:03.432+0000] {processor.py:161} INFO - Started process (PID=437) to work on /home/airflow/.local/lib/python3.8/site-packages/airflow/example_dags/example_task_group.py
[2026-04-28T12:15:03.433+0000] {processor.py:830} INFO - Processing file /home/airflow/.local/lib/python3.8/site-packages/airflow/example_dags/example_task_group.py for tasks to queue
[2026-04-28T12:15:03.435+0000] {logging_mixin.py:188} INFO - [2026-04-28T12:15:03.435+0000] {dagbag.py:540} INFO - Filling up the DagBag from /home/airflow/.local/lib/python3.8/site-packages/airflow/example_dags/example_task_group.py
[2026-04-28T12:15:03.442+0000] {processor.py:840} INFO - DAG(s) 'example_task_group' retrieved from /home/airflow/.local/lib/python3.8/site-packages/airflow/example_dags/example_task_group.py
[2026-04-28T12:15:03.457+0000] {logging_mixin.py:188} INFO - [2026-04-28T12:15:03.457+0000] {dag.py:3047} INFO - Sync 1 DAGs
[2026-04-28T12:15:03.474+0000] {logging_mixin.py:188} INFO - [2026-04-28T12:15:03.474+0000] {dag.py:3834} INFO - Setting next_dagrun for example_task_group to 2026-04-27 00:00:00+00:00, run_after=2026-04-28 00:00:00+00:00
[2026-04-28T12:15:03.487+0000] {processor.py:183} INFO - Processing /home/airflow/.local/lib/python3.8/site-packages/airflow/example_dags/example_task_group.py took 0.059 seconds
[2026-04-28T12:15:33.869+0000] {processor.py:161} INFO - Started process (PID=491) to work on /home/airflow/.local/lib/python3.8/site-packages/airflow/example_dags/example_task_group.py
[2026-04-28T12:15:33.870+0000] {processor.py:830} INFO - Processing file /home/airflow/.local/lib/python3.8/site-packages/airflow/example_dags/example_task_group.py for tasks to queue
[2026-04-28T12:15:33.872+0000] {logging_mixin.py:188} INFO - [2026-04-28T12:15:33.872+0000] {dagbag.py:540} INFO - Filling up the DagBag from /home/airflow/.local/lib/python3.8/site-packages/airflow/example_dags/example_task_group.py
[2026-04-28T12:15:33.880+0000] {processor.py:840} INFO - DAG(s) 'example_task_group' retrieved from /home/airflow/.local/lib/python3.8/site-packages/airflow/example_dags/example_task_group.py
[2026-04-28T12:15:33.896+0000] {logging_mixin.py:188} INFO - [2026-04-28T12:15:33.896+0000] {dag.py:3047} INFO - Sync 1 DAGs
[2026-04-28T12:15:33.912+0000] {logging_mixin.py:188} INFO - [2026-04-28T12:15:33.912+0000] {dag.py:3834} INFO - Setting next_dagrun for example_task_group to 2026-04-27 00:00:00+00:00, run_after=2026-04-28 00:00:00+00:00
[2026-04-28T12:15:33.925+0000] {processor.py:183} INFO - Processing /home/airflow/.local/lib/python3.8/site-packages/airflow/example_dags/example_task_group.py took 0.059 seconds
[2026-04-28T12:16:04.886+0000] {processor.py:161} INFO - Started process (PID=546) to work on /home/airflow/.local/lib/python3.8/site-packages/airflow/example_dags/example_task_group.py
[2026-04-28T12:16:04.887+0000] {processor.py:830} INFO - Processing file /home/airflow/.local/lib/python3.8/site-packages/airflow/example_dags/example_task_group.py for tasks to queue
[2026-04-28T12:16:04.889+0000] {logging_mixin.py:188} INFO - [2026-04-28T12:16:04.889+0000] {dagbag.py:540} INFO - Filling up the DagBag from /home/airflow/.local/lib/python3.8/site-packages/airflow/example_dags/example_task_group.py
[2026-04-28T12:16:04.898+0000] {processor.py:840} INFO - DAG(s) 'example_task_group' retrieved from /home/airflow/.local/lib/python3.8/site-packages/airflow/example_dags/example_task_group.py
[2026-04-28T12:16:04.916+0000] {logging_mixin.py:188} INFO - [2026-04-28T12:16:04.916+0000] {dag.py:3047} INFO - Sync 1 DAGs
[2026-04-28T12:16:04.933+0000] {logging_mixin.py:188} INFO - [2026-04-28T12:16:04.933+0000] {dag.py:3834} INFO - Setting next_dagrun for example_task_group to 2026-04-27 00:00:00+00:00, run_after=2026-04-28 00:00:00+00:00
[2026-04-28T12:16:04.946+0000] {processor.py:183} INFO - Processing /home/airflow/.local/lib/python3.8/site-packages/airflow/example_dags/example_task_group.py took 0.064 seconds
[2026-04-28T12:16:35.188+0000] {processor.py:161} INFO - Started process (PID=601) to work on /home/airflow/.local/lib/python3.8/site-packages/airflow/example_dags/example_task_group.py
[2026-04-28T12:16:35.189+0000] {processor.py:830} INFO - Processing file /home/airflow/.local/lib/python3.8/site-packages/airflow/example_dags/example_task_group.py for tasks to queue
[2026-04-28T12:16:35.191+0000] {logging_mixin.py:188} INFO - [2026-04-28T12:16:35.190+0000] {dagbag.py:540} INFO - Filling up the DagBag from /home/airflow/.local/lib/python3.8/site-packages/airflow/example_dags/example_task_group.py
[2026-04-28T12:16:35.197+0000] {processor.py:840} INFO - DAG(s) 'example_task_group' retrieved from /home/airflow/.local/lib/python3.8/site-packages/airflow/example_dags/example_task_group.py
[2026-04-28T12:16:35.216+0000] {logging_mixin.py:188} INFO - [2026-04-28T12:16:35.216+0000] {dag.py:3047} INFO - Sync 1 DAGs
[2026-04-28T12:16:35.233+0000] {logging_mixin.py:188} INFO - [2026-04-28T12:16:35.233+0000] {dag.py:3834} INFO - Setting next_dagrun for example_task_group to 2026-04-27 00:00:00+00:00, run_after=2026-04-28 00:00:00+00:00
[2026-04-28T12:16:35.246+0000] {processor.py:183} INFO - Processing /home/airflow/.local/lib/python3.8/site-packages/airflow/example_dags/example_task_group.py took 0.061 seconds
[2026-04-28T12:17:05.888+0000] {processor.py:161} INFO - Started process (PID=656) to work on /home/airflow/.local/lib/python3.8/site-packages/airflow/example_dags/example_task_group.py
[2026-04-28T12:17:05.890+0000] {processor.py:830} INFO - Processing file /home/airflow/.local/lib/python3.8/site-packages/airflow/example_dags/example_task_group.py for tasks to queue
[2026-04-28T12:17:05.895+0000] {logging_mixin.py:188} INFO - [2026-04-28T12:17:05.895+0000] {dagbag.py:540} INFO - Filling up the DagBag from /home/airflow/.local/lib/python3.8/site-packages/airflow/example_dags/example_task_group.py
[2026-04-28T12:17:05.922+0000] {processor.py:840} INFO - DAG(s) 'example_task_group' retrieved from /home/airflow/.local/lib/python3.8/site-packages/airflow/example_dags/example_task_group.py
[2026-04-28T12:17:05.963+0000] {logging_mixin.py:188} INFO - [2026-04-28T12:17:05.963+0000] {dag.py:3047} INFO - Sync 1 DAGs
[2026-04-28T12:17:05.997+0000] {logging_mixin.py:188} INFO - [2026-04-28T12:17:05.996+0000] {dag.py:3834} INFO - Setting next_dagrun for example_task_group to 2026-04-27 00:00:00+00:00, run_after=2026-04-28 00:00:00+00:00
[2026-04-28T12:17:06.025+0000] {processor.py:183} INFO - Processing /home/airflow/.local/lib/python3.8/site-packages/airflow/example_dags/example_task_group.py took 0.148 seconds
[2026-04-28T12:17:36.115+0000] {processor.py:161} INFO - Started process (PID=711) to work on /home/airflow/.local/lib/python3.8/site-packages/airflow/example_dags/example_task_group.py
[2026-04-28T12:17:36.116+0000] {processor.py:830} INFO - Processing file /home/airflow/.local/lib/python3.8/site-packages/airflow/example_dags/example_task_group.py for tasks to queue
[2026-04-28T12:17:36.117+0000] {logging_mixin.py:188} INFO - [2026-04-28T12:17:36.117+0000] {dagbag.py:540} INFO - Filling up the DagBag from /home/airflow/.local/lib/python3.8/site-packages/airflow/example_dags/example_task_group.py
[2026-04-28T12:17:36.123+0000] {processor.py:840} INFO - DAG(s) 'example_task_group' retrieved from /home/airflow/.local/lib/python3.8/site-packages/airflow/example_dags/example_task_group.py
[2026-04-28T12:17:36.140+0000] {logging_mixin.py:188} INFO - [2026-04-28T12:17:36.140+0000] {dag.py:3047} INFO - Sync 1 DAGs
[2026-04-28T12:17:36.156+0000] {logging_mixin.py:188} INFO - [2026-04-28T12:17:36.156+0000] {dag.py:3834} INFO - Setting next_dagrun for example_task_group to 2026-04-27 00:00:00+00:00, run_after=2026-04-28 00:00:00+00:00
[2026-04-28T12:17:36.169+0000] {processor.py:183} INFO - Processing /home/airflow/.local/lib/python3.8/site-packages/airflow/example_dags/example_task_group.py took 0.057 seconds
[2026-04-28T12:18:06.835+0000] {processor.py:161} INFO - Started process (PID=766) to work on /home/airflow/.local/lib/python3.8/site-packages/airflow/example_dags/example_task_group.py
[2026-04-28T12:18:06.839+0000] {processor.py:830} INFO - Processing file /home/airflow/.local/lib/python3.8/site-packages/airflow/example_dags/example_task_group.py for tasks to queue
[2026-04-28T12:18:06.842+0000] {logging_mixin.py:188} INFO - [2026-04-28T12:18:06.842+0000] {dagbag.py:540} INFO - Filling up the DagBag from /home/airflow/.local/lib/python3.8/site-packages/airflow/example_dags/example_task_group.py
[2026-04-28T12:18:06.858+0000] {processor.py:840} INFO - DAG(s) 'example_task_group' retrieved from /home/airflow/.local/lib/python3.8/site-packages/airflow/example_dags/example_task_group.py
[2026-04-28T12:18:06.885+0000] {logging_mixin.py:188} INFO - [2026-04-28T12:18:06.885+0000] {dag.py:3047} INFO - Sync 1 DAGs
[2026-04-28T12:18:06.910+0000] {logging_mixin.py:188} INFO - [2026-04-28T12:18:06.909+0000] {dag.py:3834} INFO - Setting next_dagrun for example_task_group to 2026-04-27 00:00:00+00:00, run_after=2026-04-28 00:00:00+00:00
[2026-04-28T12:18:06.926+0000] {processor.py:183} INFO - Processing /home/airflow/.local/lib/python3.8/site-packages/airflow/example_dags/example_task_group.py took 0.101 seconds
[2026-04-28T12:18:37.833+0000] {processor.py:161} INFO - Started process (PID=821) to work on /home/airflow/.local/lib/python3.8/site-packages/airflow/example_dags/example_task_group.py
[2026-04-28T12:18:37.834+0000] {processor.py:830} INFO - Processing file /home/airflow/.local/lib/python3.8/site-packages/airflow/example_dags/example_task_group.py for tasks to queue
[2026-04-28T12:18:37.838+0000] {logging_mixin.py:188} INFO - [2026-04-28T12:18:37.838+0000] {dagbag.py:540} INFO - Filling up the DagBag from /home/airflow/.local/lib/python3.8/site-packages/airflow/example_dags/example_task_group.py
[2026-04-28T12:18:37.853+0000] {processor.py:840} INFO - DAG(s) 'example_task_group' retrieved from /home/airflow/.local/lib/python3.8/site-packages/airflow/example_dags/example_task_group.py
[2026-04-28T12:18:37.904+0000] {logging_mixin.py:188} INFO - [2026-04-28T12:18:37.901+0000] {dag.py:3047} INFO - Sync 1 DAGs
[2026-04-28T12:18:37.966+0000] {logging_mixin.py:188} INFO - [2026-04-28T12:18:37.966+0000] {dag.py:3834} INFO - Setting next_dagrun for example_task_group to 2026-04-27 00:00:00+00:00, run_after=2026-04-28 00:00:00+00:00
[2026-04-28T12:18:37.996+0000] {processor.py:183} INFO - Processing /home/airflow/.local/lib/python3.8/site-packages/airflow/example_dags/example_task_group.py took 0.171 seconds
[2026-04-28T12:19:08.106+0000] {processor.py:161} INFO - Started process (PID=876) to work on /home/airflow/.local/lib/python3.8/site-packages/airflow/example_dags/example_task_group.py
[2026-04-28T12:19:08.107+0000] {processor.py:830} INFO - Processing file /home/airflow/.local/lib/python3.8/site-packages/airflow/example_dags/example_task_group.py for tasks to queue
[2026-04-28T12:19:08.109+0000] {logging_mixin.py:188} INFO - [2026-04-28T12:19:08.109+0000] {dagbag.py:540} INFO - Filling up the DagBag from /home/airflow/.local/lib/python3.8/site-packages/airflow/example_dags/example_task_group.py
[2026-04-28T12:19:08.118+0000] {processor.py:840} INFO - DAG(s) 'example_task_group' retrieved from /home/airflow/.local/lib/python3.8/site-packages/airflow/example_dags/example_task_group.py
[2026-04-28T12:19:08.143+0000] {logging_mixin.py:188} INFO - [2026-04-28T12:19:08.143+0000] {dag.py:3047} INFO - Sync 1 DAGs
[2026-04-28T12:19:08.170+0000] {logging_mixin.py:188} INFO - [2026-04-28T12:19:08.169+0000] {dag.py:3834} INFO - Setting next_dagrun for example_task_group to 2026-04-27 00:00:00+00:00, run_after=2026-04-28 00:00:00+00:00
[2026-04-28T12:19:08.197+0000] {processor.py:183} INFO - Processing /home/airflow/.local/lib/python3.8/site-packages/airflow/example_dags/example_task_group.py took 0.095 seconds
[2026-04-28T12:19:39.421+0000] {processor.py:161} INFO - Started process (PID=931) to work on /home/airflow/.local/lib/python3.8/site-packages/airflow/example_dags/example_task_group.py
[2026-04-28T12:19:39.426+0000] {processor.py:830} INFO - Processing file /home/airflow/.local/lib/python3.8/site-packages/airflow/example_dags/example_task_group.py for tasks to queue
[2026-04-28T12:19:39.431+0000] {logging_mixin.py:188} INFO - [2026-04-28T12:19:39.431+0000] {dagbag.py:540} INFO - Filling up the DagBag from /home/airflow/.local/lib/python3.8/site-packages/airflow/example_dags/example_task_group.py
[2026-04-28T12:19:39.449+0000] {processor.py:840} INFO - DAG(s) 'example_task_group' retrieved from /home/airflow/.local/lib/python3.8/site-packages/airflow/example_dags/example_task_group.py
[2026-04-28T12:19:39.568+0000] {logging_mixin.py:188} INFO - [2026-04-28T12:19:39.568+0000] {dag.py:3047} INFO - Sync 1 DAGs
[2026-04-28T12:19:39.644+0000] {logging_mixin.py:188} INFO - [2026-04-28T12:19:39.644+0000] {dag.py:3834} INFO - Setting next_dagrun for example_task_group to 2026-04-27 00:00:00+00:00, run_after=2026-04-28 00:00:00+00:00
[2026-04-28T12:19:39.707+0000] {processor.py:183} INFO - Processing /home/airflow/.local/lib/python3.8/site-packages/airflow/example_dags/example_task_group.py took 0.290 seconds
[2026-04-28T12:20:09.763+0000] {processor.py:161} INFO - Started process (PID=985) to work on /home/airflow/.local/lib/python3.8/site-packages/airflow/example_dags/example_task_group.py
[2026-04-28T12:20:09.764+0000] {processor.py:830} INFO - Processing file /home/airflow/.local/lib/python3.8/site-packages/airflow/example_dags/example_task_group.py for tasks to queue
[2026-04-28T12:20:09.766+0000] {logging_mixin.py:188} INFO - [2026-04-28T12:20:09.765+0000] {dagbag.py:540} INFO - Filling up the DagBag from /home/airflow/.local/lib/python3.8/site-packages/airflow/example_dags/example_task_group.py
[2026-04-28T12:20:09.774+0000] {processor.py:840} INFO - DAG(s) 'example_task_group' retrieved from /home/airflow/.local/lib/python3.8/site-packages/airflow/example_dags/example_task_group.py
[2026-04-28T12:20:09.801+0000] {logging_mixin.py:188} INFO - [2026-04-28T12:20:09.801+0000] {dag.py:3047} INFO - Sync 1 DAGs
[2026-04-28T12:20:09.825+0000] {logging_mixin.py:188} INFO - [2026-04-28T12:20:09.825+0000] {dag.py:3834} INFO - Setting next_dagrun for example_task_group to 2026-04-27 00:00:00+00:00, run_after=2026-04-28 00:00:00+00:00
[2026-04-28T12:20:09.843+0000] {processor.py:183} INFO - Processing /home/airflow/.local/lib/python3.8/site-packages/airflow/example_dags/example_task_group.py took 0.083 seconds
[2026-04-28T12:20:40.695+0000] {processor.py:161} INFO - Started process (PID=1040) to work on /home/airflow/.local/lib/python3.8/site-packages/airflow/example_dags/example_task_group.py
[2026-04-28T12:20:40.696+0000] {processor.py:830} INFO - Processing file /home/airflow/.local/lib/python3.8/site-packages/airflow/example_dags/example_task_group.py for tasks to queue
[2026-04-28T12:20:40.698+0000] {logging_mixin.py:188} INFO - [2026-04-28T12:20:40.697+0000] {dagbag.py:540} INFO - Filling up the DagBag from /home/airflow/.local/lib/python3.8/site-packages/airflow/example_dags/example_task_group.py
[2026-04-28T12:20:40.706+0000] {processor.py:840} INFO - DAG(s) 'example_task_group' retrieved from /home/airflow/.local/lib/python3.8/site-packages/airflow/example_dags/example_task_group.py
[2026-04-28T12:20:40.730+0000] {logging_mixin.py:188} INFO - [2026-04-28T12:20:40.730+0000] {dag.py:3047} INFO - Sync 1 DAGs
[2026-04-28T12:20:40.754+0000] {logging_mixin.py:188} INFO - [2026-04-28T12:20:40.753+0000] {dag.py:3834} INFO - Setting next_dagrun for example_task_group to 2026-04-27 00:00:00+00:00, run_after=2026-04-28 00:00:00+00:00
[2026-04-28T12:20:40.771+0000] {processor.py:183} INFO - Processing /home/airflow/.local/lib/python3.8/site-packages/airflow/example_dags/example_task_group.py took 0.081 seconds
[2026-04-28T12:21:11.361+0000] {processor.py:161} INFO - Started process (PID=1095) to work on /home/airflow/.local/lib/python3.8/site-packages/airflow/example_dags/example_task_group.py
[2026-04-28T12:21:11.362+0000] {processor.py:830} INFO - Processing file /home/airflow/.local/lib/python3.8/site-packages/airflow/example_dags/example_task_group.py for tasks to queue
[2026-04-28T12:21:11.364+0000] {logging_mixin.py:188} INFO - [2026-04-28T12:21:11.364+0000] {dagbag.py:540} INFO - Filling up the DagBag from /home/airflow/.local/lib/python3.8/site-packages/airflow/example_dags/example_task_group.py
[2026-04-28T12:21:11.373+0000] {processor.py:840} INFO - DAG(s) 'example_task_group' retrieved from /home/airflow/.local/lib/python3.8/site-packages/airflow/example_dags/example_task_group.py
[2026-04-28T12:21:11.399+0000] {logging_mixin.py:188} INFO - [2026-04-28T12:21:11.399+0000] {dag.py:3047} INFO - Sync 1 DAGs
[2026-04-28T12:21:11.433+0000] {logging_mixin.py:188} INFO - [2026-04-28T12:21:11.433+0000] {dag.py:3834} INFO - Setting next_dagrun for example_task_group to 2026-04-27 00:00:00+00:00, run_after=2026-04-28 00:00:00+00:00
[2026-04-28T12:21:11.464+0000] {processor.py:183} INFO - Processing /home/airflow/.local/lib/python3.8/site-packages/airflow/example_dags/example_task_group.py took 0.107 seconds
[2026-04-28T12:21:41.502+0000] {processor.py:161} INFO - Started process (PID=1149) to work on /home/airflow/.local/lib/python3.8/site-packages/airflow/example_dags/example_task_group.py
[2026-04-28T12:21:41.503+0000] {processor.py:830} INFO - Processing file /home/airflow/.local/lib/python3.8/site-packages/airflow/example_dags/example_task_group.py for tasks to queue
[2026-04-28T12:21:41.505+0000] {logging_mixin.py:188} INFO - [2026-04-28T12:21:41.504+0000] {dagbag.py:540} INFO - Filling up the DagBag from /home/airflow/.local/lib/python3.8/site-packages/airflow/example_dags/example_task_group.py
[2026-04-28T12:21:41.511+0000] {processor.py:840} INFO - DAG(s) 'example_task_group' retrieved from /home/airflow/.local/lib/python3.8/site-packages/airflow/example_dags/example_task_group.py
[2026-04-28T12:21:41.528+0000] {logging_mixin.py:188} INFO - [2026-04-28T12:21:41.528+0000] {dag.py:3047} INFO - Sync 1 DAGs
[2026-04-28T12:21:41.544+0000] {logging_mixin.py:188} INFO - [2026-04-28T12:21:41.544+0000] {dag.py:3834} INFO - Setting next_dagrun for example_task_group to 2026-04-27 00:00:00+00:00, run_after=2026-04-28 00:00:00+00:00
[2026-04-28T12:21:41.558+0000] {processor.py:183} INFO - Processing /home/airflow/.local/lib/python3.8/site-packages/airflow/example_dags/example_task_group.py took 0.058 seconds
[2026-04-28T12:22:12.250+0000] {processor.py:161} INFO - Started process (PID=1204) to work on /home/airflow/.local/lib/python3.8/site-packages/airflow/example_dags/example_task_group.py
[2026-04-28T12:22:12.251+0000] {processor.py:830} INFO - Processing file /home/airflow/.local/lib/python3.8/site-packages/airflow/example_dags/example_task_group.py for tasks to queue
[2026-04-28T12:22:12.252+0000] {logging_mixin.py:188} INFO - [2026-04-28T12:22:12.252+0000] {dagbag.py:540} INFO - Filling up the DagBag from /home/airflow/.local/lib/python3.8/site-packages/airflow/example_dags/example_task_group.py
[2026-04-28T12:22:12.259+0000] {processor.py:840} INFO - DAG(s) 'example_task_group' retrieved from /home/airflow/.local/lib/python3.8/site-packages/airflow/example_dags/example_task_group.py
[2026-04-28T12:22:12.276+0000] {logging_mixin.py:188} INFO - [2026-04-28T12:22:12.276+0000] {dag.py:3047} INFO - Sync 1 DAGs
[2026-04-28T12:22:12.293+0000] {logging_mixin.py:188} INFO - [2026-04-28T12:22:12.293+0000] {dag.py:3834} INFO - Setting next_dagrun for example_task_group to 2026-04-27 00:00:00+00:00, run_after=2026-04-28 00:00:00+00:00
[2026-04-28T12:22:12.306+0000] {processor.py:183} INFO - Processing /home/airflow/.local/lib/python3.8/site-packages/airflow/example_dags/example_task_group.py took 0.059 seconds
[2026-04-28T12:22:42.480+0000] {processor.py:161} INFO - Started process (PID=1259) to work on /home/airflow/.local/lib/python3.8/site-packages/airflow/example_dags/example_task_group.py
[2026-04-28T12:22:42.481+0000] {processor.py:830} INFO - Processing file /home/airflow/.local/lib/python3.8/site-packages/airflow/example_dags/example_task_group.py for tasks to queue
[2026-04-28T12:22:42.482+0000] {logging_mixin.py:188} INFO - [2026-04-28T12:22:42.482+0000] {dagbag.py:540} INFO - Filling up the DagBag from /home/airflow/.local/lib/python3.8/site-packages/airflow/example_dags/example_task_group.py
[2026-04-28T12:22:42.488+0000] {processor.py:840} INFO - DAG(s) 'example_task_group' retrieved from /home/airflow/.local/lib/python3.8/site-packages/airflow/example_dags/example_task_group.py
[2026-04-28T12:22:42.506+0000] {logging_mixin.py:188} INFO - [2026-04-28T12:22:42.506+0000] {dag.py:3047} INFO - Sync 1 DAGs
[2026-04-28T12:22:42.522+0000] {logging_mixin.py:188} INFO - [2026-04-28T12:22:42.522+0000] {dag.py:3834} INFO - Setting next_dagrun for example_task_group to 2026-04-27 00:00:00+00:00, run_after=2026-04-28 00:00:00+00:00
[2026-04-28T12:22:42.536+0000] {processor.py:183} INFO - Processing /home/airflow/.local/lib/python3.8/site-packages/airflow/example_dags/example_task_group.py took 0.059 seconds
[2026-04-28T12:23:12.951+0000] {processor.py:161} INFO - Started process (PID=1314) to work on /home/airflow/.local/lib/python3.8/site-packages/airflow/example_dags/example_task_group.py
[2026-04-28T12:23:12.952+0000] {processor.py:830} INFO - Processing file /home/airflow/.local/lib/python3.8/site-packages/airflow/example_dags/example_task_group.py for tasks to queue
[2026-04-28T12:23:12.954+0000] {logging_mixin.py:188} INFO - [2026-04-28T12:23:12.953+0000] {dagbag.py:540} INFO - Filling up the DagBag from /home/airflow/.local/lib/python3.8/site-packages/airflow/example_dags/example_task_group.py
[2026-04-28T12:23:12.960+0000] {processor.py:840} INFO - DAG(s) 'example_task_group' retrieved from /home/airflow/.local/lib/python3.8/site-packages/airflow/example_dags/example_task_group.py
[2026-04-28T12:23:12.977+0000] {logging_mixin.py:188} INFO - [2026-04-28T12:23:12.977+0000] {dag.py:3047} INFO - Sync 1 DAGs
[2026-04-28T12:23:12.993+0000] {logging_mixin.py:188} INFO - [2026-04-28T12:23:12.993+0000] {dag.py:3834} INFO - Setting next_dagrun for example_task_group to 2026-04-27 00:00:00+00:00, run_after=2026-04-28 00:00:00+00:00
[2026-04-28T12:23:13.006+0000] {processor.py:183} INFO - Processing /home/airflow/.local/lib/python3.8/site-packages/airflow/example_dags/example_task_group.py took 0.058 seconds
[2026-04-28T12:23:43.221+0000] {processor.py:161} INFO - Started process (PID=1369) to work on /home/airflow/.local/lib/python3.8/site-packages/airflow/example_dags/example_task_group.py
[2026-04-28T12:23:43.222+0000] {processor.py:830} INFO - Processing file /home/airflow/.local/lib/python3.8/site-packages/airflow/example_dags/example_task_group.py for tasks to queue
[2026-04-28T12:23:43.226+0000] {logging_mixin.py:188} INFO - [2026-04-28T12:23:43.226+0000] {dagbag.py:540} INFO - Filling up the DagBag from /home/airflow/.local/lib/python3.8/site-packages/airflow/example_dags/example_task_group.py
[2026-04-28T12:23:43.235+0000] {processor.py:840} INFO - DAG(s) 'example_task_group' retrieved from /home/airflow/.local/lib/python3.8/site-packages/airflow/example_dags/example_task_group.py
[2026-04-28T12:23:43.252+0000] {logging_mixin.py:188} INFO - [2026-04-28T12:23:43.252+0000] {dag.py:3047} INFO - Sync 1 DAGs
[2026-04-28T12:23:43.268+0000] {logging_mixin.py:188} INFO - [2026-04-28T12:23:43.268+0000] {dag.py:3834} INFO - Setting next_dagrun for example_task_group to 2026-04-27 00:00:00+00:00, run_after=2026-04-28 00:00:00+00:00
[2026-04-28T12:23:43.281+0000] {processor.py:183} INFO - Processing /home/airflow/.local/lib/python3.8/site-packages/airflow/example_dags/example_task_group.py took 0.065 seconds
[2026-04-28T12:24:13.941+0000] {processor.py:161} INFO - Started process (PID=1424) to work on /home/airflow/.local/lib/python3.8/site-packages/airflow/example_dags/example_task_group.py
[2026-04-28T12:24:13.942+0000] {processor.py:830} INFO - Processing file /home/airflow/.local/lib/python3.8/site-packages/airflow/example_dags/example_task_group.py for tasks to queue
[2026-04-28T12:24:13.944+0000] {logging_mixin.py:188} INFO - [2026-04-28T12:24:13.943+0000] {dagbag.py:540} INFO - Filling up the DagBag from /home/airflow/.local/lib/python3.8/site-packages/airflow/example_dags/example_task_group.py
[2026-04-28T12:24:13.950+0000] {processor.py:840} INFO - DAG(s) 'example_task_group' retrieved from /home/airflow/.local/lib/python3.8/site-packages/airflow/example_dags/example_task_group.py
[2026-04-28T12:24:13.972+0000] {logging_mixin.py:188} INFO - [2026-04-28T12:24:13.971+0000] {dag.py:3047} INFO - Sync 1 DAGs
[2026-04-28T12:24:13.996+0000] {logging_mixin.py:188} INFO - [2026-04-28T12:24:13.996+0000] {dag.py:3834} INFO - Setting next_dagrun for example_task_group to 2026-04-27 00:00:00+00:00, run_after=2026-04-28 00:00:00+00:00
[2026-04-28T12:24:14.015+0000] {processor.py:183} INFO - Processing /home/airflow/.local/lib/python3.8/site-packages/airflow/example_dags/example_task_group.py took 0.077 seconds
[2026-04-28T12:24:44.169+0000] {processor.py:161} INFO - Started process (PID=1479) to work on /home/airflow/.local/lib/python3.8/site-packages/airflow/example_dags/example_task_group.py
[2026-04-28T12:24:44.170+0000] {processor.py:830} INFO - Processing file /home/airflow/.local/lib/python3.8/site-packages/airflow/example_dags/example_task_group.py for tasks to queue
[2026-04-28T12:24:44.172+0000] {logging_mixin.py:188} INFO - [2026-04-28T12:24:44.172+0000] {dagbag.py:540} INFO - Filling up the DagBag from /home/airflow/.local/lib/python3.8/site-packages/airflow/example_dags/example_task_group.py
[2026-04-28T12:24:44.180+0000] {processor.py:840} INFO - DAG(s) 'example_task_group' retrieved from /home/airflow/.local/lib/python3.8/site-packages/airflow/example_dags/example_task_group.py
[2026-04-28T12:24:44.198+0000] {logging_mixin.py:188} INFO - [2026-04-28T12:24:44.198+0000] {dag.py:3047} INFO - Sync 1 DAGs
[2026-04-28T12:24:44.215+0000] {logging_mixin.py:188} INFO - [2026-04-28T12:24:44.215+0000] {dag.py:3834} INFO - Setting next_dagrun for example_task_group to 2026-04-27 00:00:00+00:00, run_after=2026-04-28 00:00:00+00:00
[2026-04-28T12:24:44.228+0000] {processor.py:183} INFO - Processing /home/airflow/.local/lib/python3.8/site-packages/airflow/example_dags/example_task_group.py took 0.063 seconds
[2026-04-28T12:25:14.486+0000] {processor.py:161} INFO - Started process (PID=1534) to work on /home/airflow/.local/lib/python3.8/site-packages/airflow/example_dags/example_task_group.py
[2026-04-28T12:25:14.487+0000] {processor.py:830} INFO - Processing file /home/airflow/.local/lib/python3.8/site-packages/airflow/example_dags/example_task_group.py for tasks to queue
[2026-04-28T12:25:14.489+0000] {logging_mixin.py:188} INFO - [2026-04-28T12:25:14.489+0000] {dagbag.py:540} INFO - Filling up the DagBag from /home/airflow/.local/lib/python3.8/site-packages/airflow/example_dags/example_task_group.py
[2026-04-28T12:25:14.495+0000] {processor.py:840} INFO - DAG(s) 'example_task_group' retrieved from /home/airflow/.local/lib/python3.8/site-packages/airflow/example_dags/example_task_group.py
[2026-04-28T12:25:14.512+0000] {logging_mixin.py:188} INFO - [2026-04-28T12:25:14.512+0000] {dag.py:3047} INFO - Sync 1 DAGs
[2026-04-28T12:25:14.529+0000] {logging_mixin.py:188} INFO - [2026-04-28T12:25:14.528+0000] {dag.py:3834} INFO - Setting next_dagrun for example_task_group to 2026-04-27 00:00:00+00:00, run_after=2026-04-28 00:00:00+00:00
[2026-04-28T12:25:14.543+0000] {processor.py:183} INFO - Processing /home/airflow/.local/lib/python3.8/site-packages/airflow/example_dags/example_task_group.py took 0.059 seconds
[2026-04-28T12:25:44.731+0000] {processor.py:161} INFO - Started process (PID=1589) to work on /home/airflow/.local/lib/python3.8/site-packages/airflow/example_dags/example_task_group.py
[2026-04-28T12:25:44.732+0000] {processor.py:830} INFO - Processing file /home/airflow/.local/lib/python3.8/site-packages/airflow/example_dags/example_task_group.py for tasks to queue
[2026-04-28T12:25:44.734+0000] {logging_mixin.py:188} INFO - [2026-04-28T12:25:44.733+0000] {dagbag.py:540} INFO - Filling up the DagBag from /home/airflow/.local/lib/python3.8/site-packages/airflow/example_dags/example_task_group.py
[2026-04-28T12:25:44.746+0000] {processor.py:840} INFO - DAG(s) 'example_task_group' retrieved from /home/airflow/.local/lib/python3.8/site-packages/airflow/example_dags/example_task_group.py
[2026-04-28T12:25:44.776+0000] {logging_mixin.py:188} INFO - [2026-04-28T12:25:44.776+0000] {dag.py:3047} INFO - Sync 1 DAGs
[2026-04-28T12:25:44.805+0000] {logging_mixin.py:188} INFO - [2026-04-28T12:25:44.805+0000] {dag.py:3834} INFO - Setting next_dagrun for example_task_group to 2026-04-27 00:00:00+00:00, run_after=2026-04-28 00:00:00+00:00
[2026-04-28T12:25:44.818+0000] {processor.py:183} INFO - Processing /home/airflow/.local/lib/python3.8/site-packages/airflow/example_dags/example_task_group.py took 0.091 seconds
