[2026-04-28T12:11:53.337+0000] {processor.py:161} INFO - Started process (PID=86) to work on /home/airflow/.local/lib/python3.8/site-packages/airflow/example_dags/example_params_trigger_ui.py
[2026-04-28T12:11:53.340+0000] {processor.py:830} INFO - Processing file /home/airflow/.local/lib/python3.8/site-packages/airflow/example_dags/example_params_trigger_ui.py for tasks to queue
[2026-04-28T12:11:53.346+0000] {logging_mixin.py:188} INFO - [2026-04-28T12:11:53.345+0000] {dagbag.py:540} INFO - Filling up the DagBag from /home/airflow/.local/lib/python3.8/site-packages/airflow/example_dags/example_params_trigger_ui.py
[2026-04-28T12:11:53.372+0000] {processor.py:840} INFO - DAG(s) 'example_params_trigger_ui' retrieved from /home/airflow/.local/lib/python3.8/site-packages/airflow/example_dags/example_params_trigger_ui.py
[2026-04-28T12:11:53.666+0000] {logging_mixin.py:188} INFO - [2026-04-28T12:11:53.665+0000] {dag.py:3047} INFO - Sync 1 DAGs
[2026-04-28T12:11:53.700+0000] {logging_mixin.py:188} INFO - [2026-04-28T12:11:53.699+0000] {dag.py:3834} INFO - Setting next_dagrun for example_params_trigger_ui to None, run_after=None
[2026-04-28T12:11:53.780+0000] {processor.py:183} INFO - Processing /home/airflow/.local/lib/python3.8/site-packages/airflow/example_dags/example_params_trigger_ui.py took 0.453 seconds
[2026-04-28T12:12:23.883+0000] {processor.py:161} INFO - Started process (PID=140) to work on /home/airflow/.local/lib/python3.8/site-packages/airflow/example_dags/example_params_trigger_ui.py
[2026-04-28T12:12:23.887+0000] {processor.py:830} INFO - Processing file /home/airflow/.local/lib/python3.8/site-packages/airflow/example_dags/example_params_trigger_ui.py for tasks to queue
[2026-04-28T12:12:23.893+0000] {logging_mixin.py:188} INFO - [2026-04-28T12:12:23.893+0000] {dagbag.py:540} INFO - Filling up the DagBag from /home/airflow/.local/lib/python3.8/site-packages/airflow/example_dags/example_params_trigger_ui.py
[2026-04-28T12:12:23.962+0000] {processor.py:840} INFO - DAG(s) 'example_params_trigger_ui' retrieved from /home/airflow/.local/lib/python3.8/site-packages/airflow/example_dags/example_params_trigger_ui.py
[2026-04-28T12:12:24.024+0000] {logging_mixin.py:188} INFO - [2026-04-28T12:12:24.024+0000] {dag.py:3047} INFO - Sync 1 DAGs
[2026-04-28T12:12:24.039+0000] {logging_mixin.py:188} INFO - [2026-04-28T12:12:24.038+0000] {dag.py:3834} INFO - Setting next_dagrun for example_params_trigger_ui to None, run_after=None
[2026-04-28T12:12:24.077+0000] {processor.py:183} INFO - Processing /home/airflow/.local/lib/python3.8/site-packages/airflow/example_dags/example_params_trigger_ui.py took 0.198 seconds
[2026-04-28T12:12:54.148+0000] {processor.py:161} INFO - Started process (PID=196) to work on /home/airflow/.local/lib/python3.8/site-packages/airflow/example_dags/example_params_trigger_ui.py
[2026-04-28T12:12:54.149+0000] {processor.py:830} INFO - Processing file /home/airflow/.local/lib/python3.8/site-packages/airflow/example_dags/example_params_trigger_ui.py for tasks to queue
[2026-04-28T12:12:54.151+0000] {logging_mixin.py:188} INFO - [2026-04-28T12:12:54.150+0000] {dagbag.py:540} INFO - Filling up the DagBag from /home/airflow/.local/lib/python3.8/site-packages/airflow/example_dags/example_params_trigger_ui.py
[2026-04-28T12:12:54.170+0000] {processor.py:840} INFO - DAG(s) 'example_params_trigger_ui' retrieved from /home/airflow/.local/lib/python3.8/site-packages/airflow/example_dags/example_params_trigger_ui.py
[2026-04-28T12:12:54.240+0000] {logging_mixin.py:188} INFO - [2026-04-28T12:12:54.240+0000] {dag.py:3047} INFO - Sync 1 DAGs
[2026-04-28T12:12:54.249+0000] {logging_mixin.py:188} INFO - [2026-04-28T12:12:54.249+0000] {dag.py:3834} INFO - Setting next_dagrun for example_params_trigger_ui to None, run_after=None
[2026-04-28T12:12:54.263+0000] {processor.py:183} INFO - Processing /home/airflow/.local/lib/python3.8/site-packages/airflow/example_dags/example_params_trigger_ui.py took 0.119 seconds
[2026-04-28T12:13:24.656+0000] {processor.py:161} INFO - Started process (PID=251) to work on /home/airflow/.local/lib/python3.8/site-packages/airflow/example_dags/example_params_trigger_ui.py
[2026-04-28T12:13:24.657+0000] {processor.py:830} INFO - Processing file /home/airflow/.local/lib/python3.8/site-packages/airflow/example_dags/example_params_trigger_ui.py for tasks to queue
[2026-04-28T12:13:24.659+0000] {logging_mixin.py:188} INFO - [2026-04-28T12:13:24.659+0000] {dagbag.py:540} INFO - Filling up the DagBag from /home/airflow/.local/lib/python3.8/site-packages/airflow/example_dags/example_params_trigger_ui.py
[2026-04-28T12:13:24.675+0000] {processor.py:840} INFO - DAG(s) 'example_params_trigger_ui' retrieved from /home/airflow/.local/lib/python3.8/site-packages/airflow/example_dags/example_params_trigger_ui.py
[2026-04-28T12:13:24.737+0000] {logging_mixin.py:188} INFO - [2026-04-28T12:13:24.737+0000] {dag.py:3047} INFO - Sync 1 DAGs
[2026-04-28T12:13:24.747+0000] {logging_mixin.py:188} INFO - [2026-04-28T12:13:24.747+0000] {dag.py:3834} INFO - Setting next_dagrun for example_params_trigger_ui to None, run_after=None
[2026-04-28T12:13:24.760+0000] {processor.py:183} INFO - Processing /home/airflow/.local/lib/python3.8/site-packages/airflow/example_dags/example_params_trigger_ui.py took 0.108 seconds
[2026-04-28T12:13:55.137+0000] {processor.py:161} INFO - Started process (PID=306) to work on /home/airflow/.local/lib/python3.8/site-packages/airflow/example_dags/example_params_trigger_ui.py
[2026-04-28T12:13:55.138+0000] {processor.py:830} INFO - Processing file /home/airflow/.local/lib/python3.8/site-packages/airflow/example_dags/example_params_trigger_ui.py for tasks to queue
[2026-04-28T12:13:55.140+0000] {logging_mixin.py:188} INFO - [2026-04-28T12:13:55.139+0000] {dagbag.py:540} INFO - Filling up the DagBag from /home/airflow/.local/lib/python3.8/site-packages/airflow/example_dags/example_params_trigger_ui.py
[2026-04-28T12:13:55.155+0000] {processor.py:840} INFO - DAG(s) 'example_params_trigger_ui' retrieved from /home/airflow/.local/lib/python3.8/site-packages/airflow/example_dags/example_params_trigger_ui.py
[2026-04-28T12:13:55.215+0000] {logging_mixin.py:188} INFO - [2026-04-28T12:13:55.215+0000] {dag.py:3047} INFO - Sync 1 DAGs
[2026-04-28T12:13:55.226+0000] {logging_mixin.py:188} INFO - [2026-04-28T12:13:55.226+0000] {dag.py:3834} INFO - Setting next_dagrun for example_params_trigger_ui to None, run_after=None
[2026-04-28T12:13:55.239+0000] {processor.py:183} INFO - Processing /home/airflow/.local/lib/python3.8/site-packages/airflow/example_dags/example_params_trigger_ui.py took 0.106 seconds
[2026-04-28T12:14:25.635+0000] {processor.py:161} INFO - Started process (PID=361) to work on /home/airflow/.local/lib/python3.8/site-packages/airflow/example_dags/example_params_trigger_ui.py
[2026-04-28T12:14:25.636+0000] {processor.py:830} INFO - Processing file /home/airflow/.local/lib/python3.8/site-packages/airflow/example_dags/example_params_trigger_ui.py for tasks to queue
[2026-04-28T12:14:25.638+0000] {logging_mixin.py:188} INFO - [2026-04-28T12:14:25.638+0000] {dagbag.py:540} INFO - Filling up the DagBag from /home/airflow/.local/lib/python3.8/site-packages/airflow/example_dags/example_params_trigger_ui.py
[2026-04-28T12:14:25.654+0000] {processor.py:840} INFO - DAG(s) 'example_params_trigger_ui' retrieved from /home/airflow/.local/lib/python3.8/site-packages/airflow/example_dags/example_params_trigger_ui.py
[2026-04-28T12:14:25.722+0000] {logging_mixin.py:188} INFO - [2026-04-28T12:14:25.722+0000] {dag.py:3047} INFO - Sync 1 DAGs
[2026-04-28T12:14:25.732+0000] {logging_mixin.py:188} INFO - [2026-04-28T12:14:25.732+0000] {dag.py:3834} INFO - Setting next_dagrun for example_params_trigger_ui to None, run_after=None
[2026-04-28T12:14:25.745+0000] {processor.py:183} INFO - Processing /home/airflow/.local/lib/python3.8/site-packages/airflow/example_dags/example_params_trigger_ui.py took 0.114 seconds
[2026-04-28T12:14:56.408+0000] {processor.py:161} INFO - Started process (PID=416) to work on /home/airflow/.local/lib/python3.8/site-packages/airflow/example_dags/example_params_trigger_ui.py
[2026-04-28T12:14:56.409+0000] {processor.py:830} INFO - Processing file /home/airflow/.local/lib/python3.8/site-packages/airflow/example_dags/example_params_trigger_ui.py for tasks to queue
[2026-04-28T12:14:56.410+0000] {logging_mixin.py:188} INFO - [2026-04-28T12:14:56.410+0000] {dagbag.py:540} INFO - Filling up the DagBag from /home/airflow/.local/lib/python3.8/site-packages/airflow/example_dags/example_params_trigger_ui.py
[2026-04-28T12:14:56.421+0000] {processor.py:840} INFO - DAG(s) 'example_params_trigger_ui' retrieved from /home/airflow/.local/lib/python3.8/site-packages/airflow/example_dags/example_params_trigger_ui.py
[2026-04-28T12:14:56.459+0000] {logging_mixin.py:188} INFO - [2026-04-28T12:14:56.459+0000] {dag.py:3047} INFO - Sync 1 DAGs
[2026-04-28T12:14:56.469+0000] {logging_mixin.py:188} INFO - [2026-04-28T12:14:56.468+0000] {dag.py:3834} INFO - Setting next_dagrun for example_params_trigger_ui to None, run_after=None
[2026-04-28T12:14:56.485+0000] {processor.py:183} INFO - Processing /home/airflow/.local/lib/python3.8/site-packages/airflow/example_dags/example_params_trigger_ui.py took 0.079 seconds
[2026-04-28T12:15:26.932+0000] {processor.py:161} INFO - Started process (PID=471) to work on /home/airflow/.local/lib/python3.8/site-packages/airflow/example_dags/example_params_trigger_ui.py
[2026-04-28T12:15:26.933+0000] {processor.py:830} INFO - Processing file /home/airflow/.local/lib/python3.8/site-packages/airflow/example_dags/example_params_trigger_ui.py for tasks to queue
[2026-04-28T12:15:26.935+0000] {logging_mixin.py:188} INFO - [2026-04-28T12:15:26.934+0000] {dagbag.py:540} INFO - Filling up the DagBag from /home/airflow/.local/lib/python3.8/site-packages/airflow/example_dags/example_params_trigger_ui.py
[2026-04-28T12:15:26.950+0000] {processor.py:840} INFO - DAG(s) 'example_params_trigger_ui' retrieved from /home/airflow/.local/lib/python3.8/site-packages/airflow/example_dags/example_params_trigger_ui.py
[2026-04-28T12:15:27.013+0000] {logging_mixin.py:188} INFO - [2026-04-28T12:15:27.013+0000] {dag.py:3047} INFO - Sync 1 DAGs
[2026-04-28T12:15:27.026+0000] {logging_mixin.py:188} INFO - [2026-04-28T12:15:27.026+0000] {dag.py:3834} INFO - Setting next_dagrun for example_params_trigger_ui to None, run_after=None
[2026-04-28T12:15:27.040+0000] {processor.py:183} INFO - Processing /home/airflow/.local/lib/python3.8/site-packages/airflow/example_dags/example_params_trigger_ui.py took 0.112 seconds
[2026-04-28T12:15:57.641+0000] {processor.py:161} INFO - Started process (PID=525) to work on /home/airflow/.local/lib/python3.8/site-packages/airflow/example_dags/example_params_trigger_ui.py
[2026-04-28T12:15:57.642+0000] {processor.py:830} INFO - Processing file /home/airflow/.local/lib/python3.8/site-packages/airflow/example_dags/example_params_trigger_ui.py for tasks to queue
[2026-04-28T12:15:57.644+0000] {logging_mixin.py:188} INFO - [2026-04-28T12:15:57.644+0000] {dagbag.py:540} INFO - Filling up the DagBag from /home/airflow/.local/lib/python3.8/site-packages/airflow/example_dags/example_params_trigger_ui.py
[2026-04-28T12:15:57.660+0000] {processor.py:840} INFO - DAG(s) 'example_params_trigger_ui' retrieved from /home/airflow/.local/lib/python3.8/site-packages/airflow/example_dags/example_params_trigger_ui.py
[2026-04-28T12:15:57.742+0000] {logging_mixin.py:188} INFO - [2026-04-28T12:15:57.741+0000] {dag.py:3047} INFO - Sync 1 DAGs
[2026-04-28T12:15:57.762+0000] {logging_mixin.py:188} INFO - [2026-04-28T12:15:57.762+0000] {dag.py:3834} INFO - Setting next_dagrun for example_params_trigger_ui to None, run_after=None
[2026-04-28T12:15:57.778+0000] {processor.py:183} INFO - Processing /home/airflow/.local/lib/python3.8/site-packages/airflow/example_dags/example_params_trigger_ui.py took 0.141 seconds
[2026-04-28T12:16:28.981+0000] {processor.py:161} INFO - Started process (PID=580) to work on /home/airflow/.local/lib/python3.8/site-packages/airflow/example_dags/example_params_trigger_ui.py
[2026-04-28T12:16:28.982+0000] {processor.py:830} INFO - Processing file /home/airflow/.local/lib/python3.8/site-packages/airflow/example_dags/example_params_trigger_ui.py for tasks to queue
[2026-04-28T12:16:28.984+0000] {logging_mixin.py:188} INFO - [2026-04-28T12:16:28.984+0000] {dagbag.py:540} INFO - Filling up the DagBag from /home/airflow/.local/lib/python3.8/site-packages/airflow/example_dags/example_params_trigger_ui.py
[2026-04-28T12:16:29.000+0000] {processor.py:840} INFO - DAG(s) 'example_params_trigger_ui' retrieved from /home/airflow/.local/lib/python3.8/site-packages/airflow/example_dags/example_params_trigger_ui.py
[2026-04-28T12:16:29.123+0000] {logging_mixin.py:188} INFO - [2026-04-28T12:16:29.123+0000] {dag.py:3047} INFO - Sync 1 DAGs
[2026-04-28T12:16:29.145+0000] {logging_mixin.py:188} INFO - [2026-04-28T12:16:29.144+0000] {dag.py:3834} INFO - Setting next_dagrun for example_params_trigger_ui to None, run_after=None
[2026-04-28T12:16:29.173+0000] {processor.py:183} INFO - Processing /home/airflow/.local/lib/python3.8/site-packages/airflow/example_dags/example_params_trigger_ui.py took 0.196 seconds
[2026-04-28T12:16:59.232+0000] {processor.py:161} INFO - Started process (PID=635) to work on /home/airflow/.local/lib/python3.8/site-packages/airflow/example_dags/example_params_trigger_ui.py
[2026-04-28T12:16:59.233+0000] {processor.py:830} INFO - Processing file /home/airflow/.local/lib/python3.8/site-packages/airflow/example_dags/example_params_trigger_ui.py for tasks to queue
[2026-04-28T12:16:59.235+0000] {logging_mixin.py:188} INFO - [2026-04-28T12:16:59.234+0000] {dagbag.py:540} INFO - Filling up the DagBag from /home/airflow/.local/lib/python3.8/site-packages/airflow/example_dags/example_params_trigger_ui.py
[2026-04-28T12:16:59.251+0000] {processor.py:840} INFO - DAG(s) 'example_params_trigger_ui' retrieved from /home/airflow/.local/lib/python3.8/site-packages/airflow/example_dags/example_params_trigger_ui.py
[2026-04-28T12:16:59.333+0000] {logging_mixin.py:188} INFO - [2026-04-28T12:16:59.333+0000] {dag.py:3047} INFO - Sync 1 DAGs
[2026-04-28T12:16:59.348+0000] {logging_mixin.py:188} INFO - [2026-04-28T12:16:59.347+0000] {dag.py:3834} INFO - Setting next_dagrun for example_params_trigger_ui to None, run_after=None
[2026-04-28T12:16:59.366+0000] {processor.py:183} INFO - Processing /home/airflow/.local/lib/python3.8/site-packages/airflow/example_dags/example_params_trigger_ui.py took 0.138 seconds
[2026-04-28T12:17:29.978+0000] {processor.py:161} INFO - Started process (PID=690) to work on /home/airflow/.local/lib/python3.8/site-packages/airflow/example_dags/example_params_trigger_ui.py
[2026-04-28T12:17:29.981+0000] {processor.py:830} INFO - Processing file /home/airflow/.local/lib/python3.8/site-packages/airflow/example_dags/example_params_trigger_ui.py for tasks to queue
[2026-04-28T12:17:29.983+0000] {logging_mixin.py:188} INFO - [2026-04-28T12:17:29.983+0000] {dagbag.py:540} INFO - Filling up the DagBag from /home/airflow/.local/lib/python3.8/site-packages/airflow/example_dags/example_params_trigger_ui.py
[2026-04-28T12:17:30.001+0000] {processor.py:840} INFO - DAG(s) 'example_params_trigger_ui' retrieved from /home/airflow/.local/lib/python3.8/site-packages/airflow/example_dags/example_params_trigger_ui.py
[2026-04-28T12:17:30.064+0000] {logging_mixin.py:188} INFO - [2026-04-28T12:17:30.063+0000] {dag.py:3047} INFO - Sync 1 DAGs
[2026-04-28T12:17:30.082+0000] {logging_mixin.py:188} INFO - [2026-04-28T12:17:30.082+0000] {dag.py:3834} INFO - Setting next_dagrun for example_params_trigger_ui to None, run_after=None
[2026-04-28T12:17:30.102+0000] {processor.py:183} INFO - Processing /home/airflow/.local/lib/python3.8/site-packages/airflow/example_dags/example_params_trigger_ui.py took 0.128 seconds
[2026-04-28T12:18:00.165+0000] {processor.py:161} INFO - Started process (PID=745) to work on /home/airflow/.local/lib/python3.8/site-packages/airflow/example_dags/example_params_trigger_ui.py
[2026-04-28T12:18:00.166+0000] {processor.py:830} INFO - Processing file /home/airflow/.local/lib/python3.8/site-packages/airflow/example_dags/example_params_trigger_ui.py for tasks to queue
[2026-04-28T12:18:00.167+0000] {logging_mixin.py:188} INFO - [2026-04-28T12:18:00.167+0000] {dagbag.py:540} INFO - Filling up the DagBag from /home/airflow/.local/lib/python3.8/site-packages/airflow/example_dags/example_params_trigger_ui.py
[2026-04-28T12:18:00.178+0000] {processor.py:840} INFO - DAG(s) 'example_params_trigger_ui' retrieved from /home/airflow/.local/lib/python3.8/site-packages/airflow/example_dags/example_params_trigger_ui.py
[2026-04-28T12:18:00.216+0000] {logging_mixin.py:188} INFO - [2026-04-28T12:18:00.216+0000] {dag.py:3047} INFO - Sync 1 DAGs
[2026-04-28T12:18:00.225+0000] {logging_mixin.py:188} INFO - [2026-04-28T12:18:00.225+0000] {dag.py:3834} INFO - Setting next_dagrun for example_params_trigger_ui to None, run_after=None
[2026-04-28T12:18:00.239+0000] {processor.py:183} INFO - Processing /home/airflow/.local/lib/python3.8/site-packages/airflow/example_dags/example_params_trigger_ui.py took 0.076 seconds
[2026-04-28T12:18:30.423+0000] {processor.py:161} INFO - Started process (PID=800) to work on /home/airflow/.local/lib/python3.8/site-packages/airflow/example_dags/example_params_trigger_ui.py
[2026-04-28T12:18:30.425+0000] {processor.py:830} INFO - Processing file /home/airflow/.local/lib/python3.8/site-packages/airflow/example_dags/example_params_trigger_ui.py for tasks to queue
[2026-04-28T12:18:30.427+0000] {logging_mixin.py:188} INFO - [2026-04-28T12:18:30.426+0000] {dagbag.py:540} INFO - Filling up the DagBag from /home/airflow/.local/lib/python3.8/site-packages/airflow/example_dags/example_params_trigger_ui.py
[2026-04-28T12:18:30.442+0000] {processor.py:840} INFO - DAG(s) 'example_params_trigger_ui' retrieved from /home/airflow/.local/lib/python3.8/site-packages/airflow/example_dags/example_params_trigger_ui.py
[2026-04-28T12:18:30.501+0000] {logging_mixin.py:188} INFO - [2026-04-28T12:18:30.501+0000] {dag.py:3047} INFO - Sync 1 DAGs
[2026-04-28T12:18:30.515+0000] {logging_mixin.py:188} INFO - [2026-04-28T12:18:30.515+0000] {dag.py:3834} INFO - Setting next_dagrun for example_params_trigger_ui to None, run_after=None
[2026-04-28T12:18:30.533+0000] {processor.py:183} INFO - Processing /home/airflow/.local/lib/python3.8/site-packages/airflow/example_dags/example_params_trigger_ui.py took 0.114 seconds
[2026-04-28T12:19:00.852+0000] {processor.py:161} INFO - Started process (PID=855) to work on /home/airflow/.local/lib/python3.8/site-packages/airflow/example_dags/example_params_trigger_ui.py
[2026-04-28T12:19:00.853+0000] {processor.py:830} INFO - Processing file /home/airflow/.local/lib/python3.8/site-packages/airflow/example_dags/example_params_trigger_ui.py for tasks to queue
[2026-04-28T12:19:00.855+0000] {logging_mixin.py:188} INFO - [2026-04-28T12:19:00.855+0000] {dagbag.py:540} INFO - Filling up the DagBag from /home/airflow/.local/lib/python3.8/site-packages/airflow/example_dags/example_params_trigger_ui.py
[2026-04-28T12:19:00.871+0000] {processor.py:840} INFO - DAG(s) 'example_params_trigger_ui' retrieved from /home/airflow/.local/lib/python3.8/site-packages/airflow/example_dags/example_params_trigger_ui.py
[2026-04-28T12:19:00.932+0000] {logging_mixin.py:188} INFO - [2026-04-28T12:19:00.932+0000] {dag.py:3047} INFO - Sync 1 DAGs
[2026-04-28T12:19:00.946+0000] {logging_mixin.py:188} INFO - [2026-04-28T12:19:00.945+0000] {dag.py:3834} INFO - Setting next_dagrun for example_params_trigger_ui to None, run_after=None
[2026-04-28T12:19:00.963+0000] {processor.py:183} INFO - Processing /home/airflow/.local/lib/python3.8/site-packages/airflow/example_dags/example_params_trigger_ui.py took 0.115 seconds
[2026-04-28T12:19:31.129+0000] {processor.py:161} INFO - Started process (PID=910) to work on /home/airflow/.local/lib/python3.8/site-packages/airflow/example_dags/example_params_trigger_ui.py
[2026-04-28T12:19:31.132+0000] {processor.py:830} INFO - Processing file /home/airflow/.local/lib/python3.8/site-packages/airflow/example_dags/example_params_trigger_ui.py for tasks to queue
[2026-04-28T12:19:31.135+0000] {logging_mixin.py:188} INFO - [2026-04-28T12:19:31.134+0000] {dagbag.py:540} INFO - Filling up the DagBag from /home/airflow/.local/lib/python3.8/site-packages/airflow/example_dags/example_params_trigger_ui.py
[2026-04-28T12:19:31.150+0000] {processor.py:840} INFO - DAG(s) 'example_params_trigger_ui' retrieved from /home/airflow/.local/lib/python3.8/site-packages/airflow/example_dags/example_params_trigger_ui.py
[2026-04-28T12:19:31.224+0000] {logging_mixin.py:188} INFO - [2026-04-28T12:19:31.224+0000] {dag.py:3047} INFO - Sync 1 DAGs
[2026-04-28T12:19:31.238+0000] {logging_mixin.py:188} INFO - [2026-04-28T12:19:31.237+0000] {dag.py:3834} INFO - Setting next_dagrun for example_params_trigger_ui to None, run_after=None
[2026-04-28T12:19:31.255+0000] {processor.py:183} INFO - Processing /home/airflow/.local/lib/python3.8/site-packages/airflow/example_dags/example_params_trigger_ui.py took 0.133 seconds
[2026-04-28T12:20:01.744+0000] {processor.py:161} INFO - Started process (PID=970) to work on /home/airflow/.local/lib/python3.8/site-packages/airflow/example_dags/example_params_trigger_ui.py
[2026-04-28T12:20:01.745+0000] {processor.py:830} INFO - Processing file /home/airflow/.local/lib/python3.8/site-packages/airflow/example_dags/example_params_trigger_ui.py for tasks to queue
[2026-04-28T12:20:01.747+0000] {logging_mixin.py:188} INFO - [2026-04-28T12:20:01.746+0000] {dagbag.py:540} INFO - Filling up the DagBag from /home/airflow/.local/lib/python3.8/site-packages/airflow/example_dags/example_params_trigger_ui.py
[2026-04-28T12:20:01.762+0000] {processor.py:840} INFO - DAG(s) 'example_params_trigger_ui' retrieved from /home/airflow/.local/lib/python3.8/site-packages/airflow/example_dags/example_params_trigger_ui.py
[2026-04-28T12:20:01.823+0000] {logging_mixin.py:188} INFO - [2026-04-28T12:20:01.823+0000] {dag.py:3047} INFO - Sync 1 DAGs
[2026-04-28T12:20:01.837+0000] {logging_mixin.py:188} INFO - [2026-04-28T12:20:01.837+0000] {dag.py:3834} INFO - Setting next_dagrun for example_params_trigger_ui to None, run_after=None
[2026-04-28T12:20:01.855+0000] {processor.py:183} INFO - Processing /home/airflow/.local/lib/python3.8/site-packages/airflow/example_dags/example_params_trigger_ui.py took 0.115 seconds
[2026-04-28T12:20:31.990+0000] {processor.py:161} INFO - Started process (PID=1025) to work on /home/airflow/.local/lib/python3.8/site-packages/airflow/example_dags/example_params_trigger_ui.py
[2026-04-28T12:20:31.990+0000] {processor.py:830} INFO - Processing file /home/airflow/.local/lib/python3.8/site-packages/airflow/example_dags/example_params_trigger_ui.py for tasks to queue
[2026-04-28T12:20:31.992+0000] {logging_mixin.py:188} INFO - [2026-04-28T12:20:31.992+0000] {dagbag.py:540} INFO - Filling up the DagBag from /home/airflow/.local/lib/python3.8/site-packages/airflow/example_dags/example_params_trigger_ui.py
[2026-04-28T12:20:32.003+0000] {processor.py:840} INFO - DAG(s) 'example_params_trigger_ui' retrieved from /home/airflow/.local/lib/python3.8/site-packages/airflow/example_dags/example_params_trigger_ui.py
[2026-04-28T12:20:32.041+0000] {logging_mixin.py:188} INFO - [2026-04-28T12:20:32.041+0000] {dag.py:3047} INFO - Sync 1 DAGs
[2026-04-28T12:20:32.051+0000] {logging_mixin.py:188} INFO - [2026-04-28T12:20:32.051+0000] {dag.py:3834} INFO - Setting next_dagrun for example_params_trigger_ui to None, run_after=None
[2026-04-28T12:20:32.064+0000] {processor.py:183} INFO - Processing /home/airflow/.local/lib/python3.8/site-packages/airflow/example_dags/example_params_trigger_ui.py took 0.078 seconds
[2026-04-28T12:21:02.689+0000] {processor.py:161} INFO - Started process (PID=1080) to work on /home/airflow/.local/lib/python3.8/site-packages/airflow/example_dags/example_params_trigger_ui.py
[2026-04-28T12:21:02.690+0000] {processor.py:830} INFO - Processing file /home/airflow/.local/lib/python3.8/site-packages/airflow/example_dags/example_params_trigger_ui.py for tasks to queue
[2026-04-28T12:21:02.692+0000] {logging_mixin.py:188} INFO - [2026-04-28T12:21:02.691+0000] {dagbag.py:540} INFO - Filling up the DagBag from /home/airflow/.local/lib/python3.8/site-packages/airflow/example_dags/example_params_trigger_ui.py
[2026-04-28T12:21:02.710+0000] {processor.py:840} INFO - DAG(s) 'example_params_trigger_ui' retrieved from /home/airflow/.local/lib/python3.8/site-packages/airflow/example_dags/example_params_trigger_ui.py
[2026-04-28T12:21:02.770+0000] {logging_mixin.py:188} INFO - [2026-04-28T12:21:02.770+0000] {dag.py:3047} INFO - Sync 1 DAGs
[2026-04-28T12:21:02.785+0000] {logging_mixin.py:188} INFO - [2026-04-28T12:21:02.784+0000] {dag.py:3834} INFO - Setting next_dagrun for example_params_trigger_ui to None, run_after=None
[2026-04-28T12:21:02.802+0000] {processor.py:183} INFO - Processing /home/airflow/.local/lib/python3.8/site-packages/airflow/example_dags/example_params_trigger_ui.py took 0.117 seconds
[2026-04-28T12:21:32.858+0000] {processor.py:161} INFO - Started process (PID=1135) to work on /home/airflow/.local/lib/python3.8/site-packages/airflow/example_dags/example_params_trigger_ui.py
[2026-04-28T12:21:32.859+0000] {processor.py:830} INFO - Processing file /home/airflow/.local/lib/python3.8/site-packages/airflow/example_dags/example_params_trigger_ui.py for tasks to queue
[2026-04-28T12:21:32.861+0000] {logging_mixin.py:188} INFO - [2026-04-28T12:21:32.860+0000] {dagbag.py:540} INFO - Filling up the DagBag from /home/airflow/.local/lib/python3.8/site-packages/airflow/example_dags/example_params_trigger_ui.py
[2026-04-28T12:21:32.877+0000] {processor.py:840} INFO - DAG(s) 'example_params_trigger_ui' retrieved from /home/airflow/.local/lib/python3.8/site-packages/airflow/example_dags/example_params_trigger_ui.py
[2026-04-28T12:21:32.937+0000] {logging_mixin.py:188} INFO - [2026-04-28T12:21:32.937+0000] {dag.py:3047} INFO - Sync 1 DAGs
[2026-04-28T12:21:32.950+0000] {logging_mixin.py:188} INFO - [2026-04-28T12:21:32.950+0000] {dag.py:3834} INFO - Setting next_dagrun for example_params_trigger_ui to None, run_after=None
[2026-04-28T12:21:32.968+0000] {processor.py:183} INFO - Processing /home/airflow/.local/lib/python3.8/site-packages/airflow/example_dags/example_params_trigger_ui.py took 0.114 seconds
[2026-04-28T12:22:03.584+0000] {processor.py:161} INFO - Started process (PID=1190) to work on /home/airflow/.local/lib/python3.8/site-packages/airflow/example_dags/example_params_trigger_ui.py
[2026-04-28T12:22:03.585+0000] {processor.py:830} INFO - Processing file /home/airflow/.local/lib/python3.8/site-packages/airflow/example_dags/example_params_trigger_ui.py for tasks to queue
[2026-04-28T12:22:03.588+0000] {logging_mixin.py:188} INFO - [2026-04-28T12:22:03.588+0000] {dagbag.py:540} INFO - Filling up the DagBag from /home/airflow/.local/lib/python3.8/site-packages/airflow/example_dags/example_params_trigger_ui.py
[2026-04-28T12:22:03.604+0000] {processor.py:840} INFO - DAG(s) 'example_params_trigger_ui' retrieved from /home/airflow/.local/lib/python3.8/site-packages/airflow/example_dags/example_params_trigger_ui.py
[2026-04-28T12:22:03.666+0000] {logging_mixin.py:188} INFO - [2026-04-28T12:22:03.666+0000] {dag.py:3047} INFO - Sync 1 DAGs
[2026-04-28T12:22:03.680+0000] {logging_mixin.py:188} INFO - [2026-04-28T12:22:03.680+0000] {dag.py:3834} INFO - Setting next_dagrun for example_params_trigger_ui to None, run_after=None
[2026-04-28T12:22:03.698+0000] {processor.py:183} INFO - Processing /home/airflow/.local/lib/python3.8/site-packages/airflow/example_dags/example_params_trigger_ui.py took 0.117 seconds
[2026-04-28T12:22:33.733+0000] {processor.py:161} INFO - Started process (PID=1245) to work on /home/airflow/.local/lib/python3.8/site-packages/airflow/example_dags/example_params_trigger_ui.py
[2026-04-28T12:22:33.734+0000] {processor.py:830} INFO - Processing file /home/airflow/.local/lib/python3.8/site-packages/airflow/example_dags/example_params_trigger_ui.py for tasks to queue
[2026-04-28T12:22:33.735+0000] {logging_mixin.py:188} INFO - [2026-04-28T12:22:33.735+0000] {dagbag.py:540} INFO - Filling up the DagBag from /home/airflow/.local/lib/python3.8/site-packages/airflow/example_dags/example_params_trigger_ui.py
[2026-04-28T12:22:33.746+0000] {processor.py:840} INFO - DAG(s) 'example_params_trigger_ui' retrieved from /home/airflow/.local/lib/python3.8/site-packages/airflow/example_dags/example_params_trigger_ui.py
[2026-04-28T12:22:33.786+0000] {logging_mixin.py:188} INFO - [2026-04-28T12:22:33.786+0000] {dag.py:3047} INFO - Sync 1 DAGs
[2026-04-28T12:22:33.795+0000] {logging_mixin.py:188} INFO - [2026-04-28T12:22:33.795+0000] {dag.py:3834} INFO - Setting next_dagrun for example_params_trigger_ui to None, run_after=None
[2026-04-28T12:22:33.812+0000] {processor.py:183} INFO - Processing /home/airflow/.local/lib/python3.8/site-packages/airflow/example_dags/example_params_trigger_ui.py took 0.082 seconds
[2026-04-28T12:23:04.287+0000] {processor.py:161} INFO - Started process (PID=1300) to work on /home/airflow/.local/lib/python3.8/site-packages/airflow/example_dags/example_params_trigger_ui.py
[2026-04-28T12:23:04.288+0000] {processor.py:830} INFO - Processing file /home/airflow/.local/lib/python3.8/site-packages/airflow/example_dags/example_params_trigger_ui.py for tasks to queue
[2026-04-28T12:23:04.289+0000] {logging_mixin.py:188} INFO - [2026-04-28T12:23:04.289+0000] {dagbag.py:540} INFO - Filling up the DagBag from /home/airflow/.local/lib/python3.8/site-packages/airflow/example_dags/example_params_trigger_ui.py
[2026-04-28T12:23:04.305+0000] {processor.py:840} INFO - DAG(s) 'example_params_trigger_ui' retrieved from /home/airflow/.local/lib/python3.8/site-packages/airflow/example_dags/example_params_trigger_ui.py
[2026-04-28T12:23:04.366+0000] {logging_mixin.py:188} INFO - [2026-04-28T12:23:04.366+0000] {dag.py:3047} INFO - Sync 1 DAGs
[2026-04-28T12:23:04.379+0000] {logging_mixin.py:188} INFO - [2026-04-28T12:23:04.378+0000] {dag.py:3834} INFO - Setting next_dagrun for example_params_trigger_ui to None, run_after=None
[2026-04-28T12:23:04.399+0000] {processor.py:183} INFO - Processing /home/airflow/.local/lib/python3.8/site-packages/airflow/example_dags/example_params_trigger_ui.py took 0.113 seconds
[2026-04-28T12:23:34.569+0000] {processor.py:161} INFO - Started process (PID=1355) to work on /home/airflow/.local/lib/python3.8/site-packages/airflow/example_dags/example_params_trigger_ui.py
[2026-04-28T12:23:34.570+0000] {processor.py:830} INFO - Processing file /home/airflow/.local/lib/python3.8/site-packages/airflow/example_dags/example_params_trigger_ui.py for tasks to queue
[2026-04-28T12:23:34.571+0000] {logging_mixin.py:188} INFO - [2026-04-28T12:23:34.571+0000] {dagbag.py:540} INFO - Filling up the DagBag from /home/airflow/.local/lib/python3.8/site-packages/airflow/example_dags/example_params_trigger_ui.py
[2026-04-28T12:23:34.583+0000] {processor.py:840} INFO - DAG(s) 'example_params_trigger_ui' retrieved from /home/airflow/.local/lib/python3.8/site-packages/airflow/example_dags/example_params_trigger_ui.py
[2026-04-28T12:23:34.623+0000] {logging_mixin.py:188} INFO - [2026-04-28T12:23:34.623+0000] {dag.py:3047} INFO - Sync 1 DAGs
[2026-04-28T12:23:34.632+0000] {logging_mixin.py:188} INFO - [2026-04-28T12:23:34.632+0000] {dag.py:3834} INFO - Setting next_dagrun for example_params_trigger_ui to None, run_after=None
[2026-04-28T12:23:34.646+0000] {processor.py:183} INFO - Processing /home/airflow/.local/lib/python3.8/site-packages/airflow/example_dags/example_params_trigger_ui.py took 0.079 seconds
[2026-04-28T12:24:05.307+0000] {processor.py:161} INFO - Started process (PID=1410) to work on /home/airflow/.local/lib/python3.8/site-packages/airflow/example_dags/example_params_trigger_ui.py
[2026-04-28T12:24:05.308+0000] {processor.py:830} INFO - Processing file /home/airflow/.local/lib/python3.8/site-packages/airflow/example_dags/example_params_trigger_ui.py for tasks to queue
[2026-04-28T12:24:05.310+0000] {logging_mixin.py:188} INFO - [2026-04-28T12:24:05.310+0000] {dagbag.py:540} INFO - Filling up the DagBag from /home/airflow/.local/lib/python3.8/site-packages/airflow/example_dags/example_params_trigger_ui.py
[2026-04-28T12:24:05.325+0000] {processor.py:840} INFO - DAG(s) 'example_params_trigger_ui' retrieved from /home/airflow/.local/lib/python3.8/site-packages/airflow/example_dags/example_params_trigger_ui.py
[2026-04-28T12:24:05.388+0000] {logging_mixin.py:188} INFO - [2026-04-28T12:24:05.388+0000] {dag.py:3047} INFO - Sync 1 DAGs
[2026-04-28T12:24:05.402+0000] {logging_mixin.py:188} INFO - [2026-04-28T12:24:05.402+0000] {dag.py:3834} INFO - Setting next_dagrun for example_params_trigger_ui to None, run_after=None
[2026-04-28T12:24:05.419+0000] {processor.py:183} INFO - Processing /home/airflow/.local/lib/python3.8/site-packages/airflow/example_dags/example_params_trigger_ui.py took 0.116 seconds
[2026-04-28T12:24:35.499+0000] {processor.py:161} INFO - Started process (PID=1465) to work on /home/airflow/.local/lib/python3.8/site-packages/airflow/example_dags/example_params_trigger_ui.py
[2026-04-28T12:24:35.500+0000] {processor.py:830} INFO - Processing file /home/airflow/.local/lib/python3.8/site-packages/airflow/example_dags/example_params_trigger_ui.py for tasks to queue
[2026-04-28T12:24:35.502+0000] {logging_mixin.py:188} INFO - [2026-04-28T12:24:35.501+0000] {dagbag.py:540} INFO - Filling up the DagBag from /home/airflow/.local/lib/python3.8/site-packages/airflow/example_dags/example_params_trigger_ui.py
[2026-04-28T12:24:35.516+0000] {processor.py:840} INFO - DAG(s) 'example_params_trigger_ui' retrieved from /home/airflow/.local/lib/python3.8/site-packages/airflow/example_dags/example_params_trigger_ui.py
[2026-04-28T12:24:35.576+0000] {logging_mixin.py:188} INFO - [2026-04-28T12:24:35.576+0000] {dag.py:3047} INFO - Sync 1 DAGs
[2026-04-28T12:24:35.590+0000] {logging_mixin.py:188} INFO - [2026-04-28T12:24:35.590+0000] {dag.py:3834} INFO - Setting next_dagrun for example_params_trigger_ui to None, run_after=None
[2026-04-28T12:24:35.608+0000] {processor.py:183} INFO - Processing /home/airflow/.local/lib/python3.8/site-packages/airflow/example_dags/example_params_trigger_ui.py took 0.113 seconds
[2026-04-28T12:25:06.632+0000] {processor.py:161} INFO - Started process (PID=1520) to work on /home/airflow/.local/lib/python3.8/site-packages/airflow/example_dags/example_params_trigger_ui.py
[2026-04-28T12:25:06.633+0000] {processor.py:830} INFO - Processing file /home/airflow/.local/lib/python3.8/site-packages/airflow/example_dags/example_params_trigger_ui.py for tasks to queue
[2026-04-28T12:25:06.639+0000] {logging_mixin.py:188} INFO - [2026-04-28T12:25:06.639+0000] {dagbag.py:540} INFO - Filling up the DagBag from /home/airflow/.local/lib/python3.8/site-packages/airflow/example_dags/example_params_trigger_ui.py
[2026-04-28T12:25:06.727+0000] {processor.py:840} INFO - DAG(s) 'example_params_trigger_ui' retrieved from /home/airflow/.local/lib/python3.8/site-packages/airflow/example_dags/example_params_trigger_ui.py
[2026-04-28T12:25:06.907+0000] {logging_mixin.py:188} INFO - [2026-04-28T12:25:06.907+0000] {dag.py:3047} INFO - Sync 1 DAGs
[2026-04-28T12:25:06.947+0000] {logging_mixin.py:188} INFO - [2026-04-28T12:25:06.947+0000] {dag.py:3834} INFO - Setting next_dagrun for example_params_trigger_ui to None, run_after=None
[2026-04-28T12:25:06.985+0000] {processor.py:183} INFO - Processing /home/airflow/.local/lib/python3.8/site-packages/airflow/example_dags/example_params_trigger_ui.py took 0.367 seconds
[2026-04-28T12:25:37.796+0000] {processor.py:161} INFO - Started process (PID=1575) to work on /home/airflow/.local/lib/python3.8/site-packages/airflow/example_dags/example_params_trigger_ui.py
[2026-04-28T12:25:37.801+0000] {processor.py:830} INFO - Processing file /home/airflow/.local/lib/python3.8/site-packages/airflow/example_dags/example_params_trigger_ui.py for tasks to queue
[2026-04-28T12:25:37.807+0000] {logging_mixin.py:188} INFO - [2026-04-28T12:25:37.807+0000] {dagbag.py:540} INFO - Filling up the DagBag from /home/airflow/.local/lib/python3.8/site-packages/airflow/example_dags/example_params_trigger_ui.py
[2026-04-28T12:25:37.838+0000] {processor.py:840} INFO - DAG(s) 'example_params_trigger_ui' retrieved from /home/airflow/.local/lib/python3.8/site-packages/airflow/example_dags/example_params_trigger_ui.py
[2026-04-28T12:25:37.928+0000] {logging_mixin.py:188} INFO - [2026-04-28T12:25:37.927+0000] {dag.py:3047} INFO - Sync 1 DAGs
[2026-04-28T12:25:37.955+0000] {logging_mixin.py:188} INFO - [2026-04-28T12:25:37.954+0000] {dag.py:3834} INFO - Setting next_dagrun for example_params_trigger_ui to None, run_after=None
[2026-04-28T12:25:37.985+0000] {processor.py:183} INFO - Processing /home/airflow/.local/lib/python3.8/site-packages/airflow/example_dags/example_params_trigger_ui.py took 0.205 seconds
