[2026-04-28T12:11:58.136+0000] {processor.py:161} INFO - Started process (PID=98) to work on /home/airflow/.local/lib/python3.8/site-packages/airflow/example_dags/example_branch_labels.py
[2026-04-28T12:11:58.138+0000] {processor.py:830} INFO - Processing file /home/airflow/.local/lib/python3.8/site-packages/airflow/example_dags/example_branch_labels.py for tasks to queue
[2026-04-28T12:11:58.143+0000] {logging_mixin.py:188} INFO - [2026-04-28T12:11:58.143+0000] {dagbag.py:540} INFO - Filling up the DagBag from /home/airflow/.local/lib/python3.8/site-packages/airflow/example_dags/example_branch_labels.py
[2026-04-28T12:11:58.165+0000] {processor.py:840} INFO - DAG(s) 'example_branch_labels' retrieved from /home/airflow/.local/lib/python3.8/site-packages/airflow/example_dags/example_branch_labels.py
[2026-04-28T12:11:58.415+0000] {logging_mixin.py:188} INFO - [2026-04-28T12:11:58.415+0000] {dag.py:3047} INFO - Sync 1 DAGs
[2026-04-28T12:11:58.459+0000] {logging_mixin.py:188} INFO - [2026-04-28T12:11:58.459+0000] {dag.py:3834} INFO - Setting next_dagrun for example_branch_labels to 2026-04-27 00:00:00+00:00, run_after=2026-04-28 00:00:00+00:00
[2026-04-28T12:11:58.492+0000] {processor.py:183} INFO - Processing /home/airflow/.local/lib/python3.8/site-packages/airflow/example_dags/example_branch_labels.py took 0.366 seconds
[2026-04-28T12:12:28.721+0000] {processor.py:161} INFO - Started process (PID=153) to work on /home/airflow/.local/lib/python3.8/site-packages/airflow/example_dags/example_branch_labels.py
[2026-04-28T12:12:28.722+0000] {processor.py:830} INFO - Processing file /home/airflow/.local/lib/python3.8/site-packages/airflow/example_dags/example_branch_labels.py for tasks to queue
[2026-04-28T12:12:28.724+0000] {logging_mixin.py:188} INFO - [2026-04-28T12:12:28.724+0000] {dagbag.py:540} INFO - Filling up the DagBag from /home/airflow/.local/lib/python3.8/site-packages/airflow/example_dags/example_branch_labels.py
[2026-04-28T12:12:28.734+0000] {processor.py:840} INFO - DAG(s) 'example_branch_labels' retrieved from /home/airflow/.local/lib/python3.8/site-packages/airflow/example_dags/example_branch_labels.py
[2026-04-28T12:12:28.757+0000] {logging_mixin.py:188} INFO - [2026-04-28T12:12:28.757+0000] {dag.py:3047} INFO - Sync 1 DAGs
[2026-04-28T12:12:28.781+0000] {logging_mixin.py:188} INFO - [2026-04-28T12:12:28.781+0000] {dag.py:3834} INFO - Setting next_dagrun for example_branch_labels to 2026-04-27 00:00:00+00:00, run_after=2026-04-28 00:00:00+00:00
[2026-04-28T12:12:28.794+0000] {processor.py:183} INFO - Processing /home/airflow/.local/lib/python3.8/site-packages/airflow/example_dags/example_branch_labels.py took 0.076 seconds
[2026-04-28T12:12:59.872+0000] {processor.py:161} INFO - Started process (PID=208) to work on /home/airflow/.local/lib/python3.8/site-packages/airflow/example_dags/example_branch_labels.py
[2026-04-28T12:12:59.873+0000] {processor.py:830} INFO - Processing file /home/airflow/.local/lib/python3.8/site-packages/airflow/example_dags/example_branch_labels.py for tasks to queue
[2026-04-28T12:12:59.875+0000] {logging_mixin.py:188} INFO - [2026-04-28T12:12:59.874+0000] {dagbag.py:540} INFO - Filling up the DagBag from /home/airflow/.local/lib/python3.8/site-packages/airflow/example_dags/example_branch_labels.py
[2026-04-28T12:12:59.884+0000] {processor.py:840} INFO - DAG(s) 'example_branch_labels' retrieved from /home/airflow/.local/lib/python3.8/site-packages/airflow/example_dags/example_branch_labels.py
[2026-04-28T12:12:59.916+0000] {logging_mixin.py:188} INFO - [2026-04-28T12:12:59.916+0000] {dag.py:3047} INFO - Sync 1 DAGs
[2026-04-28T12:12:59.946+0000] {logging_mixin.py:188} INFO - [2026-04-28T12:12:59.945+0000] {dag.py:3834} INFO - Setting next_dagrun for example_branch_labels to 2026-04-27 00:00:00+00:00, run_after=2026-04-28 00:00:00+00:00
[2026-04-28T12:12:59.966+0000] {processor.py:183} INFO - Processing /home/airflow/.local/lib/python3.8/site-packages/airflow/example_dags/example_branch_labels.py took 0.099 seconds
[2026-04-28T12:13:30.388+0000] {processor.py:161} INFO - Started process (PID=263) to work on /home/airflow/.local/lib/python3.8/site-packages/airflow/example_dags/example_branch_labels.py
[2026-04-28T12:13:30.389+0000] {processor.py:830} INFO - Processing file /home/airflow/.local/lib/python3.8/site-packages/airflow/example_dags/example_branch_labels.py for tasks to queue
[2026-04-28T12:13:30.390+0000] {logging_mixin.py:188} INFO - [2026-04-28T12:13:30.390+0000] {dagbag.py:540} INFO - Filling up the DagBag from /home/airflow/.local/lib/python3.8/site-packages/airflow/example_dags/example_branch_labels.py
[2026-04-28T12:13:30.397+0000] {processor.py:840} INFO - DAG(s) 'example_branch_labels' retrieved from /home/airflow/.local/lib/python3.8/site-packages/airflow/example_dags/example_branch_labels.py
[2026-04-28T12:13:30.413+0000] {logging_mixin.py:188} INFO - [2026-04-28T12:13:30.412+0000] {dag.py:3047} INFO - Sync 1 DAGs
[2026-04-28T12:13:30.435+0000] {logging_mixin.py:188} INFO - [2026-04-28T12:13:30.435+0000] {dag.py:3834} INFO - Setting next_dagrun for example_branch_labels to 2026-04-27 00:00:00+00:00, run_after=2026-04-28 00:00:00+00:00
[2026-04-28T12:13:30.449+0000] {processor.py:183} INFO - Processing /home/airflow/.local/lib/python3.8/site-packages/airflow/example_dags/example_branch_labels.py took 0.065 seconds
[2026-04-28T12:14:00.926+0000] {processor.py:161} INFO - Started process (PID=324) to work on /home/airflow/.local/lib/python3.8/site-packages/airflow/example_dags/example_branch_labels.py
[2026-04-28T12:14:00.927+0000] {processor.py:830} INFO - Processing file /home/airflow/.local/lib/python3.8/site-packages/airflow/example_dags/example_branch_labels.py for tasks to queue
[2026-04-28T12:14:00.929+0000] {logging_mixin.py:188} INFO - [2026-04-28T12:14:00.928+0000] {dagbag.py:540} INFO - Filling up the DagBag from /home/airflow/.local/lib/python3.8/site-packages/airflow/example_dags/example_branch_labels.py
[2026-04-28T12:14:00.939+0000] {processor.py:840} INFO - DAG(s) 'example_branch_labels' retrieved from /home/airflow/.local/lib/python3.8/site-packages/airflow/example_dags/example_branch_labels.py
[2026-04-28T12:14:00.968+0000] {logging_mixin.py:188} INFO - [2026-04-28T12:14:00.968+0000] {dag.py:3047} INFO - Sync 1 DAGs
[2026-04-28T12:14:00.995+0000] {logging_mixin.py:188} INFO - [2026-04-28T12:14:00.994+0000] {dag.py:3834} INFO - Setting next_dagrun for example_branch_labels to 2026-04-27 00:00:00+00:00, run_after=2026-04-28 00:00:00+00:00
[2026-04-28T12:14:01.012+0000] {processor.py:183} INFO - Processing /home/airflow/.local/lib/python3.8/site-packages/airflow/example_dags/example_branch_labels.py took 0.090 seconds
[2026-04-28T12:14:31.536+0000] {processor.py:161} INFO - Started process (PID=379) to work on /home/airflow/.local/lib/python3.8/site-packages/airflow/example_dags/example_branch_labels.py
[2026-04-28T12:14:31.540+0000] {processor.py:830} INFO - Processing file /home/airflow/.local/lib/python3.8/site-packages/airflow/example_dags/example_branch_labels.py for tasks to queue
[2026-04-28T12:14:31.546+0000] {logging_mixin.py:188} INFO - [2026-04-28T12:14:31.546+0000] {dagbag.py:540} INFO - Filling up the DagBag from /home/airflow/.local/lib/python3.8/site-packages/airflow/example_dags/example_branch_labels.py
[2026-04-28T12:14:31.557+0000] {processor.py:840} INFO - DAG(s) 'example_branch_labels' retrieved from /home/airflow/.local/lib/python3.8/site-packages/airflow/example_dags/example_branch_labels.py
[2026-04-28T12:14:31.594+0000] {logging_mixin.py:188} INFO - [2026-04-28T12:14:31.594+0000] {dag.py:3047} INFO - Sync 1 DAGs
[2026-04-28T12:14:31.638+0000] {logging_mixin.py:188} INFO - [2026-04-28T12:14:31.638+0000] {dag.py:3834} INFO - Setting next_dagrun for example_branch_labels to 2026-04-27 00:00:00+00:00, run_after=2026-04-28 00:00:00+00:00
[2026-04-28T12:14:31.678+0000] {processor.py:183} INFO - Processing /home/airflow/.local/lib/python3.8/site-packages/airflow/example_dags/example_branch_labels.py took 0.152 seconds
[2026-04-28T12:15:02.280+0000] {processor.py:161} INFO - Started process (PID=434) to work on /home/airflow/.local/lib/python3.8/site-packages/airflow/example_dags/example_branch_labels.py
[2026-04-28T12:15:02.281+0000] {processor.py:830} INFO - Processing file /home/airflow/.local/lib/python3.8/site-packages/airflow/example_dags/example_branch_labels.py for tasks to queue
[2026-04-28T12:15:02.283+0000] {logging_mixin.py:188} INFO - [2026-04-28T12:15:02.283+0000] {dagbag.py:540} INFO - Filling up the DagBag from /home/airflow/.local/lib/python3.8/site-packages/airflow/example_dags/example_branch_labels.py
[2026-04-28T12:15:02.295+0000] {processor.py:840} INFO - DAG(s) 'example_branch_labels' retrieved from /home/airflow/.local/lib/python3.8/site-packages/airflow/example_dags/example_branch_labels.py
[2026-04-28T12:15:02.320+0000] {logging_mixin.py:188} INFO - [2026-04-28T12:15:02.320+0000] {dag.py:3047} INFO - Sync 1 DAGs
[2026-04-28T12:15:02.337+0000] {logging_mixin.py:188} INFO - [2026-04-28T12:15:02.337+0000] {dag.py:3834} INFO - Setting next_dagrun for example_branch_labels to 2026-04-27 00:00:00+00:00, run_after=2026-04-28 00:00:00+00:00
[2026-04-28T12:15:02.349+0000] {processor.py:183} INFO - Processing /home/airflow/.local/lib/python3.8/site-packages/airflow/example_dags/example_branch_labels.py took 0.075 seconds
[2026-04-28T12:15:32.756+0000] {processor.py:161} INFO - Started process (PID=488) to work on /home/airflow/.local/lib/python3.8/site-packages/airflow/example_dags/example_branch_labels.py
[2026-04-28T12:15:32.757+0000] {processor.py:830} INFO - Processing file /home/airflow/.local/lib/python3.8/site-packages/airflow/example_dags/example_branch_labels.py for tasks to queue
[2026-04-28T12:15:32.759+0000] {logging_mixin.py:188} INFO - [2026-04-28T12:15:32.759+0000] {dagbag.py:540} INFO - Filling up the DagBag from /home/airflow/.local/lib/python3.8/site-packages/airflow/example_dags/example_branch_labels.py
[2026-04-28T12:15:32.769+0000] {processor.py:840} INFO - DAG(s) 'example_branch_labels' retrieved from /home/airflow/.local/lib/python3.8/site-packages/airflow/example_dags/example_branch_labels.py
[2026-04-28T12:15:32.794+0000] {logging_mixin.py:188} INFO - [2026-04-28T12:15:32.794+0000] {dag.py:3047} INFO - Sync 1 DAGs
[2026-04-28T12:15:32.818+0000] {logging_mixin.py:188} INFO - [2026-04-28T12:15:32.818+0000] {dag.py:3834} INFO - Setting next_dagrun for example_branch_labels to 2026-04-27 00:00:00+00:00, run_after=2026-04-28 00:00:00+00:00
[2026-04-28T12:15:32.831+0000] {processor.py:183} INFO - Processing /home/airflow/.local/lib/python3.8/site-packages/airflow/example_dags/example_branch_labels.py took 0.080 seconds
[2026-04-28T12:16:03.628+0000] {processor.py:161} INFO - Started process (PID=543) to work on /home/airflow/.local/lib/python3.8/site-packages/airflow/example_dags/example_branch_labels.py
[2026-04-28T12:16:03.629+0000] {processor.py:830} INFO - Processing file /home/airflow/.local/lib/python3.8/site-packages/airflow/example_dags/example_branch_labels.py for tasks to queue
[2026-04-28T12:16:03.631+0000] {logging_mixin.py:188} INFO - [2026-04-28T12:16:03.631+0000] {dagbag.py:540} INFO - Filling up the DagBag from /home/airflow/.local/lib/python3.8/site-packages/airflow/example_dags/example_branch_labels.py
[2026-04-28T12:16:03.644+0000] {processor.py:840} INFO - DAG(s) 'example_branch_labels' retrieved from /home/airflow/.local/lib/python3.8/site-packages/airflow/example_dags/example_branch_labels.py
[2026-04-28T12:16:03.709+0000] {logging_mixin.py:188} INFO - [2026-04-28T12:16:03.708+0000] {dag.py:3047} INFO - Sync 1 DAGs
[2026-04-28T12:16:03.749+0000] {logging_mixin.py:188} INFO - [2026-04-28T12:16:03.749+0000] {dag.py:3834} INFO - Setting next_dagrun for example_branch_labels to 2026-04-27 00:00:00+00:00, run_after=2026-04-28 00:00:00+00:00
[2026-04-28T12:16:03.765+0000] {processor.py:183} INFO - Processing /home/airflow/.local/lib/python3.8/site-packages/airflow/example_dags/example_branch_labels.py took 0.141 seconds
[2026-04-28T12:16:34.047+0000] {processor.py:161} INFO - Started process (PID=598) to work on /home/airflow/.local/lib/python3.8/site-packages/airflow/example_dags/example_branch_labels.py
[2026-04-28T12:16:34.048+0000] {processor.py:830} INFO - Processing file /home/airflow/.local/lib/python3.8/site-packages/airflow/example_dags/example_branch_labels.py for tasks to queue
[2026-04-28T12:16:34.050+0000] {logging_mixin.py:188} INFO - [2026-04-28T12:16:34.050+0000] {dagbag.py:540} INFO - Filling up the DagBag from /home/airflow/.local/lib/python3.8/site-packages/airflow/example_dags/example_branch_labels.py
[2026-04-28T12:16:34.062+0000] {processor.py:840} INFO - DAG(s) 'example_branch_labels' retrieved from /home/airflow/.local/lib/python3.8/site-packages/airflow/example_dags/example_branch_labels.py
[2026-04-28T12:16:34.088+0000] {logging_mixin.py:188} INFO - [2026-04-28T12:16:34.088+0000] {dag.py:3047} INFO - Sync 1 DAGs
[2026-04-28T12:16:34.119+0000] {logging_mixin.py:188} INFO - [2026-04-28T12:16:34.118+0000] {dag.py:3834} INFO - Setting next_dagrun for example_branch_labels to 2026-04-27 00:00:00+00:00, run_after=2026-04-28 00:00:00+00:00
[2026-04-28T12:16:34.137+0000] {processor.py:183} INFO - Processing /home/airflow/.local/lib/python3.8/site-packages/airflow/example_dags/example_branch_labels.py took 0.095 seconds
[2026-04-28T12:17:04.682+0000] {processor.py:161} INFO - Started process (PID=653) to work on /home/airflow/.local/lib/python3.8/site-packages/airflow/example_dags/example_branch_labels.py
[2026-04-28T12:17:04.683+0000] {processor.py:830} INFO - Processing file /home/airflow/.local/lib/python3.8/site-packages/airflow/example_dags/example_branch_labels.py for tasks to queue
[2026-04-28T12:17:04.685+0000] {logging_mixin.py:188} INFO - [2026-04-28T12:17:04.685+0000] {dagbag.py:540} INFO - Filling up the DagBag from /home/airflow/.local/lib/python3.8/site-packages/airflow/example_dags/example_branch_labels.py
[2026-04-28T12:17:04.697+0000] {processor.py:840} INFO - DAG(s) 'example_branch_labels' retrieved from /home/airflow/.local/lib/python3.8/site-packages/airflow/example_dags/example_branch_labels.py
[2026-04-28T12:17:04.722+0000] {logging_mixin.py:188} INFO - [2026-04-28T12:17:04.722+0000] {dag.py:3047} INFO - Sync 1 DAGs
[2026-04-28T12:17:04.749+0000] {logging_mixin.py:188} INFO - [2026-04-28T12:17:04.749+0000] {dag.py:3834} INFO - Setting next_dagrun for example_branch_labels to 2026-04-27 00:00:00+00:00, run_after=2026-04-28 00:00:00+00:00
[2026-04-28T12:17:04.767+0000] {processor.py:183} INFO - Processing /home/airflow/.local/lib/python3.8/site-packages/airflow/example_dags/example_branch_labels.py took 0.090 seconds
[2026-04-28T12:17:34.957+0000] {processor.py:161} INFO - Started process (PID=708) to work on /home/airflow/.local/lib/python3.8/site-packages/airflow/example_dags/example_branch_labels.py
[2026-04-28T12:17:34.958+0000] {processor.py:830} INFO - Processing file /home/airflow/.local/lib/python3.8/site-packages/airflow/example_dags/example_branch_labels.py for tasks to queue
[2026-04-28T12:17:34.960+0000] {logging_mixin.py:188} INFO - [2026-04-28T12:17:34.960+0000] {dagbag.py:540} INFO - Filling up the DagBag from /home/airflow/.local/lib/python3.8/site-packages/airflow/example_dags/example_branch_labels.py
[2026-04-28T12:17:34.970+0000] {processor.py:840} INFO - DAG(s) 'example_branch_labels' retrieved from /home/airflow/.local/lib/python3.8/site-packages/airflow/example_dags/example_branch_labels.py
[2026-04-28T12:17:34.989+0000] {logging_mixin.py:188} INFO - [2026-04-28T12:17:34.989+0000] {dag.py:3047} INFO - Sync 1 DAGs
[2026-04-28T12:17:35.006+0000] {logging_mixin.py:188} INFO - [2026-04-28T12:17:35.006+0000] {dag.py:3834} INFO - Setting next_dagrun for example_branch_labels to 2026-04-27 00:00:00+00:00, run_after=2026-04-28 00:00:00+00:00
[2026-04-28T12:17:35.019+0000] {processor.py:183} INFO - Processing /home/airflow/.local/lib/python3.8/site-packages/airflow/example_dags/example_branch_labels.py took 0.066 seconds
[2026-04-28T12:18:05.370+0000] {processor.py:161} INFO - Started process (PID=763) to work on /home/airflow/.local/lib/python3.8/site-packages/airflow/example_dags/example_branch_labels.py
[2026-04-28T12:18:05.373+0000] {processor.py:830} INFO - Processing file /home/airflow/.local/lib/python3.8/site-packages/airflow/example_dags/example_branch_labels.py for tasks to queue
[2026-04-28T12:18:05.380+0000] {logging_mixin.py:188} INFO - [2026-04-28T12:18:05.379+0000] {dagbag.py:540} INFO - Filling up the DagBag from /home/airflow/.local/lib/python3.8/site-packages/airflow/example_dags/example_branch_labels.py
[2026-04-28T12:18:05.423+0000] {processor.py:840} INFO - DAG(s) 'example_branch_labels' retrieved from /home/airflow/.local/lib/python3.8/site-packages/airflow/example_dags/example_branch_labels.py
[2026-04-28T12:18:05.511+0000] {logging_mixin.py:188} INFO - [2026-04-28T12:18:05.510+0000] {dag.py:3047} INFO - Sync 1 DAGs
[2026-04-28T12:18:05.563+0000] {logging_mixin.py:188} INFO - [2026-04-28T12:18:05.563+0000] {dag.py:3834} INFO - Setting next_dagrun for example_branch_labels to 2026-04-27 00:00:00+00:00, run_after=2026-04-28 00:00:00+00:00
[2026-04-28T12:18:05.602+0000] {processor.py:183} INFO - Processing /home/airflow/.local/lib/python3.8/site-packages/airflow/example_dags/example_branch_labels.py took 0.244 seconds
[2026-04-28T12:18:36.549+0000] {processor.py:161} INFO - Started process (PID=818) to work on /home/airflow/.local/lib/python3.8/site-packages/airflow/example_dags/example_branch_labels.py
[2026-04-28T12:18:36.550+0000] {processor.py:830} INFO - Processing file /home/airflow/.local/lib/python3.8/site-packages/airflow/example_dags/example_branch_labels.py for tasks to queue
[2026-04-28T12:18:36.552+0000] {logging_mixin.py:188} INFO - [2026-04-28T12:18:36.552+0000] {dagbag.py:540} INFO - Filling up the DagBag from /home/airflow/.local/lib/python3.8/site-packages/airflow/example_dags/example_branch_labels.py
[2026-04-28T12:18:36.562+0000] {processor.py:840} INFO - DAG(s) 'example_branch_labels' retrieved from /home/airflow/.local/lib/python3.8/site-packages/airflow/example_dags/example_branch_labels.py
[2026-04-28T12:18:36.583+0000] {logging_mixin.py:188} INFO - [2026-04-28T12:18:36.583+0000] {dag.py:3047} INFO - Sync 1 DAGs
[2026-04-28T12:18:36.610+0000] {logging_mixin.py:188} INFO - [2026-04-28T12:18:36.610+0000] {dag.py:3834} INFO - Setting next_dagrun for example_branch_labels to 2026-04-27 00:00:00+00:00, run_after=2026-04-28 00:00:00+00:00
[2026-04-28T12:18:36.626+0000] {processor.py:183} INFO - Processing /home/airflow/.local/lib/python3.8/site-packages/airflow/example_dags/example_branch_labels.py took 0.081 seconds
[2026-04-28T12:19:07.591+0000] {processor.py:161} INFO - Started process (PID=873) to work on /home/airflow/.local/lib/python3.8/site-packages/airflow/example_dags/example_branch_labels.py
[2026-04-28T12:19:07.593+0000] {processor.py:830} INFO - Processing file /home/airflow/.local/lib/python3.8/site-packages/airflow/example_dags/example_branch_labels.py for tasks to queue
[2026-04-28T12:19:07.600+0000] {logging_mixin.py:188} INFO - [2026-04-28T12:19:07.600+0000] {dagbag.py:540} INFO - Filling up the DagBag from /home/airflow/.local/lib/python3.8/site-packages/airflow/example_dags/example_branch_labels.py
[2026-04-28T12:19:07.628+0000] {processor.py:840} INFO - DAG(s) 'example_branch_labels' retrieved from /home/airflow/.local/lib/python3.8/site-packages/airflow/example_dags/example_branch_labels.py
[2026-04-28T12:19:07.672+0000] {logging_mixin.py:188} INFO - [2026-04-28T12:19:07.672+0000] {dag.py:3047} INFO - Sync 1 DAGs
[2026-04-28T12:19:07.724+0000] {logging_mixin.py:188} INFO - [2026-04-28T12:19:07.724+0000] {dag.py:3834} INFO - Setting next_dagrun for example_branch_labels to 2026-04-27 00:00:00+00:00, run_after=2026-04-28 00:00:00+00:00
[2026-04-28T12:19:07.761+0000] {processor.py:183} INFO - Processing /home/airflow/.local/lib/python3.8/site-packages/airflow/example_dags/example_branch_labels.py took 0.183 seconds
[2026-04-28T12:19:38.691+0000] {processor.py:161} INFO - Started process (PID=928) to work on /home/airflow/.local/lib/python3.8/site-packages/airflow/example_dags/example_branch_labels.py
[2026-04-28T12:19:38.692+0000] {processor.py:830} INFO - Processing file /home/airflow/.local/lib/python3.8/site-packages/airflow/example_dags/example_branch_labels.py for tasks to queue
[2026-04-28T12:19:38.694+0000] {logging_mixin.py:188} INFO - [2026-04-28T12:19:38.694+0000] {dagbag.py:540} INFO - Filling up the DagBag from /home/airflow/.local/lib/python3.8/site-packages/airflow/example_dags/example_branch_labels.py
[2026-04-28T12:19:38.703+0000] {processor.py:840} INFO - DAG(s) 'example_branch_labels' retrieved from /home/airflow/.local/lib/python3.8/site-packages/airflow/example_dags/example_branch_labels.py
[2026-04-28T12:19:38.727+0000] {logging_mixin.py:188} INFO - [2026-04-28T12:19:38.726+0000] {dag.py:3047} INFO - Sync 1 DAGs
[2026-04-28T12:19:38.752+0000] {logging_mixin.py:188} INFO - [2026-04-28T12:19:38.751+0000] {dag.py:3834} INFO - Setting next_dagrun for example_branch_labels to 2026-04-27 00:00:00+00:00, run_after=2026-04-28 00:00:00+00:00
[2026-04-28T12:19:38.775+0000] {processor.py:183} INFO - Processing /home/airflow/.local/lib/python3.8/site-packages/airflow/example_dags/example_branch_labels.py took 0.087 seconds
[2026-04-28T12:20:09.406+0000] {processor.py:161} INFO - Started process (PID=981) to work on /home/airflow/.local/lib/python3.8/site-packages/airflow/example_dags/example_branch_labels.py
[2026-04-28T12:20:09.409+0000] {processor.py:830} INFO - Processing file /home/airflow/.local/lib/python3.8/site-packages/airflow/example_dags/example_branch_labels.py for tasks to queue
[2026-04-28T12:20:09.412+0000] {logging_mixin.py:188} INFO - [2026-04-28T12:20:09.411+0000] {dagbag.py:540} INFO - Filling up the DagBag from /home/airflow/.local/lib/python3.8/site-packages/airflow/example_dags/example_branch_labels.py
[2026-04-28T12:20:09.421+0000] {processor.py:840} INFO - DAG(s) 'example_branch_labels' retrieved from /home/airflow/.local/lib/python3.8/site-packages/airflow/example_dags/example_branch_labels.py
[2026-04-28T12:20:09.446+0000] {logging_mixin.py:188} INFO - [2026-04-28T12:20:09.446+0000] {dag.py:3047} INFO - Sync 1 DAGs
[2026-04-28T12:20:09.474+0000] {logging_mixin.py:188} INFO - [2026-04-28T12:20:09.473+0000] {dag.py:3834} INFO - Setting next_dagrun for example_branch_labels to 2026-04-27 00:00:00+00:00, run_after=2026-04-28 00:00:00+00:00
[2026-04-28T12:20:09.492+0000] {processor.py:183} INFO - Processing /home/airflow/.local/lib/python3.8/site-packages/airflow/example_dags/example_branch_labels.py took 0.093 seconds
[2026-04-28T12:20:39.543+0000] {processor.py:161} INFO - Started process (PID=1036) to work on /home/airflow/.local/lib/python3.8/site-packages/airflow/example_dags/example_branch_labels.py
[2026-04-28T12:20:39.545+0000] {processor.py:830} INFO - Processing file /home/airflow/.local/lib/python3.8/site-packages/airflow/example_dags/example_branch_labels.py for tasks to queue
[2026-04-28T12:20:39.548+0000] {logging_mixin.py:188} INFO - [2026-04-28T12:20:39.547+0000] {dagbag.py:540} INFO - Filling up the DagBag from /home/airflow/.local/lib/python3.8/site-packages/airflow/example_dags/example_branch_labels.py
[2026-04-28T12:20:39.557+0000] {processor.py:840} INFO - DAG(s) 'example_branch_labels' retrieved from /home/airflow/.local/lib/python3.8/site-packages/airflow/example_dags/example_branch_labels.py
[2026-04-28T12:20:39.581+0000] {logging_mixin.py:188} INFO - [2026-04-28T12:20:39.581+0000] {dag.py:3047} INFO - Sync 1 DAGs
[2026-04-28T12:20:39.609+0000] {logging_mixin.py:188} INFO - [2026-04-28T12:20:39.609+0000] {dag.py:3834} INFO - Setting next_dagrun for example_branch_labels to 2026-04-27 00:00:00+00:00, run_after=2026-04-28 00:00:00+00:00
[2026-04-28T12:20:39.643+0000] {processor.py:183} INFO - Processing /home/airflow/.local/lib/python3.8/site-packages/airflow/example_dags/example_branch_labels.py took 0.103 seconds
[2026-04-28T12:21:10.238+0000] {processor.py:161} INFO - Started process (PID=1091) to work on /home/airflow/.local/lib/python3.8/site-packages/airflow/example_dags/example_branch_labels.py
[2026-04-28T12:21:10.239+0000] {processor.py:830} INFO - Processing file /home/airflow/.local/lib/python3.8/site-packages/airflow/example_dags/example_branch_labels.py for tasks to queue
[2026-04-28T12:21:10.241+0000] {logging_mixin.py:188} INFO - [2026-04-28T12:21:10.240+0000] {dagbag.py:540} INFO - Filling up the DagBag from /home/airflow/.local/lib/python3.8/site-packages/airflow/example_dags/example_branch_labels.py
[2026-04-28T12:21:10.250+0000] {processor.py:840} INFO - DAG(s) 'example_branch_labels' retrieved from /home/airflow/.local/lib/python3.8/site-packages/airflow/example_dags/example_branch_labels.py
[2026-04-28T12:21:10.275+0000] {logging_mixin.py:188} INFO - [2026-04-28T12:21:10.274+0000] {dag.py:3047} INFO - Sync 1 DAGs
[2026-04-28T12:21:10.301+0000] {logging_mixin.py:188} INFO - [2026-04-28T12:21:10.301+0000] {dag.py:3834} INFO - Setting next_dagrun for example_branch_labels to 2026-04-27 00:00:00+00:00, run_after=2026-04-28 00:00:00+00:00
[2026-04-28T12:21:10.318+0000] {processor.py:183} INFO - Processing /home/airflow/.local/lib/python3.8/site-packages/airflow/example_dags/example_branch_labels.py took 0.084 seconds
[2026-04-28T12:21:40.346+0000] {processor.py:161} INFO - Started process (PID=1146) to work on /home/airflow/.local/lib/python3.8/site-packages/airflow/example_dags/example_branch_labels.py
[2026-04-28T12:21:40.346+0000] {processor.py:830} INFO - Processing file /home/airflow/.local/lib/python3.8/site-packages/airflow/example_dags/example_branch_labels.py for tasks to queue
[2026-04-28T12:21:40.348+0000] {logging_mixin.py:188} INFO - [2026-04-28T12:21:40.348+0000] {dagbag.py:540} INFO - Filling up the DagBag from /home/airflow/.local/lib/python3.8/site-packages/airflow/example_dags/example_branch_labels.py
[2026-04-28T12:21:40.354+0000] {processor.py:840} INFO - DAG(s) 'example_branch_labels' retrieved from /home/airflow/.local/lib/python3.8/site-packages/airflow/example_dags/example_branch_labels.py
[2026-04-28T12:21:40.373+0000] {logging_mixin.py:188} INFO - [2026-04-28T12:21:40.373+0000] {dag.py:3047} INFO - Sync 1 DAGs
[2026-04-28T12:21:40.394+0000] {logging_mixin.py:188} INFO - [2026-04-28T12:21:40.394+0000] {dag.py:3834} INFO - Setting next_dagrun for example_branch_labels to 2026-04-27 00:00:00+00:00, run_after=2026-04-28 00:00:00+00:00
[2026-04-28T12:21:40.407+0000] {processor.py:183} INFO - Processing /home/airflow/.local/lib/python3.8/site-packages/airflow/example_dags/example_branch_labels.py took 0.064 seconds
[2026-04-28T12:22:11.133+0000] {processor.py:161} INFO - Started process (PID=1201) to work on /home/airflow/.local/lib/python3.8/site-packages/airflow/example_dags/example_branch_labels.py
[2026-04-28T12:22:11.134+0000] {processor.py:830} INFO - Processing file /home/airflow/.local/lib/python3.8/site-packages/airflow/example_dags/example_branch_labels.py for tasks to queue
[2026-04-28T12:22:11.136+0000] {logging_mixin.py:188} INFO - [2026-04-28T12:22:11.136+0000] {dagbag.py:540} INFO - Filling up the DagBag from /home/airflow/.local/lib/python3.8/site-packages/airflow/example_dags/example_branch_labels.py
[2026-04-28T12:22:11.146+0000] {processor.py:840} INFO - DAG(s) 'example_branch_labels' retrieved from /home/airflow/.local/lib/python3.8/site-packages/airflow/example_dags/example_branch_labels.py
[2026-04-28T12:22:11.171+0000] {logging_mixin.py:188} INFO - [2026-04-28T12:22:11.171+0000] {dag.py:3047} INFO - Sync 1 DAGs
[2026-04-28T12:22:11.196+0000] {logging_mixin.py:188} INFO - [2026-04-28T12:22:11.196+0000] {dag.py:3834} INFO - Setting next_dagrun for example_branch_labels to 2026-04-27 00:00:00+00:00, run_after=2026-04-28 00:00:00+00:00
[2026-04-28T12:22:11.213+0000] {processor.py:183} INFO - Processing /home/airflow/.local/lib/python3.8/site-packages/airflow/example_dags/example_branch_labels.py took 0.083 seconds
[2026-04-28T12:22:41.368+0000] {processor.py:161} INFO - Started process (PID=1256) to work on /home/airflow/.local/lib/python3.8/site-packages/airflow/example_dags/example_branch_labels.py
[2026-04-28T12:22:41.369+0000] {processor.py:830} INFO - Processing file /home/airflow/.local/lib/python3.8/site-packages/airflow/example_dags/example_branch_labels.py for tasks to queue
[2026-04-28T12:22:41.371+0000] {logging_mixin.py:188} INFO - [2026-04-28T12:22:41.370+0000] {dagbag.py:540} INFO - Filling up the DagBag from /home/airflow/.local/lib/python3.8/site-packages/airflow/example_dags/example_branch_labels.py
[2026-04-28T12:22:41.380+0000] {processor.py:840} INFO - DAG(s) 'example_branch_labels' retrieved from /home/airflow/.local/lib/python3.8/site-packages/airflow/example_dags/example_branch_labels.py
[2026-04-28T12:22:41.404+0000] {logging_mixin.py:188} INFO - [2026-04-28T12:22:41.404+0000] {dag.py:3047} INFO - Sync 1 DAGs
[2026-04-28T12:22:41.429+0000] {logging_mixin.py:188} INFO - [2026-04-28T12:22:41.429+0000] {dag.py:3834} INFO - Setting next_dagrun for example_branch_labels to 2026-04-27 00:00:00+00:00, run_after=2026-04-28 00:00:00+00:00
[2026-04-28T12:22:41.446+0000] {processor.py:183} INFO - Processing /home/airflow/.local/lib/python3.8/site-packages/airflow/example_dags/example_branch_labels.py took 0.082 seconds
[2026-04-28T12:23:11.835+0000] {processor.py:161} INFO - Started process (PID=1311) to work on /home/airflow/.local/lib/python3.8/site-packages/airflow/example_dags/example_branch_labels.py
[2026-04-28T12:23:11.836+0000] {processor.py:830} INFO - Processing file /home/airflow/.local/lib/python3.8/site-packages/airflow/example_dags/example_branch_labels.py for tasks to queue
[2026-04-28T12:23:11.838+0000] {logging_mixin.py:188} INFO - [2026-04-28T12:23:11.838+0000] {dagbag.py:540} INFO - Filling up the DagBag from /home/airflow/.local/lib/python3.8/site-packages/airflow/example_dags/example_branch_labels.py
[2026-04-28T12:23:11.847+0000] {processor.py:840} INFO - DAG(s) 'example_branch_labels' retrieved from /home/airflow/.local/lib/python3.8/site-packages/airflow/example_dags/example_branch_labels.py
[2026-04-28T12:23:11.871+0000] {logging_mixin.py:188} INFO - [2026-04-28T12:23:11.871+0000] {dag.py:3047} INFO - Sync 1 DAGs
[2026-04-28T12:23:11.896+0000] {logging_mixin.py:188} INFO - [2026-04-28T12:23:11.896+0000] {dag.py:3834} INFO - Setting next_dagrun for example_branch_labels to 2026-04-27 00:00:00+00:00, run_after=2026-04-28 00:00:00+00:00
[2026-04-28T12:23:11.914+0000] {processor.py:183} INFO - Processing /home/airflow/.local/lib/python3.8/site-packages/airflow/example_dags/example_branch_labels.py took 0.082 seconds
[2026-04-28T12:23:42.100+0000] {processor.py:161} INFO - Started process (PID=1366) to work on /home/airflow/.local/lib/python3.8/site-packages/airflow/example_dags/example_branch_labels.py
[2026-04-28T12:23:42.101+0000] {processor.py:830} INFO - Processing file /home/airflow/.local/lib/python3.8/site-packages/airflow/example_dags/example_branch_labels.py for tasks to queue
[2026-04-28T12:23:42.103+0000] {logging_mixin.py:188} INFO - [2026-04-28T12:23:42.102+0000] {dagbag.py:540} INFO - Filling up the DagBag from /home/airflow/.local/lib/python3.8/site-packages/airflow/example_dags/example_branch_labels.py
[2026-04-28T12:23:42.112+0000] {processor.py:840} INFO - DAG(s) 'example_branch_labels' retrieved from /home/airflow/.local/lib/python3.8/site-packages/airflow/example_dags/example_branch_labels.py
[2026-04-28T12:23:42.136+0000] {logging_mixin.py:188} INFO - [2026-04-28T12:23:42.136+0000] {dag.py:3047} INFO - Sync 1 DAGs
[2026-04-28T12:23:42.162+0000] {logging_mixin.py:188} INFO - [2026-04-28T12:23:42.162+0000] {dag.py:3834} INFO - Setting next_dagrun for example_branch_labels to 2026-04-27 00:00:00+00:00, run_after=2026-04-28 00:00:00+00:00
[2026-04-28T12:23:42.183+0000] {processor.py:183} INFO - Processing /home/airflow/.local/lib/python3.8/site-packages/airflow/example_dags/example_branch_labels.py took 0.086 seconds
[2026-04-28T12:24:12.820+0000] {processor.py:161} INFO - Started process (PID=1421) to work on /home/airflow/.local/lib/python3.8/site-packages/airflow/example_dags/example_branch_labels.py
[2026-04-28T12:24:12.821+0000] {processor.py:830} INFO - Processing file /home/airflow/.local/lib/python3.8/site-packages/airflow/example_dags/example_branch_labels.py for tasks to queue
[2026-04-28T12:24:12.823+0000] {logging_mixin.py:188} INFO - [2026-04-28T12:24:12.823+0000] {dagbag.py:540} INFO - Filling up the DagBag from /home/airflow/.local/lib/python3.8/site-packages/airflow/example_dags/example_branch_labels.py
[2026-04-28T12:24:12.833+0000] {processor.py:840} INFO - DAG(s) 'example_branch_labels' retrieved from /home/airflow/.local/lib/python3.8/site-packages/airflow/example_dags/example_branch_labels.py
[2026-04-28T12:24:12.857+0000] {logging_mixin.py:188} INFO - [2026-04-28T12:24:12.857+0000] {dag.py:3047} INFO - Sync 1 DAGs
[2026-04-28T12:24:12.896+0000] {logging_mixin.py:188} INFO - [2026-04-28T12:24:12.896+0000] {dag.py:3834} INFO - Setting next_dagrun for example_branch_labels to 2026-04-27 00:00:00+00:00, run_after=2026-04-28 00:00:00+00:00
[2026-04-28T12:24:12.912+0000] {processor.py:183} INFO - Processing /home/airflow/.local/lib/python3.8/site-packages/airflow/example_dags/example_branch_labels.py took 0.095 seconds
[2026-04-28T12:24:43.039+0000] {processor.py:161} INFO - Started process (PID=1476) to work on /home/airflow/.local/lib/python3.8/site-packages/airflow/example_dags/example_branch_labels.py
[2026-04-28T12:24:43.040+0000] {processor.py:830} INFO - Processing file /home/airflow/.local/lib/python3.8/site-packages/airflow/example_dags/example_branch_labels.py for tasks to queue
[2026-04-28T12:24:43.042+0000] {logging_mixin.py:188} INFO - [2026-04-28T12:24:43.042+0000] {dagbag.py:540} INFO - Filling up the DagBag from /home/airflow/.local/lib/python3.8/site-packages/airflow/example_dags/example_branch_labels.py
[2026-04-28T12:24:43.051+0000] {processor.py:840} INFO - DAG(s) 'example_branch_labels' retrieved from /home/airflow/.local/lib/python3.8/site-packages/airflow/example_dags/example_branch_labels.py
[2026-04-28T12:24:43.076+0000] {logging_mixin.py:188} INFO - [2026-04-28T12:24:43.076+0000] {dag.py:3047} INFO - Sync 1 DAGs
[2026-04-28T12:24:43.101+0000] {logging_mixin.py:188} INFO - [2026-04-28T12:24:43.101+0000] {dag.py:3834} INFO - Setting next_dagrun for example_branch_labels to 2026-04-27 00:00:00+00:00, run_after=2026-04-28 00:00:00+00:00
[2026-04-28T12:24:43.118+0000] {processor.py:183} INFO - Processing /home/airflow/.local/lib/python3.8/site-packages/airflow/example_dags/example_branch_labels.py took 0.082 seconds
[2026-04-28T12:25:13.324+0000] {processor.py:161} INFO - Started process (PID=1531) to work on /home/airflow/.local/lib/python3.8/site-packages/airflow/example_dags/example_branch_labels.py
[2026-04-28T12:25:13.325+0000] {processor.py:830} INFO - Processing file /home/airflow/.local/lib/python3.8/site-packages/airflow/example_dags/example_branch_labels.py for tasks to queue
[2026-04-28T12:25:13.327+0000] {logging_mixin.py:188} INFO - [2026-04-28T12:25:13.326+0000] {dagbag.py:540} INFO - Filling up the DagBag from /home/airflow/.local/lib/python3.8/site-packages/airflow/example_dags/example_branch_labels.py
[2026-04-28T12:25:13.336+0000] {processor.py:840} INFO - DAG(s) 'example_branch_labels' retrieved from /home/airflow/.local/lib/python3.8/site-packages/airflow/example_dags/example_branch_labels.py
[2026-04-28T12:25:13.364+0000] {logging_mixin.py:188} INFO - [2026-04-28T12:25:13.364+0000] {dag.py:3047} INFO - Sync 1 DAGs
[2026-04-28T12:25:13.397+0000] {logging_mixin.py:188} INFO - [2026-04-28T12:25:13.397+0000] {dag.py:3834} INFO - Setting next_dagrun for example_branch_labels to 2026-04-27 00:00:00+00:00, run_after=2026-04-28 00:00:00+00:00
[2026-04-28T12:25:13.415+0000] {processor.py:183} INFO - Processing /home/airflow/.local/lib/python3.8/site-packages/airflow/example_dags/example_branch_labels.py took 0.095 seconds
[2026-04-28T12:25:43.607+0000] {processor.py:161} INFO - Started process (PID=1586) to work on /home/airflow/.local/lib/python3.8/site-packages/airflow/example_dags/example_branch_labels.py
[2026-04-28T12:25:43.608+0000] {processor.py:830} INFO - Processing file /home/airflow/.local/lib/python3.8/site-packages/airflow/example_dags/example_branch_labels.py for tasks to queue
[2026-04-28T12:25:43.610+0000] {logging_mixin.py:188} INFO - [2026-04-28T12:25:43.610+0000] {dagbag.py:540} INFO - Filling up the DagBag from /home/airflow/.local/lib/python3.8/site-packages/airflow/example_dags/example_branch_labels.py
[2026-04-28T12:25:43.619+0000] {processor.py:840} INFO - DAG(s) 'example_branch_labels' retrieved from /home/airflow/.local/lib/python3.8/site-packages/airflow/example_dags/example_branch_labels.py
[2026-04-28T12:25:43.643+0000] {logging_mixin.py:188} INFO - [2026-04-28T12:25:43.643+0000] {dag.py:3047} INFO - Sync 1 DAGs
[2026-04-28T12:25:43.668+0000] {logging_mixin.py:188} INFO - [2026-04-28T12:25:43.668+0000] {dag.py:3834} INFO - Setting next_dagrun for example_branch_labels to 2026-04-27 00:00:00+00:00, run_after=2026-04-28 00:00:00+00:00
[2026-04-28T12:25:43.685+0000] {processor.py:183} INFO - Processing /home/airflow/.local/lib/python3.8/site-packages/airflow/example_dags/example_branch_labels.py took 0.082 seconds
