[2026-04-28T12:12:00.554+0000] {processor.py:161} INFO - Started process (PID=110) to work on /home/airflow/.local/lib/python3.8/site-packages/airflow/example_dags/example_branch_python_dop_operator_3.py
[2026-04-28T12:12:00.555+0000] {processor.py:830} INFO - Processing file /home/airflow/.local/lib/python3.8/site-packages/airflow/example_dags/example_branch_python_dop_operator_3.py for tasks to queue
[2026-04-28T12:12:00.559+0000] {logging_mixin.py:188} INFO - [2026-04-28T12:12:00.557+0000] {dagbag.py:540} INFO - Filling up the DagBag from /home/airflow/.local/lib/python3.8/site-packages/airflow/example_dags/example_branch_python_dop_operator_3.py
[2026-04-28T12:12:00.606+0000] {processor.py:840} INFO - DAG(s) 'example_branch_dop_operator_v3' retrieved from /home/airflow/.local/lib/python3.8/site-packages/airflow/example_dags/example_branch_python_dop_operator_3.py
[2026-04-28T12:12:01.039+0000] {logging_mixin.py:188} INFO - [2026-04-28T12:12:01.039+0000] {dag.py:3047} INFO - Sync 1 DAGs
[2026-04-28T12:12:01.183+0000] {logging_mixin.py:188} INFO - [2026-04-28T12:12:01.183+0000] {dag.py:3834} INFO - Setting next_dagrun for example_branch_dop_operator_v3 to 2026-04-28 12:11:00+00:00, run_after=2026-04-28 12:12:00+00:00
[2026-04-28T12:12:01.352+0000] {processor.py:183} INFO - Processing /home/airflow/.local/lib/python3.8/site-packages/airflow/example_dags/example_branch_python_dop_operator_3.py took 0.803 seconds
[2026-04-28T12:12:32.161+0000] {processor.py:161} INFO - Started process (PID=165) to work on /home/airflow/.local/lib/python3.8/site-packages/airflow/example_dags/example_branch_python_dop_operator_3.py
[2026-04-28T12:12:32.162+0000] {processor.py:830} INFO - Processing file /home/airflow/.local/lib/python3.8/site-packages/airflow/example_dags/example_branch_python_dop_operator_3.py for tasks to queue
[2026-04-28T12:12:32.166+0000] {logging_mixin.py:188} INFO - [2026-04-28T12:12:32.164+0000] {dagbag.py:540} INFO - Filling up the DagBag from /home/airflow/.local/lib/python3.8/site-packages/airflow/example_dags/example_branch_python_dop_operator_3.py
[2026-04-28T12:12:32.177+0000] {processor.py:840} INFO - DAG(s) 'example_branch_dop_operator_v3' retrieved from /home/airflow/.local/lib/python3.8/site-packages/airflow/example_dags/example_branch_python_dop_operator_3.py
[2026-04-28T12:12:32.199+0000] {logging_mixin.py:188} INFO - [2026-04-28T12:12:32.199+0000] {dag.py:3047} INFO - Sync 1 DAGs
[2026-04-28T12:12:32.230+0000] {logging_mixin.py:188} INFO - [2026-04-28T12:12:32.229+0000] {dag.py:3834} INFO - Setting next_dagrun for example_branch_dop_operator_v3 to 2026-04-28 12:11:00+00:00, run_after=2026-04-28 12:12:00+00:00
[2026-04-28T12:12:32.247+0000] {processor.py:183} INFO - Processing /home/airflow/.local/lib/python3.8/site-packages/airflow/example_dags/example_branch_python_dop_operator_3.py took 0.090 seconds
[2026-04-28T12:13:03.172+0000] {processor.py:161} INFO - Started process (PID=220) to work on /home/airflow/.local/lib/python3.8/site-packages/airflow/example_dags/example_branch_python_dop_operator_3.py
[2026-04-28T12:13:03.173+0000] {processor.py:830} INFO - Processing file /home/airflow/.local/lib/python3.8/site-packages/airflow/example_dags/example_branch_python_dop_operator_3.py for tasks to queue
[2026-04-28T12:13:03.175+0000] {logging_mixin.py:188} INFO - [2026-04-28T12:13:03.174+0000] {dagbag.py:540} INFO - Filling up the DagBag from /home/airflow/.local/lib/python3.8/site-packages/airflow/example_dags/example_branch_python_dop_operator_3.py
[2026-04-28T12:13:03.185+0000] {processor.py:840} INFO - DAG(s) 'example_branch_dop_operator_v3' retrieved from /home/airflow/.local/lib/python3.8/site-packages/airflow/example_dags/example_branch_python_dop_operator_3.py
[2026-04-28T12:13:03.208+0000] {logging_mixin.py:188} INFO - [2026-04-28T12:13:03.208+0000] {dag.py:3047} INFO - Sync 1 DAGs
[2026-04-28T12:13:03.247+0000] {logging_mixin.py:188} INFO - [2026-04-28T12:13:03.247+0000] {dag.py:3834} INFO - Setting next_dagrun for example_branch_dop_operator_v3 to 2026-04-28 12:12:00+00:00, run_after=2026-04-28 12:13:00+00:00
[2026-04-28T12:13:03.265+0000] {processor.py:183} INFO - Processing /home/airflow/.local/lib/python3.8/site-packages/airflow/example_dags/example_branch_python_dop_operator_3.py took 0.097 seconds
[2026-04-28T12:13:33.660+0000] {processor.py:161} INFO - Started process (PID=275) to work on /home/airflow/.local/lib/python3.8/site-packages/airflow/example_dags/example_branch_python_dop_operator_3.py
[2026-04-28T12:13:33.661+0000] {processor.py:830} INFO - Processing file /home/airflow/.local/lib/python3.8/site-packages/airflow/example_dags/example_branch_python_dop_operator_3.py for tasks to queue
[2026-04-28T12:13:33.663+0000] {logging_mixin.py:188} INFO - [2026-04-28T12:13:33.663+0000] {dagbag.py:540} INFO - Filling up the DagBag from /home/airflow/.local/lib/python3.8/site-packages/airflow/example_dags/example_branch_python_dop_operator_3.py
[2026-04-28T12:13:33.674+0000] {processor.py:840} INFO - DAG(s) 'example_branch_dop_operator_v3' retrieved from /home/airflow/.local/lib/python3.8/site-packages/airflow/example_dags/example_branch_python_dop_operator_3.py
[2026-04-28T12:13:33.696+0000] {logging_mixin.py:188} INFO - [2026-04-28T12:13:33.696+0000] {dag.py:3047} INFO - Sync 1 DAGs
[2026-04-28T12:13:33.727+0000] {logging_mixin.py:188} INFO - [2026-04-28T12:13:33.726+0000] {dag.py:3834} INFO - Setting next_dagrun for example_branch_dop_operator_v3 to 2026-04-28 12:12:00+00:00, run_after=2026-04-28 12:13:00+00:00
[2026-04-28T12:13:33.745+0000] {processor.py:183} INFO - Processing /home/airflow/.local/lib/python3.8/site-packages/airflow/example_dags/example_branch_python_dop_operator_3.py took 0.089 seconds
[2026-04-28T12:14:04.216+0000] {processor.py:161} INFO - Started process (PID=330) to work on /home/airflow/.local/lib/python3.8/site-packages/airflow/example_dags/example_branch_python_dop_operator_3.py
[2026-04-28T12:14:04.218+0000] {processor.py:830} INFO - Processing file /home/airflow/.local/lib/python3.8/site-packages/airflow/example_dags/example_branch_python_dop_operator_3.py for tasks to queue
[2026-04-28T12:14:04.220+0000] {logging_mixin.py:188} INFO - [2026-04-28T12:14:04.219+0000] {dagbag.py:540} INFO - Filling up the DagBag from /home/airflow/.local/lib/python3.8/site-packages/airflow/example_dags/example_branch_python_dop_operator_3.py
[2026-04-28T12:14:04.239+0000] {processor.py:840} INFO - DAG(s) 'example_branch_dop_operator_v3' retrieved from /home/airflow/.local/lib/python3.8/site-packages/airflow/example_dags/example_branch_python_dop_operator_3.py
[2026-04-28T12:14:04.266+0000] {logging_mixin.py:188} INFO - [2026-04-28T12:14:04.266+0000] {dag.py:3047} INFO - Sync 1 DAGs
[2026-04-28T12:14:04.296+0000] {logging_mixin.py:188} INFO - [2026-04-28T12:14:04.296+0000] {dag.py:3834} INFO - Setting next_dagrun for example_branch_dop_operator_v3 to 2026-04-28 12:13:00+00:00, run_after=2026-04-28 12:14:00+00:00
[2026-04-28T12:14:04.314+0000] {processor.py:183} INFO - Processing /home/airflow/.local/lib/python3.8/site-packages/airflow/example_dags/example_branch_python_dop_operator_3.py took 0.101 seconds
[2026-04-28T12:14:34.757+0000] {processor.py:161} INFO - Started process (PID=385) to work on /home/airflow/.local/lib/python3.8/site-packages/airflow/example_dags/example_branch_python_dop_operator_3.py
[2026-04-28T12:14:34.757+0000] {processor.py:830} INFO - Processing file /home/airflow/.local/lib/python3.8/site-packages/airflow/example_dags/example_branch_python_dop_operator_3.py for tasks to queue
[2026-04-28T12:14:34.760+0000] {logging_mixin.py:188} INFO - [2026-04-28T12:14:34.759+0000] {dagbag.py:540} INFO - Filling up the DagBag from /home/airflow/.local/lib/python3.8/site-packages/airflow/example_dags/example_branch_python_dop_operator_3.py
[2026-04-28T12:14:34.770+0000] {processor.py:840} INFO - DAG(s) 'example_branch_dop_operator_v3' retrieved from /home/airflow/.local/lib/python3.8/site-packages/airflow/example_dags/example_branch_python_dop_operator_3.py
[2026-04-28T12:14:34.792+0000] {logging_mixin.py:188} INFO - [2026-04-28T12:14:34.792+0000] {dag.py:3047} INFO - Sync 1 DAGs
[2026-04-28T12:14:34.822+0000] {logging_mixin.py:188} INFO - [2026-04-28T12:14:34.822+0000] {dag.py:3834} INFO - Setting next_dagrun for example_branch_dop_operator_v3 to 2026-04-28 12:13:00+00:00, run_after=2026-04-28 12:14:00+00:00
[2026-04-28T12:14:34.839+0000] {processor.py:183} INFO - Processing /home/airflow/.local/lib/python3.8/site-packages/airflow/example_dags/example_branch_python_dop_operator_3.py took 0.086 seconds
[2026-04-28T12:15:05.549+0000] {processor.py:161} INFO - Started process (PID=440) to work on /home/airflow/.local/lib/python3.8/site-packages/airflow/example_dags/example_branch_python_dop_operator_3.py
[2026-04-28T12:15:05.550+0000] {processor.py:830} INFO - Processing file /home/airflow/.local/lib/python3.8/site-packages/airflow/example_dags/example_branch_python_dop_operator_3.py for tasks to queue
[2026-04-28T12:15:05.552+0000] {logging_mixin.py:188} INFO - [2026-04-28T12:15:05.551+0000] {dagbag.py:540} INFO - Filling up the DagBag from /home/airflow/.local/lib/python3.8/site-packages/airflow/example_dags/example_branch_python_dop_operator_3.py
[2026-04-28T12:15:05.562+0000] {processor.py:840} INFO - DAG(s) 'example_branch_dop_operator_v3' retrieved from /home/airflow/.local/lib/python3.8/site-packages/airflow/example_dags/example_branch_python_dop_operator_3.py
[2026-04-28T12:15:05.589+0000] {logging_mixin.py:188} INFO - [2026-04-28T12:15:05.589+0000] {dag.py:3047} INFO - Sync 1 DAGs
[2026-04-28T12:15:05.619+0000] {logging_mixin.py:188} INFO - [2026-04-28T12:15:05.619+0000] {dag.py:3834} INFO - Setting next_dagrun for example_branch_dop_operator_v3 to 2026-04-28 12:14:00+00:00, run_after=2026-04-28 12:15:00+00:00
[2026-04-28T12:15:05.637+0000] {processor.py:183} INFO - Processing /home/airflow/.local/lib/python3.8/site-packages/airflow/example_dags/example_branch_python_dop_operator_3.py took 0.091 seconds
[2026-04-28T12:15:35.988+0000] {processor.py:161} INFO - Started process (PID=494) to work on /home/airflow/.local/lib/python3.8/site-packages/airflow/example_dags/example_branch_python_dop_operator_3.py
[2026-04-28T12:15:35.989+0000] {processor.py:830} INFO - Processing file /home/airflow/.local/lib/python3.8/site-packages/airflow/example_dags/example_branch_python_dop_operator_3.py for tasks to queue
[2026-04-28T12:15:35.991+0000] {logging_mixin.py:188} INFO - [2026-04-28T12:15:35.991+0000] {dagbag.py:540} INFO - Filling up the DagBag from /home/airflow/.local/lib/python3.8/site-packages/airflow/example_dags/example_branch_python_dop_operator_3.py
[2026-04-28T12:15:36.005+0000] {processor.py:840} INFO - DAG(s) 'example_branch_dop_operator_v3' retrieved from /home/airflow/.local/lib/python3.8/site-packages/airflow/example_dags/example_branch_python_dop_operator_3.py
[2026-04-28T12:15:36.027+0000] {logging_mixin.py:188} INFO - [2026-04-28T12:15:36.026+0000] {dag.py:3047} INFO - Sync 1 DAGs
[2026-04-28T12:15:36.073+0000] {logging_mixin.py:188} INFO - [2026-04-28T12:15:36.069+0000] {dag.py:3834} INFO - Setting next_dagrun for example_branch_dop_operator_v3 to 2026-04-28 12:14:00+00:00, run_after=2026-04-28 12:15:00+00:00
[2026-04-28T12:15:36.145+0000] {processor.py:183} INFO - Processing /home/airflow/.local/lib/python3.8/site-packages/airflow/example_dags/example_branch_python_dop_operator_3.py took 0.161 seconds
[2026-04-28T12:16:07.005+0000] {processor.py:161} INFO - Started process (PID=549) to work on /home/airflow/.local/lib/python3.8/site-packages/airflow/example_dags/example_branch_python_dop_operator_3.py
[2026-04-28T12:16:07.006+0000] {processor.py:830} INFO - Processing file /home/airflow/.local/lib/python3.8/site-packages/airflow/example_dags/example_branch_python_dop_operator_3.py for tasks to queue
[2026-04-28T12:16:07.008+0000] {logging_mixin.py:188} INFO - [2026-04-28T12:16:07.008+0000] {dagbag.py:540} INFO - Filling up the DagBag from /home/airflow/.local/lib/python3.8/site-packages/airflow/example_dags/example_branch_python_dop_operator_3.py
[2026-04-28T12:16:07.019+0000] {processor.py:840} INFO - DAG(s) 'example_branch_dop_operator_v3' retrieved from /home/airflow/.local/lib/python3.8/site-packages/airflow/example_dags/example_branch_python_dop_operator_3.py
[2026-04-28T12:16:07.042+0000] {logging_mixin.py:188} INFO - [2026-04-28T12:16:07.041+0000] {dag.py:3047} INFO - Sync 1 DAGs
[2026-04-28T12:16:07.076+0000] {logging_mixin.py:188} INFO - [2026-04-28T12:16:07.076+0000] {dag.py:3834} INFO - Setting next_dagrun for example_branch_dop_operator_v3 to 2026-04-28 12:15:00+00:00, run_after=2026-04-28 12:16:00+00:00
[2026-04-28T12:16:07.093+0000] {processor.py:183} INFO - Processing /home/airflow/.local/lib/python3.8/site-packages/airflow/example_dags/example_branch_python_dop_operator_3.py took 0.092 seconds
[2026-04-28T12:16:37.296+0000] {processor.py:161} INFO - Started process (PID=604) to work on /home/airflow/.local/lib/python3.8/site-packages/airflow/example_dags/example_branch_python_dop_operator_3.py
[2026-04-28T12:16:37.297+0000] {processor.py:830} INFO - Processing file /home/airflow/.local/lib/python3.8/site-packages/airflow/example_dags/example_branch_python_dop_operator_3.py for tasks to queue
[2026-04-28T12:16:37.299+0000] {logging_mixin.py:188} INFO - [2026-04-28T12:16:37.298+0000] {dagbag.py:540} INFO - Filling up the DagBag from /home/airflow/.local/lib/python3.8/site-packages/airflow/example_dags/example_branch_python_dop_operator_3.py
[2026-04-28T12:16:37.309+0000] {processor.py:840} INFO - DAG(s) 'example_branch_dop_operator_v3' retrieved from /home/airflow/.local/lib/python3.8/site-packages/airflow/example_dags/example_branch_python_dop_operator_3.py
[2026-04-28T12:16:37.332+0000] {logging_mixin.py:188} INFO - [2026-04-28T12:16:37.332+0000] {dag.py:3047} INFO - Sync 1 DAGs
[2026-04-28T12:16:37.362+0000] {logging_mixin.py:188} INFO - [2026-04-28T12:16:37.362+0000] {dag.py:3834} INFO - Setting next_dagrun for example_branch_dop_operator_v3 to 2026-04-28 12:15:00+00:00, run_after=2026-04-28 12:16:00+00:00
[2026-04-28T12:16:37.380+0000] {processor.py:183} INFO - Processing /home/airflow/.local/lib/python3.8/site-packages/airflow/example_dags/example_branch_python_dop_operator_3.py took 0.088 seconds
[2026-04-28T12:17:08.072+0000] {processor.py:161} INFO - Started process (PID=659) to work on /home/airflow/.local/lib/python3.8/site-packages/airflow/example_dags/example_branch_python_dop_operator_3.py
[2026-04-28T12:17:08.073+0000] {processor.py:830} INFO - Processing file /home/airflow/.local/lib/python3.8/site-packages/airflow/example_dags/example_branch_python_dop_operator_3.py for tasks to queue
[2026-04-28T12:17:08.075+0000] {logging_mixin.py:188} INFO - [2026-04-28T12:17:08.075+0000] {dagbag.py:540} INFO - Filling up the DagBag from /home/airflow/.local/lib/python3.8/site-packages/airflow/example_dags/example_branch_python_dop_operator_3.py
[2026-04-28T12:17:08.085+0000] {processor.py:840} INFO - DAG(s) 'example_branch_dop_operator_v3' retrieved from /home/airflow/.local/lib/python3.8/site-packages/airflow/example_dags/example_branch_python_dop_operator_3.py
[2026-04-28T12:17:08.107+0000] {logging_mixin.py:188} INFO - [2026-04-28T12:17:08.106+0000] {dag.py:3047} INFO - Sync 1 DAGs
[2026-04-28T12:17:08.136+0000] {logging_mixin.py:188} INFO - [2026-04-28T12:17:08.136+0000] {dag.py:3834} INFO - Setting next_dagrun for example_branch_dop_operator_v3 to 2026-04-28 12:16:00+00:00, run_after=2026-04-28 12:17:00+00:00
[2026-04-28T12:17:08.153+0000] {processor.py:183} INFO - Processing /home/airflow/.local/lib/python3.8/site-packages/airflow/example_dags/example_branch_python_dop_operator_3.py took 0.088 seconds
[2026-04-28T12:17:38.229+0000] {processor.py:161} INFO - Started process (PID=714) to work on /home/airflow/.local/lib/python3.8/site-packages/airflow/example_dags/example_branch_python_dop_operator_3.py
[2026-04-28T12:17:38.230+0000] {processor.py:830} INFO - Processing file /home/airflow/.local/lib/python3.8/site-packages/airflow/example_dags/example_branch_python_dop_operator_3.py for tasks to queue
[2026-04-28T12:17:38.232+0000] {logging_mixin.py:188} INFO - [2026-04-28T12:17:38.231+0000] {dagbag.py:540} INFO - Filling up the DagBag from /home/airflow/.local/lib/python3.8/site-packages/airflow/example_dags/example_branch_python_dop_operator_3.py
[2026-04-28T12:17:38.244+0000] {processor.py:840} INFO - DAG(s) 'example_branch_dop_operator_v3' retrieved from /home/airflow/.local/lib/python3.8/site-packages/airflow/example_dags/example_branch_python_dop_operator_3.py
[2026-04-28T12:17:38.295+0000] {logging_mixin.py:188} INFO - [2026-04-28T12:17:38.295+0000] {dag.py:3047} INFO - Sync 1 DAGs
[2026-04-28T12:17:38.325+0000] {logging_mixin.py:188} INFO - [2026-04-28T12:17:38.325+0000] {dag.py:3834} INFO - Setting next_dagrun for example_branch_dop_operator_v3 to 2026-04-28 12:16:00+00:00, run_after=2026-04-28 12:17:00+00:00
[2026-04-28T12:17:38.343+0000] {processor.py:183} INFO - Processing /home/airflow/.local/lib/python3.8/site-packages/airflow/example_dags/example_branch_python_dop_operator_3.py took 0.118 seconds
[2026-04-28T12:18:08.966+0000] {processor.py:161} INFO - Started process (PID=769) to work on /home/airflow/.local/lib/python3.8/site-packages/airflow/example_dags/example_branch_python_dop_operator_3.py
[2026-04-28T12:18:08.967+0000] {processor.py:830} INFO - Processing file /home/airflow/.local/lib/python3.8/site-packages/airflow/example_dags/example_branch_python_dop_operator_3.py for tasks to queue
[2026-04-28T12:18:08.969+0000] {logging_mixin.py:188} INFO - [2026-04-28T12:18:08.969+0000] {dagbag.py:540} INFO - Filling up the DagBag from /home/airflow/.local/lib/python3.8/site-packages/airflow/example_dags/example_branch_python_dop_operator_3.py
[2026-04-28T12:18:08.980+0000] {processor.py:840} INFO - DAG(s) 'example_branch_dop_operator_v3' retrieved from /home/airflow/.local/lib/python3.8/site-packages/airflow/example_dags/example_branch_python_dop_operator_3.py
[2026-04-28T12:18:09.001+0000] {logging_mixin.py:188} INFO - [2026-04-28T12:18:09.000+0000] {dag.py:3047} INFO - Sync 1 DAGs
[2026-04-28T12:18:09.044+0000] {logging_mixin.py:188} INFO - [2026-04-28T12:18:09.044+0000] {dag.py:3834} INFO - Setting next_dagrun for example_branch_dop_operator_v3 to 2026-04-28 12:17:00+00:00, run_after=2026-04-28 12:18:00+00:00
[2026-04-28T12:18:09.062+0000] {processor.py:183} INFO - Processing /home/airflow/.local/lib/python3.8/site-packages/airflow/example_dags/example_branch_python_dop_operator_3.py took 0.099 seconds
[2026-04-28T12:18:39.232+0000] {processor.py:161} INFO - Started process (PID=824) to work on /home/airflow/.local/lib/python3.8/site-packages/airflow/example_dags/example_branch_python_dop_operator_3.py
[2026-04-28T12:18:39.234+0000] {processor.py:830} INFO - Processing file /home/airflow/.local/lib/python3.8/site-packages/airflow/example_dags/example_branch_python_dop_operator_3.py for tasks to queue
[2026-04-28T12:18:39.239+0000] {logging_mixin.py:188} INFO - [2026-04-28T12:18:39.238+0000] {dagbag.py:540} INFO - Filling up the DagBag from /home/airflow/.local/lib/python3.8/site-packages/airflow/example_dags/example_branch_python_dop_operator_3.py
[2026-04-28T12:18:39.255+0000] {processor.py:840} INFO - DAG(s) 'example_branch_dop_operator_v3' retrieved from /home/airflow/.local/lib/python3.8/site-packages/airflow/example_dags/example_branch_python_dop_operator_3.py
[2026-04-28T12:18:39.279+0000] {logging_mixin.py:188} INFO - [2026-04-28T12:18:39.278+0000] {dag.py:3047} INFO - Sync 1 DAGs
[2026-04-28T12:18:39.314+0000] {logging_mixin.py:188} INFO - [2026-04-28T12:18:39.313+0000] {dag.py:3834} INFO - Setting next_dagrun for example_branch_dop_operator_v3 to 2026-04-28 12:17:00+00:00, run_after=2026-04-28 12:18:00+00:00
[2026-04-28T12:18:39.342+0000] {processor.py:183} INFO - Processing /home/airflow/.local/lib/python3.8/site-packages/airflow/example_dags/example_branch_python_dop_operator_3.py took 0.118 seconds
[2026-04-28T12:19:09.403+0000] {processor.py:161} INFO - Started process (PID=879) to work on /home/airflow/.local/lib/python3.8/site-packages/airflow/example_dags/example_branch_python_dop_operator_3.py
[2026-04-28T12:19:09.404+0000] {processor.py:830} INFO - Processing file /home/airflow/.local/lib/python3.8/site-packages/airflow/example_dags/example_branch_python_dop_operator_3.py for tasks to queue
[2026-04-28T12:19:09.405+0000] {logging_mixin.py:188} INFO - [2026-04-28T12:19:09.405+0000] {dagbag.py:540} INFO - Filling up the DagBag from /home/airflow/.local/lib/python3.8/site-packages/airflow/example_dags/example_branch_python_dop_operator_3.py
[2026-04-28T12:19:09.413+0000] {processor.py:840} INFO - DAG(s) 'example_branch_dop_operator_v3' retrieved from /home/airflow/.local/lib/python3.8/site-packages/airflow/example_dags/example_branch_python_dop_operator_3.py
[2026-04-28T12:19:09.428+0000] {logging_mixin.py:188} INFO - [2026-04-28T12:19:09.428+0000] {dag.py:3047} INFO - Sync 1 DAGs
[2026-04-28T12:19:09.447+0000] {logging_mixin.py:188} INFO - [2026-04-28T12:19:09.447+0000] {dag.py:3834} INFO - Setting next_dagrun for example_branch_dop_operator_v3 to 2026-04-28 12:18:00+00:00, run_after=2026-04-28 12:19:00+00:00
[2026-04-28T12:19:09.461+0000] {processor.py:183} INFO - Processing /home/airflow/.local/lib/python3.8/site-packages/airflow/example_dags/example_branch_python_dop_operator_3.py took 0.061 seconds
[2026-04-28T12:19:39.854+0000] {processor.py:161} INFO - Started process (PID=934) to work on /home/airflow/.local/lib/python3.8/site-packages/airflow/example_dags/example_branch_python_dop_operator_3.py
[2026-04-28T12:19:39.858+0000] {processor.py:830} INFO - Processing file /home/airflow/.local/lib/python3.8/site-packages/airflow/example_dags/example_branch_python_dop_operator_3.py for tasks to queue
[2026-04-28T12:19:39.860+0000] {logging_mixin.py:188} INFO - [2026-04-28T12:19:39.860+0000] {dagbag.py:540} INFO - Filling up the DagBag from /home/airflow/.local/lib/python3.8/site-packages/airflow/example_dags/example_branch_python_dop_operator_3.py
[2026-04-28T12:19:39.871+0000] {processor.py:840} INFO - DAG(s) 'example_branch_dop_operator_v3' retrieved from /home/airflow/.local/lib/python3.8/site-packages/airflow/example_dags/example_branch_python_dop_operator_3.py
[2026-04-28T12:19:39.893+0000] {logging_mixin.py:188} INFO - [2026-04-28T12:19:39.893+0000] {dag.py:3047} INFO - Sync 1 DAGs
[2026-04-28T12:19:39.923+0000] {logging_mixin.py:188} INFO - [2026-04-28T12:19:39.923+0000] {dag.py:3834} INFO - Setting next_dagrun for example_branch_dop_operator_v3 to 2026-04-28 12:18:00+00:00, run_after=2026-04-28 12:19:00+00:00
[2026-04-28T12:19:39.948+0000] {processor.py:183} INFO - Processing /home/airflow/.local/lib/python3.8/site-packages/airflow/example_dags/example_branch_python_dop_operator_3.py took 0.099 seconds
[2026-04-28T12:20:10.867+0000] {processor.py:161} INFO - Started process (PID=988) to work on /home/airflow/.local/lib/python3.8/site-packages/airflow/example_dags/example_branch_python_dop_operator_3.py
[2026-04-28T12:20:10.867+0000] {processor.py:830} INFO - Processing file /home/airflow/.local/lib/python3.8/site-packages/airflow/example_dags/example_branch_python_dop_operator_3.py for tasks to queue
[2026-04-28T12:20:10.869+0000] {logging_mixin.py:188} INFO - [2026-04-28T12:20:10.869+0000] {dagbag.py:540} INFO - Filling up the DagBag from /home/airflow/.local/lib/python3.8/site-packages/airflow/example_dags/example_branch_python_dop_operator_3.py
[2026-04-28T12:20:10.880+0000] {processor.py:840} INFO - DAG(s) 'example_branch_dop_operator_v3' retrieved from /home/airflow/.local/lib/python3.8/site-packages/airflow/example_dags/example_branch_python_dop_operator_3.py
[2026-04-28T12:20:10.906+0000] {logging_mixin.py:188} INFO - [2026-04-28T12:20:10.905+0000] {dag.py:3047} INFO - Sync 1 DAGs
[2026-04-28T12:20:10.961+0000] {logging_mixin.py:188} INFO - [2026-04-28T12:20:10.961+0000] {dag.py:3834} INFO - Setting next_dagrun for example_branch_dop_operator_v3 to 2026-04-28 12:19:00+00:00, run_after=2026-04-28 12:20:00+00:00
[2026-04-28T12:20:10.979+0000] {processor.py:183} INFO - Processing /home/airflow/.local/lib/python3.8/site-packages/airflow/example_dags/example_branch_python_dop_operator_3.py took 0.116 seconds
[2026-04-28T12:20:41.085+0000] {processor.py:161} INFO - Started process (PID=1043) to work on /home/airflow/.local/lib/python3.8/site-packages/airflow/example_dags/example_branch_python_dop_operator_3.py
[2026-04-28T12:20:41.087+0000] {processor.py:830} INFO - Processing file /home/airflow/.local/lib/python3.8/site-packages/airflow/example_dags/example_branch_python_dop_operator_3.py for tasks to queue
[2026-04-28T12:20:41.089+0000] {logging_mixin.py:188} INFO - [2026-04-28T12:20:41.089+0000] {dagbag.py:540} INFO - Filling up the DagBag from /home/airflow/.local/lib/python3.8/site-packages/airflow/example_dags/example_branch_python_dop_operator_3.py
[2026-04-28T12:20:41.100+0000] {processor.py:840} INFO - DAG(s) 'example_branch_dop_operator_v3' retrieved from /home/airflow/.local/lib/python3.8/site-packages/airflow/example_dags/example_branch_python_dop_operator_3.py
[2026-04-28T12:20:41.125+0000] {logging_mixin.py:188} INFO - [2026-04-28T12:20:41.125+0000] {dag.py:3047} INFO - Sync 1 DAGs
[2026-04-28T12:20:41.154+0000] {logging_mixin.py:188} INFO - [2026-04-28T12:20:41.154+0000] {dag.py:3834} INFO - Setting next_dagrun for example_branch_dop_operator_v3 to 2026-04-28 12:19:00+00:00, run_after=2026-04-28 12:20:00+00:00
[2026-04-28T12:20:41.172+0000] {processor.py:183} INFO - Processing /home/airflow/.local/lib/python3.8/site-packages/airflow/example_dags/example_branch_python_dop_operator_3.py took 0.090 seconds
[2026-04-28T12:21:11.772+0000] {processor.py:161} INFO - Started process (PID=1098) to work on /home/airflow/.local/lib/python3.8/site-packages/airflow/example_dags/example_branch_python_dop_operator_3.py
[2026-04-28T12:21:11.773+0000] {processor.py:830} INFO - Processing file /home/airflow/.local/lib/python3.8/site-packages/airflow/example_dags/example_branch_python_dop_operator_3.py for tasks to queue
[2026-04-28T12:21:11.777+0000] {logging_mixin.py:188} INFO - [2026-04-28T12:21:11.777+0000] {dagbag.py:540} INFO - Filling up the DagBag from /home/airflow/.local/lib/python3.8/site-packages/airflow/example_dags/example_branch_python_dop_operator_3.py
[2026-04-28T12:21:11.788+0000] {processor.py:840} INFO - DAG(s) 'example_branch_dop_operator_v3' retrieved from /home/airflow/.local/lib/python3.8/site-packages/airflow/example_dags/example_branch_python_dop_operator_3.py
[2026-04-28T12:21:11.811+0000] {logging_mixin.py:188} INFO - [2026-04-28T12:21:11.811+0000] {dag.py:3047} INFO - Sync 1 DAGs
[2026-04-28T12:21:11.839+0000] {logging_mixin.py:188} INFO - [2026-04-28T12:21:11.839+0000] {dag.py:3834} INFO - Setting next_dagrun for example_branch_dop_operator_v3 to 2026-04-28 12:20:00+00:00, run_after=2026-04-28 12:21:00+00:00
[2026-04-28T12:21:11.856+0000] {processor.py:183} INFO - Processing /home/airflow/.local/lib/python3.8/site-packages/airflow/example_dags/example_branch_python_dop_operator_3.py took 0.088 seconds
[2026-04-28T12:21:42.739+0000] {processor.py:161} INFO - Started process (PID=1153) to work on /home/airflow/.local/lib/python3.8/site-packages/airflow/example_dags/example_branch_python_dop_operator_3.py
[2026-04-28T12:21:42.740+0000] {processor.py:830} INFO - Processing file /home/airflow/.local/lib/python3.8/site-packages/airflow/example_dags/example_branch_python_dop_operator_3.py for tasks to queue
[2026-04-28T12:21:42.742+0000] {logging_mixin.py:188} INFO - [2026-04-28T12:21:42.741+0000] {dagbag.py:540} INFO - Filling up the DagBag from /home/airflow/.local/lib/python3.8/site-packages/airflow/example_dags/example_branch_python_dop_operator_3.py
[2026-04-28T12:21:42.753+0000] {processor.py:840} INFO - DAG(s) 'example_branch_dop_operator_v3' retrieved from /home/airflow/.local/lib/python3.8/site-packages/airflow/example_dags/example_branch_python_dop_operator_3.py
[2026-04-28T12:21:42.774+0000] {logging_mixin.py:188} INFO - [2026-04-28T12:21:42.774+0000] {dag.py:3047} INFO - Sync 1 DAGs
[2026-04-28T12:21:42.805+0000] {logging_mixin.py:188} INFO - [2026-04-28T12:21:42.805+0000] {dag.py:3834} INFO - Setting next_dagrun for example_branch_dop_operator_v3 to 2026-04-28 12:20:00+00:00, run_after=2026-04-28 12:21:00+00:00
[2026-04-28T12:21:42.822+0000] {processor.py:183} INFO - Processing /home/airflow/.local/lib/python3.8/site-packages/airflow/example_dags/example_branch_python_dop_operator_3.py took 0.087 seconds
[2026-04-28T12:22:13.579+0000] {processor.py:161} INFO - Started process (PID=1208) to work on /home/airflow/.local/lib/python3.8/site-packages/airflow/example_dags/example_branch_python_dop_operator_3.py
[2026-04-28T12:22:13.580+0000] {processor.py:830} INFO - Processing file /home/airflow/.local/lib/python3.8/site-packages/airflow/example_dags/example_branch_python_dop_operator_3.py for tasks to queue
[2026-04-28T12:22:13.582+0000] {logging_mixin.py:188} INFO - [2026-04-28T12:22:13.582+0000] {dagbag.py:540} INFO - Filling up the DagBag from /home/airflow/.local/lib/python3.8/site-packages/airflow/example_dags/example_branch_python_dop_operator_3.py
[2026-04-28T12:22:13.593+0000] {processor.py:840} INFO - DAG(s) 'example_branch_dop_operator_v3' retrieved from /home/airflow/.local/lib/python3.8/site-packages/airflow/example_dags/example_branch_python_dop_operator_3.py
[2026-04-28T12:22:13.614+0000] {logging_mixin.py:188} INFO - [2026-04-28T12:22:13.614+0000] {dag.py:3047} INFO - Sync 1 DAGs
[2026-04-28T12:22:13.643+0000] {logging_mixin.py:188} INFO - [2026-04-28T12:22:13.643+0000] {dag.py:3834} INFO - Setting next_dagrun for example_branch_dop_operator_v3 to 2026-04-28 12:21:00+00:00, run_after=2026-04-28 12:22:00+00:00
[2026-04-28T12:22:13.660+0000] {processor.py:183} INFO - Processing /home/airflow/.local/lib/python3.8/site-packages/airflow/example_dags/example_branch_python_dop_operator_3.py took 0.086 seconds
[2026-04-28T12:22:44.610+0000] {processor.py:161} INFO - Started process (PID=1263) to work on /home/airflow/.local/lib/python3.8/site-packages/airflow/example_dags/example_branch_python_dop_operator_3.py
[2026-04-28T12:22:44.611+0000] {processor.py:830} INFO - Processing file /home/airflow/.local/lib/python3.8/site-packages/airflow/example_dags/example_branch_python_dop_operator_3.py for tasks to queue
[2026-04-28T12:22:44.614+0000] {logging_mixin.py:188} INFO - [2026-04-28T12:22:44.614+0000] {dagbag.py:540} INFO - Filling up the DagBag from /home/airflow/.local/lib/python3.8/site-packages/airflow/example_dags/example_branch_python_dop_operator_3.py
[2026-04-28T12:22:44.626+0000] {processor.py:840} INFO - DAG(s) 'example_branch_dop_operator_v3' retrieved from /home/airflow/.local/lib/python3.8/site-packages/airflow/example_dags/example_branch_python_dop_operator_3.py
[2026-04-28T12:22:44.662+0000] {logging_mixin.py:188} INFO - [2026-04-28T12:22:44.661+0000] {dag.py:3047} INFO - Sync 1 DAGs
[2026-04-28T12:22:44.698+0000] {logging_mixin.py:188} INFO - [2026-04-28T12:22:44.698+0000] {dag.py:3834} INFO - Setting next_dagrun for example_branch_dop_operator_v3 to 2026-04-28 12:21:00+00:00, run_after=2026-04-28 12:22:00+00:00
[2026-04-28T12:22:44.716+0000] {processor.py:183} INFO - Processing /home/airflow/.local/lib/python3.8/site-packages/airflow/example_dags/example_branch_python_dop_operator_3.py took 0.111 seconds
[2026-04-28T12:23:15.181+0000] {processor.py:161} INFO - Started process (PID=1318) to work on /home/airflow/.local/lib/python3.8/site-packages/airflow/example_dags/example_branch_python_dop_operator_3.py
[2026-04-28T12:23:15.182+0000] {processor.py:830} INFO - Processing file /home/airflow/.local/lib/python3.8/site-packages/airflow/example_dags/example_branch_python_dop_operator_3.py for tasks to queue
[2026-04-28T12:23:15.185+0000] {logging_mixin.py:188} INFO - [2026-04-28T12:23:15.185+0000] {dagbag.py:540} INFO - Filling up the DagBag from /home/airflow/.local/lib/python3.8/site-packages/airflow/example_dags/example_branch_python_dop_operator_3.py
[2026-04-28T12:23:15.195+0000] {processor.py:840} INFO - DAG(s) 'example_branch_dop_operator_v3' retrieved from /home/airflow/.local/lib/python3.8/site-packages/airflow/example_dags/example_branch_python_dop_operator_3.py
[2026-04-28T12:23:15.219+0000] {logging_mixin.py:188} INFO - [2026-04-28T12:23:15.218+0000] {dag.py:3047} INFO - Sync 1 DAGs
[2026-04-28T12:23:15.282+0000] {logging_mixin.py:188} INFO - [2026-04-28T12:23:15.282+0000] {dag.py:3834} INFO - Setting next_dagrun for example_branch_dop_operator_v3 to 2026-04-28 12:22:00+00:00, run_after=2026-04-28 12:23:00+00:00
[2026-04-28T12:23:15.305+0000] {processor.py:183} INFO - Processing /home/airflow/.local/lib/python3.8/site-packages/airflow/example_dags/example_branch_python_dop_operator_3.py took 0.128 seconds
[2026-04-28T12:23:45.372+0000] {processor.py:161} INFO - Started process (PID=1372) to work on /home/airflow/.local/lib/python3.8/site-packages/airflow/example_dags/example_branch_python_dop_operator_3.py
[2026-04-28T12:23:45.373+0000] {processor.py:830} INFO - Processing file /home/airflow/.local/lib/python3.8/site-packages/airflow/example_dags/example_branch_python_dop_operator_3.py for tasks to queue
[2026-04-28T12:23:45.376+0000] {logging_mixin.py:188} INFO - [2026-04-28T12:23:45.375+0000] {dagbag.py:540} INFO - Filling up the DagBag from /home/airflow/.local/lib/python3.8/site-packages/airflow/example_dags/example_branch_python_dop_operator_3.py
[2026-04-28T12:23:45.383+0000] {processor.py:840} INFO - DAG(s) 'example_branch_dop_operator_v3' retrieved from /home/airflow/.local/lib/python3.8/site-packages/airflow/example_dags/example_branch_python_dop_operator_3.py
[2026-04-28T12:23:45.398+0000] {logging_mixin.py:188} INFO - [2026-04-28T12:23:45.398+0000] {dag.py:3047} INFO - Sync 1 DAGs
[2026-04-28T12:23:45.418+0000] {logging_mixin.py:188} INFO - [2026-04-28T12:23:45.417+0000] {dag.py:3834} INFO - Setting next_dagrun for example_branch_dop_operator_v3 to 2026-04-28 12:22:00+00:00, run_after=2026-04-28 12:23:00+00:00
[2026-04-28T12:23:45.430+0000] {processor.py:183} INFO - Processing /home/airflow/.local/lib/python3.8/site-packages/airflow/example_dags/example_branch_python_dop_operator_3.py took 0.062 seconds
[2026-04-28T12:24:15.968+0000] {processor.py:161} INFO - Started process (PID=1427) to work on /home/airflow/.local/lib/python3.8/site-packages/airflow/example_dags/example_branch_python_dop_operator_3.py
[2026-04-28T12:24:15.969+0000] {processor.py:830} INFO - Processing file /home/airflow/.local/lib/python3.8/site-packages/airflow/example_dags/example_branch_python_dop_operator_3.py for tasks to queue
[2026-04-28T12:24:15.971+0000] {logging_mixin.py:188} INFO - [2026-04-28T12:24:15.971+0000] {dagbag.py:540} INFO - Filling up the DagBag from /home/airflow/.local/lib/python3.8/site-packages/airflow/example_dags/example_branch_python_dop_operator_3.py
[2026-04-28T12:24:15.982+0000] {processor.py:840} INFO - DAG(s) 'example_branch_dop_operator_v3' retrieved from /home/airflow/.local/lib/python3.8/site-packages/airflow/example_dags/example_branch_python_dop_operator_3.py
[2026-04-28T12:24:16.003+0000] {logging_mixin.py:188} INFO - [2026-04-28T12:24:16.003+0000] {dag.py:3047} INFO - Sync 1 DAGs
[2026-04-28T12:24:16.037+0000] {logging_mixin.py:188} INFO - [2026-04-28T12:24:16.037+0000] {dag.py:3834} INFO - Setting next_dagrun for example_branch_dop_operator_v3 to 2026-04-28 12:23:00+00:00, run_after=2026-04-28 12:24:00+00:00
[2026-04-28T12:24:16.050+0000] {processor.py:183} INFO - Processing /home/airflow/.local/lib/python3.8/site-packages/airflow/example_dags/example_branch_python_dop_operator_3.py took 0.085 seconds
[2026-04-28T12:24:46.273+0000] {processor.py:161} INFO - Started process (PID=1482) to work on /home/airflow/.local/lib/python3.8/site-packages/airflow/example_dags/example_branch_python_dop_operator_3.py
[2026-04-28T12:24:46.275+0000] {processor.py:830} INFO - Processing file /home/airflow/.local/lib/python3.8/site-packages/airflow/example_dags/example_branch_python_dop_operator_3.py for tasks to queue
[2026-04-28T12:24:46.277+0000] {logging_mixin.py:188} INFO - [2026-04-28T12:24:46.277+0000] {dagbag.py:540} INFO - Filling up the DagBag from /home/airflow/.local/lib/python3.8/site-packages/airflow/example_dags/example_branch_python_dop_operator_3.py
[2026-04-28T12:24:46.293+0000] {processor.py:840} INFO - DAG(s) 'example_branch_dop_operator_v3' retrieved from /home/airflow/.local/lib/python3.8/site-packages/airflow/example_dags/example_branch_python_dop_operator_3.py
[2026-04-28T12:24:46.315+0000] {logging_mixin.py:188} INFO - [2026-04-28T12:24:46.314+0000] {dag.py:3047} INFO - Sync 1 DAGs
[2026-04-28T12:24:46.344+0000] {logging_mixin.py:188} INFO - [2026-04-28T12:24:46.344+0000] {dag.py:3834} INFO - Setting next_dagrun for example_branch_dop_operator_v3 to 2026-04-28 12:23:00+00:00, run_after=2026-04-28 12:24:00+00:00
[2026-04-28T12:24:46.357+0000] {processor.py:183} INFO - Processing /home/airflow/.local/lib/python3.8/site-packages/airflow/example_dags/example_branch_python_dop_operator_3.py took 0.090 seconds
[2026-04-28T12:25:16.582+0000] {processor.py:161} INFO - Started process (PID=1537) to work on /home/airflow/.local/lib/python3.8/site-packages/airflow/example_dags/example_branch_python_dop_operator_3.py
[2026-04-28T12:25:16.583+0000] {processor.py:830} INFO - Processing file /home/airflow/.local/lib/python3.8/site-packages/airflow/example_dags/example_branch_python_dop_operator_3.py for tasks to queue
[2026-04-28T12:25:16.586+0000] {logging_mixin.py:188} INFO - [2026-04-28T12:25:16.585+0000] {dagbag.py:540} INFO - Filling up the DagBag from /home/airflow/.local/lib/python3.8/site-packages/airflow/example_dags/example_branch_python_dop_operator_3.py
[2026-04-28T12:25:16.596+0000] {processor.py:840} INFO - DAG(s) 'example_branch_dop_operator_v3' retrieved from /home/airflow/.local/lib/python3.8/site-packages/airflow/example_dags/example_branch_python_dop_operator_3.py
[2026-04-28T12:25:16.617+0000] {logging_mixin.py:188} INFO - [2026-04-28T12:25:16.616+0000] {dag.py:3047} INFO - Sync 1 DAGs
[2026-04-28T12:25:16.645+0000] {logging_mixin.py:188} INFO - [2026-04-28T12:25:16.645+0000] {dag.py:3834} INFO - Setting next_dagrun for example_branch_dop_operator_v3 to 2026-04-28 12:24:00+00:00, run_after=2026-04-28 12:25:00+00:00
[2026-04-28T12:25:16.660+0000] {processor.py:183} INFO - Processing /home/airflow/.local/lib/python3.8/site-packages/airflow/example_dags/example_branch_python_dop_operator_3.py took 0.082 seconds
[2026-04-28T12:25:46.852+0000] {processor.py:161} INFO - Started process (PID=1592) to work on /home/airflow/.local/lib/python3.8/site-packages/airflow/example_dags/example_branch_python_dop_operator_3.py
[2026-04-28T12:25:46.853+0000] {processor.py:830} INFO - Processing file /home/airflow/.local/lib/python3.8/site-packages/airflow/example_dags/example_branch_python_dop_operator_3.py for tasks to queue
[2026-04-28T12:25:46.856+0000] {logging_mixin.py:188} INFO - [2026-04-28T12:25:46.856+0000] {dagbag.py:540} INFO - Filling up the DagBag from /home/airflow/.local/lib/python3.8/site-packages/airflow/example_dags/example_branch_python_dop_operator_3.py
[2026-04-28T12:25:46.868+0000] {processor.py:840} INFO - DAG(s) 'example_branch_dop_operator_v3' retrieved from /home/airflow/.local/lib/python3.8/site-packages/airflow/example_dags/example_branch_python_dop_operator_3.py
[2026-04-28T12:25:46.893+0000] {logging_mixin.py:188} INFO - [2026-04-28T12:25:46.893+0000] {dag.py:3047} INFO - Sync 1 DAGs
[2026-04-28T12:25:46.921+0000] {logging_mixin.py:188} INFO - [2026-04-28T12:25:46.921+0000] {dag.py:3834} INFO - Setting next_dagrun for example_branch_dop_operator_v3 to 2026-04-28 12:24:00+00:00, run_after=2026-04-28 12:25:00+00:00
[2026-04-28T12:25:46.933+0000] {processor.py:183} INFO - Processing /home/airflow/.local/lib/python3.8/site-packages/airflow/example_dags/example_branch_python_dop_operator_3.py took 0.085 seconds
