[2026-04-28T12:11:56.566+0000] {processor.py:161} INFO - Started process (PID=94) to work on /home/airflow/.local/lib/python3.8/site-packages/airflow/example_dags/example_external_task_marker_dag.py
[2026-04-28T12:11:56.567+0000] {processor.py:830} INFO - Processing file /home/airflow/.local/lib/python3.8/site-packages/airflow/example_dags/example_external_task_marker_dag.py for tasks to queue
[2026-04-28T12:11:56.572+0000] {logging_mixin.py:188} INFO - [2026-04-28T12:11:56.572+0000] {dagbag.py:540} INFO - Filling up the DagBag from /home/airflow/.local/lib/python3.8/site-packages/airflow/example_dags/example_external_task_marker_dag.py
[2026-04-28T12:11:56.591+0000] {processor.py:840} INFO - DAG(s) 'example_external_task_marker_child', 'example_external_task_marker_parent' retrieved from /home/airflow/.local/lib/python3.8/site-packages/airflow/example_dags/example_external_task_marker_dag.py
[2026-04-28T12:11:57.085+0000] {logging_mixin.py:188} INFO - [2026-04-28T12:11:57.085+0000] {dag.py:3047} INFO - Sync 2 DAGs
[2026-04-28T12:11:57.114+0000] {logging_mixin.py:188} INFO - [2026-04-28T12:11:57.114+0000] {dag.py:3834} INFO - Setting next_dagrun for example_external_task_marker_child to None, run_after=None
[2026-04-28T12:11:57.125+0000] {logging_mixin.py:188} INFO - [2026-04-28T12:11:57.125+0000] {dag.py:3834} INFO - Setting next_dagrun for example_external_task_marker_parent to None, run_after=None
[2026-04-28T12:11:57.202+0000] {processor.py:183} INFO - Processing /home/airflow/.local/lib/python3.8/site-packages/airflow/example_dags/example_external_task_marker_dag.py took 0.656 seconds
[2026-04-28T12:12:27.384+0000] {processor.py:161} INFO - Started process (PID=148) to work on /home/airflow/.local/lib/python3.8/site-packages/airflow/example_dags/example_external_task_marker_dag.py
[2026-04-28T12:12:27.385+0000] {processor.py:830} INFO - Processing file /home/airflow/.local/lib/python3.8/site-packages/airflow/example_dags/example_external_task_marker_dag.py for tasks to queue
[2026-04-28T12:12:27.386+0000] {logging_mixin.py:188} INFO - [2026-04-28T12:12:27.386+0000] {dagbag.py:540} INFO - Filling up the DagBag from /home/airflow/.local/lib/python3.8/site-packages/airflow/example_dags/example_external_task_marker_dag.py
[2026-04-28T12:12:27.391+0000] {processor.py:840} INFO - DAG(s) 'example_external_task_marker_parent', 'example_external_task_marker_child' retrieved from /home/airflow/.local/lib/python3.8/site-packages/airflow/example_dags/example_external_task_marker_dag.py
[2026-04-28T12:12:27.412+0000] {logging_mixin.py:188} INFO - [2026-04-28T12:12:27.412+0000] {dag.py:3047} INFO - Sync 2 DAGs
[2026-04-28T12:12:27.422+0000] {logging_mixin.py:188} INFO - [2026-04-28T12:12:27.422+0000] {dag.py:3834} INFO - Setting next_dagrun for example_external_task_marker_child to None, run_after=None
[2026-04-28T12:12:27.425+0000] {logging_mixin.py:188} INFO - [2026-04-28T12:12:27.425+0000] {dag.py:3834} INFO - Setting next_dagrun for example_external_task_marker_parent to None, run_after=None
[2026-04-28T12:12:27.436+0000] {processor.py:183} INFO - Processing /home/airflow/.local/lib/python3.8/site-packages/airflow/example_dags/example_external_task_marker_dag.py took 0.056 seconds
[2026-04-28T12:12:57.530+0000] {processor.py:161} INFO - Started process (PID=203) to work on /home/airflow/.local/lib/python3.8/site-packages/airflow/example_dags/example_external_task_marker_dag.py
[2026-04-28T12:12:57.531+0000] {processor.py:830} INFO - Processing file /home/airflow/.local/lib/python3.8/site-packages/airflow/example_dags/example_external_task_marker_dag.py for tasks to queue
[2026-04-28T12:12:57.532+0000] {logging_mixin.py:188} INFO - [2026-04-28T12:12:57.532+0000] {dagbag.py:540} INFO - Filling up the DagBag from /home/airflow/.local/lib/python3.8/site-packages/airflow/example_dags/example_external_task_marker_dag.py
[2026-04-28T12:12:57.537+0000] {processor.py:840} INFO - DAG(s) 'example_external_task_marker_parent', 'example_external_task_marker_child' retrieved from /home/airflow/.local/lib/python3.8/site-packages/airflow/example_dags/example_external_task_marker_dag.py
[2026-04-28T12:12:57.555+0000] {logging_mixin.py:188} INFO - [2026-04-28T12:12:57.555+0000] {dag.py:3047} INFO - Sync 2 DAGs
[2026-04-28T12:12:57.565+0000] {logging_mixin.py:188} INFO - [2026-04-28T12:12:57.565+0000] {dag.py:3834} INFO - Setting next_dagrun for example_external_task_marker_child to None, run_after=None
[2026-04-28T12:12:57.568+0000] {logging_mixin.py:188} INFO - [2026-04-28T12:12:57.568+0000] {dag.py:3834} INFO - Setting next_dagrun for example_external_task_marker_parent to None, run_after=None
[2026-04-28T12:12:57.580+0000] {processor.py:183} INFO - Processing /home/airflow/.local/lib/python3.8/site-packages/airflow/example_dags/example_external_task_marker_dag.py took 0.053 seconds
[2026-04-28T12:13:28.039+0000] {processor.py:161} INFO - Started process (PID=258) to work on /home/airflow/.local/lib/python3.8/site-packages/airflow/example_dags/example_external_task_marker_dag.py
[2026-04-28T12:13:28.040+0000] {processor.py:830} INFO - Processing file /home/airflow/.local/lib/python3.8/site-packages/airflow/example_dags/example_external_task_marker_dag.py for tasks to queue
[2026-04-28T12:13:28.042+0000] {logging_mixin.py:188} INFO - [2026-04-28T12:13:28.041+0000] {dagbag.py:540} INFO - Filling up the DagBag from /home/airflow/.local/lib/python3.8/site-packages/airflow/example_dags/example_external_task_marker_dag.py
[2026-04-28T12:13:28.047+0000] {processor.py:840} INFO - DAG(s) 'example_external_task_marker_child', 'example_external_task_marker_parent' retrieved from /home/airflow/.local/lib/python3.8/site-packages/airflow/example_dags/example_external_task_marker_dag.py
[2026-04-28T12:13:28.065+0000] {logging_mixin.py:188} INFO - [2026-04-28T12:13:28.065+0000] {dag.py:3047} INFO - Sync 2 DAGs
[2026-04-28T12:13:28.075+0000] {logging_mixin.py:188} INFO - [2026-04-28T12:13:28.075+0000] {dag.py:3834} INFO - Setting next_dagrun for example_external_task_marker_child to None, run_after=None
[2026-04-28T12:13:28.077+0000] {logging_mixin.py:188} INFO - [2026-04-28T12:13:28.077+0000] {dag.py:3834} INFO - Setting next_dagrun for example_external_task_marker_parent to None, run_after=None
[2026-04-28T12:13:28.089+0000] {processor.py:183} INFO - Processing /home/airflow/.local/lib/python3.8/site-packages/airflow/example_dags/example_external_task_marker_dag.py took 0.053 seconds
[2026-04-28T12:13:58.521+0000] {processor.py:161} INFO - Started process (PID=313) to work on /home/airflow/.local/lib/python3.8/site-packages/airflow/example_dags/example_external_task_marker_dag.py
[2026-04-28T12:13:58.523+0000] {processor.py:830} INFO - Processing file /home/airflow/.local/lib/python3.8/site-packages/airflow/example_dags/example_external_task_marker_dag.py for tasks to queue
[2026-04-28T12:13:58.525+0000] {logging_mixin.py:188} INFO - [2026-04-28T12:13:58.525+0000] {dagbag.py:540} INFO - Filling up the DagBag from /home/airflow/.local/lib/python3.8/site-packages/airflow/example_dags/example_external_task_marker_dag.py
[2026-04-28T12:13:58.531+0000] {processor.py:840} INFO - DAG(s) 'example_external_task_marker_parent', 'example_external_task_marker_child' retrieved from /home/airflow/.local/lib/python3.8/site-packages/airflow/example_dags/example_external_task_marker_dag.py
[2026-04-28T12:13:58.548+0000] {logging_mixin.py:188} INFO - [2026-04-28T12:13:58.548+0000] {dag.py:3047} INFO - Sync 2 DAGs
[2026-04-28T12:13:58.557+0000] {logging_mixin.py:188} INFO - [2026-04-28T12:13:58.557+0000] {dag.py:3834} INFO - Setting next_dagrun for example_external_task_marker_child to None, run_after=None
[2026-04-28T12:13:58.560+0000] {logging_mixin.py:188} INFO - [2026-04-28T12:13:58.560+0000] {dag.py:3834} INFO - Setting next_dagrun for example_external_task_marker_parent to None, run_after=None
[2026-04-28T12:13:58.571+0000] {processor.py:183} INFO - Processing /home/airflow/.local/lib/python3.8/site-packages/airflow/example_dags/example_external_task_marker_dag.py took 0.054 seconds
[2026-04-28T12:14:29.090+0000] {processor.py:161} INFO - Started process (PID=368) to work on /home/airflow/.local/lib/python3.8/site-packages/airflow/example_dags/example_external_task_marker_dag.py
[2026-04-28T12:14:29.091+0000] {processor.py:830} INFO - Processing file /home/airflow/.local/lib/python3.8/site-packages/airflow/example_dags/example_external_task_marker_dag.py for tasks to queue
[2026-04-28T12:14:29.093+0000] {logging_mixin.py:188} INFO - [2026-04-28T12:14:29.092+0000] {dagbag.py:540} INFO - Filling up the DagBag from /home/airflow/.local/lib/python3.8/site-packages/airflow/example_dags/example_external_task_marker_dag.py
[2026-04-28T12:14:29.098+0000] {processor.py:840} INFO - DAG(s) 'example_external_task_marker_parent', 'example_external_task_marker_child' retrieved from /home/airflow/.local/lib/python3.8/site-packages/airflow/example_dags/example_external_task_marker_dag.py
[2026-04-28T12:14:29.115+0000] {logging_mixin.py:188} INFO - [2026-04-28T12:14:29.115+0000] {dag.py:3047} INFO - Sync 2 DAGs
[2026-04-28T12:14:29.125+0000] {logging_mixin.py:188} INFO - [2026-04-28T12:14:29.125+0000] {dag.py:3834} INFO - Setting next_dagrun for example_external_task_marker_child to None, run_after=None
[2026-04-28T12:14:29.128+0000] {logging_mixin.py:188} INFO - [2026-04-28T12:14:29.127+0000] {dag.py:3834} INFO - Setting next_dagrun for example_external_task_marker_parent to None, run_after=None
[2026-04-28T12:14:29.139+0000] {processor.py:183} INFO - Processing /home/airflow/.local/lib/python3.8/site-packages/airflow/example_dags/example_external_task_marker_dag.py took 0.053 seconds
[2026-04-28T12:14:59.765+0000] {processor.py:161} INFO - Started process (PID=423) to work on /home/airflow/.local/lib/python3.8/site-packages/airflow/example_dags/example_external_task_marker_dag.py
[2026-04-28T12:14:59.766+0000] {processor.py:830} INFO - Processing file /home/airflow/.local/lib/python3.8/site-packages/airflow/example_dags/example_external_task_marker_dag.py for tasks to queue
[2026-04-28T12:14:59.768+0000] {logging_mixin.py:188} INFO - [2026-04-28T12:14:59.767+0000] {dagbag.py:540} INFO - Filling up the DagBag from /home/airflow/.local/lib/python3.8/site-packages/airflow/example_dags/example_external_task_marker_dag.py
[2026-04-28T12:14:59.773+0000] {processor.py:840} INFO - DAG(s) 'example_external_task_marker_parent', 'example_external_task_marker_child' retrieved from /home/airflow/.local/lib/python3.8/site-packages/airflow/example_dags/example_external_task_marker_dag.py
[2026-04-28T12:14:59.794+0000] {logging_mixin.py:188} INFO - [2026-04-28T12:14:59.794+0000] {dag.py:3047} INFO - Sync 2 DAGs
[2026-04-28T12:14:59.805+0000] {logging_mixin.py:188} INFO - [2026-04-28T12:14:59.804+0000] {dag.py:3834} INFO - Setting next_dagrun for example_external_task_marker_child to None, run_after=None
[2026-04-28T12:14:59.808+0000] {logging_mixin.py:188} INFO - [2026-04-28T12:14:59.808+0000] {dag.py:3834} INFO - Setting next_dagrun for example_external_task_marker_parent to None, run_after=None
[2026-04-28T12:14:59.819+0000] {processor.py:183} INFO - Processing /home/airflow/.local/lib/python3.8/site-packages/airflow/example_dags/example_external_task_marker_dag.py took 0.057 seconds
[2026-04-28T12:15:30.373+0000] {processor.py:161} INFO - Started process (PID=478) to work on /home/airflow/.local/lib/python3.8/site-packages/airflow/example_dags/example_external_task_marker_dag.py
[2026-04-28T12:15:30.375+0000] {processor.py:830} INFO - Processing file /home/airflow/.local/lib/python3.8/site-packages/airflow/example_dags/example_external_task_marker_dag.py for tasks to queue
[2026-04-28T12:15:30.377+0000] {logging_mixin.py:188} INFO - [2026-04-28T12:15:30.377+0000] {dagbag.py:540} INFO - Filling up the DagBag from /home/airflow/.local/lib/python3.8/site-packages/airflow/example_dags/example_external_task_marker_dag.py
[2026-04-28T12:15:30.385+0000] {processor.py:840} INFO - DAG(s) 'example_external_task_marker_child', 'example_external_task_marker_parent' retrieved from /home/airflow/.local/lib/python3.8/site-packages/airflow/example_dags/example_external_task_marker_dag.py
[2026-04-28T12:15:30.423+0000] {logging_mixin.py:188} INFO - [2026-04-28T12:15:30.423+0000] {dag.py:3047} INFO - Sync 2 DAGs
[2026-04-28T12:15:30.438+0000] {logging_mixin.py:188} INFO - [2026-04-28T12:15:30.438+0000] {dag.py:3834} INFO - Setting next_dagrun for example_external_task_marker_child to None, run_after=None
[2026-04-28T12:15:30.442+0000] {logging_mixin.py:188} INFO - [2026-04-28T12:15:30.442+0000] {dag.py:3834} INFO - Setting next_dagrun for example_external_task_marker_parent to None, run_after=None
[2026-04-28T12:15:30.457+0000] {processor.py:183} INFO - Processing /home/airflow/.local/lib/python3.8/site-packages/airflow/example_dags/example_external_task_marker_dag.py took 0.091 seconds
[2026-04-28T12:16:01.205+0000] {processor.py:161} INFO - Started process (PID=538) to work on /home/airflow/.local/lib/python3.8/site-packages/airflow/example_dags/example_external_task_marker_dag.py
[2026-04-28T12:16:01.206+0000] {processor.py:830} INFO - Processing file /home/airflow/.local/lib/python3.8/site-packages/airflow/example_dags/example_external_task_marker_dag.py for tasks to queue
[2026-04-28T12:16:01.209+0000] {logging_mixin.py:188} INFO - [2026-04-28T12:16:01.208+0000] {dagbag.py:540} INFO - Filling up the DagBag from /home/airflow/.local/lib/python3.8/site-packages/airflow/example_dags/example_external_task_marker_dag.py
[2026-04-28T12:16:01.215+0000] {processor.py:840} INFO - DAG(s) 'example_external_task_marker_child', 'example_external_task_marker_parent' retrieved from /home/airflow/.local/lib/python3.8/site-packages/airflow/example_dags/example_external_task_marker_dag.py
[2026-04-28T12:16:01.250+0000] {logging_mixin.py:188} INFO - [2026-04-28T12:16:01.250+0000] {dag.py:3047} INFO - Sync 2 DAGs
[2026-04-28T12:16:01.261+0000] {logging_mixin.py:188} INFO - [2026-04-28T12:16:01.260+0000] {dag.py:3834} INFO - Setting next_dagrun for example_external_task_marker_child to None, run_after=None
[2026-04-28T12:16:01.263+0000] {logging_mixin.py:188} INFO - [2026-04-28T12:16:01.263+0000] {dag.py:3834} INFO - Setting next_dagrun for example_external_task_marker_parent to None, run_after=None
[2026-04-28T12:16:01.275+0000] {processor.py:183} INFO - Processing /home/airflow/.local/lib/python3.8/site-packages/airflow/example_dags/example_external_task_marker_dag.py took 0.075 seconds
[2026-04-28T12:16:31.616+0000] {processor.py:161} INFO - Started process (PID=593) to work on /home/airflow/.local/lib/python3.8/site-packages/airflow/example_dags/example_external_task_marker_dag.py
[2026-04-28T12:16:31.617+0000] {processor.py:830} INFO - Processing file /home/airflow/.local/lib/python3.8/site-packages/airflow/example_dags/example_external_task_marker_dag.py for tasks to queue
[2026-04-28T12:16:31.620+0000] {logging_mixin.py:188} INFO - [2026-04-28T12:16:31.619+0000] {dagbag.py:540} INFO - Filling up the DagBag from /home/airflow/.local/lib/python3.8/site-packages/airflow/example_dags/example_external_task_marker_dag.py
[2026-04-28T12:16:31.625+0000] {processor.py:840} INFO - DAG(s) 'example_external_task_marker_child', 'example_external_task_marker_parent' retrieved from /home/airflow/.local/lib/python3.8/site-packages/airflow/example_dags/example_external_task_marker_dag.py
[2026-04-28T12:16:31.643+0000] {logging_mixin.py:188} INFO - [2026-04-28T12:16:31.642+0000] {dag.py:3047} INFO - Sync 2 DAGs
[2026-04-28T12:16:31.652+0000] {logging_mixin.py:188} INFO - [2026-04-28T12:16:31.652+0000] {dag.py:3834} INFO - Setting next_dagrun for example_external_task_marker_child to None, run_after=None
[2026-04-28T12:16:31.655+0000] {logging_mixin.py:188} INFO - [2026-04-28T12:16:31.655+0000] {dag.py:3834} INFO - Setting next_dagrun for example_external_task_marker_parent to None, run_after=None
[2026-04-28T12:16:31.666+0000] {processor.py:183} INFO - Processing /home/airflow/.local/lib/python3.8/site-packages/airflow/example_dags/example_external_task_marker_dag.py took 0.054 seconds
[2026-04-28T12:17:01.978+0000] {processor.py:161} INFO - Started process (PID=648) to work on /home/airflow/.local/lib/python3.8/site-packages/airflow/example_dags/example_external_task_marker_dag.py
[2026-04-28T12:17:01.979+0000] {processor.py:830} INFO - Processing file /home/airflow/.local/lib/python3.8/site-packages/airflow/example_dags/example_external_task_marker_dag.py for tasks to queue
[2026-04-28T12:17:01.985+0000] {logging_mixin.py:188} INFO - [2026-04-28T12:17:01.983+0000] {dagbag.py:540} INFO - Filling up the DagBag from /home/airflow/.local/lib/python3.8/site-packages/airflow/example_dags/example_external_task_marker_dag.py
[2026-04-28T12:17:01.998+0000] {processor.py:840} INFO - DAG(s) 'example_external_task_marker_child', 'example_external_task_marker_parent' retrieved from /home/airflow/.local/lib/python3.8/site-packages/airflow/example_dags/example_external_task_marker_dag.py
[2026-04-28T12:17:02.021+0000] {logging_mixin.py:188} INFO - [2026-04-28T12:17:02.021+0000] {dag.py:3047} INFO - Sync 2 DAGs
[2026-04-28T12:17:02.036+0000] {logging_mixin.py:188} INFO - [2026-04-28T12:17:02.036+0000] {dag.py:3834} INFO - Setting next_dagrun for example_external_task_marker_child to None, run_after=None
[2026-04-28T12:17:02.040+0000] {logging_mixin.py:188} INFO - [2026-04-28T12:17:02.040+0000] {dag.py:3834} INFO - Setting next_dagrun for example_external_task_marker_parent to None, run_after=None
[2026-04-28T12:17:02.055+0000] {processor.py:183} INFO - Processing /home/airflow/.local/lib/python3.8/site-packages/airflow/example_dags/example_external_task_marker_dag.py took 0.093 seconds
[2026-04-28T12:17:32.556+0000] {processor.py:161} INFO - Started process (PID=703) to work on /home/airflow/.local/lib/python3.8/site-packages/airflow/example_dags/example_external_task_marker_dag.py
[2026-04-28T12:17:32.557+0000] {processor.py:830} INFO - Processing file /home/airflow/.local/lib/python3.8/site-packages/airflow/example_dags/example_external_task_marker_dag.py for tasks to queue
[2026-04-28T12:17:32.559+0000] {logging_mixin.py:188} INFO - [2026-04-28T12:17:32.559+0000] {dagbag.py:540} INFO - Filling up the DagBag from /home/airflow/.local/lib/python3.8/site-packages/airflow/example_dags/example_external_task_marker_dag.py
[2026-04-28T12:17:32.566+0000] {processor.py:840} INFO - DAG(s) 'example_external_task_marker_child', 'example_external_task_marker_parent' retrieved from /home/airflow/.local/lib/python3.8/site-packages/airflow/example_dags/example_external_task_marker_dag.py
[2026-04-28T12:17:32.626+0000] {logging_mixin.py:188} INFO - [2026-04-28T12:17:32.626+0000] {dag.py:3047} INFO - Sync 2 DAGs
[2026-04-28T12:17:32.640+0000] {logging_mixin.py:188} INFO - [2026-04-28T12:17:32.640+0000] {dag.py:3834} INFO - Setting next_dagrun for example_external_task_marker_child to None, run_after=None
[2026-04-28T12:17:32.644+0000] {logging_mixin.py:188} INFO - [2026-04-28T12:17:32.644+0000] {dag.py:3834} INFO - Setting next_dagrun for example_external_task_marker_parent to None, run_after=None
[2026-04-28T12:17:32.660+0000] {processor.py:183} INFO - Processing /home/airflow/.local/lib/python3.8/site-packages/airflow/example_dags/example_external_task_marker_dag.py took 0.108 seconds
[2026-04-28T12:18:03.705+0000] {processor.py:161} INFO - Started process (PID=758) to work on /home/airflow/.local/lib/python3.8/site-packages/airflow/example_dags/example_external_task_marker_dag.py
[2026-04-28T12:18:03.710+0000] {processor.py:830} INFO - Processing file /home/airflow/.local/lib/python3.8/site-packages/airflow/example_dags/example_external_task_marker_dag.py for tasks to queue
[2026-04-28T12:18:03.716+0000] {logging_mixin.py:188} INFO - [2026-04-28T12:18:03.716+0000] {dagbag.py:540} INFO - Filling up the DagBag from /home/airflow/.local/lib/python3.8/site-packages/airflow/example_dags/example_external_task_marker_dag.py
[2026-04-28T12:18:03.726+0000] {processor.py:840} INFO - DAG(s) 'example_external_task_marker_child', 'example_external_task_marker_parent' retrieved from /home/airflow/.local/lib/python3.8/site-packages/airflow/example_dags/example_external_task_marker_dag.py
[2026-04-28T12:18:03.772+0000] {logging_mixin.py:188} INFO - [2026-04-28T12:18:03.772+0000] {dag.py:3047} INFO - Sync 2 DAGs
[2026-04-28T12:18:03.791+0000] {logging_mixin.py:188} INFO - [2026-04-28T12:18:03.791+0000] {dag.py:3834} INFO - Setting next_dagrun for example_external_task_marker_child to None, run_after=None
[2026-04-28T12:18:03.795+0000] {logging_mixin.py:188} INFO - [2026-04-28T12:18:03.795+0000] {dag.py:3834} INFO - Setting next_dagrun for example_external_task_marker_parent to None, run_after=None
[2026-04-28T12:18:03.811+0000] {processor.py:183} INFO - Processing /home/airflow/.local/lib/python3.8/site-packages/airflow/example_dags/example_external_task_marker_dag.py took 0.118 seconds
[2026-04-28T12:18:33.854+0000] {processor.py:161} INFO - Started process (PID=813) to work on /home/airflow/.local/lib/python3.8/site-packages/airflow/example_dags/example_external_task_marker_dag.py
[2026-04-28T12:18:33.854+0000] {processor.py:830} INFO - Processing file /home/airflow/.local/lib/python3.8/site-packages/airflow/example_dags/example_external_task_marker_dag.py for tasks to queue
[2026-04-28T12:18:33.856+0000] {logging_mixin.py:188} INFO - [2026-04-28T12:18:33.856+0000] {dagbag.py:540} INFO - Filling up the DagBag from /home/airflow/.local/lib/python3.8/site-packages/airflow/example_dags/example_external_task_marker_dag.py
[2026-04-28T12:18:33.861+0000] {processor.py:840} INFO - DAG(s) 'example_external_task_marker_child', 'example_external_task_marker_parent' retrieved from /home/airflow/.local/lib/python3.8/site-packages/airflow/example_dags/example_external_task_marker_dag.py
[2026-04-28T12:18:33.879+0000] {logging_mixin.py:188} INFO - [2026-04-28T12:18:33.879+0000] {dag.py:3047} INFO - Sync 2 DAGs
[2026-04-28T12:18:33.889+0000] {logging_mixin.py:188} INFO - [2026-04-28T12:18:33.888+0000] {dag.py:3834} INFO - Setting next_dagrun for example_external_task_marker_child to None, run_after=None
[2026-04-28T12:18:33.891+0000] {logging_mixin.py:188} INFO - [2026-04-28T12:18:33.891+0000] {dag.py:3834} INFO - Setting next_dagrun for example_external_task_marker_parent to None, run_after=None
[2026-04-28T12:18:33.903+0000] {processor.py:183} INFO - Processing /home/airflow/.local/lib/python3.8/site-packages/airflow/example_dags/example_external_task_marker_dag.py took 0.052 seconds
[2026-04-28T12:19:04.265+0000] {processor.py:161} INFO - Started process (PID=868) to work on /home/airflow/.local/lib/python3.8/site-packages/airflow/example_dags/example_external_task_marker_dag.py
[2026-04-28T12:19:04.266+0000] {processor.py:830} INFO - Processing file /home/airflow/.local/lib/python3.8/site-packages/airflow/example_dags/example_external_task_marker_dag.py for tasks to queue
[2026-04-28T12:19:04.267+0000] {logging_mixin.py:188} INFO - [2026-04-28T12:19:04.267+0000] {dagbag.py:540} INFO - Filling up the DagBag from /home/airflow/.local/lib/python3.8/site-packages/airflow/example_dags/example_external_task_marker_dag.py
[2026-04-28T12:19:04.273+0000] {processor.py:840} INFO - DAG(s) 'example_external_task_marker_parent', 'example_external_task_marker_child' retrieved from /home/airflow/.local/lib/python3.8/site-packages/airflow/example_dags/example_external_task_marker_dag.py
[2026-04-28T12:19:04.291+0000] {logging_mixin.py:188} INFO - [2026-04-28T12:19:04.291+0000] {dag.py:3047} INFO - Sync 2 DAGs
[2026-04-28T12:19:04.301+0000] {logging_mixin.py:188} INFO - [2026-04-28T12:19:04.301+0000] {dag.py:3834} INFO - Setting next_dagrun for example_external_task_marker_child to None, run_after=None
[2026-04-28T12:19:04.304+0000] {logging_mixin.py:188} INFO - [2026-04-28T12:19:04.304+0000] {dag.py:3834} INFO - Setting next_dagrun for example_external_task_marker_parent to None, run_after=None
[2026-04-28T12:19:04.316+0000] {processor.py:183} INFO - Processing /home/airflow/.local/lib/python3.8/site-packages/airflow/example_dags/example_external_task_marker_dag.py took 0.053 seconds
[2026-04-28T12:19:34.508+0000] {processor.py:161} INFO - Started process (PID=923) to work on /home/airflow/.local/lib/python3.8/site-packages/airflow/example_dags/example_external_task_marker_dag.py
[2026-04-28T12:19:34.508+0000] {processor.py:830} INFO - Processing file /home/airflow/.local/lib/python3.8/site-packages/airflow/example_dags/example_external_task_marker_dag.py for tasks to queue
[2026-04-28T12:19:34.510+0000] {logging_mixin.py:188} INFO - [2026-04-28T12:19:34.509+0000] {dagbag.py:540} INFO - Filling up the DagBag from /home/airflow/.local/lib/python3.8/site-packages/airflow/example_dags/example_external_task_marker_dag.py
[2026-04-28T12:19:34.515+0000] {processor.py:840} INFO - DAG(s) 'example_external_task_marker_child', 'example_external_task_marker_parent' retrieved from /home/airflow/.local/lib/python3.8/site-packages/airflow/example_dags/example_external_task_marker_dag.py
[2026-04-28T12:19:34.536+0000] {logging_mixin.py:188} INFO - [2026-04-28T12:19:34.535+0000] {dag.py:3047} INFO - Sync 2 DAGs
[2026-04-28T12:19:34.547+0000] {logging_mixin.py:188} INFO - [2026-04-28T12:19:34.546+0000] {dag.py:3834} INFO - Setting next_dagrun for example_external_task_marker_child to None, run_after=None
[2026-04-28T12:19:34.549+0000] {logging_mixin.py:188} INFO - [2026-04-28T12:19:34.549+0000] {dag.py:3834} INFO - Setting next_dagrun for example_external_task_marker_parent to None, run_after=None
[2026-04-28T12:19:34.560+0000] {processor.py:183} INFO - Processing /home/airflow/.local/lib/python3.8/site-packages/airflow/example_dags/example_external_task_marker_dag.py took 0.056 seconds
[2026-04-28T12:20:05.222+0000] {processor.py:161} INFO - Started process (PID=977) to work on /home/airflow/.local/lib/python3.8/site-packages/airflow/example_dags/example_external_task_marker_dag.py
[2026-04-28T12:20:05.223+0000] {processor.py:830} INFO - Processing file /home/airflow/.local/lib/python3.8/site-packages/airflow/example_dags/example_external_task_marker_dag.py for tasks to queue
[2026-04-28T12:20:05.224+0000] {logging_mixin.py:188} INFO - [2026-04-28T12:20:05.224+0000] {dagbag.py:540} INFO - Filling up the DagBag from /home/airflow/.local/lib/python3.8/site-packages/airflow/example_dags/example_external_task_marker_dag.py
[2026-04-28T12:20:05.229+0000] {processor.py:840} INFO - DAG(s) 'example_external_task_marker_child', 'example_external_task_marker_parent' retrieved from /home/airflow/.local/lib/python3.8/site-packages/airflow/example_dags/example_external_task_marker_dag.py
[2026-04-28T12:20:05.246+0000] {logging_mixin.py:188} INFO - [2026-04-28T12:20:05.246+0000] {dag.py:3047} INFO - Sync 2 DAGs
[2026-04-28T12:20:05.255+0000] {logging_mixin.py:188} INFO - [2026-04-28T12:20:05.255+0000] {dag.py:3834} INFO - Setting next_dagrun for example_external_task_marker_child to None, run_after=None
[2026-04-28T12:20:05.258+0000] {logging_mixin.py:188} INFO - [2026-04-28T12:20:05.258+0000] {dag.py:3834} INFO - Setting next_dagrun for example_external_task_marker_parent to None, run_after=None
[2026-04-28T12:20:05.269+0000] {processor.py:183} INFO - Processing /home/airflow/.local/lib/python3.8/site-packages/airflow/example_dags/example_external_task_marker_dag.py took 0.051 seconds
[2026-04-28T12:20:35.370+0000] {processor.py:161} INFO - Started process (PID=1032) to work on /home/airflow/.local/lib/python3.8/site-packages/airflow/example_dags/example_external_task_marker_dag.py
[2026-04-28T12:20:35.371+0000] {processor.py:830} INFO - Processing file /home/airflow/.local/lib/python3.8/site-packages/airflow/example_dags/example_external_task_marker_dag.py for tasks to queue
[2026-04-28T12:20:35.373+0000] {logging_mixin.py:188} INFO - [2026-04-28T12:20:35.372+0000] {dagbag.py:540} INFO - Filling up the DagBag from /home/airflow/.local/lib/python3.8/site-packages/airflow/example_dags/example_external_task_marker_dag.py
[2026-04-28T12:20:35.378+0000] {processor.py:840} INFO - DAG(s) 'example_external_task_marker_child', 'example_external_task_marker_parent' retrieved from /home/airflow/.local/lib/python3.8/site-packages/airflow/example_dags/example_external_task_marker_dag.py
[2026-04-28T12:20:35.396+0000] {logging_mixin.py:188} INFO - [2026-04-28T12:20:35.396+0000] {dag.py:3047} INFO - Sync 2 DAGs
[2026-04-28T12:20:35.406+0000] {logging_mixin.py:188} INFO - [2026-04-28T12:20:35.406+0000] {dag.py:3834} INFO - Setting next_dagrun for example_external_task_marker_child to None, run_after=None
[2026-04-28T12:20:35.408+0000] {logging_mixin.py:188} INFO - [2026-04-28T12:20:35.408+0000] {dag.py:3834} INFO - Setting next_dagrun for example_external_task_marker_parent to None, run_after=None
[2026-04-28T12:20:35.420+0000] {processor.py:183} INFO - Processing /home/airflow/.local/lib/python3.8/site-packages/airflow/example_dags/example_external_task_marker_dag.py took 0.054 seconds
[2026-04-28T12:21:06.119+0000] {processor.py:161} INFO - Started process (PID=1087) to work on /home/airflow/.local/lib/python3.8/site-packages/airflow/example_dags/example_external_task_marker_dag.py
[2026-04-28T12:21:06.120+0000] {processor.py:830} INFO - Processing file /home/airflow/.local/lib/python3.8/site-packages/airflow/example_dags/example_external_task_marker_dag.py for tasks to queue
[2026-04-28T12:21:06.122+0000] {logging_mixin.py:188} INFO - [2026-04-28T12:21:06.122+0000] {dagbag.py:540} INFO - Filling up the DagBag from /home/airflow/.local/lib/python3.8/site-packages/airflow/example_dags/example_external_task_marker_dag.py
[2026-04-28T12:21:06.127+0000] {processor.py:840} INFO - DAG(s) 'example_external_task_marker_parent', 'example_external_task_marker_child' retrieved from /home/airflow/.local/lib/python3.8/site-packages/airflow/example_dags/example_external_task_marker_dag.py
[2026-04-28T12:21:06.152+0000] {logging_mixin.py:188} INFO - [2026-04-28T12:21:06.152+0000] {dag.py:3047} INFO - Sync 2 DAGs
[2026-04-28T12:21:06.167+0000] {logging_mixin.py:188} INFO - [2026-04-28T12:21:06.167+0000] {dag.py:3834} INFO - Setting next_dagrun for example_external_task_marker_child to None, run_after=None
[2026-04-28T12:21:06.171+0000] {logging_mixin.py:188} INFO - [2026-04-28T12:21:06.171+0000] {dag.py:3834} INFO - Setting next_dagrun for example_external_task_marker_parent to None, run_after=None
[2026-04-28T12:21:06.187+0000] {processor.py:183} INFO - Processing /home/airflow/.local/lib/python3.8/site-packages/airflow/example_dags/example_external_task_marker_dag.py took 0.071 seconds
[2026-04-28T12:21:36.229+0000] {processor.py:161} INFO - Started process (PID=1142) to work on /home/airflow/.local/lib/python3.8/site-packages/airflow/example_dags/example_external_task_marker_dag.py
[2026-04-28T12:21:36.229+0000] {processor.py:830} INFO - Processing file /home/airflow/.local/lib/python3.8/site-packages/airflow/example_dags/example_external_task_marker_dag.py for tasks to queue
[2026-04-28T12:21:36.232+0000] {logging_mixin.py:188} INFO - [2026-04-28T12:21:36.231+0000] {dagbag.py:540} INFO - Filling up the DagBag from /home/airflow/.local/lib/python3.8/site-packages/airflow/example_dags/example_external_task_marker_dag.py
[2026-04-28T12:21:36.238+0000] {processor.py:840} INFO - DAG(s) 'example_external_task_marker_parent', 'example_external_task_marker_child' retrieved from /home/airflow/.local/lib/python3.8/site-packages/airflow/example_dags/example_external_task_marker_dag.py
[2026-04-28T12:21:36.257+0000] {logging_mixin.py:188} INFO - [2026-04-28T12:21:36.257+0000] {dag.py:3047} INFO - Sync 2 DAGs
[2026-04-28T12:21:36.268+0000] {logging_mixin.py:188} INFO - [2026-04-28T12:21:36.268+0000] {dag.py:3834} INFO - Setting next_dagrun for example_external_task_marker_child to None, run_after=None
[2026-04-28T12:21:36.272+0000] {logging_mixin.py:188} INFO - [2026-04-28T12:21:36.272+0000] {dag.py:3834} INFO - Setting next_dagrun for example_external_task_marker_parent to None, run_after=None
[2026-04-28T12:21:36.286+0000] {processor.py:183} INFO - Processing /home/airflow/.local/lib/python3.8/site-packages/airflow/example_dags/example_external_task_marker_dag.py took 0.061 seconds
[2026-04-28T12:22:06.950+0000] {processor.py:161} INFO - Started process (PID=1197) to work on /home/airflow/.local/lib/python3.8/site-packages/airflow/example_dags/example_external_task_marker_dag.py
[2026-04-28T12:22:06.951+0000] {processor.py:830} INFO - Processing file /home/airflow/.local/lib/python3.8/site-packages/airflow/example_dags/example_external_task_marker_dag.py for tasks to queue
[2026-04-28T12:22:06.953+0000] {logging_mixin.py:188} INFO - [2026-04-28T12:22:06.952+0000] {dagbag.py:540} INFO - Filling up the DagBag from /home/airflow/.local/lib/python3.8/site-packages/airflow/example_dags/example_external_task_marker_dag.py
[2026-04-28T12:22:06.958+0000] {processor.py:840} INFO - DAG(s) 'example_external_task_marker_child', 'example_external_task_marker_parent' retrieved from /home/airflow/.local/lib/python3.8/site-packages/airflow/example_dags/example_external_task_marker_dag.py
[2026-04-28T12:22:06.976+0000] {logging_mixin.py:188} INFO - [2026-04-28T12:22:06.976+0000] {dag.py:3047} INFO - Sync 2 DAGs
[2026-04-28T12:22:06.986+0000] {logging_mixin.py:188} INFO - [2026-04-28T12:22:06.985+0000] {dag.py:3834} INFO - Setting next_dagrun for example_external_task_marker_child to None, run_after=None
[2026-04-28T12:22:06.989+0000] {logging_mixin.py:188} INFO - [2026-04-28T12:22:06.988+0000] {dag.py:3834} INFO - Setting next_dagrun for example_external_task_marker_parent to None, run_after=None
[2026-04-28T12:22:07.000+0000] {processor.py:183} INFO - Processing /home/airflow/.local/lib/python3.8/site-packages/airflow/example_dags/example_external_task_marker_dag.py took 0.053 seconds
[2026-04-28T12:22:37.167+0000] {processor.py:161} INFO - Started process (PID=1252) to work on /home/airflow/.local/lib/python3.8/site-packages/airflow/example_dags/example_external_task_marker_dag.py
[2026-04-28T12:22:37.168+0000] {processor.py:830} INFO - Processing file /home/airflow/.local/lib/python3.8/site-packages/airflow/example_dags/example_external_task_marker_dag.py for tasks to queue
[2026-04-28T12:22:37.170+0000] {logging_mixin.py:188} INFO - [2026-04-28T12:22:37.170+0000] {dagbag.py:540} INFO - Filling up the DagBag from /home/airflow/.local/lib/python3.8/site-packages/airflow/example_dags/example_external_task_marker_dag.py
[2026-04-28T12:22:37.176+0000] {processor.py:840} INFO - DAG(s) 'example_external_task_marker_child', 'example_external_task_marker_parent' retrieved from /home/airflow/.local/lib/python3.8/site-packages/airflow/example_dags/example_external_task_marker_dag.py
[2026-04-28T12:22:37.193+0000] {logging_mixin.py:188} INFO - [2026-04-28T12:22:37.193+0000] {dag.py:3047} INFO - Sync 2 DAGs
[2026-04-28T12:22:37.202+0000] {logging_mixin.py:188} INFO - [2026-04-28T12:22:37.202+0000] {dag.py:3834} INFO - Setting next_dagrun for example_external_task_marker_child to None, run_after=None
[2026-04-28T12:22:37.205+0000] {logging_mixin.py:188} INFO - [2026-04-28T12:22:37.205+0000] {dag.py:3834} INFO - Setting next_dagrun for example_external_task_marker_parent to None, run_after=None
[2026-04-28T12:22:37.216+0000] {processor.py:183} INFO - Processing /home/airflow/.local/lib/python3.8/site-packages/airflow/example_dags/example_external_task_marker_dag.py took 0.052 seconds
[2026-04-28T12:23:07.661+0000] {processor.py:161} INFO - Started process (PID=1307) to work on /home/airflow/.local/lib/python3.8/site-packages/airflow/example_dags/example_external_task_marker_dag.py
[2026-04-28T12:23:07.662+0000] {processor.py:830} INFO - Processing file /home/airflow/.local/lib/python3.8/site-packages/airflow/example_dags/example_external_task_marker_dag.py for tasks to queue
[2026-04-28T12:23:07.664+0000] {logging_mixin.py:188} INFO - [2026-04-28T12:23:07.664+0000] {dagbag.py:540} INFO - Filling up the DagBag from /home/airflow/.local/lib/python3.8/site-packages/airflow/example_dags/example_external_task_marker_dag.py
[2026-04-28T12:23:07.669+0000] {processor.py:840} INFO - DAG(s) 'example_external_task_marker_parent', 'example_external_task_marker_child' retrieved from /home/airflow/.local/lib/python3.8/site-packages/airflow/example_dags/example_external_task_marker_dag.py
[2026-04-28T12:23:07.686+0000] {logging_mixin.py:188} INFO - [2026-04-28T12:23:07.686+0000] {dag.py:3047} INFO - Sync 2 DAGs
[2026-04-28T12:23:07.695+0000] {logging_mixin.py:188} INFO - [2026-04-28T12:23:07.695+0000] {dag.py:3834} INFO - Setting next_dagrun for example_external_task_marker_child to None, run_after=None
[2026-04-28T12:23:07.698+0000] {logging_mixin.py:188} INFO - [2026-04-28T12:23:07.698+0000] {dag.py:3834} INFO - Setting next_dagrun for example_external_task_marker_parent to None, run_after=None
[2026-04-28T12:23:07.709+0000] {processor.py:183} INFO - Processing /home/airflow/.local/lib/python3.8/site-packages/airflow/example_dags/example_external_task_marker_dag.py took 0.052 seconds
[2026-04-28T12:23:37.989+0000] {processor.py:161} INFO - Started process (PID=1362) to work on /home/airflow/.local/lib/python3.8/site-packages/airflow/example_dags/example_external_task_marker_dag.py
[2026-04-28T12:23:37.990+0000] {processor.py:830} INFO - Processing file /home/airflow/.local/lib/python3.8/site-packages/airflow/example_dags/example_external_task_marker_dag.py for tasks to queue
[2026-04-28T12:23:37.992+0000] {logging_mixin.py:188} INFO - [2026-04-28T12:23:37.992+0000] {dagbag.py:540} INFO - Filling up the DagBag from /home/airflow/.local/lib/python3.8/site-packages/airflow/example_dags/example_external_task_marker_dag.py
[2026-04-28T12:23:37.997+0000] {processor.py:840} INFO - DAG(s) 'example_external_task_marker_parent', 'example_external_task_marker_child' retrieved from /home/airflow/.local/lib/python3.8/site-packages/airflow/example_dags/example_external_task_marker_dag.py
[2026-04-28T12:23:38.015+0000] {logging_mixin.py:188} INFO - [2026-04-28T12:23:38.014+0000] {dag.py:3047} INFO - Sync 2 DAGs
[2026-04-28T12:23:38.024+0000] {logging_mixin.py:188} INFO - [2026-04-28T12:23:38.024+0000] {dag.py:3834} INFO - Setting next_dagrun for example_external_task_marker_child to None, run_after=None
[2026-04-28T12:23:38.027+0000] {logging_mixin.py:188} INFO - [2026-04-28T12:23:38.027+0000] {dag.py:3834} INFO - Setting next_dagrun for example_external_task_marker_parent to None, run_after=None
[2026-04-28T12:23:38.038+0000] {processor.py:183} INFO - Processing /home/airflow/.local/lib/python3.8/site-packages/airflow/example_dags/example_external_task_marker_dag.py took 0.053 seconds
[2026-04-28T12:24:08.649+0000] {processor.py:161} INFO - Started process (PID=1417) to work on /home/airflow/.local/lib/python3.8/site-packages/airflow/example_dags/example_external_task_marker_dag.py
[2026-04-28T12:24:08.650+0000] {processor.py:830} INFO - Processing file /home/airflow/.local/lib/python3.8/site-packages/airflow/example_dags/example_external_task_marker_dag.py for tasks to queue
[2026-04-28T12:24:08.651+0000] {logging_mixin.py:188} INFO - [2026-04-28T12:24:08.651+0000] {dagbag.py:540} INFO - Filling up the DagBag from /home/airflow/.local/lib/python3.8/site-packages/airflow/example_dags/example_external_task_marker_dag.py
[2026-04-28T12:24:08.656+0000] {processor.py:840} INFO - DAG(s) 'example_external_task_marker_child', 'example_external_task_marker_parent' retrieved from /home/airflow/.local/lib/python3.8/site-packages/airflow/example_dags/example_external_task_marker_dag.py
[2026-04-28T12:24:08.673+0000] {logging_mixin.py:188} INFO - [2026-04-28T12:24:08.673+0000] {dag.py:3047} INFO - Sync 2 DAGs
[2026-04-28T12:24:08.682+0000] {logging_mixin.py:188} INFO - [2026-04-28T12:24:08.682+0000] {dag.py:3834} INFO - Setting next_dagrun for example_external_task_marker_child to None, run_after=None
[2026-04-28T12:24:08.685+0000] {logging_mixin.py:188} INFO - [2026-04-28T12:24:08.685+0000] {dag.py:3834} INFO - Setting next_dagrun for example_external_task_marker_parent to None, run_after=None
[2026-04-28T12:24:08.696+0000] {processor.py:183} INFO - Processing /home/airflow/.local/lib/python3.8/site-packages/airflow/example_dags/example_external_task_marker_dag.py took 0.051 seconds
[2026-04-28T12:24:38.853+0000] {processor.py:161} INFO - Started process (PID=1472) to work on /home/airflow/.local/lib/python3.8/site-packages/airflow/example_dags/example_external_task_marker_dag.py
[2026-04-28T12:24:38.854+0000] {processor.py:830} INFO - Processing file /home/airflow/.local/lib/python3.8/site-packages/airflow/example_dags/example_external_task_marker_dag.py for tasks to queue
[2026-04-28T12:24:38.855+0000] {logging_mixin.py:188} INFO - [2026-04-28T12:24:38.855+0000] {dagbag.py:540} INFO - Filling up the DagBag from /home/airflow/.local/lib/python3.8/site-packages/airflow/example_dags/example_external_task_marker_dag.py
[2026-04-28T12:24:38.860+0000] {processor.py:840} INFO - DAG(s) 'example_external_task_marker_child', 'example_external_task_marker_parent' retrieved from /home/airflow/.local/lib/python3.8/site-packages/airflow/example_dags/example_external_task_marker_dag.py
[2026-04-28T12:24:38.877+0000] {logging_mixin.py:188} INFO - [2026-04-28T12:24:38.877+0000] {dag.py:3047} INFO - Sync 2 DAGs
[2026-04-28T12:24:38.887+0000] {logging_mixin.py:188} INFO - [2026-04-28T12:24:38.887+0000] {dag.py:3834} INFO - Setting next_dagrun for example_external_task_marker_child to None, run_after=None
[2026-04-28T12:24:38.889+0000] {logging_mixin.py:188} INFO - [2026-04-28T12:24:38.889+0000] {dag.py:3834} INFO - Setting next_dagrun for example_external_task_marker_parent to None, run_after=None
[2026-04-28T12:24:38.901+0000] {processor.py:183} INFO - Processing /home/airflow/.local/lib/python3.8/site-packages/airflow/example_dags/example_external_task_marker_dag.py took 0.051 seconds
[2026-04-28T12:25:09.216+0000] {processor.py:161} INFO - Started process (PID=1527) to work on /home/airflow/.local/lib/python3.8/site-packages/airflow/example_dags/example_external_task_marker_dag.py
[2026-04-28T12:25:09.217+0000] {processor.py:830} INFO - Processing file /home/airflow/.local/lib/python3.8/site-packages/airflow/example_dags/example_external_task_marker_dag.py for tasks to queue
[2026-04-28T12:25:09.218+0000] {logging_mixin.py:188} INFO - [2026-04-28T12:25:09.218+0000] {dagbag.py:540} INFO - Filling up the DagBag from /home/airflow/.local/lib/python3.8/site-packages/airflow/example_dags/example_external_task_marker_dag.py
[2026-04-28T12:25:09.223+0000] {processor.py:840} INFO - DAG(s) 'example_external_task_marker_parent', 'example_external_task_marker_child' retrieved from /home/airflow/.local/lib/python3.8/site-packages/airflow/example_dags/example_external_task_marker_dag.py
[2026-04-28T12:25:09.240+0000] {logging_mixin.py:188} INFO - [2026-04-28T12:25:09.240+0000] {dag.py:3047} INFO - Sync 2 DAGs
[2026-04-28T12:25:09.251+0000] {logging_mixin.py:188} INFO - [2026-04-28T12:25:09.250+0000] {dag.py:3834} INFO - Setting next_dagrun for example_external_task_marker_child to None, run_after=None
[2026-04-28T12:25:09.254+0000] {logging_mixin.py:188} INFO - [2026-04-28T12:25:09.254+0000] {dag.py:3834} INFO - Setting next_dagrun for example_external_task_marker_parent to None, run_after=None
[2026-04-28T12:25:09.270+0000] {processor.py:183} INFO - Processing /home/airflow/.local/lib/python3.8/site-packages/airflow/example_dags/example_external_task_marker_dag.py took 0.057 seconds
[2026-04-28T12:25:39.448+0000] {processor.py:161} INFO - Started process (PID=1582) to work on /home/airflow/.local/lib/python3.8/site-packages/airflow/example_dags/example_external_task_marker_dag.py
[2026-04-28T12:25:39.449+0000] {processor.py:830} INFO - Processing file /home/airflow/.local/lib/python3.8/site-packages/airflow/example_dags/example_external_task_marker_dag.py for tasks to queue
[2026-04-28T12:25:39.453+0000] {logging_mixin.py:188} INFO - [2026-04-28T12:25:39.453+0000] {dagbag.py:540} INFO - Filling up the DagBag from /home/airflow/.local/lib/python3.8/site-packages/airflow/example_dags/example_external_task_marker_dag.py
[2026-04-28T12:25:39.466+0000] {processor.py:840} INFO - DAG(s) 'example_external_task_marker_parent', 'example_external_task_marker_child' retrieved from /home/airflow/.local/lib/python3.8/site-packages/airflow/example_dags/example_external_task_marker_dag.py
[2026-04-28T12:25:39.506+0000] {logging_mixin.py:188} INFO - [2026-04-28T12:25:39.506+0000] {dag.py:3047} INFO - Sync 2 DAGs
[2026-04-28T12:25:39.520+0000] {logging_mixin.py:188} INFO - [2026-04-28T12:25:39.520+0000] {dag.py:3834} INFO - Setting next_dagrun for example_external_task_marker_child to None, run_after=None
[2026-04-28T12:25:39.524+0000] {logging_mixin.py:188} INFO - [2026-04-28T12:25:39.523+0000] {dag.py:3834} INFO - Setting next_dagrun for example_external_task_marker_parent to None, run_after=None
[2026-04-28T12:25:39.540+0000] {processor.py:183} INFO - Processing /home/airflow/.local/lib/python3.8/site-packages/airflow/example_dags/example_external_task_marker_dag.py took 0.102 seconds
