[2026-04-28T12:11:49.074+0000] {processor.py:161} INFO - Started process (PID=72) to work on /home/airflow/.local/lib/python3.8/site-packages/airflow/example_dags/example_branch_datetime_operator.py
[2026-04-28T12:11:49.075+0000] {processor.py:830} INFO - Processing file /home/airflow/.local/lib/python3.8/site-packages/airflow/example_dags/example_branch_datetime_operator.py for tasks to queue
[2026-04-28T12:11:49.076+0000] {logging_mixin.py:188} INFO - [2026-04-28T12:11:49.076+0000] {dagbag.py:540} INFO - Filling up the DagBag from /home/airflow/.local/lib/python3.8/site-packages/airflow/example_dags/example_branch_datetime_operator.py
[2026-04-28T12:11:49.097+0000] {processor.py:840} INFO - DAG(s) 'example_branch_datetime_operator', 'example_branch_datetime_operator_3', 'example_branch_datetime_operator_2' retrieved from /home/airflow/.local/lib/python3.8/site-packages/airflow/example_dags/example_branch_datetime_operator.py
[2026-04-28T12:11:49.297+0000] {logging_mixin.py:188} INFO - [2026-04-28T12:11:49.297+0000] {dag.py:3047} INFO - Sync 3 DAGs
[2026-04-28T12:11:49.350+0000] {logging_mixin.py:188} INFO - [2026-04-28T12:11:49.349+0000] {dag.py:3834} INFO - Setting next_dagrun for example_branch_datetime_operator to 2026-04-27 00:00:00+00:00, run_after=2026-04-28 00:00:00+00:00
[2026-04-28T12:11:49.365+0000] {logging_mixin.py:188} INFO - [2026-04-28T12:11:49.361+0000] {dag.py:3834} INFO - Setting next_dagrun for example_branch_datetime_operator_2 to 2026-04-27 00:00:00+00:00, run_after=2026-04-28 00:00:00+00:00
[2026-04-28T12:11:49.370+0000] {logging_mixin.py:188} INFO - [2026-04-28T12:11:49.370+0000] {dag.py:3834} INFO - Setting next_dagrun for example_branch_datetime_operator_3 to 2026-04-27 00:00:00+00:00, run_after=2026-04-28 00:00:00+00:00
[2026-04-28T12:11:49.401+0000] {processor.py:183} INFO - Processing /home/airflow/.local/lib/python3.8/site-packages/airflow/example_dags/example_branch_datetime_operator.py took 0.331 seconds
[2026-04-28T12:12:20.252+0000] {processor.py:161} INFO - Started process (PID=127) to work on /home/airflow/.local/lib/python3.8/site-packages/airflow/example_dags/example_branch_datetime_operator.py
[2026-04-28T12:12:20.254+0000] {processor.py:830} INFO - Processing file /home/airflow/.local/lib/python3.8/site-packages/airflow/example_dags/example_branch_datetime_operator.py for tasks to queue
[2026-04-28T12:12:20.256+0000] {logging_mixin.py:188} INFO - [2026-04-28T12:12:20.256+0000] {dagbag.py:540} INFO - Filling up the DagBag from /home/airflow/.local/lib/python3.8/site-packages/airflow/example_dags/example_branch_datetime_operator.py
[2026-04-28T12:12:20.269+0000] {processor.py:840} INFO - DAG(s) 'example_branch_datetime_operator', 'example_branch_datetime_operator_3', 'example_branch_datetime_operator_2' retrieved from /home/airflow/.local/lib/python3.8/site-packages/airflow/example_dags/example_branch_datetime_operator.py
[2026-04-28T12:12:20.297+0000] {logging_mixin.py:188} INFO - [2026-04-28T12:12:20.297+0000] {dag.py:3047} INFO - Sync 3 DAGs
[2026-04-28T12:12:20.323+0000] {logging_mixin.py:188} INFO - [2026-04-28T12:12:20.322+0000] {dag.py:3834} INFO - Setting next_dagrun for example_branch_datetime_operator to 2026-04-27 00:00:00+00:00, run_after=2026-04-28 00:00:00+00:00
[2026-04-28T12:12:20.328+0000] {logging_mixin.py:188} INFO - [2026-04-28T12:12:20.328+0000] {dag.py:3834} INFO - Setting next_dagrun for example_branch_datetime_operator_2 to 2026-04-27 00:00:00+00:00, run_after=2026-04-28 00:00:00+00:00
[2026-04-28T12:12:20.331+0000] {logging_mixin.py:188} INFO - [2026-04-28T12:12:20.331+0000] {dag.py:3834} INFO - Setting next_dagrun for example_branch_datetime_operator_3 to 2026-04-27 00:00:00+00:00, run_after=2026-04-28 00:00:00+00:00
[2026-04-28T12:12:20.350+0000] {processor.py:183} INFO - Processing /home/airflow/.local/lib/python3.8/site-packages/airflow/example_dags/example_branch_datetime_operator.py took 0.101 seconds
[2026-04-28T12:12:50.442+0000] {processor.py:161} INFO - Started process (PID=182) to work on /home/airflow/.local/lib/python3.8/site-packages/airflow/example_dags/example_branch_datetime_operator.py
[2026-04-28T12:12:50.443+0000] {processor.py:830} INFO - Processing file /home/airflow/.local/lib/python3.8/site-packages/airflow/example_dags/example_branch_datetime_operator.py for tasks to queue
[2026-04-28T12:12:50.445+0000] {logging_mixin.py:188} INFO - [2026-04-28T12:12:50.445+0000] {dagbag.py:540} INFO - Filling up the DagBag from /home/airflow/.local/lib/python3.8/site-packages/airflow/example_dags/example_branch_datetime_operator.py
[2026-04-28T12:12:50.458+0000] {processor.py:840} INFO - DAG(s) 'example_branch_datetime_operator_2', 'example_branch_datetime_operator', 'example_branch_datetime_operator_3' retrieved from /home/airflow/.local/lib/python3.8/site-packages/airflow/example_dags/example_branch_datetime_operator.py
[2026-04-28T12:12:50.502+0000] {logging_mixin.py:188} INFO - [2026-04-28T12:12:50.502+0000] {dag.py:3047} INFO - Sync 3 DAGs
[2026-04-28T12:12:50.529+0000] {logging_mixin.py:188} INFO - [2026-04-28T12:12:50.529+0000] {dag.py:3834} INFO - Setting next_dagrun for example_branch_datetime_operator to 2026-04-27 00:00:00+00:00, run_after=2026-04-28 00:00:00+00:00
[2026-04-28T12:12:50.534+0000] {logging_mixin.py:188} INFO - [2026-04-28T12:12:50.534+0000] {dag.py:3834} INFO - Setting next_dagrun for example_branch_datetime_operator_2 to 2026-04-27 00:00:00+00:00, run_after=2026-04-28 00:00:00+00:00
[2026-04-28T12:12:50.537+0000] {logging_mixin.py:188} INFO - [2026-04-28T12:12:50.537+0000] {dag.py:3834} INFO - Setting next_dagrun for example_branch_datetime_operator_3 to 2026-04-27 00:00:00+00:00, run_after=2026-04-28 00:00:00+00:00
[2026-04-28T12:12:50.550+0000] {processor.py:183} INFO - Processing /home/airflow/.local/lib/python3.8/site-packages/airflow/example_dags/example_branch_datetime_operator.py took 0.111 seconds
[2026-04-28T12:13:20.899+0000] {processor.py:161} INFO - Started process (PID=237) to work on /home/airflow/.local/lib/python3.8/site-packages/airflow/example_dags/example_branch_datetime_operator.py
[2026-04-28T12:13:20.903+0000] {processor.py:830} INFO - Processing file /home/airflow/.local/lib/python3.8/site-packages/airflow/example_dags/example_branch_datetime_operator.py for tasks to queue
[2026-04-28T12:13:20.905+0000] {logging_mixin.py:188} INFO - [2026-04-28T12:13:20.904+0000] {dagbag.py:540} INFO - Filling up the DagBag from /home/airflow/.local/lib/python3.8/site-packages/airflow/example_dags/example_branch_datetime_operator.py
[2026-04-28T12:13:20.918+0000] {processor.py:840} INFO - DAG(s) 'example_branch_datetime_operator', 'example_branch_datetime_operator_3', 'example_branch_datetime_operator_2' retrieved from /home/airflow/.local/lib/python3.8/site-packages/airflow/example_dags/example_branch_datetime_operator.py
[2026-04-28T12:13:20.947+0000] {logging_mixin.py:188} INFO - [2026-04-28T12:13:20.946+0000] {dag.py:3047} INFO - Sync 3 DAGs
[2026-04-28T12:13:20.972+0000] {logging_mixin.py:188} INFO - [2026-04-28T12:13:20.972+0000] {dag.py:3834} INFO - Setting next_dagrun for example_branch_datetime_operator to 2026-04-27 00:00:00+00:00, run_after=2026-04-28 00:00:00+00:00
[2026-04-28T12:13:20.977+0000] {logging_mixin.py:188} INFO - [2026-04-28T12:13:20.977+0000] {dag.py:3834} INFO - Setting next_dagrun for example_branch_datetime_operator_2 to 2026-04-27 00:00:00+00:00, run_after=2026-04-28 00:00:00+00:00
[2026-04-28T12:13:20.980+0000] {logging_mixin.py:188} INFO - [2026-04-28T12:13:20.980+0000] {dag.py:3834} INFO - Setting next_dagrun for example_branch_datetime_operator_3 to 2026-04-27 00:00:00+00:00, run_after=2026-04-28 00:00:00+00:00
[2026-04-28T12:13:20.994+0000] {processor.py:183} INFO - Processing /home/airflow/.local/lib/python3.8/site-packages/airflow/example_dags/example_branch_datetime_operator.py took 0.105 seconds
[2026-04-28T12:13:51.378+0000] {processor.py:161} INFO - Started process (PID=292) to work on /home/airflow/.local/lib/python3.8/site-packages/airflow/example_dags/example_branch_datetime_operator.py
[2026-04-28T12:13:51.379+0000] {processor.py:830} INFO - Processing file /home/airflow/.local/lib/python3.8/site-packages/airflow/example_dags/example_branch_datetime_operator.py for tasks to queue
[2026-04-28T12:13:51.381+0000] {logging_mixin.py:188} INFO - [2026-04-28T12:13:51.381+0000] {dagbag.py:540} INFO - Filling up the DagBag from /home/airflow/.local/lib/python3.8/site-packages/airflow/example_dags/example_branch_datetime_operator.py
[2026-04-28T12:13:51.397+0000] {processor.py:840} INFO - DAG(s) 'example_branch_datetime_operator', 'example_branch_datetime_operator_3', 'example_branch_datetime_operator_2' retrieved from /home/airflow/.local/lib/python3.8/site-packages/airflow/example_dags/example_branch_datetime_operator.py
[2026-04-28T12:13:51.440+0000] {logging_mixin.py:188} INFO - [2026-04-28T12:13:51.440+0000] {dag.py:3047} INFO - Sync 3 DAGs
[2026-04-28T12:13:51.483+0000] {logging_mixin.py:188} INFO - [2026-04-28T12:13:51.483+0000] {dag.py:3834} INFO - Setting next_dagrun for example_branch_datetime_operator to 2026-04-27 00:00:00+00:00, run_after=2026-04-28 00:00:00+00:00
[2026-04-28T12:13:51.488+0000] {logging_mixin.py:188} INFO - [2026-04-28T12:13:51.488+0000] {dag.py:3834} INFO - Setting next_dagrun for example_branch_datetime_operator_2 to 2026-04-27 00:00:00+00:00, run_after=2026-04-28 00:00:00+00:00
[2026-04-28T12:13:51.492+0000] {logging_mixin.py:188} INFO - [2026-04-28T12:13:51.492+0000] {dag.py:3834} INFO - Setting next_dagrun for example_branch_datetime_operator_3 to 2026-04-27 00:00:00+00:00, run_after=2026-04-28 00:00:00+00:00
[2026-04-28T12:13:51.507+0000] {processor.py:183} INFO - Processing /home/airflow/.local/lib/python3.8/site-packages/airflow/example_dags/example_branch_datetime_operator.py took 0.132 seconds
[2026-04-28T12:14:21.930+0000] {processor.py:161} INFO - Started process (PID=347) to work on /home/airflow/.local/lib/python3.8/site-packages/airflow/example_dags/example_branch_datetime_operator.py
[2026-04-28T12:14:21.931+0000] {processor.py:830} INFO - Processing file /home/airflow/.local/lib/python3.8/site-packages/airflow/example_dags/example_branch_datetime_operator.py for tasks to queue
[2026-04-28T12:14:21.935+0000] {logging_mixin.py:188} INFO - [2026-04-28T12:14:21.934+0000] {dagbag.py:540} INFO - Filling up the DagBag from /home/airflow/.local/lib/python3.8/site-packages/airflow/example_dags/example_branch_datetime_operator.py
[2026-04-28T12:14:21.947+0000] {processor.py:840} INFO - DAG(s) 'example_branch_datetime_operator_2', 'example_branch_datetime_operator_3', 'example_branch_datetime_operator' retrieved from /home/airflow/.local/lib/python3.8/site-packages/airflow/example_dags/example_branch_datetime_operator.py
[2026-04-28T12:14:21.989+0000] {logging_mixin.py:188} INFO - [2026-04-28T12:14:21.989+0000] {dag.py:3047} INFO - Sync 3 DAGs
[2026-04-28T12:14:22.015+0000] {logging_mixin.py:188} INFO - [2026-04-28T12:14:22.015+0000] {dag.py:3834} INFO - Setting next_dagrun for example_branch_datetime_operator to 2026-04-27 00:00:00+00:00, run_after=2026-04-28 00:00:00+00:00
[2026-04-28T12:14:22.020+0000] {logging_mixin.py:188} INFO - [2026-04-28T12:14:22.020+0000] {dag.py:3834} INFO - Setting next_dagrun for example_branch_datetime_operator_2 to 2026-04-27 00:00:00+00:00, run_after=2026-04-28 00:00:00+00:00
[2026-04-28T12:14:22.023+0000] {logging_mixin.py:188} INFO - [2026-04-28T12:14:22.023+0000] {dag.py:3834} INFO - Setting next_dagrun for example_branch_datetime_operator_3 to 2026-04-27 00:00:00+00:00, run_after=2026-04-28 00:00:00+00:00
[2026-04-28T12:14:22.039+0000] {processor.py:183} INFO - Processing /home/airflow/.local/lib/python3.8/site-packages/airflow/example_dags/example_branch_datetime_operator.py took 0.112 seconds
[2026-04-28T12:14:52.717+0000] {processor.py:161} INFO - Started process (PID=402) to work on /home/airflow/.local/lib/python3.8/site-packages/airflow/example_dags/example_branch_datetime_operator.py
[2026-04-28T12:14:52.719+0000] {processor.py:830} INFO - Processing file /home/airflow/.local/lib/python3.8/site-packages/airflow/example_dags/example_branch_datetime_operator.py for tasks to queue
[2026-04-28T12:14:52.721+0000] {logging_mixin.py:188} INFO - [2026-04-28T12:14:52.720+0000] {dagbag.py:540} INFO - Filling up the DagBag from /home/airflow/.local/lib/python3.8/site-packages/airflow/example_dags/example_branch_datetime_operator.py
[2026-04-28T12:14:52.733+0000] {processor.py:840} INFO - DAG(s) 'example_branch_datetime_operator_3', 'example_branch_datetime_operator_2', 'example_branch_datetime_operator' retrieved from /home/airflow/.local/lib/python3.8/site-packages/airflow/example_dags/example_branch_datetime_operator.py
[2026-04-28T12:14:52.775+0000] {logging_mixin.py:188} INFO - [2026-04-28T12:14:52.775+0000] {dag.py:3047} INFO - Sync 3 DAGs
[2026-04-28T12:14:52.801+0000] {logging_mixin.py:188} INFO - [2026-04-28T12:14:52.801+0000] {dag.py:3834} INFO - Setting next_dagrun for example_branch_datetime_operator to 2026-04-27 00:00:00+00:00, run_after=2026-04-28 00:00:00+00:00
[2026-04-28T12:14:52.807+0000] {logging_mixin.py:188} INFO - [2026-04-28T12:14:52.806+0000] {dag.py:3834} INFO - Setting next_dagrun for example_branch_datetime_operator_2 to 2026-04-27 00:00:00+00:00, run_after=2026-04-28 00:00:00+00:00
[2026-04-28T12:14:52.809+0000] {logging_mixin.py:188} INFO - [2026-04-28T12:14:52.809+0000] {dag.py:3834} INFO - Setting next_dagrun for example_branch_datetime_operator_3 to 2026-04-27 00:00:00+00:00, run_after=2026-04-28 00:00:00+00:00
[2026-04-28T12:14:52.824+0000] {processor.py:183} INFO - Processing /home/airflow/.local/lib/python3.8/site-packages/airflow/example_dags/example_branch_datetime_operator.py took 0.110 seconds
[2026-04-28T12:15:23.244+0000] {processor.py:161} INFO - Started process (PID=457) to work on /home/airflow/.local/lib/python3.8/site-packages/airflow/example_dags/example_branch_datetime_operator.py
[2026-04-28T12:15:23.245+0000] {processor.py:830} INFO - Processing file /home/airflow/.local/lib/python3.8/site-packages/airflow/example_dags/example_branch_datetime_operator.py for tasks to queue
[2026-04-28T12:15:23.247+0000] {logging_mixin.py:188} INFO - [2026-04-28T12:15:23.247+0000] {dagbag.py:540} INFO - Filling up the DagBag from /home/airflow/.local/lib/python3.8/site-packages/airflow/example_dags/example_branch_datetime_operator.py
[2026-04-28T12:15:23.281+0000] {processor.py:840} INFO - DAG(s) 'example_branch_datetime_operator_3', 'example_branch_datetime_operator_2', 'example_branch_datetime_operator' retrieved from /home/airflow/.local/lib/python3.8/site-packages/airflow/example_dags/example_branch_datetime_operator.py
[2026-04-28T12:15:23.340+0000] {logging_mixin.py:188} INFO - [2026-04-28T12:15:23.340+0000] {dag.py:3047} INFO - Sync 3 DAGs
[2026-04-28T12:15:23.369+0000] {logging_mixin.py:188} INFO - [2026-04-28T12:15:23.369+0000] {dag.py:3834} INFO - Setting next_dagrun for example_branch_datetime_operator to 2026-04-27 00:00:00+00:00, run_after=2026-04-28 00:00:00+00:00
[2026-04-28T12:15:23.373+0000] {logging_mixin.py:188} INFO - [2026-04-28T12:15:23.373+0000] {dag.py:3834} INFO - Setting next_dagrun for example_branch_datetime_operator_2 to 2026-04-27 00:00:00+00:00, run_after=2026-04-28 00:00:00+00:00
[2026-04-28T12:15:23.375+0000] {logging_mixin.py:188} INFO - [2026-04-28T12:15:23.375+0000] {dag.py:3834} INFO - Setting next_dagrun for example_branch_datetime_operator_3 to 2026-04-27 00:00:00+00:00, run_after=2026-04-28 00:00:00+00:00
[2026-04-28T12:15:23.387+0000] {processor.py:183} INFO - Processing /home/airflow/.local/lib/python3.8/site-packages/airflow/example_dags/example_branch_datetime_operator.py took 0.147 seconds
[2026-04-28T12:15:53.848+0000] {processor.py:161} INFO - Started process (PID=511) to work on /home/airflow/.local/lib/python3.8/site-packages/airflow/example_dags/example_branch_datetime_operator.py
[2026-04-28T12:15:53.853+0000] {processor.py:830} INFO - Processing file /home/airflow/.local/lib/python3.8/site-packages/airflow/example_dags/example_branch_datetime_operator.py for tasks to queue
[2026-04-28T12:15:53.857+0000] {logging_mixin.py:188} INFO - [2026-04-28T12:15:53.855+0000] {dagbag.py:540} INFO - Filling up the DagBag from /home/airflow/.local/lib/python3.8/site-packages/airflow/example_dags/example_branch_datetime_operator.py
[2026-04-28T12:15:53.883+0000] {processor.py:840} INFO - DAG(s) 'example_branch_datetime_operator_3', 'example_branch_datetime_operator_2', 'example_branch_datetime_operator' retrieved from /home/airflow/.local/lib/python3.8/site-packages/airflow/example_dags/example_branch_datetime_operator.py
[2026-04-28T12:15:53.957+0000] {logging_mixin.py:188} INFO - [2026-04-28T12:15:53.957+0000] {dag.py:3047} INFO - Sync 3 DAGs
[2026-04-28T12:15:53.996+0000] {logging_mixin.py:188} INFO - [2026-04-28T12:15:53.996+0000] {dag.py:3834} INFO - Setting next_dagrun for example_branch_datetime_operator to 2026-04-27 00:00:00+00:00, run_after=2026-04-28 00:00:00+00:00
[2026-04-28T12:15:54.002+0000] {logging_mixin.py:188} INFO - [2026-04-28T12:15:54.001+0000] {dag.py:3834} INFO - Setting next_dagrun for example_branch_datetime_operator_2 to 2026-04-27 00:00:00+00:00, run_after=2026-04-28 00:00:00+00:00
[2026-04-28T12:15:54.005+0000] {logging_mixin.py:188} INFO - [2026-04-28T12:15:54.004+0000] {dag.py:3834} INFO - Setting next_dagrun for example_branch_datetime_operator_3 to 2026-04-27 00:00:00+00:00, run_after=2026-04-28 00:00:00+00:00
[2026-04-28T12:15:54.021+0000] {processor.py:183} INFO - Processing /home/airflow/.local/lib/python3.8/site-packages/airflow/example_dags/example_branch_datetime_operator.py took 0.179 seconds
[2026-04-28T12:16:24.367+0000] {processor.py:161} INFO - Started process (PID=566) to work on /home/airflow/.local/lib/python3.8/site-packages/airflow/example_dags/example_branch_datetime_operator.py
[2026-04-28T12:16:24.372+0000] {processor.py:830} INFO - Processing file /home/airflow/.local/lib/python3.8/site-packages/airflow/example_dags/example_branch_datetime_operator.py for tasks to queue
[2026-04-28T12:16:24.377+0000] {logging_mixin.py:188} INFO - [2026-04-28T12:16:24.376+0000] {dagbag.py:540} INFO - Filling up the DagBag from /home/airflow/.local/lib/python3.8/site-packages/airflow/example_dags/example_branch_datetime_operator.py
[2026-04-28T12:16:24.411+0000] {processor.py:840} INFO - DAG(s) 'example_branch_datetime_operator_3', 'example_branch_datetime_operator', 'example_branch_datetime_operator_2' retrieved from /home/airflow/.local/lib/python3.8/site-packages/airflow/example_dags/example_branch_datetime_operator.py
[2026-04-28T12:16:24.442+0000] {logging_mixin.py:188} INFO - [2026-04-28T12:16:24.442+0000] {dag.py:3047} INFO - Sync 3 DAGs
[2026-04-28T12:16:24.468+0000] {logging_mixin.py:188} INFO - [2026-04-28T12:16:24.468+0000] {dag.py:3834} INFO - Setting next_dagrun for example_branch_datetime_operator to 2026-04-27 00:00:00+00:00, run_after=2026-04-28 00:00:00+00:00
[2026-04-28T12:16:24.475+0000] {logging_mixin.py:188} INFO - [2026-04-28T12:16:24.475+0000] {dag.py:3834} INFO - Setting next_dagrun for example_branch_datetime_operator_2 to 2026-04-27 00:00:00+00:00, run_after=2026-04-28 00:00:00+00:00
[2026-04-28T12:16:24.479+0000] {logging_mixin.py:188} INFO - [2026-04-28T12:16:24.478+0000] {dag.py:3834} INFO - Setting next_dagrun for example_branch_datetime_operator_3 to 2026-04-27 00:00:00+00:00, run_after=2026-04-28 00:00:00+00:00
[2026-04-28T12:16:24.495+0000] {processor.py:183} INFO - Processing /home/airflow/.local/lib/python3.8/site-packages/airflow/example_dags/example_branch_datetime_operator.py took 0.144 seconds
[2026-04-28T12:16:55.040+0000] {processor.py:161} INFO - Started process (PID=621) to work on /home/airflow/.local/lib/python3.8/site-packages/airflow/example_dags/example_branch_datetime_operator.py
[2026-04-28T12:16:55.041+0000] {processor.py:830} INFO - Processing file /home/airflow/.local/lib/python3.8/site-packages/airflow/example_dags/example_branch_datetime_operator.py for tasks to queue
[2026-04-28T12:16:55.043+0000] {logging_mixin.py:188} INFO - [2026-04-28T12:16:55.042+0000] {dagbag.py:540} INFO - Filling up the DagBag from /home/airflow/.local/lib/python3.8/site-packages/airflow/example_dags/example_branch_datetime_operator.py
[2026-04-28T12:16:55.051+0000] {processor.py:840} INFO - DAG(s) 'example_branch_datetime_operator_3', 'example_branch_datetime_operator', 'example_branch_datetime_operator_2' retrieved from /home/airflow/.local/lib/python3.8/site-packages/airflow/example_dags/example_branch_datetime_operator.py
[2026-04-28T12:16:55.072+0000] {logging_mixin.py:188} INFO - [2026-04-28T12:16:55.072+0000] {dag.py:3047} INFO - Sync 3 DAGs
[2026-04-28T12:16:55.089+0000] {logging_mixin.py:188} INFO - [2026-04-28T12:16:55.089+0000] {dag.py:3834} INFO - Setting next_dagrun for example_branch_datetime_operator to 2026-04-27 00:00:00+00:00, run_after=2026-04-28 00:00:00+00:00
[2026-04-28T12:16:55.093+0000] {logging_mixin.py:188} INFO - [2026-04-28T12:16:55.093+0000] {dag.py:3834} INFO - Setting next_dagrun for example_branch_datetime_operator_2 to 2026-04-27 00:00:00+00:00, run_after=2026-04-28 00:00:00+00:00
[2026-04-28T12:16:55.095+0000] {logging_mixin.py:188} INFO - [2026-04-28T12:16:55.095+0000] {dag.py:3834} INFO - Setting next_dagrun for example_branch_datetime_operator_3 to 2026-04-27 00:00:00+00:00, run_after=2026-04-28 00:00:00+00:00
[2026-04-28T12:16:55.106+0000] {processor.py:183} INFO - Processing /home/airflow/.local/lib/python3.8/site-packages/airflow/example_dags/example_branch_datetime_operator.py took 0.069 seconds
[2026-04-28T12:17:25.234+0000] {processor.py:161} INFO - Started process (PID=676) to work on /home/airflow/.local/lib/python3.8/site-packages/airflow/example_dags/example_branch_datetime_operator.py
[2026-04-28T12:17:25.235+0000] {processor.py:830} INFO - Processing file /home/airflow/.local/lib/python3.8/site-packages/airflow/example_dags/example_branch_datetime_operator.py for tasks to queue
[2026-04-28T12:17:25.243+0000] {logging_mixin.py:188} INFO - [2026-04-28T12:17:25.241+0000] {dagbag.py:540} INFO - Filling up the DagBag from /home/airflow/.local/lib/python3.8/site-packages/airflow/example_dags/example_branch_datetime_operator.py
[2026-04-28T12:17:25.271+0000] {processor.py:840} INFO - DAG(s) 'example_branch_datetime_operator_3', 'example_branch_datetime_operator_2', 'example_branch_datetime_operator' retrieved from /home/airflow/.local/lib/python3.8/site-packages/airflow/example_dags/example_branch_datetime_operator.py
[2026-04-28T12:17:25.306+0000] {logging_mixin.py:188} INFO - [2026-04-28T12:17:25.306+0000] {dag.py:3047} INFO - Sync 3 DAGs
[2026-04-28T12:17:25.334+0000] {logging_mixin.py:188} INFO - [2026-04-28T12:17:25.334+0000] {dag.py:3834} INFO - Setting next_dagrun for example_branch_datetime_operator to 2026-04-27 00:00:00+00:00, run_after=2026-04-28 00:00:00+00:00
[2026-04-28T12:17:25.341+0000] {logging_mixin.py:188} INFO - [2026-04-28T12:17:25.341+0000] {dag.py:3834} INFO - Setting next_dagrun for example_branch_datetime_operator_2 to 2026-04-27 00:00:00+00:00, run_after=2026-04-28 00:00:00+00:00
[2026-04-28T12:17:25.344+0000] {logging_mixin.py:188} INFO - [2026-04-28T12:17:25.344+0000] {dag.py:3834} INFO - Setting next_dagrun for example_branch_datetime_operator_3 to 2026-04-27 00:00:00+00:00, run_after=2026-04-28 00:00:00+00:00
[2026-04-28T12:17:25.362+0000] {processor.py:183} INFO - Processing /home/airflow/.local/lib/python3.8/site-packages/airflow/example_dags/example_branch_datetime_operator.py took 0.133 seconds
[2026-04-28T12:17:55.398+0000] {processor.py:161} INFO - Started process (PID=731) to work on /home/airflow/.local/lib/python3.8/site-packages/airflow/example_dags/example_branch_datetime_operator.py
[2026-04-28T12:17:55.399+0000] {processor.py:830} INFO - Processing file /home/airflow/.local/lib/python3.8/site-packages/airflow/example_dags/example_branch_datetime_operator.py for tasks to queue
[2026-04-28T12:17:55.400+0000] {logging_mixin.py:188} INFO - [2026-04-28T12:17:55.400+0000] {dagbag.py:540} INFO - Filling up the DagBag from /home/airflow/.local/lib/python3.8/site-packages/airflow/example_dags/example_branch_datetime_operator.py
[2026-04-28T12:17:55.409+0000] {processor.py:840} INFO - DAG(s) 'example_branch_datetime_operator_3', 'example_branch_datetime_operator', 'example_branch_datetime_operator_2' retrieved from /home/airflow/.local/lib/python3.8/site-packages/airflow/example_dags/example_branch_datetime_operator.py
[2026-04-28T12:17:55.430+0000] {logging_mixin.py:188} INFO - [2026-04-28T12:17:55.430+0000] {dag.py:3047} INFO - Sync 3 DAGs
[2026-04-28T12:17:55.448+0000] {logging_mixin.py:188} INFO - [2026-04-28T12:17:55.447+0000] {dag.py:3834} INFO - Setting next_dagrun for example_branch_datetime_operator to 2026-04-27 00:00:00+00:00, run_after=2026-04-28 00:00:00+00:00
[2026-04-28T12:17:55.451+0000] {logging_mixin.py:188} INFO - [2026-04-28T12:17:55.451+0000] {dag.py:3834} INFO - Setting next_dagrun for example_branch_datetime_operator_2 to 2026-04-27 00:00:00+00:00, run_after=2026-04-28 00:00:00+00:00
[2026-04-28T12:17:55.453+0000] {logging_mixin.py:188} INFO - [2026-04-28T12:17:55.453+0000] {dag.py:3834} INFO - Setting next_dagrun for example_branch_datetime_operator_3 to 2026-04-27 00:00:00+00:00, run_after=2026-04-28 00:00:00+00:00
[2026-04-28T12:17:55.465+0000] {processor.py:183} INFO - Processing /home/airflow/.local/lib/python3.8/site-packages/airflow/example_dags/example_branch_datetime_operator.py took 0.070 seconds
[2026-04-28T12:18:25.706+0000] {processor.py:161} INFO - Started process (PID=786) to work on /home/airflow/.local/lib/python3.8/site-packages/airflow/example_dags/example_branch_datetime_operator.py
[2026-04-28T12:18:25.709+0000] {processor.py:830} INFO - Processing file /home/airflow/.local/lib/python3.8/site-packages/airflow/example_dags/example_branch_datetime_operator.py for tasks to queue
[2026-04-28T12:18:25.712+0000] {logging_mixin.py:188} INFO - [2026-04-28T12:18:25.711+0000] {dagbag.py:540} INFO - Filling up the DagBag from /home/airflow/.local/lib/python3.8/site-packages/airflow/example_dags/example_branch_datetime_operator.py
[2026-04-28T12:18:25.723+0000] {processor.py:840} INFO - DAG(s) 'example_branch_datetime_operator_2', 'example_branch_datetime_operator', 'example_branch_datetime_operator_3' retrieved from /home/airflow/.local/lib/python3.8/site-packages/airflow/example_dags/example_branch_datetime_operator.py
[2026-04-28T12:18:25.752+0000] {logging_mixin.py:188} INFO - [2026-04-28T12:18:25.752+0000] {dag.py:3047} INFO - Sync 3 DAGs
[2026-04-28T12:18:25.778+0000] {logging_mixin.py:188} INFO - [2026-04-28T12:18:25.778+0000] {dag.py:3834} INFO - Setting next_dagrun for example_branch_datetime_operator to 2026-04-27 00:00:00+00:00, run_after=2026-04-28 00:00:00+00:00
[2026-04-28T12:18:25.783+0000] {logging_mixin.py:188} INFO - [2026-04-28T12:18:25.783+0000] {dag.py:3834} INFO - Setting next_dagrun for example_branch_datetime_operator_2 to 2026-04-27 00:00:00+00:00, run_after=2026-04-28 00:00:00+00:00
[2026-04-28T12:18:25.787+0000] {logging_mixin.py:188} INFO - [2026-04-28T12:18:25.786+0000] {dag.py:3834} INFO - Setting next_dagrun for example_branch_datetime_operator_3 to 2026-04-27 00:00:00+00:00, run_after=2026-04-28 00:00:00+00:00
[2026-04-28T12:18:25.802+0000] {processor.py:183} INFO - Processing /home/airflow/.local/lib/python3.8/site-packages/airflow/example_dags/example_branch_datetime_operator.py took 0.100 seconds
[2026-04-28T12:18:56.220+0000] {processor.py:161} INFO - Started process (PID=841) to work on /home/airflow/.local/lib/python3.8/site-packages/airflow/example_dags/example_branch_datetime_operator.py
[2026-04-28T12:18:56.221+0000] {processor.py:830} INFO - Processing file /home/airflow/.local/lib/python3.8/site-packages/airflow/example_dags/example_branch_datetime_operator.py for tasks to queue
[2026-04-28T12:18:56.229+0000] {logging_mixin.py:188} INFO - [2026-04-28T12:18:56.228+0000] {dagbag.py:540} INFO - Filling up the DagBag from /home/airflow/.local/lib/python3.8/site-packages/airflow/example_dags/example_branch_datetime_operator.py
[2026-04-28T12:18:56.249+0000] {processor.py:840} INFO - DAG(s) 'example_branch_datetime_operator_2', 'example_branch_datetime_operator', 'example_branch_datetime_operator_3' retrieved from /home/airflow/.local/lib/python3.8/site-packages/airflow/example_dags/example_branch_datetime_operator.py
[2026-04-28T12:18:56.279+0000] {logging_mixin.py:188} INFO - [2026-04-28T12:18:56.279+0000] {dag.py:3047} INFO - Sync 3 DAGs
[2026-04-28T12:18:56.305+0000] {logging_mixin.py:188} INFO - [2026-04-28T12:18:56.305+0000] {dag.py:3834} INFO - Setting next_dagrun for example_branch_datetime_operator to 2026-04-27 00:00:00+00:00, run_after=2026-04-28 00:00:00+00:00
[2026-04-28T12:18:56.312+0000] {logging_mixin.py:188} INFO - [2026-04-28T12:18:56.312+0000] {dag.py:3834} INFO - Setting next_dagrun for example_branch_datetime_operator_2 to 2026-04-27 00:00:00+00:00, run_after=2026-04-28 00:00:00+00:00
[2026-04-28T12:18:56.315+0000] {logging_mixin.py:188} INFO - [2026-04-28T12:18:56.315+0000] {dag.py:3834} INFO - Setting next_dagrun for example_branch_datetime_operator_3 to 2026-04-27 00:00:00+00:00, run_after=2026-04-28 00:00:00+00:00
[2026-04-28T12:18:56.330+0000] {processor.py:183} INFO - Processing /home/airflow/.local/lib/python3.8/site-packages/airflow/example_dags/example_branch_datetime_operator.py took 0.114 seconds
[2026-04-28T12:19:27.302+0000] {processor.py:161} INFO - Started process (PID=896) to work on /home/airflow/.local/lib/python3.8/site-packages/airflow/example_dags/example_branch_datetime_operator.py
[2026-04-28T12:19:27.302+0000] {processor.py:830} INFO - Processing file /home/airflow/.local/lib/python3.8/site-packages/airflow/example_dags/example_branch_datetime_operator.py for tasks to queue
[2026-04-28T12:19:27.304+0000] {logging_mixin.py:188} INFO - [2026-04-28T12:19:27.304+0000] {dagbag.py:540} INFO - Filling up the DagBag from /home/airflow/.local/lib/python3.8/site-packages/airflow/example_dags/example_branch_datetime_operator.py
[2026-04-28T12:19:27.312+0000] {processor.py:840} INFO - DAG(s) 'example_branch_datetime_operator_2', 'example_branch_datetime_operator', 'example_branch_datetime_operator_3' retrieved from /home/airflow/.local/lib/python3.8/site-packages/airflow/example_dags/example_branch_datetime_operator.py
[2026-04-28T12:19:27.333+0000] {logging_mixin.py:188} INFO - [2026-04-28T12:19:27.333+0000] {dag.py:3047} INFO - Sync 3 DAGs
[2026-04-28T12:19:27.360+0000] {logging_mixin.py:188} INFO - [2026-04-28T12:19:27.360+0000] {dag.py:3834} INFO - Setting next_dagrun for example_branch_datetime_operator to 2026-04-27 00:00:00+00:00, run_after=2026-04-28 00:00:00+00:00
[2026-04-28T12:19:27.366+0000] {logging_mixin.py:188} INFO - [2026-04-28T12:19:27.366+0000] {dag.py:3834} INFO - Setting next_dagrun for example_branch_datetime_operator_2 to 2026-04-27 00:00:00+00:00, run_after=2026-04-28 00:00:00+00:00
[2026-04-28T12:19:27.369+0000] {logging_mixin.py:188} INFO - [2026-04-28T12:19:27.369+0000] {dag.py:3834} INFO - Setting next_dagrun for example_branch_datetime_operator_3 to 2026-04-27 00:00:00+00:00, run_after=2026-04-28 00:00:00+00:00
[2026-04-28T12:19:27.386+0000] {processor.py:183} INFO - Processing /home/airflow/.local/lib/python3.8/site-packages/airflow/example_dags/example_branch_datetime_operator.py took 0.088 seconds
[2026-04-28T12:19:57.894+0000] {processor.py:161} INFO - Started process (PID=951) to work on /home/airflow/.local/lib/python3.8/site-packages/airflow/example_dags/example_branch_datetime_operator.py
[2026-04-28T12:19:57.898+0000] {processor.py:830} INFO - Processing file /home/airflow/.local/lib/python3.8/site-packages/airflow/example_dags/example_branch_datetime_operator.py for tasks to queue
[2026-04-28T12:19:57.913+0000] {logging_mixin.py:188} INFO - [2026-04-28T12:19:57.911+0000] {dagbag.py:540} INFO - Filling up the DagBag from /home/airflow/.local/lib/python3.8/site-packages/airflow/example_dags/example_branch_datetime_operator.py
[2026-04-28T12:19:57.927+0000] {processor.py:840} INFO - DAG(s) 'example_branch_datetime_operator_2', 'example_branch_datetime_operator_3', 'example_branch_datetime_operator' retrieved from /home/airflow/.local/lib/python3.8/site-packages/airflow/example_dags/example_branch_datetime_operator.py
[2026-04-28T12:19:57.956+0000] {logging_mixin.py:188} INFO - [2026-04-28T12:19:57.956+0000] {dag.py:3047} INFO - Sync 3 DAGs
[2026-04-28T12:19:57.983+0000] {logging_mixin.py:188} INFO - [2026-04-28T12:19:57.983+0000] {dag.py:3834} INFO - Setting next_dagrun for example_branch_datetime_operator to 2026-04-27 00:00:00+00:00, run_after=2026-04-28 00:00:00+00:00
[2026-04-28T12:19:57.988+0000] {logging_mixin.py:188} INFO - [2026-04-28T12:19:57.988+0000] {dag.py:3834} INFO - Setting next_dagrun for example_branch_datetime_operator_2 to 2026-04-27 00:00:00+00:00, run_after=2026-04-28 00:00:00+00:00
[2026-04-28T12:19:57.991+0000] {logging_mixin.py:188} INFO - [2026-04-28T12:19:57.991+0000] {dag.py:3834} INFO - Setting next_dagrun for example_branch_datetime_operator_3 to 2026-04-27 00:00:00+00:00, run_after=2026-04-28 00:00:00+00:00
[2026-04-28T12:19:58.007+0000] {processor.py:183} INFO - Processing /home/airflow/.local/lib/python3.8/site-packages/airflow/example_dags/example_branch_datetime_operator.py took 0.122 seconds
[2026-04-28T12:20:28.241+0000] {processor.py:161} INFO - Started process (PID=1005) to work on /home/airflow/.local/lib/python3.8/site-packages/airflow/example_dags/example_branch_datetime_operator.py
[2026-04-28T12:20:28.243+0000] {processor.py:830} INFO - Processing file /home/airflow/.local/lib/python3.8/site-packages/airflow/example_dags/example_branch_datetime_operator.py for tasks to queue
[2026-04-28T12:20:28.245+0000] {logging_mixin.py:188} INFO - [2026-04-28T12:20:28.245+0000] {dagbag.py:540} INFO - Filling up the DagBag from /home/airflow/.local/lib/python3.8/site-packages/airflow/example_dags/example_branch_datetime_operator.py
[2026-04-28T12:20:28.258+0000] {processor.py:840} INFO - DAG(s) 'example_branch_datetime_operator_2', 'example_branch_datetime_operator', 'example_branch_datetime_operator_3' retrieved from /home/airflow/.local/lib/python3.8/site-packages/airflow/example_dags/example_branch_datetime_operator.py
[2026-04-28T12:20:28.293+0000] {logging_mixin.py:188} INFO - [2026-04-28T12:20:28.293+0000] {dag.py:3047} INFO - Sync 3 DAGs
[2026-04-28T12:20:28.318+0000] {logging_mixin.py:188} INFO - [2026-04-28T12:20:28.318+0000] {dag.py:3834} INFO - Setting next_dagrun for example_branch_datetime_operator to 2026-04-27 00:00:00+00:00, run_after=2026-04-28 00:00:00+00:00
[2026-04-28T12:20:28.324+0000] {logging_mixin.py:188} INFO - [2026-04-28T12:20:28.324+0000] {dag.py:3834} INFO - Setting next_dagrun for example_branch_datetime_operator_2 to 2026-04-27 00:00:00+00:00, run_after=2026-04-28 00:00:00+00:00
[2026-04-28T12:20:28.327+0000] {logging_mixin.py:188} INFO - [2026-04-28T12:20:28.326+0000] {dag.py:3834} INFO - Setting next_dagrun for example_branch_datetime_operator_3 to 2026-04-27 00:00:00+00:00, run_after=2026-04-28 00:00:00+00:00
[2026-04-28T12:20:28.341+0000] {processor.py:183} INFO - Processing /home/airflow/.local/lib/python3.8/site-packages/airflow/example_dags/example_branch_datetime_operator.py took 0.103 seconds
[2026-04-28T12:20:58.819+0000] {processor.py:161} INFO - Started process (PID=1060) to work on /home/airflow/.local/lib/python3.8/site-packages/airflow/example_dags/example_branch_datetime_operator.py
[2026-04-28T12:20:58.820+0000] {processor.py:830} INFO - Processing file /home/airflow/.local/lib/python3.8/site-packages/airflow/example_dags/example_branch_datetime_operator.py for tasks to queue
[2026-04-28T12:20:58.822+0000] {logging_mixin.py:188} INFO - [2026-04-28T12:20:58.822+0000] {dagbag.py:540} INFO - Filling up the DagBag from /home/airflow/.local/lib/python3.8/site-packages/airflow/example_dags/example_branch_datetime_operator.py
[2026-04-28T12:20:58.834+0000] {processor.py:840} INFO - DAG(s) 'example_branch_datetime_operator_2', 'example_branch_datetime_operator', 'example_branch_datetime_operator_3' retrieved from /home/airflow/.local/lib/python3.8/site-packages/airflow/example_dags/example_branch_datetime_operator.py
[2026-04-28T12:20:58.864+0000] {logging_mixin.py:188} INFO - [2026-04-28T12:20:58.863+0000] {dag.py:3047} INFO - Sync 3 DAGs
[2026-04-28T12:20:58.889+0000] {logging_mixin.py:188} INFO - [2026-04-28T12:20:58.889+0000] {dag.py:3834} INFO - Setting next_dagrun for example_branch_datetime_operator to 2026-04-27 00:00:00+00:00, run_after=2026-04-28 00:00:00+00:00
[2026-04-28T12:20:58.894+0000] {logging_mixin.py:188} INFO - [2026-04-28T12:20:58.894+0000] {dag.py:3834} INFO - Setting next_dagrun for example_branch_datetime_operator_2 to 2026-04-27 00:00:00+00:00, run_after=2026-04-28 00:00:00+00:00
[2026-04-28T12:20:58.897+0000] {logging_mixin.py:188} INFO - [2026-04-28T12:20:58.897+0000] {dag.py:3834} INFO - Setting next_dagrun for example_branch_datetime_operator_3 to 2026-04-27 00:00:00+00:00, run_after=2026-04-28 00:00:00+00:00
[2026-04-28T12:20:58.911+0000] {processor.py:183} INFO - Processing /home/airflow/.local/lib/python3.8/site-packages/airflow/example_dags/example_branch_datetime_operator.py took 0.096 seconds
[2026-04-28T12:21:29.080+0000] {processor.py:161} INFO - Started process (PID=1115) to work on /home/airflow/.local/lib/python3.8/site-packages/airflow/example_dags/example_branch_datetime_operator.py
[2026-04-28T12:21:29.081+0000] {processor.py:830} INFO - Processing file /home/airflow/.local/lib/python3.8/site-packages/airflow/example_dags/example_branch_datetime_operator.py for tasks to queue
[2026-04-28T12:21:29.083+0000] {logging_mixin.py:188} INFO - [2026-04-28T12:21:29.083+0000] {dagbag.py:540} INFO - Filling up the DagBag from /home/airflow/.local/lib/python3.8/site-packages/airflow/example_dags/example_branch_datetime_operator.py
[2026-04-28T12:21:29.095+0000] {processor.py:840} INFO - DAG(s) 'example_branch_datetime_operator_2', 'example_branch_datetime_operator_3', 'example_branch_datetime_operator' retrieved from /home/airflow/.local/lib/python3.8/site-packages/airflow/example_dags/example_branch_datetime_operator.py
[2026-04-28T12:21:29.125+0000] {logging_mixin.py:188} INFO - [2026-04-28T12:21:29.125+0000] {dag.py:3047} INFO - Sync 3 DAGs
[2026-04-28T12:21:29.151+0000] {logging_mixin.py:188} INFO - [2026-04-28T12:21:29.151+0000] {dag.py:3834} INFO - Setting next_dagrun for example_branch_datetime_operator to 2026-04-27 00:00:00+00:00, run_after=2026-04-28 00:00:00+00:00
[2026-04-28T12:21:29.159+0000] {logging_mixin.py:188} INFO - [2026-04-28T12:21:29.159+0000] {dag.py:3834} INFO - Setting next_dagrun for example_branch_datetime_operator_2 to 2026-04-27 00:00:00+00:00, run_after=2026-04-28 00:00:00+00:00
[2026-04-28T12:21:29.166+0000] {logging_mixin.py:188} INFO - [2026-04-28T12:21:29.164+0000] {dag.py:3834} INFO - Setting next_dagrun for example_branch_datetime_operator_3 to 2026-04-27 00:00:00+00:00, run_after=2026-04-28 00:00:00+00:00
[2026-04-28T12:21:29.188+0000] {processor.py:183} INFO - Processing /home/airflow/.local/lib/python3.8/site-packages/airflow/example_dags/example_branch_datetime_operator.py took 0.112 seconds
[2026-04-28T12:21:59.700+0000] {processor.py:161} INFO - Started process (PID=1170) to work on /home/airflow/.local/lib/python3.8/site-packages/airflow/example_dags/example_branch_datetime_operator.py
[2026-04-28T12:21:59.701+0000] {processor.py:830} INFO - Processing file /home/airflow/.local/lib/python3.8/site-packages/airflow/example_dags/example_branch_datetime_operator.py for tasks to queue
[2026-04-28T12:21:59.703+0000] {logging_mixin.py:188} INFO - [2026-04-28T12:21:59.702+0000] {dagbag.py:540} INFO - Filling up the DagBag from /home/airflow/.local/lib/python3.8/site-packages/airflow/example_dags/example_branch_datetime_operator.py
[2026-04-28T12:21:59.711+0000] {processor.py:840} INFO - DAG(s) 'example_branch_datetime_operator', 'example_branch_datetime_operator_3', 'example_branch_datetime_operator_2' retrieved from /home/airflow/.local/lib/python3.8/site-packages/airflow/example_dags/example_branch_datetime_operator.py
[2026-04-28T12:21:59.732+0000] {logging_mixin.py:188} INFO - [2026-04-28T12:21:59.732+0000] {dag.py:3047} INFO - Sync 3 DAGs
[2026-04-28T12:21:59.749+0000] {logging_mixin.py:188} INFO - [2026-04-28T12:21:59.749+0000] {dag.py:3834} INFO - Setting next_dagrun for example_branch_datetime_operator to 2026-04-27 00:00:00+00:00, run_after=2026-04-28 00:00:00+00:00
[2026-04-28T12:21:59.753+0000] {logging_mixin.py:188} INFO - [2026-04-28T12:21:59.753+0000] {dag.py:3834} INFO - Setting next_dagrun for example_branch_datetime_operator_2 to 2026-04-27 00:00:00+00:00, run_after=2026-04-28 00:00:00+00:00
[2026-04-28T12:21:59.755+0000] {logging_mixin.py:188} INFO - [2026-04-28T12:21:59.755+0000] {dag.py:3834} INFO - Setting next_dagrun for example_branch_datetime_operator_3 to 2026-04-27 00:00:00+00:00, run_after=2026-04-28 00:00:00+00:00
[2026-04-28T12:21:59.766+0000] {processor.py:183} INFO - Processing /home/airflow/.local/lib/python3.8/site-packages/airflow/example_dags/example_branch_datetime_operator.py took 0.069 seconds
[2026-04-28T12:22:29.898+0000] {processor.py:161} INFO - Started process (PID=1225) to work on /home/airflow/.local/lib/python3.8/site-packages/airflow/example_dags/example_branch_datetime_operator.py
[2026-04-28T12:22:29.898+0000] {processor.py:830} INFO - Processing file /home/airflow/.local/lib/python3.8/site-packages/airflow/example_dags/example_branch_datetime_operator.py for tasks to queue
[2026-04-28T12:22:29.900+0000] {logging_mixin.py:188} INFO - [2026-04-28T12:22:29.900+0000] {dagbag.py:540} INFO - Filling up the DagBag from /home/airflow/.local/lib/python3.8/site-packages/airflow/example_dags/example_branch_datetime_operator.py
[2026-04-28T12:22:29.908+0000] {processor.py:840} INFO - DAG(s) 'example_branch_datetime_operator_3', 'example_branch_datetime_operator_2', 'example_branch_datetime_operator' retrieved from /home/airflow/.local/lib/python3.8/site-packages/airflow/example_dags/example_branch_datetime_operator.py
[2026-04-28T12:22:29.940+0000] {logging_mixin.py:188} INFO - [2026-04-28T12:22:29.940+0000] {dag.py:3047} INFO - Sync 3 DAGs
[2026-04-28T12:22:29.971+0000] {logging_mixin.py:188} INFO - [2026-04-28T12:22:29.970+0000] {dag.py:3834} INFO - Setting next_dagrun for example_branch_datetime_operator to 2026-04-27 00:00:00+00:00, run_after=2026-04-28 00:00:00+00:00
[2026-04-28T12:22:29.979+0000] {logging_mixin.py:188} INFO - [2026-04-28T12:22:29.978+0000] {dag.py:3834} INFO - Setting next_dagrun for example_branch_datetime_operator_2 to 2026-04-27 00:00:00+00:00, run_after=2026-04-28 00:00:00+00:00
[2026-04-28T12:22:29.982+0000] {logging_mixin.py:188} INFO - [2026-04-28T12:22:29.982+0000] {dag.py:3834} INFO - Setting next_dagrun for example_branch_datetime_operator_3 to 2026-04-27 00:00:00+00:00, run_after=2026-04-28 00:00:00+00:00
[2026-04-28T12:22:29.996+0000] {processor.py:183} INFO - Processing /home/airflow/.local/lib/python3.8/site-packages/airflow/example_dags/example_branch_datetime_operator.py took 0.102 seconds
[2026-04-28T12:23:00.488+0000] {processor.py:161} INFO - Started process (PID=1280) to work on /home/airflow/.local/lib/python3.8/site-packages/airflow/example_dags/example_branch_datetime_operator.py
[2026-04-28T12:23:00.488+0000] {processor.py:830} INFO - Processing file /home/airflow/.local/lib/python3.8/site-packages/airflow/example_dags/example_branch_datetime_operator.py for tasks to queue
[2026-04-28T12:23:00.490+0000] {logging_mixin.py:188} INFO - [2026-04-28T12:23:00.490+0000] {dagbag.py:540} INFO - Filling up the DagBag from /home/airflow/.local/lib/python3.8/site-packages/airflow/example_dags/example_branch_datetime_operator.py
[2026-04-28T12:23:00.499+0000] {processor.py:840} INFO - DAG(s) 'example_branch_datetime_operator_2', 'example_branch_datetime_operator_3', 'example_branch_datetime_operator' retrieved from /home/airflow/.local/lib/python3.8/site-packages/airflow/example_dags/example_branch_datetime_operator.py
[2026-04-28T12:23:00.520+0000] {logging_mixin.py:188} INFO - [2026-04-28T12:23:00.520+0000] {dag.py:3047} INFO - Sync 3 DAGs
[2026-04-28T12:23:00.561+0000] {logging_mixin.py:188} INFO - [2026-04-28T12:23:00.561+0000] {dag.py:3834} INFO - Setting next_dagrun for example_branch_datetime_operator to 2026-04-27 00:00:00+00:00, run_after=2026-04-28 00:00:00+00:00
[2026-04-28T12:23:00.571+0000] {logging_mixin.py:188} INFO - [2026-04-28T12:23:00.570+0000] {dag.py:3834} INFO - Setting next_dagrun for example_branch_datetime_operator_2 to 2026-04-27 00:00:00+00:00, run_after=2026-04-28 00:00:00+00:00
[2026-04-28T12:23:00.577+0000] {logging_mixin.py:188} INFO - [2026-04-28T12:23:00.576+0000] {dag.py:3834} INFO - Setting next_dagrun for example_branch_datetime_operator_3 to 2026-04-27 00:00:00+00:00, run_after=2026-04-28 00:00:00+00:00
[2026-04-28T12:23:00.595+0000] {processor.py:183} INFO - Processing /home/airflow/.local/lib/python3.8/site-packages/airflow/example_dags/example_branch_datetime_operator.py took 0.111 seconds
[2026-04-28T12:23:30.740+0000] {processor.py:161} INFO - Started process (PID=1335) to work on /home/airflow/.local/lib/python3.8/site-packages/airflow/example_dags/example_branch_datetime_operator.py
[2026-04-28T12:23:30.740+0000] {processor.py:830} INFO - Processing file /home/airflow/.local/lib/python3.8/site-packages/airflow/example_dags/example_branch_datetime_operator.py for tasks to queue
[2026-04-28T12:23:30.742+0000] {logging_mixin.py:188} INFO - [2026-04-28T12:23:30.742+0000] {dagbag.py:540} INFO - Filling up the DagBag from /home/airflow/.local/lib/python3.8/site-packages/airflow/example_dags/example_branch_datetime_operator.py
[2026-04-28T12:23:30.750+0000] {processor.py:840} INFO - DAG(s) 'example_branch_datetime_operator_3', 'example_branch_datetime_operator', 'example_branch_datetime_operator_2' retrieved from /home/airflow/.local/lib/python3.8/site-packages/airflow/example_dags/example_branch_datetime_operator.py
[2026-04-28T12:23:30.771+0000] {logging_mixin.py:188} INFO - [2026-04-28T12:23:30.771+0000] {dag.py:3047} INFO - Sync 3 DAGs
[2026-04-28T12:23:30.789+0000] {logging_mixin.py:188} INFO - [2026-04-28T12:23:30.788+0000] {dag.py:3834} INFO - Setting next_dagrun for example_branch_datetime_operator to 2026-04-27 00:00:00+00:00, run_after=2026-04-28 00:00:00+00:00
[2026-04-28T12:23:30.793+0000] {logging_mixin.py:188} INFO - [2026-04-28T12:23:30.793+0000] {dag.py:3834} INFO - Setting next_dagrun for example_branch_datetime_operator_2 to 2026-04-27 00:00:00+00:00, run_after=2026-04-28 00:00:00+00:00
[2026-04-28T12:23:30.795+0000] {logging_mixin.py:188} INFO - [2026-04-28T12:23:30.794+0000] {dag.py:3834} INFO - Setting next_dagrun for example_branch_datetime_operator_3 to 2026-04-27 00:00:00+00:00, run_after=2026-04-28 00:00:00+00:00
[2026-04-28T12:23:30.812+0000] {processor.py:183} INFO - Processing /home/airflow/.local/lib/python3.8/site-packages/airflow/example_dags/example_branch_datetime_operator.py took 0.075 seconds
[2026-04-28T12:24:01.521+0000] {processor.py:161} INFO - Started process (PID=1390) to work on /home/airflow/.local/lib/python3.8/site-packages/airflow/example_dags/example_branch_datetime_operator.py
[2026-04-28T12:24:01.522+0000] {processor.py:830} INFO - Processing file /home/airflow/.local/lib/python3.8/site-packages/airflow/example_dags/example_branch_datetime_operator.py for tasks to queue
[2026-04-28T12:24:01.524+0000] {logging_mixin.py:188} INFO - [2026-04-28T12:24:01.524+0000] {dagbag.py:540} INFO - Filling up the DagBag from /home/airflow/.local/lib/python3.8/site-packages/airflow/example_dags/example_branch_datetime_operator.py
[2026-04-28T12:24:01.538+0000] {processor.py:840} INFO - DAG(s) 'example_branch_datetime_operator_3', 'example_branch_datetime_operator', 'example_branch_datetime_operator_2' retrieved from /home/airflow/.local/lib/python3.8/site-packages/airflow/example_dags/example_branch_datetime_operator.py
[2026-04-28T12:24:01.572+0000] {logging_mixin.py:188} INFO - [2026-04-28T12:24:01.572+0000] {dag.py:3047} INFO - Sync 3 DAGs
[2026-04-28T12:24:01.610+0000] {logging_mixin.py:188} INFO - [2026-04-28T12:24:01.608+0000] {dag.py:3834} INFO - Setting next_dagrun for example_branch_datetime_operator to 2026-04-27 00:00:00+00:00, run_after=2026-04-28 00:00:00+00:00
[2026-04-28T12:24:01.620+0000] {logging_mixin.py:188} INFO - [2026-04-28T12:24:01.620+0000] {dag.py:3834} INFO - Setting next_dagrun for example_branch_datetime_operator_2 to 2026-04-27 00:00:00+00:00, run_after=2026-04-28 00:00:00+00:00
[2026-04-28T12:24:01.626+0000] {logging_mixin.py:188} INFO - [2026-04-28T12:24:01.626+0000] {dag.py:3834} INFO - Setting next_dagrun for example_branch_datetime_operator_3 to 2026-04-27 00:00:00+00:00, run_after=2026-04-28 00:00:00+00:00
[2026-04-28T12:24:01.653+0000] {processor.py:183} INFO - Processing /home/airflow/.local/lib/python3.8/site-packages/airflow/example_dags/example_branch_datetime_operator.py took 0.137 seconds
[2026-04-28T12:24:32.356+0000] {processor.py:161} INFO - Started process (PID=1451) to work on /home/airflow/.local/lib/python3.8/site-packages/airflow/example_dags/example_branch_datetime_operator.py
[2026-04-28T12:24:32.359+0000] {processor.py:830} INFO - Processing file /home/airflow/.local/lib/python3.8/site-packages/airflow/example_dags/example_branch_datetime_operator.py for tasks to queue
[2026-04-28T12:24:32.368+0000] {logging_mixin.py:188} INFO - [2026-04-28T12:24:32.364+0000] {dagbag.py:540} INFO - Filling up the DagBag from /home/airflow/.local/lib/python3.8/site-packages/airflow/example_dags/example_branch_datetime_operator.py
[2026-04-28T12:24:32.406+0000] {processor.py:840} INFO - DAG(s) 'example_branch_datetime_operator_2', 'example_branch_datetime_operator_3', 'example_branch_datetime_operator' retrieved from /home/airflow/.local/lib/python3.8/site-packages/airflow/example_dags/example_branch_datetime_operator.py
[2026-04-28T12:24:32.477+0000] {logging_mixin.py:188} INFO - [2026-04-28T12:24:32.476+0000] {dag.py:3047} INFO - Sync 3 DAGs
[2026-04-28T12:24:32.531+0000] {logging_mixin.py:188} INFO - [2026-04-28T12:24:32.530+0000] {dag.py:3834} INFO - Setting next_dagrun for example_branch_datetime_operator to 2026-04-27 00:00:00+00:00, run_after=2026-04-28 00:00:00+00:00
[2026-04-28T12:24:32.542+0000] {logging_mixin.py:188} INFO - [2026-04-28T12:24:32.542+0000] {dag.py:3834} INFO - Setting next_dagrun for example_branch_datetime_operator_2 to 2026-04-27 00:00:00+00:00, run_after=2026-04-28 00:00:00+00:00
[2026-04-28T12:24:32.548+0000] {logging_mixin.py:188} INFO - [2026-04-28T12:24:32.547+0000] {dag.py:3834} INFO - Setting next_dagrun for example_branch_datetime_operator_3 to 2026-04-27 00:00:00+00:00, run_after=2026-04-28 00:00:00+00:00
[2026-04-28T12:24:32.581+0000] {processor.py:183} INFO - Processing /home/airflow/.local/lib/python3.8/site-packages/airflow/example_dags/example_branch_datetime_operator.py took 0.239 seconds
[2026-04-28T12:25:02.649+0000] {processor.py:161} INFO - Started process (PID=1507) to work on /home/airflow/.local/lib/python3.8/site-packages/airflow/example_dags/example_branch_datetime_operator.py
[2026-04-28T12:25:02.650+0000] {processor.py:830} INFO - Processing file /home/airflow/.local/lib/python3.8/site-packages/airflow/example_dags/example_branch_datetime_operator.py for tasks to queue
[2026-04-28T12:25:02.652+0000] {logging_mixin.py:188} INFO - [2026-04-28T12:25:02.651+0000] {dagbag.py:540} INFO - Filling up the DagBag from /home/airflow/.local/lib/python3.8/site-packages/airflow/example_dags/example_branch_datetime_operator.py
[2026-04-28T12:25:02.660+0000] {processor.py:840} INFO - DAG(s) 'example_branch_datetime_operator_3', 'example_branch_datetime_operator_2', 'example_branch_datetime_operator' retrieved from /home/airflow/.local/lib/python3.8/site-packages/airflow/example_dags/example_branch_datetime_operator.py
[2026-04-28T12:25:02.681+0000] {logging_mixin.py:188} INFO - [2026-04-28T12:25:02.681+0000] {dag.py:3047} INFO - Sync 3 DAGs
[2026-04-28T12:25:02.698+0000] {logging_mixin.py:188} INFO - [2026-04-28T12:25:02.698+0000] {dag.py:3834} INFO - Setting next_dagrun for example_branch_datetime_operator to 2026-04-27 00:00:00+00:00, run_after=2026-04-28 00:00:00+00:00
[2026-04-28T12:25:02.702+0000] {logging_mixin.py:188} INFO - [2026-04-28T12:25:02.702+0000] {dag.py:3834} INFO - Setting next_dagrun for example_branch_datetime_operator_2 to 2026-04-27 00:00:00+00:00, run_after=2026-04-28 00:00:00+00:00
[2026-04-28T12:25:02.704+0000] {logging_mixin.py:188} INFO - [2026-04-28T12:25:02.704+0000] {dag.py:3834} INFO - Setting next_dagrun for example_branch_datetime_operator_3 to 2026-04-27 00:00:00+00:00, run_after=2026-04-28 00:00:00+00:00
[2026-04-28T12:25:02.716+0000] {processor.py:183} INFO - Processing /home/airflow/.local/lib/python3.8/site-packages/airflow/example_dags/example_branch_datetime_operator.py took 0.069 seconds
[2026-04-28T12:25:32.935+0000] {processor.py:161} INFO - Started process (PID=1562) to work on /home/airflow/.local/lib/python3.8/site-packages/airflow/example_dags/example_branch_datetime_operator.py
[2026-04-28T12:25:32.936+0000] {processor.py:830} INFO - Processing file /home/airflow/.local/lib/python3.8/site-packages/airflow/example_dags/example_branch_datetime_operator.py for tasks to queue
[2026-04-28T12:25:32.938+0000] {logging_mixin.py:188} INFO - [2026-04-28T12:25:32.938+0000] {dagbag.py:540} INFO - Filling up the DagBag from /home/airflow/.local/lib/python3.8/site-packages/airflow/example_dags/example_branch_datetime_operator.py
[2026-04-28T12:25:32.951+0000] {processor.py:840} INFO - DAG(s) 'example_branch_datetime_operator_2', 'example_branch_datetime_operator_3', 'example_branch_datetime_operator' retrieved from /home/airflow/.local/lib/python3.8/site-packages/airflow/example_dags/example_branch_datetime_operator.py
[2026-04-28T12:25:32.981+0000] {logging_mixin.py:188} INFO - [2026-04-28T12:25:32.981+0000] {dag.py:3047} INFO - Sync 3 DAGs
[2026-04-28T12:25:33.008+0000] {logging_mixin.py:188} INFO - [2026-04-28T12:25:33.008+0000] {dag.py:3834} INFO - Setting next_dagrun for example_branch_datetime_operator to 2026-04-27 00:00:00+00:00, run_after=2026-04-28 00:00:00+00:00
[2026-04-28T12:25:33.014+0000] {logging_mixin.py:188} INFO - [2026-04-28T12:25:33.013+0000] {dag.py:3834} INFO - Setting next_dagrun for example_branch_datetime_operator_2 to 2026-04-27 00:00:00+00:00, run_after=2026-04-28 00:00:00+00:00
[2026-04-28T12:25:33.017+0000] {logging_mixin.py:188} INFO - [2026-04-28T12:25:33.017+0000] {dag.py:3834} INFO - Setting next_dagrun for example_branch_datetime_operator_3 to 2026-04-27 00:00:00+00:00, run_after=2026-04-28 00:00:00+00:00
[2026-04-28T12:25:33.032+0000] {processor.py:183} INFO - Processing /home/airflow/.local/lib/python3.8/site-packages/airflow/example_dags/example_branch_datetime_operator.py took 0.101 seconds
