[2026-04-28T12:11:53.862+0000] {processor.py:161} INFO - Started process (PID=87) to work on /home/airflow/.local/lib/python3.8/site-packages/airflow/example_dags/example_params_ui_tutorial.py
[2026-04-28T12:11:53.875+0000] {processor.py:830} INFO - Processing file /home/airflow/.local/lib/python3.8/site-packages/airflow/example_dags/example_params_ui_tutorial.py for tasks to queue
[2026-04-28T12:11:53.886+0000] {logging_mixin.py:188} INFO - [2026-04-28T12:11:53.885+0000] {dagbag.py:540} INFO - Filling up the DagBag from /home/airflow/.local/lib/python3.8/site-packages/airflow/example_dags/example_params_ui_tutorial.py
[2026-04-28T12:11:53.983+0000] {processor.py:840} INFO - DAG(s) 'example_params_ui_tutorial' retrieved from /home/airflow/.local/lib/python3.8/site-packages/airflow/example_dags/example_params_ui_tutorial.py
[2026-04-28T12:11:54.329+0000] {logging_mixin.py:188} INFO - [2026-04-28T12:11:54.328+0000] {dag.py:3047} INFO - Sync 1 DAGs
[2026-04-28T12:11:54.354+0000] {logging_mixin.py:188} INFO - [2026-04-28T12:11:54.354+0000] {dag.py:3834} INFO - Setting next_dagrun for example_params_ui_tutorial to None, run_after=None
[2026-04-28T12:11:54.566+0000] {processor.py:183} INFO - Processing /home/airflow/.local/lib/python3.8/site-packages/airflow/example_dags/example_params_ui_tutorial.py took 0.717 seconds
[2026-04-28T12:12:25.114+0000] {processor.py:161} INFO - Started process (PID=142) to work on /home/airflow/.local/lib/python3.8/site-packages/airflow/example_dags/example_params_ui_tutorial.py
[2026-04-28T12:12:25.115+0000] {processor.py:830} INFO - Processing file /home/airflow/.local/lib/python3.8/site-packages/airflow/example_dags/example_params_ui_tutorial.py for tasks to queue
[2026-04-28T12:12:25.117+0000] {logging_mixin.py:188} INFO - [2026-04-28T12:12:25.116+0000] {dagbag.py:540} INFO - Filling up the DagBag from /home/airflow/.local/lib/python3.8/site-packages/airflow/example_dags/example_params_ui_tutorial.py
[2026-04-28T12:12:25.133+0000] {processor.py:840} INFO - DAG(s) 'example_params_ui_tutorial' retrieved from /home/airflow/.local/lib/python3.8/site-packages/airflow/example_dags/example_params_ui_tutorial.py
[2026-04-28T12:12:25.205+0000] {logging_mixin.py:188} INFO - [2026-04-28T12:12:25.204+0000] {dag.py:3047} INFO - Sync 1 DAGs
[2026-04-28T12:12:25.218+0000] {logging_mixin.py:188} INFO - [2026-04-28T12:12:25.217+0000] {dag.py:3834} INFO - Setting next_dagrun for example_params_ui_tutorial to None, run_after=None
[2026-04-28T12:12:25.235+0000] {processor.py:183} INFO - Processing /home/airflow/.local/lib/python3.8/site-packages/airflow/example_dags/example_params_ui_tutorial.py took 0.125 seconds
[2026-04-28T12:12:55.292+0000] {processor.py:161} INFO - Started process (PID=198) to work on /home/airflow/.local/lib/python3.8/site-packages/airflow/example_dags/example_params_ui_tutorial.py
[2026-04-28T12:12:55.293+0000] {processor.py:830} INFO - Processing file /home/airflow/.local/lib/python3.8/site-packages/airflow/example_dags/example_params_ui_tutorial.py for tasks to queue
[2026-04-28T12:12:55.295+0000] {logging_mixin.py:188} INFO - [2026-04-28T12:12:55.295+0000] {dagbag.py:540} INFO - Filling up the DagBag from /home/airflow/.local/lib/python3.8/site-packages/airflow/example_dags/example_params_ui_tutorial.py
[2026-04-28T12:12:55.308+0000] {processor.py:840} INFO - DAG(s) 'example_params_ui_tutorial' retrieved from /home/airflow/.local/lib/python3.8/site-packages/airflow/example_dags/example_params_ui_tutorial.py
[2026-04-28T12:12:55.380+0000] {logging_mixin.py:188} INFO - [2026-04-28T12:12:55.380+0000] {dag.py:3047} INFO - Sync 1 DAGs
[2026-04-28T12:12:55.394+0000] {logging_mixin.py:188} INFO - [2026-04-28T12:12:55.394+0000] {dag.py:3834} INFO - Setting next_dagrun for example_params_ui_tutorial to None, run_after=None
[2026-04-28T12:12:55.410+0000] {processor.py:183} INFO - Processing /home/airflow/.local/lib/python3.8/site-packages/airflow/example_dags/example_params_ui_tutorial.py took 0.122 seconds
[2026-04-28T12:13:25.753+0000] {processor.py:161} INFO - Started process (PID=252) to work on /home/airflow/.local/lib/python3.8/site-packages/airflow/example_dags/example_params_ui_tutorial.py
[2026-04-28T12:13:25.754+0000] {processor.py:830} INFO - Processing file /home/airflow/.local/lib/python3.8/site-packages/airflow/example_dags/example_params_ui_tutorial.py for tasks to queue
[2026-04-28T12:13:25.756+0000] {logging_mixin.py:188} INFO - [2026-04-28T12:13:25.756+0000] {dagbag.py:540} INFO - Filling up the DagBag from /home/airflow/.local/lib/python3.8/site-packages/airflow/example_dags/example_params_ui_tutorial.py
[2026-04-28T12:13:25.772+0000] {processor.py:840} INFO - DAG(s) 'example_params_ui_tutorial' retrieved from /home/airflow/.local/lib/python3.8/site-packages/airflow/example_dags/example_params_ui_tutorial.py
[2026-04-28T12:13:25.845+0000] {logging_mixin.py:188} INFO - [2026-04-28T12:13:25.844+0000] {dag.py:3047} INFO - Sync 1 DAGs
[2026-04-28T12:13:25.858+0000] {logging_mixin.py:188} INFO - [2026-04-28T12:13:25.858+0000] {dag.py:3834} INFO - Setting next_dagrun for example_params_ui_tutorial to None, run_after=None
[2026-04-28T12:13:25.879+0000] {processor.py:183} INFO - Processing /home/airflow/.local/lib/python3.8/site-packages/airflow/example_dags/example_params_ui_tutorial.py took 0.130 seconds
[2026-04-28T12:13:56.236+0000] {processor.py:161} INFO - Started process (PID=307) to work on /home/airflow/.local/lib/python3.8/site-packages/airflow/example_dags/example_params_ui_tutorial.py
[2026-04-28T12:13:56.237+0000] {processor.py:830} INFO - Processing file /home/airflow/.local/lib/python3.8/site-packages/airflow/example_dags/example_params_ui_tutorial.py for tasks to queue
[2026-04-28T12:13:56.239+0000] {logging_mixin.py:188} INFO - [2026-04-28T12:13:56.238+0000] {dagbag.py:540} INFO - Filling up the DagBag from /home/airflow/.local/lib/python3.8/site-packages/airflow/example_dags/example_params_ui_tutorial.py
[2026-04-28T12:13:56.253+0000] {processor.py:840} INFO - DAG(s) 'example_params_ui_tutorial' retrieved from /home/airflow/.local/lib/python3.8/site-packages/airflow/example_dags/example_params_ui_tutorial.py
[2026-04-28T12:13:56.325+0000] {logging_mixin.py:188} INFO - [2026-04-28T12:13:56.325+0000] {dag.py:3047} INFO - Sync 1 DAGs
[2026-04-28T12:13:56.339+0000] {logging_mixin.py:188} INFO - [2026-04-28T12:13:56.338+0000] {dag.py:3834} INFO - Setting next_dagrun for example_params_ui_tutorial to None, run_after=None
[2026-04-28T12:13:56.356+0000] {processor.py:183} INFO - Processing /home/airflow/.local/lib/python3.8/site-packages/airflow/example_dags/example_params_ui_tutorial.py took 0.124 seconds
[2026-04-28T12:14:26.752+0000] {processor.py:161} INFO - Started process (PID=362) to work on /home/airflow/.local/lib/python3.8/site-packages/airflow/example_dags/example_params_ui_tutorial.py
[2026-04-28T12:14:26.754+0000] {processor.py:830} INFO - Processing file /home/airflow/.local/lib/python3.8/site-packages/airflow/example_dags/example_params_ui_tutorial.py for tasks to queue
[2026-04-28T12:14:26.759+0000] {logging_mixin.py:188} INFO - [2026-04-28T12:14:26.759+0000] {dagbag.py:540} INFO - Filling up the DagBag from /home/airflow/.local/lib/python3.8/site-packages/airflow/example_dags/example_params_ui_tutorial.py
[2026-04-28T12:14:26.777+0000] {processor.py:840} INFO - DAG(s) 'example_params_ui_tutorial' retrieved from /home/airflow/.local/lib/python3.8/site-packages/airflow/example_dags/example_params_ui_tutorial.py
[2026-04-28T12:14:26.873+0000] {logging_mixin.py:188} INFO - [2026-04-28T12:14:26.872+0000] {dag.py:3047} INFO - Sync 1 DAGs
[2026-04-28T12:14:26.890+0000] {logging_mixin.py:188} INFO - [2026-04-28T12:14:26.888+0000] {dag.py:3834} INFO - Setting next_dagrun for example_params_ui_tutorial to None, run_after=None
[2026-04-28T12:14:26.920+0000] {processor.py:183} INFO - Processing /home/airflow/.local/lib/python3.8/site-packages/airflow/example_dags/example_params_ui_tutorial.py took 0.176 seconds
[2026-04-28T12:14:57.418+0000] {processor.py:161} INFO - Started process (PID=417) to work on /home/airflow/.local/lib/python3.8/site-packages/airflow/example_dags/example_params_ui_tutorial.py
[2026-04-28T12:14:57.419+0000] {processor.py:830} INFO - Processing file /home/airflow/.local/lib/python3.8/site-packages/airflow/example_dags/example_params_ui_tutorial.py for tasks to queue
[2026-04-28T12:14:57.421+0000] {logging_mixin.py:188} INFO - [2026-04-28T12:14:57.421+0000] {dagbag.py:540} INFO - Filling up the DagBag from /home/airflow/.local/lib/python3.8/site-packages/airflow/example_dags/example_params_ui_tutorial.py
[2026-04-28T12:14:57.434+0000] {processor.py:840} INFO - DAG(s) 'example_params_ui_tutorial' retrieved from /home/airflow/.local/lib/python3.8/site-packages/airflow/example_dags/example_params_ui_tutorial.py
[2026-04-28T12:14:57.571+0000] {logging_mixin.py:188} INFO - [2026-04-28T12:14:57.571+0000] {dag.py:3047} INFO - Sync 1 DAGs
[2026-04-28T12:14:57.584+0000] {logging_mixin.py:188} INFO - [2026-04-28T12:14:57.584+0000] {dag.py:3834} INFO - Setting next_dagrun for example_params_ui_tutorial to None, run_after=None
[2026-04-28T12:14:57.602+0000] {processor.py:183} INFO - Processing /home/airflow/.local/lib/python3.8/site-packages/airflow/example_dags/example_params_ui_tutorial.py took 0.187 seconds
[2026-04-28T12:15:28.042+0000] {processor.py:161} INFO - Started process (PID=472) to work on /home/airflow/.local/lib/python3.8/site-packages/airflow/example_dags/example_params_ui_tutorial.py
[2026-04-28T12:15:28.044+0000] {processor.py:830} INFO - Processing file /home/airflow/.local/lib/python3.8/site-packages/airflow/example_dags/example_params_ui_tutorial.py for tasks to queue
[2026-04-28T12:15:28.046+0000] {logging_mixin.py:188} INFO - [2026-04-28T12:15:28.045+0000] {dagbag.py:540} INFO - Filling up the DagBag from /home/airflow/.local/lib/python3.8/site-packages/airflow/example_dags/example_params_ui_tutorial.py
[2026-04-28T12:15:28.064+0000] {processor.py:840} INFO - DAG(s) 'example_params_ui_tutorial' retrieved from /home/airflow/.local/lib/python3.8/site-packages/airflow/example_dags/example_params_ui_tutorial.py
[2026-04-28T12:15:28.131+0000] {logging_mixin.py:188} INFO - [2026-04-28T12:15:28.131+0000] {dag.py:3047} INFO - Sync 1 DAGs
[2026-04-28T12:15:28.145+0000] {logging_mixin.py:188} INFO - [2026-04-28T12:15:28.145+0000] {dag.py:3834} INFO - Setting next_dagrun for example_params_ui_tutorial to None, run_after=None
[2026-04-28T12:15:28.164+0000] {processor.py:183} INFO - Processing /home/airflow/.local/lib/python3.8/site-packages/airflow/example_dags/example_params_ui_tutorial.py took 0.126 seconds
[2026-04-28T12:15:58.767+0000] {processor.py:161} INFO - Started process (PID=526) to work on /home/airflow/.local/lib/python3.8/site-packages/airflow/example_dags/example_params_ui_tutorial.py
[2026-04-28T12:15:58.769+0000] {processor.py:830} INFO - Processing file /home/airflow/.local/lib/python3.8/site-packages/airflow/example_dags/example_params_ui_tutorial.py for tasks to queue
[2026-04-28T12:15:58.771+0000] {logging_mixin.py:188} INFO - [2026-04-28T12:15:58.771+0000] {dagbag.py:540} INFO - Filling up the DagBag from /home/airflow/.local/lib/python3.8/site-packages/airflow/example_dags/example_params_ui_tutorial.py
[2026-04-28T12:15:58.785+0000] {processor.py:840} INFO - DAG(s) 'example_params_ui_tutorial' retrieved from /home/airflow/.local/lib/python3.8/site-packages/airflow/example_dags/example_params_ui_tutorial.py
[2026-04-28T12:15:58.926+0000] {logging_mixin.py:188} INFO - [2026-04-28T12:15:58.925+0000] {dag.py:3047} INFO - Sync 1 DAGs
[2026-04-28T12:15:58.946+0000] {logging_mixin.py:188} INFO - [2026-04-28T12:15:58.946+0000] {dag.py:3834} INFO - Setting next_dagrun for example_params_ui_tutorial to None, run_after=None
[2026-04-28T12:15:58.972+0000] {processor.py:183} INFO - Processing /home/airflow/.local/lib/python3.8/site-packages/airflow/example_dags/example_params_ui_tutorial.py took 0.209 seconds
[2026-04-28T12:16:29.220+0000] {processor.py:161} INFO - Started process (PID=581) to work on /home/airflow/.local/lib/python3.8/site-packages/airflow/example_dags/example_params_ui_tutorial.py
[2026-04-28T12:16:29.222+0000] {processor.py:830} INFO - Processing file /home/airflow/.local/lib/python3.8/site-packages/airflow/example_dags/example_params_ui_tutorial.py for tasks to queue
[2026-04-28T12:16:29.224+0000] {logging_mixin.py:188} INFO - [2026-04-28T12:16:29.224+0000] {dagbag.py:540} INFO - Filling up the DagBag from /home/airflow/.local/lib/python3.8/site-packages/airflow/example_dags/example_params_ui_tutorial.py
[2026-04-28T12:16:29.239+0000] {processor.py:840} INFO - DAG(s) 'example_params_ui_tutorial' retrieved from /home/airflow/.local/lib/python3.8/site-packages/airflow/example_dags/example_params_ui_tutorial.py
[2026-04-28T12:16:29.317+0000] {logging_mixin.py:188} INFO - [2026-04-28T12:16:29.317+0000] {dag.py:3047} INFO - Sync 1 DAGs
[2026-04-28T12:16:29.332+0000] {logging_mixin.py:188} INFO - [2026-04-28T12:16:29.332+0000] {dag.py:3834} INFO - Setting next_dagrun for example_params_ui_tutorial to None, run_after=None
[2026-04-28T12:16:29.358+0000] {processor.py:183} INFO - Processing /home/airflow/.local/lib/python3.8/site-packages/airflow/example_dags/example_params_ui_tutorial.py took 0.145 seconds
[2026-04-28T12:16:59.394+0000] {processor.py:161} INFO - Started process (PID=636) to work on /home/airflow/.local/lib/python3.8/site-packages/airflow/example_dags/example_params_ui_tutorial.py
[2026-04-28T12:16:59.395+0000] {processor.py:830} INFO - Processing file /home/airflow/.local/lib/python3.8/site-packages/airflow/example_dags/example_params_ui_tutorial.py for tasks to queue
[2026-04-28T12:16:59.399+0000] {logging_mixin.py:188} INFO - [2026-04-28T12:16:59.399+0000] {dagbag.py:540} INFO - Filling up the DagBag from /home/airflow/.local/lib/python3.8/site-packages/airflow/example_dags/example_params_ui_tutorial.py
[2026-04-28T12:16:59.453+0000] {processor.py:840} INFO - DAG(s) 'example_params_ui_tutorial' retrieved from /home/airflow/.local/lib/python3.8/site-packages/airflow/example_dags/example_params_ui_tutorial.py
[2026-04-28T12:16:59.532+0000] {logging_mixin.py:188} INFO - [2026-04-28T12:16:59.531+0000] {dag.py:3047} INFO - Sync 1 DAGs
[2026-04-28T12:16:59.546+0000] {logging_mixin.py:188} INFO - [2026-04-28T12:16:59.545+0000] {dag.py:3834} INFO - Setting next_dagrun for example_params_ui_tutorial to None, run_after=None
[2026-04-28T12:16:59.567+0000] {processor.py:183} INFO - Processing /home/airflow/.local/lib/python3.8/site-packages/airflow/example_dags/example_params_ui_tutorial.py took 0.176 seconds
[2026-04-28T12:17:30.081+0000] {processor.py:161} INFO - Started process (PID=691) to work on /home/airflow/.local/lib/python3.8/site-packages/airflow/example_dags/example_params_ui_tutorial.py
[2026-04-28T12:17:30.082+0000] {processor.py:830} INFO - Processing file /home/airflow/.local/lib/python3.8/site-packages/airflow/example_dags/example_params_ui_tutorial.py for tasks to queue
[2026-04-28T12:17:30.086+0000] {logging_mixin.py:188} INFO - [2026-04-28T12:17:30.085+0000] {dagbag.py:540} INFO - Filling up the DagBag from /home/airflow/.local/lib/python3.8/site-packages/airflow/example_dags/example_params_ui_tutorial.py
[2026-04-28T12:17:30.100+0000] {processor.py:840} INFO - DAG(s) 'example_params_ui_tutorial' retrieved from /home/airflow/.local/lib/python3.8/site-packages/airflow/example_dags/example_params_ui_tutorial.py
[2026-04-28T12:17:30.197+0000] {logging_mixin.py:188} INFO - [2026-04-28T12:17:30.197+0000] {dag.py:3047} INFO - Sync 1 DAGs
[2026-04-28T12:17:30.217+0000] {logging_mixin.py:188} INFO - [2026-04-28T12:17:30.217+0000] {dag.py:3834} INFO - Setting next_dagrun for example_params_ui_tutorial to None, run_after=None
[2026-04-28T12:17:30.235+0000] {processor.py:183} INFO - Processing /home/airflow/.local/lib/python3.8/site-packages/airflow/example_dags/example_params_ui_tutorial.py took 0.159 seconds
[2026-04-28T12:18:00.321+0000] {processor.py:161} INFO - Started process (PID=747) to work on /home/airflow/.local/lib/python3.8/site-packages/airflow/example_dags/example_params_ui_tutorial.py
[2026-04-28T12:18:00.322+0000] {processor.py:830} INFO - Processing file /home/airflow/.local/lib/python3.8/site-packages/airflow/example_dags/example_params_ui_tutorial.py for tasks to queue
[2026-04-28T12:18:00.324+0000] {logging_mixin.py:188} INFO - [2026-04-28T12:18:00.324+0000] {dagbag.py:540} INFO - Filling up the DagBag from /home/airflow/.local/lib/python3.8/site-packages/airflow/example_dags/example_params_ui_tutorial.py
[2026-04-28T12:18:00.338+0000] {processor.py:840} INFO - DAG(s) 'example_params_ui_tutorial' retrieved from /home/airflow/.local/lib/python3.8/site-packages/airflow/example_dags/example_params_ui_tutorial.py
[2026-04-28T12:18:00.414+0000] {logging_mixin.py:188} INFO - [2026-04-28T12:18:00.413+0000] {dag.py:3047} INFO - Sync 1 DAGs
[2026-04-28T12:18:00.424+0000] {logging_mixin.py:188} INFO - [2026-04-28T12:18:00.423+0000] {dag.py:3834} INFO - Setting next_dagrun for example_params_ui_tutorial to None, run_after=None
[2026-04-28T12:18:00.437+0000] {processor.py:183} INFO - Processing /home/airflow/.local/lib/python3.8/site-packages/airflow/example_dags/example_params_ui_tutorial.py took 0.119 seconds
[2026-04-28T12:18:30.561+0000] {processor.py:161} INFO - Started process (PID=802) to work on /home/airflow/.local/lib/python3.8/site-packages/airflow/example_dags/example_params_ui_tutorial.py
[2026-04-28T12:18:30.562+0000] {processor.py:830} INFO - Processing file /home/airflow/.local/lib/python3.8/site-packages/airflow/example_dags/example_params_ui_tutorial.py for tasks to queue
[2026-04-28T12:18:30.564+0000] {logging_mixin.py:188} INFO - [2026-04-28T12:18:30.564+0000] {dagbag.py:540} INFO - Filling up the DagBag from /home/airflow/.local/lib/python3.8/site-packages/airflow/example_dags/example_params_ui_tutorial.py
[2026-04-28T12:18:30.577+0000] {processor.py:840} INFO - DAG(s) 'example_params_ui_tutorial' retrieved from /home/airflow/.local/lib/python3.8/site-packages/airflow/example_dags/example_params_ui_tutorial.py
[2026-04-28T12:18:30.648+0000] {logging_mixin.py:188} INFO - [2026-04-28T12:18:30.648+0000] {dag.py:3047} INFO - Sync 1 DAGs
[2026-04-28T12:18:30.661+0000] {logging_mixin.py:188} INFO - [2026-04-28T12:18:30.661+0000] {dag.py:3834} INFO - Setting next_dagrun for example_params_ui_tutorial to None, run_after=None
[2026-04-28T12:18:30.677+0000] {processor.py:183} INFO - Processing /home/airflow/.local/lib/python3.8/site-packages/airflow/example_dags/example_params_ui_tutorial.py took 0.120 seconds
[2026-04-28T12:19:00.947+0000] {processor.py:161} INFO - Started process (PID=856) to work on /home/airflow/.local/lib/python3.8/site-packages/airflow/example_dags/example_params_ui_tutorial.py
[2026-04-28T12:19:00.948+0000] {processor.py:830} INFO - Processing file /home/airflow/.local/lib/python3.8/site-packages/airflow/example_dags/example_params_ui_tutorial.py for tasks to queue
[2026-04-28T12:19:00.950+0000] {logging_mixin.py:188} INFO - [2026-04-28T12:19:00.949+0000] {dagbag.py:540} INFO - Filling up the DagBag from /home/airflow/.local/lib/python3.8/site-packages/airflow/example_dags/example_params_ui_tutorial.py
[2026-04-28T12:19:00.964+0000] {processor.py:840} INFO - DAG(s) 'example_params_ui_tutorial' retrieved from /home/airflow/.local/lib/python3.8/site-packages/airflow/example_dags/example_params_ui_tutorial.py
[2026-04-28T12:19:01.033+0000] {logging_mixin.py:188} INFO - [2026-04-28T12:19:01.033+0000] {dag.py:3047} INFO - Sync 1 DAGs
[2026-04-28T12:19:01.047+0000] {logging_mixin.py:188} INFO - [2026-04-28T12:19:01.046+0000] {dag.py:3834} INFO - Setting next_dagrun for example_params_ui_tutorial to None, run_after=None
[2026-04-28T12:19:01.063+0000] {processor.py:183} INFO - Processing /home/airflow/.local/lib/python3.8/site-packages/airflow/example_dags/example_params_ui_tutorial.py took 0.121 seconds
[2026-04-28T12:19:31.156+0000] {processor.py:161} INFO - Started process (PID=911) to work on /home/airflow/.local/lib/python3.8/site-packages/airflow/example_dags/example_params_ui_tutorial.py
[2026-04-28T12:19:31.159+0000] {processor.py:830} INFO - Processing file /home/airflow/.local/lib/python3.8/site-packages/airflow/example_dags/example_params_ui_tutorial.py for tasks to queue
[2026-04-28T12:19:31.168+0000] {logging_mixin.py:188} INFO - [2026-04-28T12:19:31.167+0000] {dagbag.py:540} INFO - Filling up the DagBag from /home/airflow/.local/lib/python3.8/site-packages/airflow/example_dags/example_params_ui_tutorial.py
[2026-04-28T12:19:31.183+0000] {processor.py:840} INFO - DAG(s) 'example_params_ui_tutorial' retrieved from /home/airflow/.local/lib/python3.8/site-packages/airflow/example_dags/example_params_ui_tutorial.py
[2026-04-28T12:19:31.259+0000] {logging_mixin.py:188} INFO - [2026-04-28T12:19:31.259+0000] {dag.py:3047} INFO - Sync 1 DAGs
[2026-04-28T12:19:31.271+0000] {logging_mixin.py:188} INFO - [2026-04-28T12:19:31.271+0000] {dag.py:3834} INFO - Setting next_dagrun for example_params_ui_tutorial to None, run_after=None
[2026-04-28T12:19:31.288+0000] {processor.py:183} INFO - Processing /home/airflow/.local/lib/python3.8/site-packages/airflow/example_dags/example_params_ui_tutorial.py took 0.143 seconds
[2026-04-28T12:20:01.842+0000] {processor.py:161} INFO - Started process (PID=971) to work on /home/airflow/.local/lib/python3.8/site-packages/airflow/example_dags/example_params_ui_tutorial.py
[2026-04-28T12:20:01.843+0000] {processor.py:830} INFO - Processing file /home/airflow/.local/lib/python3.8/site-packages/airflow/example_dags/example_params_ui_tutorial.py for tasks to queue
[2026-04-28T12:20:01.845+0000] {logging_mixin.py:188} INFO - [2026-04-28T12:20:01.844+0000] {dagbag.py:540} INFO - Filling up the DagBag from /home/airflow/.local/lib/python3.8/site-packages/airflow/example_dags/example_params_ui_tutorial.py
[2026-04-28T12:20:01.858+0000] {processor.py:840} INFO - DAG(s) 'example_params_ui_tutorial' retrieved from /home/airflow/.local/lib/python3.8/site-packages/airflow/example_dags/example_params_ui_tutorial.py
[2026-04-28T12:20:01.940+0000] {logging_mixin.py:188} INFO - [2026-04-28T12:20:01.940+0000] {dag.py:3047} INFO - Sync 1 DAGs
[2026-04-28T12:20:01.954+0000] {logging_mixin.py:188} INFO - [2026-04-28T12:20:01.954+0000] {dag.py:3834} INFO - Setting next_dagrun for example_params_ui_tutorial to None, run_after=None
[2026-04-28T12:20:01.970+0000] {processor.py:183} INFO - Processing /home/airflow/.local/lib/python3.8/site-packages/airflow/example_dags/example_params_ui_tutorial.py took 0.132 seconds
[2026-04-28T12:20:32.084+0000] {processor.py:161} INFO - Started process (PID=1026) to work on /home/airflow/.local/lib/python3.8/site-packages/airflow/example_dags/example_params_ui_tutorial.py
[2026-04-28T12:20:32.086+0000] {processor.py:830} INFO - Processing file /home/airflow/.local/lib/python3.8/site-packages/airflow/example_dags/example_params_ui_tutorial.py for tasks to queue
[2026-04-28T12:20:32.088+0000] {logging_mixin.py:188} INFO - [2026-04-28T12:20:32.088+0000] {dagbag.py:540} INFO - Filling up the DagBag from /home/airflow/.local/lib/python3.8/site-packages/airflow/example_dags/example_params_ui_tutorial.py
[2026-04-28T12:20:32.102+0000] {processor.py:840} INFO - DAG(s) 'example_params_ui_tutorial' retrieved from /home/airflow/.local/lib/python3.8/site-packages/airflow/example_dags/example_params_ui_tutorial.py
[2026-04-28T12:20:32.172+0000] {logging_mixin.py:188} INFO - [2026-04-28T12:20:32.172+0000] {dag.py:3047} INFO - Sync 1 DAGs
[2026-04-28T12:20:32.186+0000] {logging_mixin.py:188} INFO - [2026-04-28T12:20:32.185+0000] {dag.py:3834} INFO - Setting next_dagrun for example_params_ui_tutorial to None, run_after=None
[2026-04-28T12:20:32.203+0000] {processor.py:183} INFO - Processing /home/airflow/.local/lib/python3.8/site-packages/airflow/example_dags/example_params_ui_tutorial.py took 0.123 seconds
[2026-04-28T12:21:02.826+0000] {processor.py:161} INFO - Started process (PID=1082) to work on /home/airflow/.local/lib/python3.8/site-packages/airflow/example_dags/example_params_ui_tutorial.py
[2026-04-28T12:21:02.827+0000] {processor.py:830} INFO - Processing file /home/airflow/.local/lib/python3.8/site-packages/airflow/example_dags/example_params_ui_tutorial.py for tasks to queue
[2026-04-28T12:21:02.829+0000] {logging_mixin.py:188} INFO - [2026-04-28T12:21:02.828+0000] {dagbag.py:540} INFO - Filling up the DagBag from /home/airflow/.local/lib/python3.8/site-packages/airflow/example_dags/example_params_ui_tutorial.py
[2026-04-28T12:21:02.838+0000] {processor.py:840} INFO - DAG(s) 'example_params_ui_tutorial' retrieved from /home/airflow/.local/lib/python3.8/site-packages/airflow/example_dags/example_params_ui_tutorial.py
[2026-04-28T12:21:02.883+0000] {logging_mixin.py:188} INFO - [2026-04-28T12:21:02.883+0000] {dag.py:3047} INFO - Sync 1 DAGs
[2026-04-28T12:21:02.892+0000] {logging_mixin.py:188} INFO - [2026-04-28T12:21:02.892+0000] {dag.py:3834} INFO - Setting next_dagrun for example_params_ui_tutorial to None, run_after=None
[2026-04-28T12:21:02.906+0000] {processor.py:183} INFO - Processing /home/airflow/.local/lib/python3.8/site-packages/airflow/example_dags/example_params_ui_tutorial.py took 0.083 seconds
[2026-04-28T12:21:32.958+0000] {processor.py:161} INFO - Started process (PID=1137) to work on /home/airflow/.local/lib/python3.8/site-packages/airflow/example_dags/example_params_ui_tutorial.py
[2026-04-28T12:21:32.959+0000] {processor.py:830} INFO - Processing file /home/airflow/.local/lib/python3.8/site-packages/airflow/example_dags/example_params_ui_tutorial.py for tasks to queue
[2026-04-28T12:21:32.961+0000] {logging_mixin.py:188} INFO - [2026-04-28T12:21:32.961+0000] {dagbag.py:540} INFO - Filling up the DagBag from /home/airflow/.local/lib/python3.8/site-packages/airflow/example_dags/example_params_ui_tutorial.py
[2026-04-28T12:21:32.975+0000] {processor.py:840} INFO - DAG(s) 'example_params_ui_tutorial' retrieved from /home/airflow/.local/lib/python3.8/site-packages/airflow/example_dags/example_params_ui_tutorial.py
[2026-04-28T12:21:33.068+0000] {logging_mixin.py:188} INFO - [2026-04-28T12:21:33.068+0000] {dag.py:3047} INFO - Sync 1 DAGs
[2026-04-28T12:21:33.086+0000] {logging_mixin.py:188} INFO - [2026-04-28T12:21:33.086+0000] {dag.py:3834} INFO - Setting next_dagrun for example_params_ui_tutorial to None, run_after=None
[2026-04-28T12:21:33.103+0000] {processor.py:183} INFO - Processing /home/airflow/.local/lib/python3.8/site-packages/airflow/example_dags/example_params_ui_tutorial.py took 0.149 seconds
[2026-04-28T12:22:03.607+0000] {processor.py:161} INFO - Started process (PID=1191) to work on /home/airflow/.local/lib/python3.8/site-packages/airflow/example_dags/example_params_ui_tutorial.py
[2026-04-28T12:22:03.608+0000] {processor.py:830} INFO - Processing file /home/airflow/.local/lib/python3.8/site-packages/airflow/example_dags/example_params_ui_tutorial.py for tasks to queue
[2026-04-28T12:22:03.610+0000] {logging_mixin.py:188} INFO - [2026-04-28T12:22:03.610+0000] {dagbag.py:540} INFO - Filling up the DagBag from /home/airflow/.local/lib/python3.8/site-packages/airflow/example_dags/example_params_ui_tutorial.py
[2026-04-28T12:22:03.624+0000] {processor.py:840} INFO - DAG(s) 'example_params_ui_tutorial' retrieved from /home/airflow/.local/lib/python3.8/site-packages/airflow/example_dags/example_params_ui_tutorial.py
[2026-04-28T12:22:03.697+0000] {logging_mixin.py:188} INFO - [2026-04-28T12:22:03.696+0000] {dag.py:3047} INFO - Sync 1 DAGs
[2026-04-28T12:22:03.709+0000] {logging_mixin.py:188} INFO - [2026-04-28T12:22:03.708+0000] {dag.py:3834} INFO - Setting next_dagrun for example_params_ui_tutorial to None, run_after=None
[2026-04-28T12:22:03.727+0000] {processor.py:183} INFO - Processing /home/airflow/.local/lib/python3.8/site-packages/airflow/example_dags/example_params_ui_tutorial.py took 0.126 seconds
[2026-04-28T12:22:33.836+0000] {processor.py:161} INFO - Started process (PID=1246) to work on /home/airflow/.local/lib/python3.8/site-packages/airflow/example_dags/example_params_ui_tutorial.py
[2026-04-28T12:22:33.837+0000] {processor.py:830} INFO - Processing file /home/airflow/.local/lib/python3.8/site-packages/airflow/example_dags/example_params_ui_tutorial.py for tasks to queue
[2026-04-28T12:22:33.839+0000] {logging_mixin.py:188} INFO - [2026-04-28T12:22:33.839+0000] {dagbag.py:540} INFO - Filling up the DagBag from /home/airflow/.local/lib/python3.8/site-packages/airflow/example_dags/example_params_ui_tutorial.py
[2026-04-28T12:22:33.852+0000] {processor.py:840} INFO - DAG(s) 'example_params_ui_tutorial' retrieved from /home/airflow/.local/lib/python3.8/site-packages/airflow/example_dags/example_params_ui_tutorial.py
[2026-04-28T12:22:33.935+0000] {logging_mixin.py:188} INFO - [2026-04-28T12:22:33.934+0000] {dag.py:3047} INFO - Sync 1 DAGs
[2026-04-28T12:22:33.954+0000] {logging_mixin.py:188} INFO - [2026-04-28T12:22:33.954+0000] {dag.py:3834} INFO - Setting next_dagrun for example_params_ui_tutorial to None, run_after=None
[2026-04-28T12:22:33.972+0000] {processor.py:183} INFO - Processing /home/airflow/.local/lib/python3.8/site-packages/airflow/example_dags/example_params_ui_tutorial.py took 0.139 seconds
[2026-04-28T12:23:04.381+0000] {processor.py:161} INFO - Started process (PID=1301) to work on /home/airflow/.local/lib/python3.8/site-packages/airflow/example_dags/example_params_ui_tutorial.py
[2026-04-28T12:23:04.382+0000] {processor.py:830} INFO - Processing file /home/airflow/.local/lib/python3.8/site-packages/airflow/example_dags/example_params_ui_tutorial.py for tasks to queue
[2026-04-28T12:23:04.385+0000] {logging_mixin.py:188} INFO - [2026-04-28T12:23:04.384+0000] {dagbag.py:540} INFO - Filling up the DagBag from /home/airflow/.local/lib/python3.8/site-packages/airflow/example_dags/example_params_ui_tutorial.py
[2026-04-28T12:23:04.399+0000] {processor.py:840} INFO - DAG(s) 'example_params_ui_tutorial' retrieved from /home/airflow/.local/lib/python3.8/site-packages/airflow/example_dags/example_params_ui_tutorial.py
[2026-04-28T12:23:04.484+0000] {logging_mixin.py:188} INFO - [2026-04-28T12:23:04.484+0000] {dag.py:3047} INFO - Sync 1 DAGs
[2026-04-28T12:23:04.498+0000] {logging_mixin.py:188} INFO - [2026-04-28T12:23:04.497+0000] {dag.py:3834} INFO - Setting next_dagrun for example_params_ui_tutorial to None, run_after=None
[2026-04-28T12:23:04.516+0000] {processor.py:183} INFO - Processing /home/airflow/.local/lib/python3.8/site-packages/airflow/example_dags/example_params_ui_tutorial.py took 0.139 seconds
[2026-04-28T12:23:34.664+0000] {processor.py:161} INFO - Started process (PID=1356) to work on /home/airflow/.local/lib/python3.8/site-packages/airflow/example_dags/example_params_ui_tutorial.py
[2026-04-28T12:23:34.665+0000] {processor.py:830} INFO - Processing file /home/airflow/.local/lib/python3.8/site-packages/airflow/example_dags/example_params_ui_tutorial.py for tasks to queue
[2026-04-28T12:23:34.667+0000] {logging_mixin.py:188} INFO - [2026-04-28T12:23:34.667+0000] {dagbag.py:540} INFO - Filling up the DagBag from /home/airflow/.local/lib/python3.8/site-packages/airflow/example_dags/example_params_ui_tutorial.py
[2026-04-28T12:23:34.681+0000] {processor.py:840} INFO - DAG(s) 'example_params_ui_tutorial' retrieved from /home/airflow/.local/lib/python3.8/site-packages/airflow/example_dags/example_params_ui_tutorial.py
[2026-04-28T12:23:34.760+0000] {logging_mixin.py:188} INFO - [2026-04-28T12:23:34.760+0000] {dag.py:3047} INFO - Sync 1 DAGs
[2026-04-28T12:23:34.774+0000] {logging_mixin.py:188} INFO - [2026-04-28T12:23:34.774+0000] {dag.py:3834} INFO - Setting next_dagrun for example_params_ui_tutorial to None, run_after=None
[2026-04-28T12:23:34.799+0000] {processor.py:183} INFO - Processing /home/airflow/.local/lib/python3.8/site-packages/airflow/example_dags/example_params_ui_tutorial.py took 0.138 seconds
[2026-04-28T12:24:05.316+0000] {processor.py:161} INFO - Started process (PID=1411) to work on /home/airflow/.local/lib/python3.8/site-packages/airflow/example_dags/example_params_ui_tutorial.py
[2026-04-28T12:24:05.317+0000] {processor.py:830} INFO - Processing file /home/airflow/.local/lib/python3.8/site-packages/airflow/example_dags/example_params_ui_tutorial.py for tasks to queue
[2026-04-28T12:24:05.319+0000] {logging_mixin.py:188} INFO - [2026-04-28T12:24:05.319+0000] {dagbag.py:540} INFO - Filling up the DagBag from /home/airflow/.local/lib/python3.8/site-packages/airflow/example_dags/example_params_ui_tutorial.py
[2026-04-28T12:24:05.333+0000] {processor.py:840} INFO - DAG(s) 'example_params_ui_tutorial' retrieved from /home/airflow/.local/lib/python3.8/site-packages/airflow/example_dags/example_params_ui_tutorial.py
[2026-04-28T12:24:05.405+0000] {logging_mixin.py:188} INFO - [2026-04-28T12:24:05.404+0000] {dag.py:3047} INFO - Sync 1 DAGs
[2026-04-28T12:24:05.418+0000] {logging_mixin.py:188} INFO - [2026-04-28T12:24:05.418+0000] {dag.py:3834} INFO - Setting next_dagrun for example_params_ui_tutorial to None, run_after=None
[2026-04-28T12:24:05.434+0000] {processor.py:183} INFO - Processing /home/airflow/.local/lib/python3.8/site-packages/airflow/example_dags/example_params_ui_tutorial.py took 0.122 seconds
[2026-04-28T12:24:35.528+0000] {processor.py:161} INFO - Started process (PID=1466) to work on /home/airflow/.local/lib/python3.8/site-packages/airflow/example_dags/example_params_ui_tutorial.py
[2026-04-28T12:24:35.529+0000] {processor.py:830} INFO - Processing file /home/airflow/.local/lib/python3.8/site-packages/airflow/example_dags/example_params_ui_tutorial.py for tasks to queue
[2026-04-28T12:24:35.531+0000] {logging_mixin.py:188} INFO - [2026-04-28T12:24:35.530+0000] {dagbag.py:540} INFO - Filling up the DagBag from /home/airflow/.local/lib/python3.8/site-packages/airflow/example_dags/example_params_ui_tutorial.py
[2026-04-28T12:24:35.544+0000] {processor.py:840} INFO - DAG(s) 'example_params_ui_tutorial' retrieved from /home/airflow/.local/lib/python3.8/site-packages/airflow/example_dags/example_params_ui_tutorial.py
[2026-04-28T12:24:35.621+0000] {logging_mixin.py:188} INFO - [2026-04-28T12:24:35.621+0000] {dag.py:3047} INFO - Sync 1 DAGs
[2026-04-28T12:24:35.633+0000] {logging_mixin.py:188} INFO - [2026-04-28T12:24:35.633+0000] {dag.py:3834} INFO - Setting next_dagrun for example_params_ui_tutorial to None, run_after=None
[2026-04-28T12:24:35.651+0000] {processor.py:183} INFO - Processing /home/airflow/.local/lib/python3.8/site-packages/airflow/example_dags/example_params_ui_tutorial.py took 0.127 seconds
[2026-04-28T12:25:06.726+0000] {processor.py:161} INFO - Started process (PID=1521) to work on /home/airflow/.local/lib/python3.8/site-packages/airflow/example_dags/example_params_ui_tutorial.py
[2026-04-28T12:25:06.730+0000] {processor.py:830} INFO - Processing file /home/airflow/.local/lib/python3.8/site-packages/airflow/example_dags/example_params_ui_tutorial.py for tasks to queue
[2026-04-28T12:25:06.738+0000] {logging_mixin.py:188} INFO - [2026-04-28T12:25:06.737+0000] {dagbag.py:540} INFO - Filling up the DagBag from /home/airflow/.local/lib/python3.8/site-packages/airflow/example_dags/example_params_ui_tutorial.py
[2026-04-28T12:25:06.756+0000] {processor.py:840} INFO - DAG(s) 'example_params_ui_tutorial' retrieved from /home/airflow/.local/lib/python3.8/site-packages/airflow/example_dags/example_params_ui_tutorial.py
[2026-04-28T12:25:06.833+0000] {logging_mixin.py:188} INFO - [2026-04-28T12:25:06.833+0000] {dag.py:3047} INFO - Sync 1 DAGs
[2026-04-28T12:25:06.848+0000] {logging_mixin.py:188} INFO - [2026-04-28T12:25:06.847+0000] {dag.py:3834} INFO - Setting next_dagrun for example_params_ui_tutorial to None, run_after=None
[2026-04-28T12:25:06.873+0000] {processor.py:183} INFO - Processing /home/airflow/.local/lib/python3.8/site-packages/airflow/example_dags/example_params_ui_tutorial.py took 0.158 seconds
[2026-04-28T12:25:37.915+0000] {processor.py:161} INFO - Started process (PID=1576) to work on /home/airflow/.local/lib/python3.8/site-packages/airflow/example_dags/example_params_ui_tutorial.py
[2026-04-28T12:25:37.918+0000] {processor.py:830} INFO - Processing file /home/airflow/.local/lib/python3.8/site-packages/airflow/example_dags/example_params_ui_tutorial.py for tasks to queue
[2026-04-28T12:25:37.922+0000] {logging_mixin.py:188} INFO - [2026-04-28T12:25:37.922+0000] {dagbag.py:540} INFO - Filling up the DagBag from /home/airflow/.local/lib/python3.8/site-packages/airflow/example_dags/example_params_ui_tutorial.py
[2026-04-28T12:25:37.952+0000] {processor.py:840} INFO - DAG(s) 'example_params_ui_tutorial' retrieved from /home/airflow/.local/lib/python3.8/site-packages/airflow/example_dags/example_params_ui_tutorial.py
[2026-04-28T12:25:38.072+0000] {logging_mixin.py:188} INFO - [2026-04-28T12:25:38.071+0000] {dag.py:3047} INFO - Sync 1 DAGs
[2026-04-28T12:25:38.097+0000] {logging_mixin.py:188} INFO - [2026-04-28T12:25:38.097+0000] {dag.py:3834} INFO - Setting next_dagrun for example_params_ui_tutorial to None, run_after=None
[2026-04-28T12:25:38.142+0000] {processor.py:183} INFO - Processing /home/airflow/.local/lib/python3.8/site-packages/airflow/example_dags/example_params_ui_tutorial.py took 0.235 seconds
