[2026-04-28T12:11:54.686+0000] {processor.py:161} INFO - Started process (PID=90) to work on /home/airflow/.local/lib/python3.8/site-packages/airflow/example_dags/example_skip_dag.py
[2026-04-28T12:11:54.692+0000] {processor.py:830} INFO - Processing file /home/airflow/.local/lib/python3.8/site-packages/airflow/example_dags/example_skip_dag.py for tasks to queue
[2026-04-28T12:11:54.697+0000] {logging_mixin.py:188} INFO - [2026-04-28T12:11:54.696+0000] {dagbag.py:540} INFO - Filling up the DagBag from /home/airflow/.local/lib/python3.8/site-packages/airflow/example_dags/example_skip_dag.py
[2026-04-28T12:11:54.724+0000] {processor.py:840} INFO - DAG(s) 'example_skip_dag' retrieved from /home/airflow/.local/lib/python3.8/site-packages/airflow/example_dags/example_skip_dag.py
[2026-04-28T12:11:55.153+0000] {logging_mixin.py:188} INFO - [2026-04-28T12:11:55.153+0000] {dag.py:3047} INFO - Sync 1 DAGs
[2026-04-28T12:11:55.176+0000] {logging_mixin.py:188} INFO - [2026-04-28T12:11:55.176+0000] {dag.py:3834} INFO - Setting next_dagrun for example_skip_dag to 2026-04-27 00:00:00+00:00, run_after=2026-04-28 00:00:00+00:00
[2026-04-28T12:11:55.270+0000] {processor.py:183} INFO - Processing /home/airflow/.local/lib/python3.8/site-packages/airflow/example_dags/example_skip_dag.py took 0.601 seconds
[2026-04-28T12:12:26.263+0000] {processor.py:161} INFO - Started process (PID=145) to work on /home/airflow/.local/lib/python3.8/site-packages/airflow/example_dags/example_skip_dag.py
[2026-04-28T12:12:26.264+0000] {processor.py:830} INFO - Processing file /home/airflow/.local/lib/python3.8/site-packages/airflow/example_dags/example_skip_dag.py for tasks to queue
[2026-04-28T12:12:26.266+0000] {logging_mixin.py:188} INFO - [2026-04-28T12:12:26.265+0000] {dagbag.py:540} INFO - Filling up the DagBag from /home/airflow/.local/lib/python3.8/site-packages/airflow/example_dags/example_skip_dag.py
[2026-04-28T12:12:26.271+0000] {processor.py:840} INFO - DAG(s) 'example_skip_dag' retrieved from /home/airflow/.local/lib/python3.8/site-packages/airflow/example_dags/example_skip_dag.py
[2026-04-28T12:12:26.289+0000] {logging_mixin.py:188} INFO - [2026-04-28T12:12:26.289+0000] {dag.py:3047} INFO - Sync 1 DAGs
[2026-04-28T12:12:26.306+0000] {logging_mixin.py:188} INFO - [2026-04-28T12:12:26.306+0000] {dag.py:3834} INFO - Setting next_dagrun for example_skip_dag to 2026-04-27 00:00:00+00:00, run_after=2026-04-28 00:00:00+00:00
[2026-04-28T12:12:26.319+0000] {processor.py:183} INFO - Processing /home/airflow/.local/lib/python3.8/site-packages/airflow/example_dags/example_skip_dag.py took 0.059 seconds
[2026-04-28T12:12:56.423+0000] {processor.py:161} INFO - Started process (PID=200) to work on /home/airflow/.local/lib/python3.8/site-packages/airflow/example_dags/example_skip_dag.py
[2026-04-28T12:12:56.424+0000] {processor.py:830} INFO - Processing file /home/airflow/.local/lib/python3.8/site-packages/airflow/example_dags/example_skip_dag.py for tasks to queue
[2026-04-28T12:12:56.426+0000] {logging_mixin.py:188} INFO - [2026-04-28T12:12:56.425+0000] {dagbag.py:540} INFO - Filling up the DagBag from /home/airflow/.local/lib/python3.8/site-packages/airflow/example_dags/example_skip_dag.py
[2026-04-28T12:12:56.431+0000] {processor.py:840} INFO - DAG(s) 'example_skip_dag' retrieved from /home/airflow/.local/lib/python3.8/site-packages/airflow/example_dags/example_skip_dag.py
[2026-04-28T12:12:56.447+0000] {logging_mixin.py:188} INFO - [2026-04-28T12:12:56.447+0000] {dag.py:3047} INFO - Sync 1 DAGs
[2026-04-28T12:12:56.464+0000] {logging_mixin.py:188} INFO - [2026-04-28T12:12:56.463+0000] {dag.py:3834} INFO - Setting next_dagrun for example_skip_dag to 2026-04-27 00:00:00+00:00, run_after=2026-04-28 00:00:00+00:00
[2026-04-28T12:12:56.478+0000] {processor.py:183} INFO - Processing /home/airflow/.local/lib/python3.8/site-packages/airflow/example_dags/example_skip_dag.py took 0.058 seconds
[2026-04-28T12:13:26.907+0000] {processor.py:161} INFO - Started process (PID=255) to work on /home/airflow/.local/lib/python3.8/site-packages/airflow/example_dags/example_skip_dag.py
[2026-04-28T12:13:26.908+0000] {processor.py:830} INFO - Processing file /home/airflow/.local/lib/python3.8/site-packages/airflow/example_dags/example_skip_dag.py for tasks to queue
[2026-04-28T12:13:26.909+0000] {logging_mixin.py:188} INFO - [2026-04-28T12:13:26.909+0000] {dagbag.py:540} INFO - Filling up the DagBag from /home/airflow/.local/lib/python3.8/site-packages/airflow/example_dags/example_skip_dag.py
[2026-04-28T12:13:26.915+0000] {processor.py:840} INFO - DAG(s) 'example_skip_dag' retrieved from /home/airflow/.local/lib/python3.8/site-packages/airflow/example_dags/example_skip_dag.py
[2026-04-28T12:13:26.932+0000] {logging_mixin.py:188} INFO - [2026-04-28T12:13:26.932+0000] {dag.py:3047} INFO - Sync 1 DAGs
[2026-04-28T12:13:26.949+0000] {logging_mixin.py:188} INFO - [2026-04-28T12:13:26.949+0000] {dag.py:3834} INFO - Setting next_dagrun for example_skip_dag to 2026-04-27 00:00:00+00:00, run_after=2026-04-28 00:00:00+00:00
[2026-04-28T12:13:26.962+0000] {processor.py:183} INFO - Processing /home/airflow/.local/lib/python3.8/site-packages/airflow/example_dags/example_skip_dag.py took 0.058 seconds
[2026-04-28T12:13:57.384+0000] {processor.py:161} INFO - Started process (PID=310) to work on /home/airflow/.local/lib/python3.8/site-packages/airflow/example_dags/example_skip_dag.py
[2026-04-28T12:13:57.385+0000] {processor.py:830} INFO - Processing file /home/airflow/.local/lib/python3.8/site-packages/airflow/example_dags/example_skip_dag.py for tasks to queue
[2026-04-28T12:13:57.386+0000] {logging_mixin.py:188} INFO - [2026-04-28T12:13:57.386+0000] {dagbag.py:540} INFO - Filling up the DagBag from /home/airflow/.local/lib/python3.8/site-packages/airflow/example_dags/example_skip_dag.py
[2026-04-28T12:13:57.394+0000] {processor.py:840} INFO - DAG(s) 'example_skip_dag' retrieved from /home/airflow/.local/lib/python3.8/site-packages/airflow/example_dags/example_skip_dag.py
[2026-04-28T12:13:57.412+0000] {logging_mixin.py:188} INFO - [2026-04-28T12:13:57.412+0000] {dag.py:3047} INFO - Sync 1 DAGs
[2026-04-28T12:13:57.429+0000] {logging_mixin.py:188} INFO - [2026-04-28T12:13:57.429+0000] {dag.py:3834} INFO - Setting next_dagrun for example_skip_dag to 2026-04-27 00:00:00+00:00, run_after=2026-04-28 00:00:00+00:00
[2026-04-28T12:13:57.442+0000] {processor.py:183} INFO - Processing /home/airflow/.local/lib/python3.8/site-packages/airflow/example_dags/example_skip_dag.py took 0.061 seconds
[2026-04-28T12:14:27.947+0000] {processor.py:161} INFO - Started process (PID=365) to work on /home/airflow/.local/lib/python3.8/site-packages/airflow/example_dags/example_skip_dag.py
[2026-04-28T12:14:27.948+0000] {processor.py:830} INFO - Processing file /home/airflow/.local/lib/python3.8/site-packages/airflow/example_dags/example_skip_dag.py for tasks to queue
[2026-04-28T12:14:27.950+0000] {logging_mixin.py:188} INFO - [2026-04-28T12:14:27.950+0000] {dagbag.py:540} INFO - Filling up the DagBag from /home/airflow/.local/lib/python3.8/site-packages/airflow/example_dags/example_skip_dag.py
[2026-04-28T12:14:27.960+0000] {processor.py:840} INFO - DAG(s) 'example_skip_dag' retrieved from /home/airflow/.local/lib/python3.8/site-packages/airflow/example_dags/example_skip_dag.py
[2026-04-28T12:14:27.980+0000] {logging_mixin.py:188} INFO - [2026-04-28T12:14:27.980+0000] {dag.py:3047} INFO - Sync 1 DAGs
[2026-04-28T12:14:27.996+0000] {logging_mixin.py:188} INFO - [2026-04-28T12:14:27.996+0000] {dag.py:3834} INFO - Setting next_dagrun for example_skip_dag to 2026-04-27 00:00:00+00:00, run_after=2026-04-28 00:00:00+00:00
[2026-04-28T12:14:28.010+0000] {processor.py:183} INFO - Processing /home/airflow/.local/lib/python3.8/site-packages/airflow/example_dags/example_skip_dag.py took 0.067 seconds
[2026-04-28T12:14:58.630+0000] {processor.py:161} INFO - Started process (PID=420) to work on /home/airflow/.local/lib/python3.8/site-packages/airflow/example_dags/example_skip_dag.py
[2026-04-28T12:14:58.630+0000] {processor.py:830} INFO - Processing file /home/airflow/.local/lib/python3.8/site-packages/airflow/example_dags/example_skip_dag.py for tasks to queue
[2026-04-28T12:14:58.632+0000] {logging_mixin.py:188} INFO - [2026-04-28T12:14:58.632+0000] {dagbag.py:540} INFO - Filling up the DagBag from /home/airflow/.local/lib/python3.8/site-packages/airflow/example_dags/example_skip_dag.py
[2026-04-28T12:14:58.638+0000] {processor.py:840} INFO - DAG(s) 'example_skip_dag' retrieved from /home/airflow/.local/lib/python3.8/site-packages/airflow/example_dags/example_skip_dag.py
[2026-04-28T12:14:58.655+0000] {logging_mixin.py:188} INFO - [2026-04-28T12:14:58.654+0000] {dag.py:3047} INFO - Sync 1 DAGs
[2026-04-28T12:14:58.672+0000] {logging_mixin.py:188} INFO - [2026-04-28T12:14:58.672+0000] {dag.py:3834} INFO - Setting next_dagrun for example_skip_dag to 2026-04-27 00:00:00+00:00, run_after=2026-04-28 00:00:00+00:00
[2026-04-28T12:14:58.685+0000] {processor.py:183} INFO - Processing /home/airflow/.local/lib/python3.8/site-packages/airflow/example_dags/example_skip_dag.py took 0.058 seconds
[2026-04-28T12:15:29.202+0000] {processor.py:161} INFO - Started process (PID=475) to work on /home/airflow/.local/lib/python3.8/site-packages/airflow/example_dags/example_skip_dag.py
[2026-04-28T12:15:29.203+0000] {processor.py:830} INFO - Processing file /home/airflow/.local/lib/python3.8/site-packages/airflow/example_dags/example_skip_dag.py for tasks to queue
[2026-04-28T12:15:29.211+0000] {logging_mixin.py:188} INFO - [2026-04-28T12:15:29.209+0000] {dagbag.py:540} INFO - Filling up the DagBag from /home/airflow/.local/lib/python3.8/site-packages/airflow/example_dags/example_skip_dag.py
[2026-04-28T12:15:29.221+0000] {processor.py:840} INFO - DAG(s) 'example_skip_dag' retrieved from /home/airflow/.local/lib/python3.8/site-packages/airflow/example_dags/example_skip_dag.py
[2026-04-28T12:15:29.237+0000] {logging_mixin.py:188} INFO - [2026-04-28T12:15:29.237+0000] {dag.py:3047} INFO - Sync 1 DAGs
[2026-04-28T12:15:29.254+0000] {logging_mixin.py:188} INFO - [2026-04-28T12:15:29.253+0000] {dag.py:3834} INFO - Setting next_dagrun for example_skip_dag to 2026-04-27 00:00:00+00:00, run_after=2026-04-28 00:00:00+00:00
[2026-04-28T12:15:29.268+0000] {processor.py:183} INFO - Processing /home/airflow/.local/lib/python3.8/site-packages/airflow/example_dags/example_skip_dag.py took 0.078 seconds
[2026-04-28T12:16:00.020+0000] {processor.py:161} INFO - Started process (PID=529) to work on /home/airflow/.local/lib/python3.8/site-packages/airflow/example_dags/example_skip_dag.py
[2026-04-28T12:16:00.021+0000] {processor.py:830} INFO - Processing file /home/airflow/.local/lib/python3.8/site-packages/airflow/example_dags/example_skip_dag.py for tasks to queue
[2026-04-28T12:16:00.023+0000] {logging_mixin.py:188} INFO - [2026-04-28T12:16:00.023+0000] {dagbag.py:540} INFO - Filling up the DagBag from /home/airflow/.local/lib/python3.8/site-packages/airflow/example_dags/example_skip_dag.py
[2026-04-28T12:16:00.028+0000] {processor.py:840} INFO - DAG(s) 'example_skip_dag' retrieved from /home/airflow/.local/lib/python3.8/site-packages/airflow/example_dags/example_skip_dag.py
[2026-04-28T12:16:00.046+0000] {logging_mixin.py:188} INFO - [2026-04-28T12:16:00.046+0000] {dag.py:3047} INFO - Sync 1 DAGs
[2026-04-28T12:16:00.064+0000] {logging_mixin.py:188} INFO - [2026-04-28T12:16:00.064+0000] {dag.py:3834} INFO - Setting next_dagrun for example_skip_dag to 2026-04-27 00:00:00+00:00, run_after=2026-04-28 00:00:00+00:00
[2026-04-28T12:16:00.079+0000] {processor.py:183} INFO - Processing /home/airflow/.local/lib/python3.8/site-packages/airflow/example_dags/example_skip_dag.py took 0.062 seconds
[2026-04-28T12:16:30.459+0000] {processor.py:161} INFO - Started process (PID=584) to work on /home/airflow/.local/lib/python3.8/site-packages/airflow/example_dags/example_skip_dag.py
[2026-04-28T12:16:30.459+0000] {processor.py:830} INFO - Processing file /home/airflow/.local/lib/python3.8/site-packages/airflow/example_dags/example_skip_dag.py for tasks to queue
[2026-04-28T12:16:30.461+0000] {logging_mixin.py:188} INFO - [2026-04-28T12:16:30.461+0000] {dagbag.py:540} INFO - Filling up the DagBag from /home/airflow/.local/lib/python3.8/site-packages/airflow/example_dags/example_skip_dag.py
[2026-04-28T12:16:30.467+0000] {processor.py:840} INFO - DAG(s) 'example_skip_dag' retrieved from /home/airflow/.local/lib/python3.8/site-packages/airflow/example_dags/example_skip_dag.py
[2026-04-28T12:16:30.484+0000] {logging_mixin.py:188} INFO - [2026-04-28T12:16:30.484+0000] {dag.py:3047} INFO - Sync 1 DAGs
[2026-04-28T12:16:30.500+0000] {logging_mixin.py:188} INFO - [2026-04-28T12:16:30.500+0000] {dag.py:3834} INFO - Setting next_dagrun for example_skip_dag to 2026-04-27 00:00:00+00:00, run_after=2026-04-28 00:00:00+00:00
[2026-04-28T12:16:30.514+0000] {processor.py:183} INFO - Processing /home/airflow/.local/lib/python3.8/site-packages/airflow/example_dags/example_skip_dag.py took 0.058 seconds
[2026-04-28T12:17:00.770+0000] {processor.py:161} INFO - Started process (PID=639) to work on /home/airflow/.local/lib/python3.8/site-packages/airflow/example_dags/example_skip_dag.py
[2026-04-28T12:17:00.771+0000] {processor.py:830} INFO - Processing file /home/airflow/.local/lib/python3.8/site-packages/airflow/example_dags/example_skip_dag.py for tasks to queue
[2026-04-28T12:17:00.773+0000] {logging_mixin.py:188} INFO - [2026-04-28T12:17:00.772+0000] {dagbag.py:540} INFO - Filling up the DagBag from /home/airflow/.local/lib/python3.8/site-packages/airflow/example_dags/example_skip_dag.py
[2026-04-28T12:17:00.781+0000] {processor.py:840} INFO - DAG(s) 'example_skip_dag' retrieved from /home/airflow/.local/lib/python3.8/site-packages/airflow/example_dags/example_skip_dag.py
[2026-04-28T12:17:00.804+0000] {logging_mixin.py:188} INFO - [2026-04-28T12:17:00.804+0000] {dag.py:3047} INFO - Sync 1 DAGs
[2026-04-28T12:17:00.827+0000] {logging_mixin.py:188} INFO - [2026-04-28T12:17:00.827+0000] {dag.py:3834} INFO - Setting next_dagrun for example_skip_dag to 2026-04-27 00:00:00+00:00, run_after=2026-04-28 00:00:00+00:00
[2026-04-28T12:17:00.845+0000] {processor.py:183} INFO - Processing /home/airflow/.local/lib/python3.8/site-packages/airflow/example_dags/example_skip_dag.py took 0.083 seconds
[2026-04-28T12:17:31.285+0000] {processor.py:161} INFO - Started process (PID=700) to work on /home/airflow/.local/lib/python3.8/site-packages/airflow/example_dags/example_skip_dag.py
[2026-04-28T12:17:31.286+0000] {processor.py:830} INFO - Processing file /home/airflow/.local/lib/python3.8/site-packages/airflow/example_dags/example_skip_dag.py for tasks to queue
[2026-04-28T12:17:31.288+0000] {logging_mixin.py:188} INFO - [2026-04-28T12:17:31.288+0000] {dagbag.py:540} INFO - Filling up the DagBag from /home/airflow/.local/lib/python3.8/site-packages/airflow/example_dags/example_skip_dag.py
[2026-04-28T12:17:31.296+0000] {processor.py:840} INFO - DAG(s) 'example_skip_dag' retrieved from /home/airflow/.local/lib/python3.8/site-packages/airflow/example_dags/example_skip_dag.py
[2026-04-28T12:17:31.327+0000] {logging_mixin.py:188} INFO - [2026-04-28T12:17:31.327+0000] {dag.py:3047} INFO - Sync 1 DAGs
[2026-04-28T12:17:31.352+0000] {logging_mixin.py:188} INFO - [2026-04-28T12:17:31.351+0000] {dag.py:3834} INFO - Setting next_dagrun for example_skip_dag to 2026-04-27 00:00:00+00:00, run_after=2026-04-28 00:00:00+00:00
[2026-04-28T12:17:31.369+0000] {processor.py:183} INFO - Processing /home/airflow/.local/lib/python3.8/site-packages/airflow/example_dags/example_skip_dag.py took 0.088 seconds
[2026-04-28T12:18:01.431+0000] {processor.py:161} INFO - Started process (PID=755) to work on /home/airflow/.local/lib/python3.8/site-packages/airflow/example_dags/example_skip_dag.py
[2026-04-28T12:18:01.432+0000] {processor.py:830} INFO - Processing file /home/airflow/.local/lib/python3.8/site-packages/airflow/example_dags/example_skip_dag.py for tasks to queue
[2026-04-28T12:18:01.433+0000] {logging_mixin.py:188} INFO - [2026-04-28T12:18:01.433+0000] {dagbag.py:540} INFO - Filling up the DagBag from /home/airflow/.local/lib/python3.8/site-packages/airflow/example_dags/example_skip_dag.py
[2026-04-28T12:18:01.439+0000] {processor.py:840} INFO - DAG(s) 'example_skip_dag' retrieved from /home/airflow/.local/lib/python3.8/site-packages/airflow/example_dags/example_skip_dag.py
[2026-04-28T12:18:01.456+0000] {logging_mixin.py:188} INFO - [2026-04-28T12:18:01.456+0000] {dag.py:3047} INFO - Sync 1 DAGs
[2026-04-28T12:18:01.473+0000] {logging_mixin.py:188} INFO - [2026-04-28T12:18:01.473+0000] {dag.py:3834} INFO - Setting next_dagrun for example_skip_dag to 2026-04-27 00:00:00+00:00, run_after=2026-04-28 00:00:00+00:00
[2026-04-28T12:18:01.486+0000] {processor.py:183} INFO - Processing /home/airflow/.local/lib/python3.8/site-packages/airflow/example_dags/example_skip_dag.py took 0.058 seconds
[2026-04-28T12:18:31.693+0000] {processor.py:161} INFO - Started process (PID=810) to work on /home/airflow/.local/lib/python3.8/site-packages/airflow/example_dags/example_skip_dag.py
[2026-04-28T12:18:31.694+0000] {processor.py:830} INFO - Processing file /home/airflow/.local/lib/python3.8/site-packages/airflow/example_dags/example_skip_dag.py for tasks to queue
[2026-04-28T12:18:31.696+0000] {logging_mixin.py:188} INFO - [2026-04-28T12:18:31.695+0000] {dagbag.py:540} INFO - Filling up the DagBag from /home/airflow/.local/lib/python3.8/site-packages/airflow/example_dags/example_skip_dag.py
[2026-04-28T12:18:31.701+0000] {processor.py:840} INFO - DAG(s) 'example_skip_dag' retrieved from /home/airflow/.local/lib/python3.8/site-packages/airflow/example_dags/example_skip_dag.py
[2026-04-28T12:18:31.717+0000] {logging_mixin.py:188} INFO - [2026-04-28T12:18:31.717+0000] {dag.py:3047} INFO - Sync 1 DAGs
[2026-04-28T12:18:31.734+0000] {logging_mixin.py:188} INFO - [2026-04-28T12:18:31.733+0000] {dag.py:3834} INFO - Setting next_dagrun for example_skip_dag to 2026-04-27 00:00:00+00:00, run_after=2026-04-28 00:00:00+00:00
[2026-04-28T12:18:31.747+0000] {processor.py:183} INFO - Processing /home/airflow/.local/lib/python3.8/site-packages/airflow/example_dags/example_skip_dag.py took 0.057 seconds
[2026-04-28T12:19:02.087+0000] {processor.py:161} INFO - Started process (PID=865) to work on /home/airflow/.local/lib/python3.8/site-packages/airflow/example_dags/example_skip_dag.py
[2026-04-28T12:19:02.088+0000] {processor.py:830} INFO - Processing file /home/airflow/.local/lib/python3.8/site-packages/airflow/example_dags/example_skip_dag.py for tasks to queue
[2026-04-28T12:19:02.090+0000] {logging_mixin.py:188} INFO - [2026-04-28T12:19:02.090+0000] {dagbag.py:540} INFO - Filling up the DagBag from /home/airflow/.local/lib/python3.8/site-packages/airflow/example_dags/example_skip_dag.py
[2026-04-28T12:19:02.096+0000] {processor.py:840} INFO - DAG(s) 'example_skip_dag' retrieved from /home/airflow/.local/lib/python3.8/site-packages/airflow/example_dags/example_skip_dag.py
[2026-04-28T12:19:02.113+0000] {logging_mixin.py:188} INFO - [2026-04-28T12:19:02.113+0000] {dag.py:3047} INFO - Sync 1 DAGs
[2026-04-28T12:19:02.129+0000] {logging_mixin.py:188} INFO - [2026-04-28T12:19:02.129+0000] {dag.py:3834} INFO - Setting next_dagrun for example_skip_dag to 2026-04-27 00:00:00+00:00, run_after=2026-04-28 00:00:00+00:00
[2026-04-28T12:19:02.143+0000] {processor.py:183} INFO - Processing /home/airflow/.local/lib/python3.8/site-packages/airflow/example_dags/example_skip_dag.py took 0.059 seconds
[2026-04-28T12:19:32.388+0000] {processor.py:161} INFO - Started process (PID=920) to work on /home/airflow/.local/lib/python3.8/site-packages/airflow/example_dags/example_skip_dag.py
[2026-04-28T12:19:32.389+0000] {processor.py:830} INFO - Processing file /home/airflow/.local/lib/python3.8/site-packages/airflow/example_dags/example_skip_dag.py for tasks to queue
[2026-04-28T12:19:32.391+0000] {logging_mixin.py:188} INFO - [2026-04-28T12:19:32.390+0000] {dagbag.py:540} INFO - Filling up the DagBag from /home/airflow/.local/lib/python3.8/site-packages/airflow/example_dags/example_skip_dag.py
[2026-04-28T12:19:32.399+0000] {processor.py:840} INFO - DAG(s) 'example_skip_dag' retrieved from /home/airflow/.local/lib/python3.8/site-packages/airflow/example_dags/example_skip_dag.py
[2026-04-28T12:19:32.427+0000] {logging_mixin.py:188} INFO - [2026-04-28T12:19:32.427+0000] {dag.py:3047} INFO - Sync 1 DAGs
[2026-04-28T12:19:32.456+0000] {logging_mixin.py:188} INFO - [2026-04-28T12:19:32.455+0000] {dag.py:3834} INFO - Setting next_dagrun for example_skip_dag to 2026-04-27 00:00:00+00:00, run_after=2026-04-28 00:00:00+00:00
[2026-04-28T12:19:32.473+0000] {processor.py:183} INFO - Processing /home/airflow/.local/lib/python3.8/site-packages/airflow/example_dags/example_skip_dag.py took 0.089 seconds
[2026-04-28T12:20:03.048+0000] {processor.py:161} INFO - Started process (PID=974) to work on /home/airflow/.local/lib/python3.8/site-packages/airflow/example_dags/example_skip_dag.py
[2026-04-28T12:20:03.050+0000] {processor.py:830} INFO - Processing file /home/airflow/.local/lib/python3.8/site-packages/airflow/example_dags/example_skip_dag.py for tasks to queue
[2026-04-28T12:20:03.053+0000] {logging_mixin.py:188} INFO - [2026-04-28T12:20:03.053+0000] {dagbag.py:540} INFO - Filling up the DagBag from /home/airflow/.local/lib/python3.8/site-packages/airflow/example_dags/example_skip_dag.py
[2026-04-28T12:20:03.070+0000] {processor.py:840} INFO - DAG(s) 'example_skip_dag' retrieved from /home/airflow/.local/lib/python3.8/site-packages/airflow/example_dags/example_skip_dag.py
[2026-04-28T12:20:03.122+0000] {logging_mixin.py:188} INFO - [2026-04-28T12:20:03.121+0000] {dag.py:3047} INFO - Sync 1 DAGs
[2026-04-28T12:20:03.177+0000] {logging_mixin.py:188} INFO - [2026-04-28T12:20:03.177+0000] {dag.py:3834} INFO - Setting next_dagrun for example_skip_dag to 2026-04-27 00:00:00+00:00, run_after=2026-04-28 00:00:00+00:00
[2026-04-28T12:20:03.217+0000] {processor.py:183} INFO - Processing /home/airflow/.local/lib/python3.8/site-packages/airflow/example_dags/example_skip_dag.py took 0.175 seconds
[2026-04-28T12:20:33.262+0000] {processor.py:161} INFO - Started process (PID=1029) to work on /home/airflow/.local/lib/python3.8/site-packages/airflow/example_dags/example_skip_dag.py
[2026-04-28T12:20:33.263+0000] {processor.py:830} INFO - Processing file /home/airflow/.local/lib/python3.8/site-packages/airflow/example_dags/example_skip_dag.py for tasks to queue
[2026-04-28T12:20:33.265+0000] {logging_mixin.py:188} INFO - [2026-04-28T12:20:33.264+0000] {dagbag.py:540} INFO - Filling up the DagBag from /home/airflow/.local/lib/python3.8/site-packages/airflow/example_dags/example_skip_dag.py
[2026-04-28T12:20:33.273+0000] {processor.py:840} INFO - DAG(s) 'example_skip_dag' retrieved from /home/airflow/.local/lib/python3.8/site-packages/airflow/example_dags/example_skip_dag.py
[2026-04-28T12:20:33.298+0000] {logging_mixin.py:188} INFO - [2026-04-28T12:20:33.298+0000] {dag.py:3047} INFO - Sync 1 DAGs
[2026-04-28T12:20:33.321+0000] {logging_mixin.py:188} INFO - [2026-04-28T12:20:33.320+0000] {dag.py:3834} INFO - Setting next_dagrun for example_skip_dag to 2026-04-27 00:00:00+00:00, run_after=2026-04-28 00:00:00+00:00
[2026-04-28T12:20:33.334+0000] {processor.py:183} INFO - Processing /home/airflow/.local/lib/python3.8/site-packages/airflow/example_dags/example_skip_dag.py took 0.076 seconds
[2026-04-28T12:21:03.932+0000] {processor.py:161} INFO - Started process (PID=1084) to work on /home/airflow/.local/lib/python3.8/site-packages/airflow/example_dags/example_skip_dag.py
[2026-04-28T12:21:03.933+0000] {processor.py:830} INFO - Processing file /home/airflow/.local/lib/python3.8/site-packages/airflow/example_dags/example_skip_dag.py for tasks to queue
[2026-04-28T12:21:03.935+0000] {logging_mixin.py:188} INFO - [2026-04-28T12:21:03.934+0000] {dagbag.py:540} INFO - Filling up the DagBag from /home/airflow/.local/lib/python3.8/site-packages/airflow/example_dags/example_skip_dag.py
[2026-04-28T12:21:03.940+0000] {processor.py:840} INFO - DAG(s) 'example_skip_dag' retrieved from /home/airflow/.local/lib/python3.8/site-packages/airflow/example_dags/example_skip_dag.py
[2026-04-28T12:21:03.957+0000] {logging_mixin.py:188} INFO - [2026-04-28T12:21:03.957+0000] {dag.py:3047} INFO - Sync 1 DAGs
[2026-04-28T12:21:03.979+0000] {logging_mixin.py:188} INFO - [2026-04-28T12:21:03.979+0000] {dag.py:3834} INFO - Setting next_dagrun for example_skip_dag to 2026-04-27 00:00:00+00:00, run_after=2026-04-28 00:00:00+00:00
[2026-04-28T12:21:04.000+0000] {processor.py:183} INFO - Processing /home/airflow/.local/lib/python3.8/site-packages/airflow/example_dags/example_skip_dag.py took 0.071 seconds
[2026-04-28T12:21:34.091+0000] {processor.py:161} INFO - Started process (PID=1139) to work on /home/airflow/.local/lib/python3.8/site-packages/airflow/example_dags/example_skip_dag.py
[2026-04-28T12:21:34.092+0000] {processor.py:830} INFO - Processing file /home/airflow/.local/lib/python3.8/site-packages/airflow/example_dags/example_skip_dag.py for tasks to queue
[2026-04-28T12:21:34.093+0000] {logging_mixin.py:188} INFO - [2026-04-28T12:21:34.093+0000] {dagbag.py:540} INFO - Filling up the DagBag from /home/airflow/.local/lib/python3.8/site-packages/airflow/example_dags/example_skip_dag.py
[2026-04-28T12:21:34.099+0000] {processor.py:840} INFO - DAG(s) 'example_skip_dag' retrieved from /home/airflow/.local/lib/python3.8/site-packages/airflow/example_dags/example_skip_dag.py
[2026-04-28T12:21:34.120+0000] {logging_mixin.py:188} INFO - [2026-04-28T12:21:34.120+0000] {dag.py:3047} INFO - Sync 1 DAGs
[2026-04-28T12:21:34.137+0000] {logging_mixin.py:188} INFO - [2026-04-28T12:21:34.136+0000] {dag.py:3834} INFO - Setting next_dagrun for example_skip_dag to 2026-04-27 00:00:00+00:00, run_after=2026-04-28 00:00:00+00:00
[2026-04-28T12:21:34.151+0000] {processor.py:183} INFO - Processing /home/airflow/.local/lib/python3.8/site-packages/airflow/example_dags/example_skip_dag.py took 0.063 seconds
[2026-04-28T12:22:04.817+0000] {processor.py:161} INFO - Started process (PID=1194) to work on /home/airflow/.local/lib/python3.8/site-packages/airflow/example_dags/example_skip_dag.py
[2026-04-28T12:22:04.818+0000] {processor.py:830} INFO - Processing file /home/airflow/.local/lib/python3.8/site-packages/airflow/example_dags/example_skip_dag.py for tasks to queue
[2026-04-28T12:22:04.819+0000] {logging_mixin.py:188} INFO - [2026-04-28T12:22:04.819+0000] {dagbag.py:540} INFO - Filling up the DagBag from /home/airflow/.local/lib/python3.8/site-packages/airflow/example_dags/example_skip_dag.py
[2026-04-28T12:22:04.825+0000] {processor.py:840} INFO - DAG(s) 'example_skip_dag' retrieved from /home/airflow/.local/lib/python3.8/site-packages/airflow/example_dags/example_skip_dag.py
[2026-04-28T12:22:04.844+0000] {logging_mixin.py:188} INFO - [2026-04-28T12:22:04.844+0000] {dag.py:3047} INFO - Sync 1 DAGs
[2026-04-28T12:22:04.862+0000] {logging_mixin.py:188} INFO - [2026-04-28T12:22:04.862+0000] {dag.py:3834} INFO - Setting next_dagrun for example_skip_dag to 2026-04-27 00:00:00+00:00, run_after=2026-04-28 00:00:00+00:00
[2026-04-28T12:22:04.875+0000] {processor.py:183} INFO - Processing /home/airflow/.local/lib/python3.8/site-packages/airflow/example_dags/example_skip_dag.py took 0.061 seconds
[2026-04-28T12:22:34.998+0000] {processor.py:161} INFO - Started process (PID=1249) to work on /home/airflow/.local/lib/python3.8/site-packages/airflow/example_dags/example_skip_dag.py
[2026-04-28T12:22:34.999+0000] {processor.py:830} INFO - Processing file /home/airflow/.local/lib/python3.8/site-packages/airflow/example_dags/example_skip_dag.py for tasks to queue
[2026-04-28T12:22:35.000+0000] {logging_mixin.py:188} INFO - [2026-04-28T12:22:35.000+0000] {dagbag.py:540} INFO - Filling up the DagBag from /home/airflow/.local/lib/python3.8/site-packages/airflow/example_dags/example_skip_dag.py
[2026-04-28T12:22:35.006+0000] {processor.py:840} INFO - DAG(s) 'example_skip_dag' retrieved from /home/airflow/.local/lib/python3.8/site-packages/airflow/example_dags/example_skip_dag.py
[2026-04-28T12:22:35.023+0000] {logging_mixin.py:188} INFO - [2026-04-28T12:22:35.023+0000] {dag.py:3047} INFO - Sync 1 DAGs
[2026-04-28T12:22:35.040+0000] {logging_mixin.py:188} INFO - [2026-04-28T12:22:35.039+0000] {dag.py:3834} INFO - Setting next_dagrun for example_skip_dag to 2026-04-27 00:00:00+00:00, run_after=2026-04-28 00:00:00+00:00
[2026-04-28T12:22:35.053+0000] {processor.py:183} INFO - Processing /home/airflow/.local/lib/python3.8/site-packages/airflow/example_dags/example_skip_dag.py took 0.058 seconds
[2026-04-28T12:23:05.555+0000] {processor.py:161} INFO - Started process (PID=1304) to work on /home/airflow/.local/lib/python3.8/site-packages/airflow/example_dags/example_skip_dag.py
[2026-04-28T12:23:05.556+0000] {processor.py:830} INFO - Processing file /home/airflow/.local/lib/python3.8/site-packages/airflow/example_dags/example_skip_dag.py for tasks to queue
[2026-04-28T12:23:05.558+0000] {logging_mixin.py:188} INFO - [2026-04-28T12:23:05.557+0000] {dagbag.py:540} INFO - Filling up the DagBag from /home/airflow/.local/lib/python3.8/site-packages/airflow/example_dags/example_skip_dag.py
[2026-04-28T12:23:05.563+0000] {processor.py:840} INFO - DAG(s) 'example_skip_dag' retrieved from /home/airflow/.local/lib/python3.8/site-packages/airflow/example_dags/example_skip_dag.py
[2026-04-28T12:23:05.581+0000] {logging_mixin.py:188} INFO - [2026-04-28T12:23:05.581+0000] {dag.py:3047} INFO - Sync 1 DAGs
[2026-04-28T12:23:05.597+0000] {logging_mixin.py:188} INFO - [2026-04-28T12:23:05.597+0000] {dag.py:3834} INFO - Setting next_dagrun for example_skip_dag to 2026-04-27 00:00:00+00:00, run_after=2026-04-28 00:00:00+00:00
[2026-04-28T12:23:05.611+0000] {processor.py:183} INFO - Processing /home/airflow/.local/lib/python3.8/site-packages/airflow/example_dags/example_skip_dag.py took 0.058 seconds
[2026-04-28T12:23:35.832+0000] {processor.py:161} INFO - Started process (PID=1359) to work on /home/airflow/.local/lib/python3.8/site-packages/airflow/example_dags/example_skip_dag.py
[2026-04-28T12:23:35.832+0000] {processor.py:830} INFO - Processing file /home/airflow/.local/lib/python3.8/site-packages/airflow/example_dags/example_skip_dag.py for tasks to queue
[2026-04-28T12:23:35.834+0000] {logging_mixin.py:188} INFO - [2026-04-28T12:23:35.834+0000] {dagbag.py:540} INFO - Filling up the DagBag from /home/airflow/.local/lib/python3.8/site-packages/airflow/example_dags/example_skip_dag.py
[2026-04-28T12:23:35.839+0000] {processor.py:840} INFO - DAG(s) 'example_skip_dag' retrieved from /home/airflow/.local/lib/python3.8/site-packages/airflow/example_dags/example_skip_dag.py
[2026-04-28T12:23:35.857+0000] {logging_mixin.py:188} INFO - [2026-04-28T12:23:35.857+0000] {dag.py:3047} INFO - Sync 1 DAGs
[2026-04-28T12:23:35.873+0000] {logging_mixin.py:188} INFO - [2026-04-28T12:23:35.873+0000] {dag.py:3834} INFO - Setting next_dagrun for example_skip_dag to 2026-04-27 00:00:00+00:00, run_after=2026-04-28 00:00:00+00:00
[2026-04-28T12:23:35.887+0000] {processor.py:183} INFO - Processing /home/airflow/.local/lib/python3.8/site-packages/airflow/example_dags/example_skip_dag.py took 0.058 seconds
[2026-04-28T12:24:06.538+0000] {processor.py:161} INFO - Started process (PID=1414) to work on /home/airflow/.local/lib/python3.8/site-packages/airflow/example_dags/example_skip_dag.py
[2026-04-28T12:24:06.538+0000] {processor.py:830} INFO - Processing file /home/airflow/.local/lib/python3.8/site-packages/airflow/example_dags/example_skip_dag.py for tasks to queue
[2026-04-28T12:24:06.540+0000] {logging_mixin.py:188} INFO - [2026-04-28T12:24:06.540+0000] {dagbag.py:540} INFO - Filling up the DagBag from /home/airflow/.local/lib/python3.8/site-packages/airflow/example_dags/example_skip_dag.py
[2026-04-28T12:24:06.545+0000] {processor.py:840} INFO - DAG(s) 'example_skip_dag' retrieved from /home/airflow/.local/lib/python3.8/site-packages/airflow/example_dags/example_skip_dag.py
[2026-04-28T12:24:06.561+0000] {logging_mixin.py:188} INFO - [2026-04-28T12:24:06.561+0000] {dag.py:3047} INFO - Sync 1 DAGs
[2026-04-28T12:24:06.578+0000] {logging_mixin.py:188} INFO - [2026-04-28T12:24:06.578+0000] {dag.py:3834} INFO - Setting next_dagrun for example_skip_dag to 2026-04-27 00:00:00+00:00, run_after=2026-04-28 00:00:00+00:00
[2026-04-28T12:24:06.591+0000] {processor.py:183} INFO - Processing /home/airflow/.local/lib/python3.8/site-packages/airflow/example_dags/example_skip_dag.py took 0.056 seconds
[2026-04-28T12:24:36.730+0000] {processor.py:161} INFO - Started process (PID=1469) to work on /home/airflow/.local/lib/python3.8/site-packages/airflow/example_dags/example_skip_dag.py
[2026-04-28T12:24:36.731+0000] {processor.py:830} INFO - Processing file /home/airflow/.local/lib/python3.8/site-packages/airflow/example_dags/example_skip_dag.py for tasks to queue
[2026-04-28T12:24:36.732+0000] {logging_mixin.py:188} INFO - [2026-04-28T12:24:36.732+0000] {dagbag.py:540} INFO - Filling up the DagBag from /home/airflow/.local/lib/python3.8/site-packages/airflow/example_dags/example_skip_dag.py
[2026-04-28T12:24:36.738+0000] {processor.py:840} INFO - DAG(s) 'example_skip_dag' retrieved from /home/airflow/.local/lib/python3.8/site-packages/airflow/example_dags/example_skip_dag.py
[2026-04-28T12:24:36.756+0000] {logging_mixin.py:188} INFO - [2026-04-28T12:24:36.756+0000] {dag.py:3047} INFO - Sync 1 DAGs
[2026-04-28T12:24:36.776+0000] {logging_mixin.py:188} INFO - [2026-04-28T12:24:36.776+0000] {dag.py:3834} INFO - Setting next_dagrun for example_skip_dag to 2026-04-27 00:00:00+00:00, run_after=2026-04-28 00:00:00+00:00
[2026-04-28T12:24:36.790+0000] {processor.py:183} INFO - Processing /home/airflow/.local/lib/python3.8/site-packages/airflow/example_dags/example_skip_dag.py took 0.064 seconds
[2026-04-28T12:25:07.040+0000] {processor.py:161} INFO - Started process (PID=1524) to work on /home/airflow/.local/lib/python3.8/site-packages/airflow/example_dags/example_skip_dag.py
[2026-04-28T12:25:07.044+0000] {processor.py:830} INFO - Processing file /home/airflow/.local/lib/python3.8/site-packages/airflow/example_dags/example_skip_dag.py for tasks to queue
[2026-04-28T12:25:07.051+0000] {logging_mixin.py:188} INFO - [2026-04-28T12:25:07.050+0000] {dagbag.py:540} INFO - Filling up the DagBag from /home/airflow/.local/lib/python3.8/site-packages/airflow/example_dags/example_skip_dag.py
[2026-04-28T12:25:07.067+0000] {processor.py:840} INFO - DAG(s) 'example_skip_dag' retrieved from /home/airflow/.local/lib/python3.8/site-packages/airflow/example_dags/example_skip_dag.py
[2026-04-28T12:25:07.111+0000] {logging_mixin.py:188} INFO - [2026-04-28T12:25:07.111+0000] {dag.py:3047} INFO - Sync 1 DAGs
[2026-04-28T12:25:07.136+0000] {logging_mixin.py:188} INFO - [2026-04-28T12:25:07.135+0000] {dag.py:3834} INFO - Setting next_dagrun for example_skip_dag to 2026-04-27 00:00:00+00:00, run_after=2026-04-28 00:00:00+00:00
[2026-04-28T12:25:07.154+0000] {processor.py:183} INFO - Processing /home/airflow/.local/lib/python3.8/site-packages/airflow/example_dags/example_skip_dag.py took 0.126 seconds
[2026-04-28T12:25:38.296+0000] {processor.py:161} INFO - Started process (PID=1579) to work on /home/airflow/.local/lib/python3.8/site-packages/airflow/example_dags/example_skip_dag.py
[2026-04-28T12:25:38.297+0000] {processor.py:830} INFO - Processing file /home/airflow/.local/lib/python3.8/site-packages/airflow/example_dags/example_skip_dag.py for tasks to queue
[2026-04-28T12:25:38.300+0000] {logging_mixin.py:188} INFO - [2026-04-28T12:25:38.299+0000] {dagbag.py:540} INFO - Filling up the DagBag from /home/airflow/.local/lib/python3.8/site-packages/airflow/example_dags/example_skip_dag.py
[2026-04-28T12:25:38.308+0000] {processor.py:840} INFO - DAG(s) 'example_skip_dag' retrieved from /home/airflow/.local/lib/python3.8/site-packages/airflow/example_dags/example_skip_dag.py
[2026-04-28T12:25:38.333+0000] {logging_mixin.py:188} INFO - [2026-04-28T12:25:38.333+0000] {dag.py:3047} INFO - Sync 1 DAGs
[2026-04-28T12:25:38.358+0000] {logging_mixin.py:188} INFO - [2026-04-28T12:25:38.358+0000] {dag.py:3834} INFO - Setting next_dagrun for example_skip_dag to 2026-04-27 00:00:00+00:00, run_after=2026-04-28 00:00:00+00:00
[2026-04-28T12:25:38.376+0000] {processor.py:183} INFO - Processing /home/airflow/.local/lib/python3.8/site-packages/airflow/example_dags/example_skip_dag.py took 0.083 seconds
