[2026-04-28T12:11:56.531+0000] {processor.py:161} INFO - Started process (PID=93) to work on /home/airflow/.local/lib/python3.8/site-packages/airflow/example_dags/example_dag_decorator.py
[2026-04-28T12:11:56.532+0000] {processor.py:830} INFO - Processing file /home/airflow/.local/lib/python3.8/site-packages/airflow/example_dags/example_dag_decorator.py for tasks to queue
[2026-04-28T12:11:56.536+0000] {logging_mixin.py:188} INFO - [2026-04-28T12:11:56.535+0000] {dagbag.py:540} INFO - Filling up the DagBag from /home/airflow/.local/lib/python3.8/site-packages/airflow/example_dags/example_dag_decorator.py
[2026-04-28T12:11:57.479+0000] {processor.py:840} INFO - DAG(s) 'example_dag_decorator' retrieved from /home/airflow/.local/lib/python3.8/site-packages/airflow/example_dags/example_dag_decorator.py
[2026-04-28T12:11:57.752+0000] {logging_mixin.py:188} INFO - [2026-04-28T12:11:57.751+0000] {dag.py:3047} INFO - Sync 1 DAGs
[2026-04-28T12:11:57.772+0000] {logging_mixin.py:188} INFO - [2026-04-28T12:11:57.771+0000] {dag.py:3834} INFO - Setting next_dagrun for example_dag_decorator to None, run_after=None
[2026-04-28T12:11:57.789+0000] {processor.py:183} INFO - Processing /home/airflow/.local/lib/python3.8/site-packages/airflow/example_dags/example_dag_decorator.py took 1.271 seconds
[2026-04-28T12:12:28.419+0000] {processor.py:161} INFO - Started process (PID=149) to work on /home/airflow/.local/lib/python3.8/site-packages/airflow/example_dags/example_dag_decorator.py
[2026-04-28T12:12:28.420+0000] {processor.py:830} INFO - Processing file /home/airflow/.local/lib/python3.8/site-packages/airflow/example_dags/example_dag_decorator.py for tasks to queue
[2026-04-28T12:12:28.424+0000] {logging_mixin.py:188} INFO - [2026-04-28T12:12:28.423+0000] {dagbag.py:540} INFO - Filling up the DagBag from /home/airflow/.local/lib/python3.8/site-packages/airflow/example_dags/example_dag_decorator.py
[2026-04-28T12:12:28.546+0000] {processor.py:840} INFO - DAG(s) 'example_dag_decorator' retrieved from /home/airflow/.local/lib/python3.8/site-packages/airflow/example_dags/example_dag_decorator.py
[2026-04-28T12:12:28.666+0000] {logging_mixin.py:188} INFO - [2026-04-28T12:12:28.666+0000] {dag.py:3047} INFO - Sync 1 DAGs
[2026-04-28T12:12:28.677+0000] {logging_mixin.py:188} INFO - [2026-04-28T12:12:28.677+0000] {dag.py:3834} INFO - Setting next_dagrun for example_dag_decorator to None, run_after=None
[2026-04-28T12:12:28.694+0000] {processor.py:183} INFO - Processing /home/airflow/.local/lib/python3.8/site-packages/airflow/example_dags/example_dag_decorator.py took 0.287 seconds
[2026-04-28T12:12:59.606+0000] {processor.py:161} INFO - Started process (PID=205) to work on /home/airflow/.local/lib/python3.8/site-packages/airflow/example_dags/example_dag_decorator.py
[2026-04-28T12:12:59.607+0000] {processor.py:830} INFO - Processing file /home/airflow/.local/lib/python3.8/site-packages/airflow/example_dags/example_dag_decorator.py for tasks to queue
[2026-04-28T12:12:59.609+0000] {logging_mixin.py:188} INFO - [2026-04-28T12:12:59.609+0000] {dagbag.py:540} INFO - Filling up the DagBag from /home/airflow/.local/lib/python3.8/site-packages/airflow/example_dags/example_dag_decorator.py
[2026-04-28T12:12:59.723+0000] {processor.py:840} INFO - DAG(s) 'example_dag_decorator' retrieved from /home/airflow/.local/lib/python3.8/site-packages/airflow/example_dags/example_dag_decorator.py
[2026-04-28T12:12:59.852+0000] {logging_mixin.py:188} INFO - [2026-04-28T12:12:59.852+0000] {dag.py:3047} INFO - Sync 1 DAGs
[2026-04-28T12:12:59.867+0000] {logging_mixin.py:188} INFO - [2026-04-28T12:12:59.867+0000] {dag.py:3834} INFO - Setting next_dagrun for example_dag_decorator to None, run_after=None
[2026-04-28T12:12:59.891+0000] {processor.py:183} INFO - Processing /home/airflow/.local/lib/python3.8/site-packages/airflow/example_dags/example_dag_decorator.py took 0.288 seconds
[2026-04-28T12:13:30.115+0000] {processor.py:161} INFO - Started process (PID=260) to work on /home/airflow/.local/lib/python3.8/site-packages/airflow/example_dags/example_dag_decorator.py
[2026-04-28T12:13:30.117+0000] {processor.py:830} INFO - Processing file /home/airflow/.local/lib/python3.8/site-packages/airflow/example_dags/example_dag_decorator.py for tasks to queue
[2026-04-28T12:13:30.119+0000] {logging_mixin.py:188} INFO - [2026-04-28T12:13:30.119+0000] {dagbag.py:540} INFO - Filling up the DagBag from /home/airflow/.local/lib/python3.8/site-packages/airflow/example_dags/example_dag_decorator.py
[2026-04-28T12:13:30.229+0000] {processor.py:840} INFO - DAG(s) 'example_dag_decorator' retrieved from /home/airflow/.local/lib/python3.8/site-packages/airflow/example_dags/example_dag_decorator.py
[2026-04-28T12:13:30.345+0000] {logging_mixin.py:188} INFO - [2026-04-28T12:13:30.345+0000] {dag.py:3047} INFO - Sync 1 DAGs
[2026-04-28T12:13:30.356+0000] {logging_mixin.py:188} INFO - [2026-04-28T12:13:30.356+0000] {dag.py:3834} INFO - Setting next_dagrun for example_dag_decorator to None, run_after=None
[2026-04-28T12:13:30.374+0000] {processor.py:183} INFO - Processing /home/airflow/.local/lib/python3.8/site-packages/airflow/example_dags/example_dag_decorator.py took 0.262 seconds
[2026-04-28T12:14:00.602+0000] {processor.py:161} INFO - Started process (PID=315) to work on /home/airflow/.local/lib/python3.8/site-packages/airflow/example_dags/example_dag_decorator.py
[2026-04-28T12:14:00.603+0000] {processor.py:830} INFO - Processing file /home/airflow/.local/lib/python3.8/site-packages/airflow/example_dags/example_dag_decorator.py for tasks to queue
[2026-04-28T12:14:00.613+0000] {logging_mixin.py:188} INFO - [2026-04-28T12:14:00.611+0000] {dagbag.py:540} INFO - Filling up the DagBag from /home/airflow/.local/lib/python3.8/site-packages/airflow/example_dags/example_dag_decorator.py
[2026-04-28T12:14:00.806+0000] {processor.py:840} INFO - DAG(s) 'example_dag_decorator' retrieved from /home/airflow/.local/lib/python3.8/site-packages/airflow/example_dags/example_dag_decorator.py
[2026-04-28T12:14:00.921+0000] {logging_mixin.py:188} INFO - [2026-04-28T12:14:00.920+0000] {dag.py:3047} INFO - Sync 1 DAGs
[2026-04-28T12:14:00.932+0000] {logging_mixin.py:188} INFO - [2026-04-28T12:14:00.932+0000] {dag.py:3834} INFO - Setting next_dagrun for example_dag_decorator to None, run_after=None
[2026-04-28T12:14:00.950+0000] {processor.py:183} INFO - Processing /home/airflow/.local/lib/python3.8/site-packages/airflow/example_dags/example_dag_decorator.py took 0.352 seconds
[2026-04-28T12:14:31.179+0000] {processor.py:161} INFO - Started process (PID=376) to work on /home/airflow/.local/lib/python3.8/site-packages/airflow/example_dags/example_dag_decorator.py
[2026-04-28T12:14:31.180+0000] {processor.py:830} INFO - Processing file /home/airflow/.local/lib/python3.8/site-packages/airflow/example_dags/example_dag_decorator.py for tasks to queue
[2026-04-28T12:14:31.183+0000] {logging_mixin.py:188} INFO - [2026-04-28T12:14:31.183+0000] {dagbag.py:540} INFO - Filling up the DagBag from /home/airflow/.local/lib/python3.8/site-packages/airflow/example_dags/example_dag_decorator.py
[2026-04-28T12:14:31.298+0000] {processor.py:840} INFO - DAG(s) 'example_dag_decorator' retrieved from /home/airflow/.local/lib/python3.8/site-packages/airflow/example_dags/example_dag_decorator.py
[2026-04-28T12:14:31.437+0000] {logging_mixin.py:188} INFO - [2026-04-28T12:14:31.437+0000] {dag.py:3047} INFO - Sync 1 DAGs
[2026-04-28T12:14:31.451+0000] {logging_mixin.py:188} INFO - [2026-04-28T12:14:31.451+0000] {dag.py:3834} INFO - Setting next_dagrun for example_dag_decorator to None, run_after=None
[2026-04-28T12:14:31.489+0000] {processor.py:183} INFO - Processing /home/airflow/.local/lib/python3.8/site-packages/airflow/example_dags/example_dag_decorator.py took 0.314 seconds
[2026-04-28T12:15:01.873+0000] {processor.py:161} INFO - Started process (PID=431) to work on /home/airflow/.local/lib/python3.8/site-packages/airflow/example_dags/example_dag_decorator.py
[2026-04-28T12:15:01.875+0000] {processor.py:830} INFO - Processing file /home/airflow/.local/lib/python3.8/site-packages/airflow/example_dags/example_dag_decorator.py for tasks to queue
[2026-04-28T12:15:01.878+0000] {logging_mixin.py:188} INFO - [2026-04-28T12:15:01.878+0000] {dagbag.py:540} INFO - Filling up the DagBag from /home/airflow/.local/lib/python3.8/site-packages/airflow/example_dags/example_dag_decorator.py
[2026-04-28T12:15:02.037+0000] {processor.py:840} INFO - DAG(s) 'example_dag_decorator' retrieved from /home/airflow/.local/lib/python3.8/site-packages/airflow/example_dags/example_dag_decorator.py
[2026-04-28T12:15:02.231+0000] {logging_mixin.py:188} INFO - [2026-04-28T12:15:02.230+0000] {dag.py:3047} INFO - Sync 1 DAGs
[2026-04-28T12:15:02.258+0000] {logging_mixin.py:188} INFO - [2026-04-28T12:15:02.258+0000] {dag.py:3834} INFO - Setting next_dagrun for example_dag_decorator to None, run_after=None
[2026-04-28T12:15:02.296+0000] {processor.py:183} INFO - Processing /home/airflow/.local/lib/python3.8/site-packages/airflow/example_dags/example_dag_decorator.py took 0.427 seconds
[2026-04-28T12:15:32.386+0000] {processor.py:161} INFO - Started process (PID=485) to work on /home/airflow/.local/lib/python3.8/site-packages/airflow/example_dags/example_dag_decorator.py
[2026-04-28T12:15:32.387+0000] {processor.py:830} INFO - Processing file /home/airflow/.local/lib/python3.8/site-packages/airflow/example_dags/example_dag_decorator.py for tasks to queue
[2026-04-28T12:15:32.389+0000] {logging_mixin.py:188} INFO - [2026-04-28T12:15:32.388+0000] {dagbag.py:540} INFO - Filling up the DagBag from /home/airflow/.local/lib/python3.8/site-packages/airflow/example_dags/example_dag_decorator.py
[2026-04-28T12:15:32.531+0000] {processor.py:840} INFO - DAG(s) 'example_dag_decorator' retrieved from /home/airflow/.local/lib/python3.8/site-packages/airflow/example_dags/example_dag_decorator.py
[2026-04-28T12:15:32.681+0000] {logging_mixin.py:188} INFO - [2026-04-28T12:15:32.680+0000] {dag.py:3047} INFO - Sync 1 DAGs
[2026-04-28T12:15:32.701+0000] {logging_mixin.py:188} INFO - [2026-04-28T12:15:32.700+0000] {dag.py:3834} INFO - Setting next_dagrun for example_dag_decorator to None, run_after=None
[2026-04-28T12:15:32.728+0000] {processor.py:183} INFO - Processing /home/airflow/.local/lib/python3.8/site-packages/airflow/example_dags/example_dag_decorator.py took 0.346 seconds
[2026-04-28T12:16:03.327+0000] {processor.py:161} INFO - Started process (PID=540) to work on /home/airflow/.local/lib/python3.8/site-packages/airflow/example_dags/example_dag_decorator.py
[2026-04-28T12:16:03.329+0000] {processor.py:830} INFO - Processing file /home/airflow/.local/lib/python3.8/site-packages/airflow/example_dags/example_dag_decorator.py for tasks to queue
[2026-04-28T12:16:03.334+0000] {logging_mixin.py:188} INFO - [2026-04-28T12:16:03.333+0000] {dagbag.py:540} INFO - Filling up the DagBag from /home/airflow/.local/lib/python3.8/site-packages/airflow/example_dags/example_dag_decorator.py
[2026-04-28T12:16:03.536+0000] {processor.py:840} INFO - DAG(s) 'example_dag_decorator' retrieved from /home/airflow/.local/lib/python3.8/site-packages/airflow/example_dags/example_dag_decorator.py
[2026-04-28T12:16:03.690+0000] {logging_mixin.py:188} INFO - [2026-04-28T12:16:03.689+0000] {dag.py:3047} INFO - Sync 1 DAGs
[2026-04-28T12:16:03.716+0000] {logging_mixin.py:188} INFO - [2026-04-28T12:16:03.716+0000] {dag.py:3834} INFO - Setting next_dagrun for example_dag_decorator to None, run_after=None
[2026-04-28T12:16:03.749+0000] {processor.py:183} INFO - Processing /home/airflow/.local/lib/python3.8/site-packages/airflow/example_dags/example_dag_decorator.py took 0.430 seconds
[2026-04-28T12:16:33.810+0000] {processor.py:161} INFO - Started process (PID=597) to work on /home/airflow/.local/lib/python3.8/site-packages/airflow/example_dags/example_dag_decorator.py
[2026-04-28T12:16:33.811+0000] {processor.py:830} INFO - Processing file /home/airflow/.local/lib/python3.8/site-packages/airflow/example_dags/example_dag_decorator.py for tasks to queue
[2026-04-28T12:16:33.812+0000] {logging_mixin.py:188} INFO - [2026-04-28T12:16:33.812+0000] {dagbag.py:540} INFO - Filling up the DagBag from /home/airflow/.local/lib/python3.8/site-packages/airflow/example_dags/example_dag_decorator.py
[2026-04-28T12:16:33.878+0000] {processor.py:840} INFO - DAG(s) 'example_dag_decorator' retrieved from /home/airflow/.local/lib/python3.8/site-packages/airflow/example_dags/example_dag_decorator.py
[2026-04-28T12:16:33.982+0000] {logging_mixin.py:188} INFO - [2026-04-28T12:16:33.981+0000] {dag.py:3047} INFO - Sync 1 DAGs
[2026-04-28T12:16:33.997+0000] {logging_mixin.py:188} INFO - [2026-04-28T12:16:33.996+0000] {dag.py:3834} INFO - Setting next_dagrun for example_dag_decorator to None, run_after=None
[2026-04-28T12:16:34.019+0000] {processor.py:183} INFO - Processing /home/airflow/.local/lib/python3.8/site-packages/airflow/example_dags/example_dag_decorator.py took 0.212 seconds
[2026-04-28T12:17:04.094+0000] {processor.py:161} INFO - Started process (PID=650) to work on /home/airflow/.local/lib/python3.8/site-packages/airflow/example_dags/example_dag_decorator.py
[2026-04-28T12:17:04.097+0000] {processor.py:830} INFO - Processing file /home/airflow/.local/lib/python3.8/site-packages/airflow/example_dags/example_dag_decorator.py for tasks to queue
[2026-04-28T12:17:04.099+0000] {logging_mixin.py:188} INFO - [2026-04-28T12:17:04.099+0000] {dagbag.py:540} INFO - Filling up the DagBag from /home/airflow/.local/lib/python3.8/site-packages/airflow/example_dags/example_dag_decorator.py
[2026-04-28T12:17:04.275+0000] {processor.py:840} INFO - DAG(s) 'example_dag_decorator' retrieved from /home/airflow/.local/lib/python3.8/site-packages/airflow/example_dags/example_dag_decorator.py
[2026-04-28T12:17:04.469+0000] {logging_mixin.py:188} INFO - [2026-04-28T12:17:04.468+0000] {dag.py:3047} INFO - Sync 1 DAGs
[2026-04-28T12:17:04.483+0000] {logging_mixin.py:188} INFO - [2026-04-28T12:17:04.483+0000] {dag.py:3834} INFO - Setting next_dagrun for example_dag_decorator to None, run_after=None
[2026-04-28T12:17:04.503+0000] {processor.py:183} INFO - Processing /home/airflow/.local/lib/python3.8/site-packages/airflow/example_dags/example_dag_decorator.py took 0.413 seconds
[2026-04-28T12:17:34.704+0000] {processor.py:161} INFO - Started process (PID=705) to work on /home/airflow/.local/lib/python3.8/site-packages/airflow/example_dags/example_dag_decorator.py
[2026-04-28T12:17:34.705+0000] {processor.py:830} INFO - Processing file /home/airflow/.local/lib/python3.8/site-packages/airflow/example_dags/example_dag_decorator.py for tasks to queue
[2026-04-28T12:17:34.707+0000] {logging_mixin.py:188} INFO - [2026-04-28T12:17:34.706+0000] {dagbag.py:540} INFO - Filling up the DagBag from /home/airflow/.local/lib/python3.8/site-packages/airflow/example_dags/example_dag_decorator.py
[2026-04-28T12:17:34.821+0000] {processor.py:840} INFO - DAG(s) 'example_dag_decorator' retrieved from /home/airflow/.local/lib/python3.8/site-packages/airflow/example_dags/example_dag_decorator.py
[2026-04-28T12:17:34.940+0000] {logging_mixin.py:188} INFO - [2026-04-28T12:17:34.940+0000] {dag.py:3047} INFO - Sync 1 DAGs
[2026-04-28T12:17:34.951+0000] {logging_mixin.py:188} INFO - [2026-04-28T12:17:34.951+0000] {dag.py:3834} INFO - Setting next_dagrun for example_dag_decorator to None, run_after=None
[2026-04-28T12:17:34.968+0000] {processor.py:183} INFO - Processing /home/airflow/.local/lib/python3.8/site-packages/airflow/example_dags/example_dag_decorator.py took 0.268 seconds
[2026-04-28T12:18:05.120+0000] {processor.py:161} INFO - Started process (PID=761) to work on /home/airflow/.local/lib/python3.8/site-packages/airflow/example_dags/example_dag_decorator.py
[2026-04-28T12:18:05.123+0000] {processor.py:830} INFO - Processing file /home/airflow/.local/lib/python3.8/site-packages/airflow/example_dags/example_dag_decorator.py for tasks to queue
[2026-04-28T12:18:05.125+0000] {logging_mixin.py:188} INFO - [2026-04-28T12:18:05.125+0000] {dagbag.py:540} INFO - Filling up the DagBag from /home/airflow/.local/lib/python3.8/site-packages/airflow/example_dags/example_dag_decorator.py
[2026-04-28T12:18:05.327+0000] {processor.py:840} INFO - DAG(s) 'example_dag_decorator' retrieved from /home/airflow/.local/lib/python3.8/site-packages/airflow/example_dags/example_dag_decorator.py
[2026-04-28T12:18:05.533+0000] {logging_mixin.py:188} INFO - [2026-04-28T12:18:05.532+0000] {dag.py:3047} INFO - Sync 1 DAGs
[2026-04-28T12:18:05.549+0000] {logging_mixin.py:188} INFO - [2026-04-28T12:18:05.549+0000] {dag.py:3834} INFO - Setting next_dagrun for example_dag_decorator to None, run_after=None
[2026-04-28T12:18:05.574+0000] {processor.py:183} INFO - Processing /home/airflow/.local/lib/python3.8/site-packages/airflow/example_dags/example_dag_decorator.py took 0.463 seconds
[2026-04-28T12:18:35.946+0000] {processor.py:161} INFO - Started process (PID=815) to work on /home/airflow/.local/lib/python3.8/site-packages/airflow/example_dags/example_dag_decorator.py
[2026-04-28T12:18:35.949+0000] {processor.py:830} INFO - Processing file /home/airflow/.local/lib/python3.8/site-packages/airflow/example_dags/example_dag_decorator.py for tasks to queue
[2026-04-28T12:18:35.954+0000] {logging_mixin.py:188} INFO - [2026-04-28T12:18:35.954+0000] {dagbag.py:540} INFO - Filling up the DagBag from /home/airflow/.local/lib/python3.8/site-packages/airflow/example_dags/example_dag_decorator.py
[2026-04-28T12:18:36.180+0000] {processor.py:840} INFO - DAG(s) 'example_dag_decorator' retrieved from /home/airflow/.local/lib/python3.8/site-packages/airflow/example_dags/example_dag_decorator.py
[2026-04-28T12:18:36.398+0000] {logging_mixin.py:188} INFO - [2026-04-28T12:18:36.398+0000] {dag.py:3047} INFO - Sync 1 DAGs
[2026-04-28T12:18:36.431+0000] {logging_mixin.py:188} INFO - [2026-04-28T12:18:36.430+0000] {dag.py:3834} INFO - Setting next_dagrun for example_dag_decorator to None, run_after=None
[2026-04-28T12:18:36.495+0000] {processor.py:183} INFO - Processing /home/airflow/.local/lib/python3.8/site-packages/airflow/example_dags/example_dag_decorator.py took 0.556 seconds
[2026-04-28T12:19:07.368+0000] {processor.py:161} INFO - Started process (PID=871) to work on /home/airflow/.local/lib/python3.8/site-packages/airflow/example_dags/example_dag_decorator.py
[2026-04-28T12:19:07.372+0000] {processor.py:830} INFO - Processing file /home/airflow/.local/lib/python3.8/site-packages/airflow/example_dags/example_dag_decorator.py for tasks to queue
[2026-04-28T12:19:07.379+0000] {logging_mixin.py:188} INFO - [2026-04-28T12:19:07.377+0000] {dagbag.py:540} INFO - Filling up the DagBag from /home/airflow/.local/lib/python3.8/site-packages/airflow/example_dags/example_dag_decorator.py
[2026-04-28T12:19:07.619+0000] {processor.py:840} INFO - DAG(s) 'example_dag_decorator' retrieved from /home/airflow/.local/lib/python3.8/site-packages/airflow/example_dags/example_dag_decorator.py
[2026-04-28T12:19:07.820+0000] {logging_mixin.py:188} INFO - [2026-04-28T12:19:07.819+0000] {dag.py:3047} INFO - Sync 1 DAGs
[2026-04-28T12:19:07.832+0000] {logging_mixin.py:188} INFO - [2026-04-28T12:19:07.831+0000] {dag.py:3834} INFO - Setting next_dagrun for example_dag_decorator to None, run_after=None
[2026-04-28T12:19:07.853+0000] {processor.py:183} INFO - Processing /home/airflow/.local/lib/python3.8/site-packages/airflow/example_dags/example_dag_decorator.py took 0.494 seconds
[2026-04-28T12:19:38.684+0000] {processor.py:161} INFO - Started process (PID=927) to work on /home/airflow/.local/lib/python3.8/site-packages/airflow/example_dags/example_dag_decorator.py
[2026-04-28T12:19:38.688+0000] {processor.py:830} INFO - Processing file /home/airflow/.local/lib/python3.8/site-packages/airflow/example_dags/example_dag_decorator.py for tasks to queue
[2026-04-28T12:19:38.691+0000] {logging_mixin.py:188} INFO - [2026-04-28T12:19:38.690+0000] {dagbag.py:540} INFO - Filling up the DagBag from /home/airflow/.local/lib/python3.8/site-packages/airflow/example_dags/example_dag_decorator.py
[2026-04-28T12:19:38.855+0000] {processor.py:840} INFO - DAG(s) 'example_dag_decorator' retrieved from /home/airflow/.local/lib/python3.8/site-packages/airflow/example_dags/example_dag_decorator.py
[2026-04-28T12:19:39.271+0000] {logging_mixin.py:188} INFO - [2026-04-28T12:19:39.270+0000] {dag.py:3047} INFO - Sync 1 DAGs
[2026-04-28T12:19:39.301+0000] {logging_mixin.py:188} INFO - [2026-04-28T12:19:39.301+0000] {dag.py:3834} INFO - Setting next_dagrun for example_dag_decorator to None, run_after=None
[2026-04-28T12:19:39.382+0000] {processor.py:183} INFO - Processing /home/airflow/.local/lib/python3.8/site-packages/airflow/example_dags/example_dag_decorator.py took 0.702 seconds
[2026-04-28T12:20:09.517+0000] {processor.py:161} INFO - Started process (PID=983) to work on /home/airflow/.local/lib/python3.8/site-packages/airflow/example_dags/example_dag_decorator.py
[2026-04-28T12:20:09.518+0000] {processor.py:830} INFO - Processing file /home/airflow/.local/lib/python3.8/site-packages/airflow/example_dags/example_dag_decorator.py for tasks to queue
[2026-04-28T12:20:09.520+0000] {logging_mixin.py:188} INFO - [2026-04-28T12:20:09.520+0000] {dagbag.py:540} INFO - Filling up the DagBag from /home/airflow/.local/lib/python3.8/site-packages/airflow/example_dags/example_dag_decorator.py
[2026-04-28T12:20:09.636+0000] {processor.py:840} INFO - DAG(s) 'example_dag_decorator' retrieved from /home/airflow/.local/lib/python3.8/site-packages/airflow/example_dags/example_dag_decorator.py
[2026-04-28T12:20:09.722+0000] {logging_mixin.py:188} INFO - [2026-04-28T12:20:09.722+0000] {dag.py:3047} INFO - Sync 1 DAGs
[2026-04-28T12:20:09.730+0000] {logging_mixin.py:188} INFO - [2026-04-28T12:20:09.730+0000] {dag.py:3834} INFO - Setting next_dagrun for example_dag_decorator to None, run_after=None
[2026-04-28T12:20:09.743+0000] {processor.py:183} INFO - Processing /home/airflow/.local/lib/python3.8/site-packages/airflow/example_dags/example_dag_decorator.py took 0.229 seconds
[2026-04-28T12:20:40.686+0000] {processor.py:161} INFO - Started process (PID=1039) to work on /home/airflow/.local/lib/python3.8/site-packages/airflow/example_dags/example_dag_decorator.py
[2026-04-28T12:20:40.687+0000] {processor.py:830} INFO - Processing file /home/airflow/.local/lib/python3.8/site-packages/airflow/example_dags/example_dag_decorator.py for tasks to queue
[2026-04-28T12:20:40.690+0000] {logging_mixin.py:188} INFO - [2026-04-28T12:20:40.689+0000] {dagbag.py:540} INFO - Filling up the DagBag from /home/airflow/.local/lib/python3.8/site-packages/airflow/example_dags/example_dag_decorator.py
[2026-04-28T12:20:40.815+0000] {processor.py:840} INFO - DAG(s) 'example_dag_decorator' retrieved from /home/airflow/.local/lib/python3.8/site-packages/airflow/example_dags/example_dag_decorator.py
[2026-04-28T12:20:40.947+0000] {logging_mixin.py:188} INFO - [2026-04-28T12:20:40.947+0000] {dag.py:3047} INFO - Sync 1 DAGs
[2026-04-28T12:20:40.995+0000] {logging_mixin.py:188} INFO - [2026-04-28T12:20:40.994+0000] {dag.py:3834} INFO - Setting next_dagrun for example_dag_decorator to None, run_after=None
[2026-04-28T12:20:41.054+0000] {processor.py:183} INFO - Processing /home/airflow/.local/lib/python3.8/site-packages/airflow/example_dags/example_dag_decorator.py took 0.372 seconds
[2026-04-28T12:21:11.352+0000] {processor.py:161} INFO - Started process (PID=1094) to work on /home/airflow/.local/lib/python3.8/site-packages/airflow/example_dags/example_dag_decorator.py
[2026-04-28T12:21:11.354+0000] {processor.py:830} INFO - Processing file /home/airflow/.local/lib/python3.8/site-packages/airflow/example_dags/example_dag_decorator.py for tasks to queue
[2026-04-28T12:21:11.356+0000] {logging_mixin.py:188} INFO - [2026-04-28T12:21:11.356+0000] {dagbag.py:540} INFO - Filling up the DagBag from /home/airflow/.local/lib/python3.8/site-packages/airflow/example_dags/example_dag_decorator.py
[2026-04-28T12:21:11.563+0000] {processor.py:840} INFO - DAG(s) 'example_dag_decorator' retrieved from /home/airflow/.local/lib/python3.8/site-packages/airflow/example_dags/example_dag_decorator.py
[2026-04-28T12:21:11.774+0000] {logging_mixin.py:188} INFO - [2026-04-28T12:21:11.774+0000] {dag.py:3047} INFO - Sync 1 DAGs
[2026-04-28T12:21:11.801+0000] {logging_mixin.py:188} INFO - [2026-04-28T12:21:11.801+0000] {dag.py:3834} INFO - Setting next_dagrun for example_dag_decorator to None, run_after=None
[2026-04-28T12:21:11.819+0000] {processor.py:183} INFO - Processing /home/airflow/.local/lib/python3.8/site-packages/airflow/example_dags/example_dag_decorator.py took 0.470 seconds
[2026-04-28T12:21:42.511+0000] {processor.py:161} INFO - Started process (PID=1150) to work on /home/airflow/.local/lib/python3.8/site-packages/airflow/example_dags/example_dag_decorator.py
[2026-04-28T12:21:42.512+0000] {processor.py:830} INFO - Processing file /home/airflow/.local/lib/python3.8/site-packages/airflow/example_dags/example_dag_decorator.py for tasks to queue
[2026-04-28T12:21:42.514+0000] {logging_mixin.py:188} INFO - [2026-04-28T12:21:42.514+0000] {dagbag.py:540} INFO - Filling up the DagBag from /home/airflow/.local/lib/python3.8/site-packages/airflow/example_dags/example_dag_decorator.py
[2026-04-28T12:21:42.636+0000] {processor.py:840} INFO - DAG(s) 'example_dag_decorator' retrieved from /home/airflow/.local/lib/python3.8/site-packages/airflow/example_dags/example_dag_decorator.py
[2026-04-28T12:21:42.912+0000] {logging_mixin.py:188} INFO - [2026-04-28T12:21:42.912+0000] {dag.py:3047} INFO - Sync 1 DAGs
[2026-04-28T12:21:42.923+0000] {logging_mixin.py:188} INFO - [2026-04-28T12:21:42.923+0000] {dag.py:3834} INFO - Setting next_dagrun for example_dag_decorator to None, run_after=None
[2026-04-28T12:21:42.940+0000] {processor.py:183} INFO - Processing /home/airflow/.local/lib/python3.8/site-packages/airflow/example_dags/example_dag_decorator.py took 0.432 seconds
[2026-04-28T12:22:13.323+0000] {processor.py:161} INFO - Started process (PID=1205) to work on /home/airflow/.local/lib/python3.8/site-packages/airflow/example_dags/example_dag_decorator.py
[2026-04-28T12:22:13.324+0000] {processor.py:830} INFO - Processing file /home/airflow/.local/lib/python3.8/site-packages/airflow/example_dags/example_dag_decorator.py for tasks to queue
[2026-04-28T12:22:13.326+0000] {logging_mixin.py:188} INFO - [2026-04-28T12:22:13.326+0000] {dagbag.py:540} INFO - Filling up the DagBag from /home/airflow/.local/lib/python3.8/site-packages/airflow/example_dags/example_dag_decorator.py
[2026-04-28T12:22:13.430+0000] {processor.py:840} INFO - DAG(s) 'example_dag_decorator' retrieved from /home/airflow/.local/lib/python3.8/site-packages/airflow/example_dags/example_dag_decorator.py
[2026-04-28T12:22:13.743+0000] {logging_mixin.py:188} INFO - [2026-04-28T12:22:13.743+0000] {dag.py:3047} INFO - Sync 1 DAGs
[2026-04-28T12:22:13.754+0000] {logging_mixin.py:188} INFO - [2026-04-28T12:22:13.753+0000] {dag.py:3834} INFO - Setting next_dagrun for example_dag_decorator to None, run_after=None
[2026-04-28T12:22:13.770+0000] {processor.py:183} INFO - Processing /home/airflow/.local/lib/python3.8/site-packages/airflow/example_dags/example_dag_decorator.py took 0.451 seconds
[2026-04-28T12:22:44.499+0000] {processor.py:161} INFO - Started process (PID=1261) to work on /home/airflow/.local/lib/python3.8/site-packages/airflow/example_dags/example_dag_decorator.py
[2026-04-28T12:22:44.500+0000] {processor.py:830} INFO - Processing file /home/airflow/.local/lib/python3.8/site-packages/airflow/example_dags/example_dag_decorator.py for tasks to queue
[2026-04-28T12:22:44.502+0000] {logging_mixin.py:188} INFO - [2026-04-28T12:22:44.502+0000] {dagbag.py:540} INFO - Filling up the DagBag from /home/airflow/.local/lib/python3.8/site-packages/airflow/example_dags/example_dag_decorator.py
[2026-04-28T12:22:44.639+0000] {processor.py:840} INFO - DAG(s) 'example_dag_decorator' retrieved from /home/airflow/.local/lib/python3.8/site-packages/airflow/example_dags/example_dag_decorator.py
[2026-04-28T12:22:44.975+0000] {logging_mixin.py:188} INFO - [2026-04-28T12:22:44.975+0000] {dag.py:3047} INFO - Sync 1 DAGs
[2026-04-28T12:22:44.988+0000] {logging_mixin.py:188} INFO - [2026-04-28T12:22:44.988+0000] {dag.py:3834} INFO - Setting next_dagrun for example_dag_decorator to None, run_after=None
[2026-04-28T12:22:45.008+0000] {processor.py:183} INFO - Processing /home/airflow/.local/lib/python3.8/site-packages/airflow/example_dags/example_dag_decorator.py took 0.513 seconds
[2026-04-28T12:23:15.041+0000] {processor.py:161} INFO - Started process (PID=1316) to work on /home/airflow/.local/lib/python3.8/site-packages/airflow/example_dags/example_dag_decorator.py
[2026-04-28T12:23:15.043+0000] {processor.py:830} INFO - Processing file /home/airflow/.local/lib/python3.8/site-packages/airflow/example_dags/example_dag_decorator.py for tasks to queue
[2026-04-28T12:23:15.045+0000] {logging_mixin.py:188} INFO - [2026-04-28T12:23:15.045+0000] {dagbag.py:540} INFO - Filling up the DagBag from /home/airflow/.local/lib/python3.8/site-packages/airflow/example_dags/example_dag_decorator.py
[2026-04-28T12:23:15.185+0000] {processor.py:840} INFO - DAG(s) 'example_dag_decorator' retrieved from /home/airflow/.local/lib/python3.8/site-packages/airflow/example_dags/example_dag_decorator.py
[2026-04-28T12:23:15.940+0000] {logging_mixin.py:188} INFO - [2026-04-28T12:23:15.939+0000] {dag.py:3047} INFO - Sync 1 DAGs
[2026-04-28T12:23:15.950+0000] {logging_mixin.py:188} INFO - [2026-04-28T12:23:15.950+0000] {dag.py:3834} INFO - Setting next_dagrun for example_dag_decorator to None, run_after=None
[2026-04-28T12:23:15.968+0000] {processor.py:183} INFO - Processing /home/airflow/.local/lib/python3.8/site-packages/airflow/example_dags/example_dag_decorator.py took 0.930 seconds
[2026-04-28T12:23:46.392+0000] {processor.py:161} INFO - Started process (PID=1373) to work on /home/airflow/.local/lib/python3.8/site-packages/airflow/example_dags/example_dag_decorator.py
[2026-04-28T12:23:46.392+0000] {processor.py:830} INFO - Processing file /home/airflow/.local/lib/python3.8/site-packages/airflow/example_dags/example_dag_decorator.py for tasks to queue
[2026-04-28T12:23:46.395+0000] {logging_mixin.py:188} INFO - [2026-04-28T12:23:46.394+0000] {dagbag.py:540} INFO - Filling up the DagBag from /home/airflow/.local/lib/python3.8/site-packages/airflow/example_dags/example_dag_decorator.py
[2026-04-28T12:23:46.508+0000] {processor.py:840} INFO - DAG(s) 'example_dag_decorator' retrieved from /home/airflow/.local/lib/python3.8/site-packages/airflow/example_dags/example_dag_decorator.py
[2026-04-28T12:23:46.740+0000] {logging_mixin.py:188} INFO - [2026-04-28T12:23:46.740+0000] {dag.py:3047} INFO - Sync 1 DAGs
[2026-04-28T12:23:46.748+0000] {logging_mixin.py:188} INFO - [2026-04-28T12:23:46.747+0000] {dag.py:3834} INFO - Setting next_dagrun for example_dag_decorator to None, run_after=None
[2026-04-28T12:23:46.760+0000] {processor.py:183} INFO - Processing /home/airflow/.local/lib/python3.8/site-packages/airflow/example_dags/example_dag_decorator.py took 0.372 seconds
[2026-04-28T12:24:17.051+0000] {processor.py:161} INFO - Started process (PID=1428) to work on /home/airflow/.local/lib/python3.8/site-packages/airflow/example_dags/example_dag_decorator.py
[2026-04-28T12:24:17.052+0000] {processor.py:830} INFO - Processing file /home/airflow/.local/lib/python3.8/site-packages/airflow/example_dags/example_dag_decorator.py for tasks to queue
[2026-04-28T12:24:17.054+0000] {logging_mixin.py:188} INFO - [2026-04-28T12:24:17.054+0000] {dagbag.py:540} INFO - Filling up the DagBag from /home/airflow/.local/lib/python3.8/site-packages/airflow/example_dags/example_dag_decorator.py
[2026-04-28T12:24:17.214+0000] {processor.py:840} INFO - DAG(s) 'example_dag_decorator' retrieved from /home/airflow/.local/lib/python3.8/site-packages/airflow/example_dags/example_dag_decorator.py
[2026-04-28T12:24:17.445+0000] {logging_mixin.py:188} INFO - [2026-04-28T12:24:17.444+0000] {dag.py:3047} INFO - Sync 1 DAGs
[2026-04-28T12:24:17.451+0000] {logging_mixin.py:188} INFO - [2026-04-28T12:24:17.451+0000] {dag.py:3834} INFO - Setting next_dagrun for example_dag_decorator to None, run_after=None
[2026-04-28T12:24:17.464+0000] {processor.py:183} INFO - Processing /home/airflow/.local/lib/python3.8/site-packages/airflow/example_dags/example_dag_decorator.py took 0.417 seconds
[2026-04-28T12:24:47.485+0000] {processor.py:161} INFO - Started process (PID=1487) to work on /home/airflow/.local/lib/python3.8/site-packages/airflow/example_dags/example_dag_decorator.py
[2026-04-28T12:24:47.486+0000] {processor.py:830} INFO - Processing file /home/airflow/.local/lib/python3.8/site-packages/airflow/example_dags/example_dag_decorator.py for tasks to queue
[2026-04-28T12:24:47.487+0000] {logging_mixin.py:188} INFO - [2026-04-28T12:24:47.487+0000] {dagbag.py:540} INFO - Filling up the DagBag from /home/airflow/.local/lib/python3.8/site-packages/airflow/example_dags/example_dag_decorator.py
[2026-04-28T12:24:47.558+0000] {processor.py:840} INFO - DAG(s) 'example_dag_decorator' retrieved from /home/airflow/.local/lib/python3.8/site-packages/airflow/example_dags/example_dag_decorator.py
[2026-04-28T12:24:47.742+0000] {logging_mixin.py:188} INFO - [2026-04-28T12:24:47.742+0000] {dag.py:3047} INFO - Sync 1 DAGs
[2026-04-28T12:24:47.749+0000] {logging_mixin.py:188} INFO - [2026-04-28T12:24:47.749+0000] {dag.py:3834} INFO - Setting next_dagrun for example_dag_decorator to None, run_after=None
[2026-04-28T12:24:47.761+0000] {processor.py:183} INFO - Processing /home/airflow/.local/lib/python3.8/site-packages/airflow/example_dags/example_dag_decorator.py took 0.279 seconds
[2026-04-28T12:25:17.798+0000] {processor.py:161} INFO - Started process (PID=1542) to work on /home/airflow/.local/lib/python3.8/site-packages/airflow/example_dags/example_dag_decorator.py
[2026-04-28T12:25:17.799+0000] {processor.py:830} INFO - Processing file /home/airflow/.local/lib/python3.8/site-packages/airflow/example_dags/example_dag_decorator.py for tasks to queue
[2026-04-28T12:25:17.800+0000] {logging_mixin.py:188} INFO - [2026-04-28T12:25:17.800+0000] {dagbag.py:540} INFO - Filling up the DagBag from /home/airflow/.local/lib/python3.8/site-packages/airflow/example_dags/example_dag_decorator.py
[2026-04-28T12:25:17.866+0000] {processor.py:840} INFO - DAG(s) 'example_dag_decorator' retrieved from /home/airflow/.local/lib/python3.8/site-packages/airflow/example_dags/example_dag_decorator.py
[2026-04-28T12:25:18.075+0000] {logging_mixin.py:188} INFO - [2026-04-28T12:25:18.074+0000] {dag.py:3047} INFO - Sync 1 DAGs
[2026-04-28T12:25:18.089+0000] {logging_mixin.py:188} INFO - [2026-04-28T12:25:18.089+0000] {dag.py:3834} INFO - Setting next_dagrun for example_dag_decorator to None, run_after=None
[2026-04-28T12:25:18.104+0000] {processor.py:183} INFO - Processing /home/airflow/.local/lib/python3.8/site-packages/airflow/example_dags/example_dag_decorator.py took 0.309 seconds
[2026-04-28T12:25:49.057+0000] {processor.py:161} INFO - Started process (PID=1597) to work on /home/airflow/.local/lib/python3.8/site-packages/airflow/example_dags/example_dag_decorator.py
[2026-04-28T12:25:49.057+0000] {processor.py:830} INFO - Processing file /home/airflow/.local/lib/python3.8/site-packages/airflow/example_dags/example_dag_decorator.py for tasks to queue
[2026-04-28T12:25:49.059+0000] {logging_mixin.py:188} INFO - [2026-04-28T12:25:49.059+0000] {dagbag.py:540} INFO - Filling up the DagBag from /home/airflow/.local/lib/python3.8/site-packages/airflow/example_dags/example_dag_decorator.py
[2026-04-28T12:25:49.128+0000] {processor.py:840} INFO - DAG(s) 'example_dag_decorator' retrieved from /home/airflow/.local/lib/python3.8/site-packages/airflow/example_dags/example_dag_decorator.py
[2026-04-28T12:25:49.314+0000] {logging_mixin.py:188} INFO - [2026-04-28T12:25:49.313+0000] {dag.py:3047} INFO - Sync 1 DAGs
[2026-04-28T12:25:49.321+0000] {logging_mixin.py:188} INFO - [2026-04-28T12:25:49.321+0000] {dag.py:3834} INFO - Setting next_dagrun for example_dag_decorator to None, run_after=None
[2026-04-28T12:25:49.335+0000] {processor.py:183} INFO - Processing /home/airflow/.local/lib/python3.8/site-packages/airflow/example_dags/example_dag_decorator.py took 0.282 seconds
