[2026-04-28T12:11:47.165+0000] {processor.py:161} INFO - Started process (PID=67) to work on /home/airflow/.local/lib/python3.8/site-packages/airflow/example_dags/example_branch_operator.py
[2026-04-28T12:11:47.173+0000] {processor.py:830} INFO - Processing file /home/airflow/.local/lib/python3.8/site-packages/airflow/example_dags/example_branch_operator.py for tasks to queue
[2026-04-28T12:11:47.186+0000] {logging_mixin.py:188} INFO - [2026-04-28T12:11:47.185+0000] {dagbag.py:540} INFO - Filling up the DagBag from /home/airflow/.local/lib/python3.8/site-packages/airflow/example_dags/example_branch_operator.py
[2026-04-28T12:11:47.327+0000] {processor.py:840} INFO - DAG(s) 'example_branch_operator' retrieved from /home/airflow/.local/lib/python3.8/site-packages/airflow/example_dags/example_branch_operator.py
[2026-04-28T12:11:47.667+0000] {logging_mixin.py:188} INFO - [2026-04-28T12:11:47.666+0000] {dag.py:3047} INFO - Sync 1 DAGs
[2026-04-28T12:11:47.714+0000] {logging_mixin.py:188} INFO - [2026-04-28T12:11:47.713+0000] {dag.py:3834} INFO - Setting next_dagrun for example_branch_operator to 2026-04-27 00:00:00+00:00, run_after=2026-04-28 00:00:00+00:00
[2026-04-28T12:11:47.780+0000] {processor.py:183} INFO - Processing /home/airflow/.local/lib/python3.8/site-packages/airflow/example_dags/example_branch_operator.py took 0.638 seconds
[2026-04-28T12:12:18.043+0000] {processor.py:161} INFO - Started process (PID=122) to work on /home/airflow/.local/lib/python3.8/site-packages/airflow/example_dags/example_branch_operator.py
[2026-04-28T12:12:18.044+0000] {processor.py:830} INFO - Processing file /home/airflow/.local/lib/python3.8/site-packages/airflow/example_dags/example_branch_operator.py for tasks to queue
[2026-04-28T12:12:18.046+0000] {logging_mixin.py:188} INFO - [2026-04-28T12:12:18.045+0000] {dagbag.py:540} INFO - Filling up the DagBag from /home/airflow/.local/lib/python3.8/site-packages/airflow/example_dags/example_branch_operator.py
[2026-04-28T12:12:18.059+0000] {processor.py:840} INFO - DAG(s) 'example_branch_operator' retrieved from /home/airflow/.local/lib/python3.8/site-packages/airflow/example_dags/example_branch_operator.py
[2026-04-28T12:12:18.081+0000] {logging_mixin.py:188} INFO - [2026-04-28T12:12:18.080+0000] {dag.py:3047} INFO - Sync 1 DAGs
[2026-04-28T12:12:18.105+0000] {logging_mixin.py:188} INFO - [2026-04-28T12:12:18.104+0000] {dag.py:3834} INFO - Setting next_dagrun for example_branch_operator to 2026-04-27 00:00:00+00:00, run_after=2026-04-28 00:00:00+00:00
[2026-04-28T12:12:18.129+0000] {processor.py:183} INFO - Processing /home/airflow/.local/lib/python3.8/site-packages/airflow/example_dags/example_branch_operator.py took 0.089 seconds
[2026-04-28T12:12:48.233+0000] {processor.py:161} INFO - Started process (PID=177) to work on /home/airflow/.local/lib/python3.8/site-packages/airflow/example_dags/example_branch_operator.py
[2026-04-28T12:12:48.234+0000] {processor.py:830} INFO - Processing file /home/airflow/.local/lib/python3.8/site-packages/airflow/example_dags/example_branch_operator.py for tasks to queue
[2026-04-28T12:12:48.235+0000] {logging_mixin.py:188} INFO - [2026-04-28T12:12:48.235+0000] {dagbag.py:540} INFO - Filling up the DagBag from /home/airflow/.local/lib/python3.8/site-packages/airflow/example_dags/example_branch_operator.py
[2026-04-28T12:12:48.249+0000] {processor.py:840} INFO - DAG(s) 'example_branch_operator' retrieved from /home/airflow/.local/lib/python3.8/site-packages/airflow/example_dags/example_branch_operator.py
[2026-04-28T12:12:48.271+0000] {logging_mixin.py:188} INFO - [2026-04-28T12:12:48.271+0000] {dag.py:3047} INFO - Sync 1 DAGs
[2026-04-28T12:12:48.288+0000] {logging_mixin.py:188} INFO - [2026-04-28T12:12:48.287+0000] {dag.py:3834} INFO - Setting next_dagrun for example_branch_operator to 2026-04-27 00:00:00+00:00, run_after=2026-04-28 00:00:00+00:00
[2026-04-28T12:12:48.301+0000] {processor.py:183} INFO - Processing /home/airflow/.local/lib/python3.8/site-packages/airflow/example_dags/example_branch_operator.py took 0.071 seconds
[2026-04-28T12:13:18.680+0000] {processor.py:161} INFO - Started process (PID=232) to work on /home/airflow/.local/lib/python3.8/site-packages/airflow/example_dags/example_branch_operator.py
[2026-04-28T12:13:18.681+0000] {processor.py:830} INFO - Processing file /home/airflow/.local/lib/python3.8/site-packages/airflow/example_dags/example_branch_operator.py for tasks to queue
[2026-04-28T12:13:18.683+0000] {logging_mixin.py:188} INFO - [2026-04-28T12:13:18.682+0000] {dagbag.py:540} INFO - Filling up the DagBag from /home/airflow/.local/lib/python3.8/site-packages/airflow/example_dags/example_branch_operator.py
[2026-04-28T12:13:18.708+0000] {processor.py:840} INFO - DAG(s) 'example_branch_operator' retrieved from /home/airflow/.local/lib/python3.8/site-packages/airflow/example_dags/example_branch_operator.py
[2026-04-28T12:13:18.729+0000] {logging_mixin.py:188} INFO - [2026-04-28T12:13:18.729+0000] {dag.py:3047} INFO - Sync 1 DAGs
[2026-04-28T12:13:18.747+0000] {logging_mixin.py:188} INFO - [2026-04-28T12:13:18.747+0000] {dag.py:3834} INFO - Setting next_dagrun for example_branch_operator to 2026-04-27 00:00:00+00:00, run_after=2026-04-28 00:00:00+00:00
[2026-04-28T12:13:18.760+0000] {processor.py:183} INFO - Processing /home/airflow/.local/lib/python3.8/site-packages/airflow/example_dags/example_branch_operator.py took 0.084 seconds
[2026-04-28T12:13:49.236+0000] {processor.py:161} INFO - Started process (PID=287) to work on /home/airflow/.local/lib/python3.8/site-packages/airflow/example_dags/example_branch_operator.py
[2026-04-28T12:13:49.236+0000] {processor.py:830} INFO - Processing file /home/airflow/.local/lib/python3.8/site-packages/airflow/example_dags/example_branch_operator.py for tasks to queue
[2026-04-28T12:13:49.238+0000] {logging_mixin.py:188} INFO - [2026-04-28T12:13:49.238+0000] {dagbag.py:540} INFO - Filling up the DagBag from /home/airflow/.local/lib/python3.8/site-packages/airflow/example_dags/example_branch_operator.py
[2026-04-28T12:13:49.251+0000] {processor.py:840} INFO - DAG(s) 'example_branch_operator' retrieved from /home/airflow/.local/lib/python3.8/site-packages/airflow/example_dags/example_branch_operator.py
[2026-04-28T12:13:49.272+0000] {logging_mixin.py:188} INFO - [2026-04-28T12:13:49.272+0000] {dag.py:3047} INFO - Sync 1 DAGs
[2026-04-28T12:13:49.289+0000] {logging_mixin.py:188} INFO - [2026-04-28T12:13:49.289+0000] {dag.py:3834} INFO - Setting next_dagrun for example_branch_operator to 2026-04-27 00:00:00+00:00, run_after=2026-04-28 00:00:00+00:00
[2026-04-28T12:13:49.302+0000] {processor.py:183} INFO - Processing /home/airflow/.local/lib/python3.8/site-packages/airflow/example_dags/example_branch_operator.py took 0.069 seconds
[2026-04-28T12:14:19.773+0000] {processor.py:161} INFO - Started process (PID=342) to work on /home/airflow/.local/lib/python3.8/site-packages/airflow/example_dags/example_branch_operator.py
[2026-04-28T12:14:19.774+0000] {processor.py:830} INFO - Processing file /home/airflow/.local/lib/python3.8/site-packages/airflow/example_dags/example_branch_operator.py for tasks to queue
[2026-04-28T12:14:19.775+0000] {logging_mixin.py:188} INFO - [2026-04-28T12:14:19.775+0000] {dagbag.py:540} INFO - Filling up the DagBag from /home/airflow/.local/lib/python3.8/site-packages/airflow/example_dags/example_branch_operator.py
[2026-04-28T12:14:19.789+0000] {processor.py:840} INFO - DAG(s) 'example_branch_operator' retrieved from /home/airflow/.local/lib/python3.8/site-packages/airflow/example_dags/example_branch_operator.py
[2026-04-28T12:14:19.809+0000] {logging_mixin.py:188} INFO - [2026-04-28T12:14:19.809+0000] {dag.py:3047} INFO - Sync 1 DAGs
[2026-04-28T12:14:19.828+0000] {logging_mixin.py:188} INFO - [2026-04-28T12:14:19.828+0000] {dag.py:3834} INFO - Setting next_dagrun for example_branch_operator to 2026-04-27 00:00:00+00:00, run_after=2026-04-28 00:00:00+00:00
[2026-04-28T12:14:19.841+0000] {processor.py:183} INFO - Processing /home/airflow/.local/lib/python3.8/site-packages/airflow/example_dags/example_branch_operator.py took 0.071 seconds
[2026-04-28T12:14:50.515+0000] {processor.py:161} INFO - Started process (PID=397) to work on /home/airflow/.local/lib/python3.8/site-packages/airflow/example_dags/example_branch_operator.py
[2026-04-28T12:14:50.516+0000] {processor.py:830} INFO - Processing file /home/airflow/.local/lib/python3.8/site-packages/airflow/example_dags/example_branch_operator.py for tasks to queue
[2026-04-28T12:14:50.518+0000] {logging_mixin.py:188} INFO - [2026-04-28T12:14:50.518+0000] {dagbag.py:540} INFO - Filling up the DagBag from /home/airflow/.local/lib/python3.8/site-packages/airflow/example_dags/example_branch_operator.py
[2026-04-28T12:14:50.541+0000] {processor.py:840} INFO - DAG(s) 'example_branch_operator' retrieved from /home/airflow/.local/lib/python3.8/site-packages/airflow/example_dags/example_branch_operator.py
[2026-04-28T12:14:50.566+0000] {logging_mixin.py:188} INFO - [2026-04-28T12:14:50.566+0000] {dag.py:3047} INFO - Sync 1 DAGs
[2026-04-28T12:14:50.583+0000] {logging_mixin.py:188} INFO - [2026-04-28T12:14:50.583+0000] {dag.py:3834} INFO - Setting next_dagrun for example_branch_operator to 2026-04-27 00:00:00+00:00, run_after=2026-04-28 00:00:00+00:00
[2026-04-28T12:14:50.597+0000] {processor.py:183} INFO - Processing /home/airflow/.local/lib/python3.8/site-packages/airflow/example_dags/example_branch_operator.py took 0.086 seconds
[2026-04-28T12:15:20.680+0000] {processor.py:161} INFO - Started process (PID=452) to work on /home/airflow/.local/lib/python3.8/site-packages/airflow/example_dags/example_branch_operator.py
[2026-04-28T12:15:20.681+0000] {processor.py:830} INFO - Processing file /home/airflow/.local/lib/python3.8/site-packages/airflow/example_dags/example_branch_operator.py for tasks to queue
[2026-04-28T12:15:20.683+0000] {logging_mixin.py:188} INFO - [2026-04-28T12:15:20.683+0000] {dagbag.py:540} INFO - Filling up the DagBag from /home/airflow/.local/lib/python3.8/site-packages/airflow/example_dags/example_branch_operator.py
[2026-04-28T12:15:20.703+0000] {processor.py:840} INFO - DAG(s) 'example_branch_operator' retrieved from /home/airflow/.local/lib/python3.8/site-packages/airflow/example_dags/example_branch_operator.py
[2026-04-28T12:15:20.741+0000] {logging_mixin.py:188} INFO - [2026-04-28T12:15:20.740+0000] {dag.py:3047} INFO - Sync 1 DAGs
[2026-04-28T12:15:20.766+0000] {logging_mixin.py:188} INFO - [2026-04-28T12:15:20.766+0000] {dag.py:3834} INFO - Setting next_dagrun for example_branch_operator to 2026-04-27 00:00:00+00:00, run_after=2026-04-28 00:00:00+00:00
[2026-04-28T12:15:20.783+0000] {processor.py:183} INFO - Processing /home/airflow/.local/lib/python3.8/site-packages/airflow/example_dags/example_branch_operator.py took 0.107 seconds
[2026-04-28T12:15:51.051+0000] {processor.py:161} INFO - Started process (PID=506) to work on /home/airflow/.local/lib/python3.8/site-packages/airflow/example_dags/example_branch_operator.py
[2026-04-28T12:15:51.052+0000] {processor.py:830} INFO - Processing file /home/airflow/.local/lib/python3.8/site-packages/airflow/example_dags/example_branch_operator.py for tasks to queue
[2026-04-28T12:15:51.056+0000] {logging_mixin.py:188} INFO - [2026-04-28T12:15:51.055+0000] {dagbag.py:540} INFO - Filling up the DagBag from /home/airflow/.local/lib/python3.8/site-packages/airflow/example_dags/example_branch_operator.py
[2026-04-28T12:15:51.095+0000] {processor.py:840} INFO - DAG(s) 'example_branch_operator' retrieved from /home/airflow/.local/lib/python3.8/site-packages/airflow/example_dags/example_branch_operator.py
[2026-04-28T12:15:51.138+0000] {logging_mixin.py:188} INFO - [2026-04-28T12:15:51.137+0000] {dag.py:3047} INFO - Sync 1 DAGs
[2026-04-28T12:15:51.163+0000] {logging_mixin.py:188} INFO - [2026-04-28T12:15:51.163+0000] {dag.py:3834} INFO - Setting next_dagrun for example_branch_operator to 2026-04-27 00:00:00+00:00, run_after=2026-04-28 00:00:00+00:00
[2026-04-28T12:15:51.185+0000] {processor.py:183} INFO - Processing /home/airflow/.local/lib/python3.8/site-packages/airflow/example_dags/example_branch_operator.py took 0.144 seconds
[2026-04-28T12:16:21.527+0000] {processor.py:161} INFO - Started process (PID=561) to work on /home/airflow/.local/lib/python3.8/site-packages/airflow/example_dags/example_branch_operator.py
[2026-04-28T12:16:21.528+0000] {processor.py:830} INFO - Processing file /home/airflow/.local/lib/python3.8/site-packages/airflow/example_dags/example_branch_operator.py for tasks to queue
[2026-04-28T12:16:21.529+0000] {logging_mixin.py:188} INFO - [2026-04-28T12:16:21.529+0000] {dagbag.py:540} INFO - Filling up the DagBag from /home/airflow/.local/lib/python3.8/site-packages/airflow/example_dags/example_branch_operator.py
[2026-04-28T12:16:21.545+0000] {processor.py:840} INFO - DAG(s) 'example_branch_operator' retrieved from /home/airflow/.local/lib/python3.8/site-packages/airflow/example_dags/example_branch_operator.py
[2026-04-28T12:16:21.565+0000] {logging_mixin.py:188} INFO - [2026-04-28T12:16:21.564+0000] {dag.py:3047} INFO - Sync 1 DAGs
[2026-04-28T12:16:21.582+0000] {logging_mixin.py:188} INFO - [2026-04-28T12:16:21.581+0000] {dag.py:3834} INFO - Setting next_dagrun for example_branch_operator to 2026-04-27 00:00:00+00:00, run_after=2026-04-28 00:00:00+00:00
[2026-04-28T12:16:21.594+0000] {processor.py:183} INFO - Processing /home/airflow/.local/lib/python3.8/site-packages/airflow/example_dags/example_branch_operator.py took 0.072 seconds
[2026-04-28T12:16:51.792+0000] {processor.py:161} INFO - Started process (PID=616) to work on /home/airflow/.local/lib/python3.8/site-packages/airflow/example_dags/example_branch_operator.py
[2026-04-28T12:16:51.793+0000] {processor.py:830} INFO - Processing file /home/airflow/.local/lib/python3.8/site-packages/airflow/example_dags/example_branch_operator.py for tasks to queue
[2026-04-28T12:16:51.795+0000] {logging_mixin.py:188} INFO - [2026-04-28T12:16:51.795+0000] {dagbag.py:540} INFO - Filling up the DagBag from /home/airflow/.local/lib/python3.8/site-packages/airflow/example_dags/example_branch_operator.py
[2026-04-28T12:16:51.811+0000] {processor.py:840} INFO - DAG(s) 'example_branch_operator' retrieved from /home/airflow/.local/lib/python3.8/site-packages/airflow/example_dags/example_branch_operator.py
[2026-04-28T12:16:51.831+0000] {logging_mixin.py:188} INFO - [2026-04-28T12:16:51.831+0000] {dag.py:3047} INFO - Sync 1 DAGs
[2026-04-28T12:16:51.848+0000] {logging_mixin.py:188} INFO - [2026-04-28T12:16:51.847+0000] {dag.py:3834} INFO - Setting next_dagrun for example_branch_operator to 2026-04-27 00:00:00+00:00, run_after=2026-04-28 00:00:00+00:00
[2026-04-28T12:16:51.860+0000] {processor.py:183} INFO - Processing /home/airflow/.local/lib/python3.8/site-packages/airflow/example_dags/example_branch_operator.py took 0.072 seconds
[2026-04-28T12:17:21.935+0000] {processor.py:161} INFO - Started process (PID=671) to work on /home/airflow/.local/lib/python3.8/site-packages/airflow/example_dags/example_branch_operator.py
[2026-04-28T12:17:21.936+0000] {processor.py:830} INFO - Processing file /home/airflow/.local/lib/python3.8/site-packages/airflow/example_dags/example_branch_operator.py for tasks to queue
[2026-04-28T12:17:21.938+0000] {logging_mixin.py:188} INFO - [2026-04-28T12:17:21.938+0000] {dagbag.py:540} INFO - Filling up the DagBag from /home/airflow/.local/lib/python3.8/site-packages/airflow/example_dags/example_branch_operator.py
[2026-04-28T12:17:21.958+0000] {processor.py:840} INFO - DAG(s) 'example_branch_operator' retrieved from /home/airflow/.local/lib/python3.8/site-packages/airflow/example_dags/example_branch_operator.py
[2026-04-28T12:17:21.985+0000] {logging_mixin.py:188} INFO - [2026-04-28T12:17:21.984+0000] {dag.py:3047} INFO - Sync 1 DAGs
[2026-04-28T12:17:22.013+0000] {logging_mixin.py:188} INFO - [2026-04-28T12:17:22.012+0000] {dag.py:3834} INFO - Setting next_dagrun for example_branch_operator to 2026-04-27 00:00:00+00:00, run_after=2026-04-28 00:00:00+00:00
[2026-04-28T12:17:22.034+0000] {processor.py:183} INFO - Processing /home/airflow/.local/lib/python3.8/site-packages/airflow/example_dags/example_branch_operator.py took 0.103 seconds
[2026-04-28T12:17:52.100+0000] {processor.py:161} INFO - Started process (PID=726) to work on /home/airflow/.local/lib/python3.8/site-packages/airflow/example_dags/example_branch_operator.py
[2026-04-28T12:17:52.101+0000] {processor.py:830} INFO - Processing file /home/airflow/.local/lib/python3.8/site-packages/airflow/example_dags/example_branch_operator.py for tasks to queue
[2026-04-28T12:17:52.103+0000] {logging_mixin.py:188} INFO - [2026-04-28T12:17:52.103+0000] {dagbag.py:540} INFO - Filling up the DagBag from /home/airflow/.local/lib/python3.8/site-packages/airflow/example_dags/example_branch_operator.py
[2026-04-28T12:17:52.121+0000] {processor.py:840} INFO - DAG(s) 'example_branch_operator' retrieved from /home/airflow/.local/lib/python3.8/site-packages/airflow/example_dags/example_branch_operator.py
[2026-04-28T12:17:52.141+0000] {logging_mixin.py:188} INFO - [2026-04-28T12:17:52.141+0000] {dag.py:3047} INFO - Sync 1 DAGs
[2026-04-28T12:17:52.158+0000] {logging_mixin.py:188} INFO - [2026-04-28T12:17:52.158+0000] {dag.py:3834} INFO - Setting next_dagrun for example_branch_operator to 2026-04-27 00:00:00+00:00, run_after=2026-04-28 00:00:00+00:00
[2026-04-28T12:17:52.171+0000] {processor.py:183} INFO - Processing /home/airflow/.local/lib/python3.8/site-packages/airflow/example_dags/example_branch_operator.py took 0.074 seconds
[2026-04-28T12:18:22.422+0000] {processor.py:161} INFO - Started process (PID=781) to work on /home/airflow/.local/lib/python3.8/site-packages/airflow/example_dags/example_branch_operator.py
[2026-04-28T12:18:22.423+0000] {processor.py:830} INFO - Processing file /home/airflow/.local/lib/python3.8/site-packages/airflow/example_dags/example_branch_operator.py for tasks to queue
[2026-04-28T12:18:22.425+0000] {logging_mixin.py:188} INFO - [2026-04-28T12:18:22.425+0000] {dagbag.py:540} INFO - Filling up the DagBag from /home/airflow/.local/lib/python3.8/site-packages/airflow/example_dags/example_branch_operator.py
[2026-04-28T12:18:22.441+0000] {processor.py:840} INFO - DAG(s) 'example_branch_operator' retrieved from /home/airflow/.local/lib/python3.8/site-packages/airflow/example_dags/example_branch_operator.py
[2026-04-28T12:18:22.461+0000] {logging_mixin.py:188} INFO - [2026-04-28T12:18:22.461+0000] {dag.py:3047} INFO - Sync 1 DAGs
[2026-04-28T12:18:22.479+0000] {logging_mixin.py:188} INFO - [2026-04-28T12:18:22.479+0000] {dag.py:3834} INFO - Setting next_dagrun for example_branch_operator to 2026-04-27 00:00:00+00:00, run_after=2026-04-28 00:00:00+00:00
[2026-04-28T12:18:22.492+0000] {processor.py:183} INFO - Processing /home/airflow/.local/lib/python3.8/site-packages/airflow/example_dags/example_branch_operator.py took 0.074 seconds
[2026-04-28T12:18:52.855+0000] {processor.py:161} INFO - Started process (PID=836) to work on /home/airflow/.local/lib/python3.8/site-packages/airflow/example_dags/example_branch_operator.py
[2026-04-28T12:18:52.856+0000] {processor.py:830} INFO - Processing file /home/airflow/.local/lib/python3.8/site-packages/airflow/example_dags/example_branch_operator.py for tasks to queue
[2026-04-28T12:18:52.858+0000] {logging_mixin.py:188} INFO - [2026-04-28T12:18:52.857+0000] {dagbag.py:540} INFO - Filling up the DagBag from /home/airflow/.local/lib/python3.8/site-packages/airflow/example_dags/example_branch_operator.py
[2026-04-28T12:18:52.873+0000] {processor.py:840} INFO - DAG(s) 'example_branch_operator' retrieved from /home/airflow/.local/lib/python3.8/site-packages/airflow/example_dags/example_branch_operator.py
[2026-04-28T12:18:52.893+0000] {logging_mixin.py:188} INFO - [2026-04-28T12:18:52.893+0000] {dag.py:3047} INFO - Sync 1 DAGs
[2026-04-28T12:18:52.910+0000] {logging_mixin.py:188} INFO - [2026-04-28T12:18:52.910+0000] {dag.py:3834} INFO - Setting next_dagrun for example_branch_operator to 2026-04-27 00:00:00+00:00, run_after=2026-04-28 00:00:00+00:00
[2026-04-28T12:18:52.923+0000] {processor.py:183} INFO - Processing /home/airflow/.local/lib/python3.8/site-packages/airflow/example_dags/example_branch_operator.py took 0.072 seconds
[2026-04-28T12:19:23.043+0000] {processor.py:161} INFO - Started process (PID=891) to work on /home/airflow/.local/lib/python3.8/site-packages/airflow/example_dags/example_branch_operator.py
[2026-04-28T12:19:23.045+0000] {processor.py:830} INFO - Processing file /home/airflow/.local/lib/python3.8/site-packages/airflow/example_dags/example_branch_operator.py for tasks to queue
[2026-04-28T12:19:23.047+0000] {logging_mixin.py:188} INFO - [2026-04-28T12:19:23.046+0000] {dagbag.py:540} INFO - Filling up the DagBag from /home/airflow/.local/lib/python3.8/site-packages/airflow/example_dags/example_branch_operator.py
[2026-04-28T12:19:23.061+0000] {processor.py:840} INFO - DAG(s) 'example_branch_operator' retrieved from /home/airflow/.local/lib/python3.8/site-packages/airflow/example_dags/example_branch_operator.py
[2026-04-28T12:19:23.082+0000] {logging_mixin.py:188} INFO - [2026-04-28T12:19:23.082+0000] {dag.py:3047} INFO - Sync 1 DAGs
[2026-04-28T12:19:23.098+0000] {logging_mixin.py:188} INFO - [2026-04-28T12:19:23.098+0000] {dag.py:3834} INFO - Setting next_dagrun for example_branch_operator to 2026-04-27 00:00:00+00:00, run_after=2026-04-28 00:00:00+00:00
[2026-04-28T12:19:23.112+0000] {processor.py:183} INFO - Processing /home/airflow/.local/lib/python3.8/site-packages/airflow/example_dags/example_branch_operator.py took 0.072 seconds
[2026-04-28T12:19:53.646+0000] {processor.py:161} INFO - Started process (PID=946) to work on /home/airflow/.local/lib/python3.8/site-packages/airflow/example_dags/example_branch_operator.py
[2026-04-28T12:19:53.647+0000] {processor.py:830} INFO - Processing file /home/airflow/.local/lib/python3.8/site-packages/airflow/example_dags/example_branch_operator.py for tasks to queue
[2026-04-28T12:19:53.649+0000] {logging_mixin.py:188} INFO - [2026-04-28T12:19:53.648+0000] {dagbag.py:540} INFO - Filling up the DagBag from /home/airflow/.local/lib/python3.8/site-packages/airflow/example_dags/example_branch_operator.py
[2026-04-28T12:19:53.662+0000] {processor.py:840} INFO - DAG(s) 'example_branch_operator' retrieved from /home/airflow/.local/lib/python3.8/site-packages/airflow/example_dags/example_branch_operator.py
[2026-04-28T12:19:53.682+0000] {logging_mixin.py:188} INFO - [2026-04-28T12:19:53.682+0000] {dag.py:3047} INFO - Sync 1 DAGs
[2026-04-28T12:19:53.699+0000] {logging_mixin.py:188} INFO - [2026-04-28T12:19:53.699+0000] {dag.py:3834} INFO - Setting next_dagrun for example_branch_operator to 2026-04-27 00:00:00+00:00, run_after=2026-04-28 00:00:00+00:00
[2026-04-28T12:19:53.712+0000] {processor.py:183} INFO - Processing /home/airflow/.local/lib/python3.8/site-packages/airflow/example_dags/example_branch_operator.py took 0.070 seconds
[2026-04-28T12:20:23.976+0000] {processor.py:161} INFO - Started process (PID=1000) to work on /home/airflow/.local/lib/python3.8/site-packages/airflow/example_dags/example_branch_operator.py
[2026-04-28T12:20:23.977+0000] {processor.py:830} INFO - Processing file /home/airflow/.local/lib/python3.8/site-packages/airflow/example_dags/example_branch_operator.py for tasks to queue
[2026-04-28T12:20:23.979+0000] {logging_mixin.py:188} INFO - [2026-04-28T12:20:23.979+0000] {dagbag.py:540} INFO - Filling up the DagBag from /home/airflow/.local/lib/python3.8/site-packages/airflow/example_dags/example_branch_operator.py
[2026-04-28T12:20:23.997+0000] {processor.py:840} INFO - DAG(s) 'example_branch_operator' retrieved from /home/airflow/.local/lib/python3.8/site-packages/airflow/example_dags/example_branch_operator.py
[2026-04-28T12:20:24.016+0000] {logging_mixin.py:188} INFO - [2026-04-28T12:20:24.016+0000] {dag.py:3047} INFO - Sync 1 DAGs
[2026-04-28T12:20:24.033+0000] {logging_mixin.py:188} INFO - [2026-04-28T12:20:24.033+0000] {dag.py:3834} INFO - Setting next_dagrun for example_branch_operator to 2026-04-27 00:00:00+00:00, run_after=2026-04-28 00:00:00+00:00
[2026-04-28T12:20:24.046+0000] {processor.py:183} INFO - Processing /home/airflow/.local/lib/python3.8/site-packages/airflow/example_dags/example_branch_operator.py took 0.074 seconds
[2026-04-28T12:20:54.552+0000] {processor.py:161} INFO - Started process (PID=1055) to work on /home/airflow/.local/lib/python3.8/site-packages/airflow/example_dags/example_branch_operator.py
[2026-04-28T12:20:54.553+0000] {processor.py:830} INFO - Processing file /home/airflow/.local/lib/python3.8/site-packages/airflow/example_dags/example_branch_operator.py for tasks to queue
[2026-04-28T12:20:54.555+0000] {logging_mixin.py:188} INFO - [2026-04-28T12:20:54.554+0000] {dagbag.py:540} INFO - Filling up the DagBag from /home/airflow/.local/lib/python3.8/site-packages/airflow/example_dags/example_branch_operator.py
[2026-04-28T12:20:54.574+0000] {processor.py:840} INFO - DAG(s) 'example_branch_operator' retrieved from /home/airflow/.local/lib/python3.8/site-packages/airflow/example_dags/example_branch_operator.py
[2026-04-28T12:20:54.596+0000] {logging_mixin.py:188} INFO - [2026-04-28T12:20:54.596+0000] {dag.py:3047} INFO - Sync 1 DAGs
[2026-04-28T12:20:54.612+0000] {logging_mixin.py:188} INFO - [2026-04-28T12:20:54.612+0000] {dag.py:3834} INFO - Setting next_dagrun for example_branch_operator to 2026-04-27 00:00:00+00:00, run_after=2026-04-28 00:00:00+00:00
[2026-04-28T12:20:54.625+0000] {processor.py:183} INFO - Processing /home/airflow/.local/lib/python3.8/site-packages/airflow/example_dags/example_branch_operator.py took 0.077 seconds
[2026-04-28T12:21:24.857+0000] {processor.py:161} INFO - Started process (PID=1110) to work on /home/airflow/.local/lib/python3.8/site-packages/airflow/example_dags/example_branch_operator.py
[2026-04-28T12:21:24.858+0000] {processor.py:830} INFO - Processing file /home/airflow/.local/lib/python3.8/site-packages/airflow/example_dags/example_branch_operator.py for tasks to queue
[2026-04-28T12:21:24.860+0000] {logging_mixin.py:188} INFO - [2026-04-28T12:21:24.859+0000] {dagbag.py:540} INFO - Filling up the DagBag from /home/airflow/.local/lib/python3.8/site-packages/airflow/example_dags/example_branch_operator.py
[2026-04-28T12:21:24.873+0000] {processor.py:840} INFO - DAG(s) 'example_branch_operator' retrieved from /home/airflow/.local/lib/python3.8/site-packages/airflow/example_dags/example_branch_operator.py
[2026-04-28T12:21:24.893+0000] {logging_mixin.py:188} INFO - [2026-04-28T12:21:24.893+0000] {dag.py:3047} INFO - Sync 1 DAGs
[2026-04-28T12:21:24.910+0000] {logging_mixin.py:188} INFO - [2026-04-28T12:21:24.910+0000] {dag.py:3834} INFO - Setting next_dagrun for example_branch_operator to 2026-04-27 00:00:00+00:00, run_after=2026-04-28 00:00:00+00:00
[2026-04-28T12:21:24.923+0000] {processor.py:183} INFO - Processing /home/airflow/.local/lib/python3.8/site-packages/airflow/example_dags/example_branch_operator.py took 0.069 seconds
[2026-04-28T12:21:55.424+0000] {processor.py:161} INFO - Started process (PID=1165) to work on /home/airflow/.local/lib/python3.8/site-packages/airflow/example_dags/example_branch_operator.py
[2026-04-28T12:21:55.425+0000] {processor.py:830} INFO - Processing file /home/airflow/.local/lib/python3.8/site-packages/airflow/example_dags/example_branch_operator.py for tasks to queue
[2026-04-28T12:21:55.427+0000] {logging_mixin.py:188} INFO - [2026-04-28T12:21:55.427+0000] {dagbag.py:540} INFO - Filling up the DagBag from /home/airflow/.local/lib/python3.8/site-packages/airflow/example_dags/example_branch_operator.py
[2026-04-28T12:21:55.447+0000] {processor.py:840} INFO - DAG(s) 'example_branch_operator' retrieved from /home/airflow/.local/lib/python3.8/site-packages/airflow/example_dags/example_branch_operator.py
[2026-04-28T12:21:55.469+0000] {logging_mixin.py:188} INFO - [2026-04-28T12:21:55.469+0000] {dag.py:3047} INFO - Sync 1 DAGs
[2026-04-28T12:21:55.486+0000] {logging_mixin.py:188} INFO - [2026-04-28T12:21:55.486+0000] {dag.py:3834} INFO - Setting next_dagrun for example_branch_operator to 2026-04-27 00:00:00+00:00, run_after=2026-04-28 00:00:00+00:00
[2026-04-28T12:21:55.499+0000] {processor.py:183} INFO - Processing /home/airflow/.local/lib/python3.8/site-packages/airflow/example_dags/example_branch_operator.py took 0.079 seconds
[2026-04-28T12:22:25.656+0000] {processor.py:161} INFO - Started process (PID=1220) to work on /home/airflow/.local/lib/python3.8/site-packages/airflow/example_dags/example_branch_operator.py
[2026-04-28T12:22:25.657+0000] {processor.py:830} INFO - Processing file /home/airflow/.local/lib/python3.8/site-packages/airflow/example_dags/example_branch_operator.py for tasks to queue
[2026-04-28T12:22:25.659+0000] {logging_mixin.py:188} INFO - [2026-04-28T12:22:25.658+0000] {dagbag.py:540} INFO - Filling up the DagBag from /home/airflow/.local/lib/python3.8/site-packages/airflow/example_dags/example_branch_operator.py
[2026-04-28T12:22:25.672+0000] {processor.py:840} INFO - DAG(s) 'example_branch_operator' retrieved from /home/airflow/.local/lib/python3.8/site-packages/airflow/example_dags/example_branch_operator.py
[2026-04-28T12:22:25.693+0000] {logging_mixin.py:188} INFO - [2026-04-28T12:22:25.693+0000] {dag.py:3047} INFO - Sync 1 DAGs
[2026-04-28T12:22:25.710+0000] {logging_mixin.py:188} INFO - [2026-04-28T12:22:25.709+0000] {dag.py:3834} INFO - Setting next_dagrun for example_branch_operator to 2026-04-27 00:00:00+00:00, run_after=2026-04-28 00:00:00+00:00
[2026-04-28T12:22:25.726+0000] {processor.py:183} INFO - Processing /home/airflow/.local/lib/python3.8/site-packages/airflow/example_dags/example_branch_operator.py took 0.072 seconds
[2026-04-28T12:22:56.049+0000] {processor.py:161} INFO - Started process (PID=1275) to work on /home/airflow/.local/lib/python3.8/site-packages/airflow/example_dags/example_branch_operator.py
[2026-04-28T12:22:56.050+0000] {processor.py:830} INFO - Processing file /home/airflow/.local/lib/python3.8/site-packages/airflow/example_dags/example_branch_operator.py for tasks to queue
[2026-04-28T12:22:56.052+0000] {logging_mixin.py:188} INFO - [2026-04-28T12:22:56.052+0000] {dagbag.py:540} INFO - Filling up the DagBag from /home/airflow/.local/lib/python3.8/site-packages/airflow/example_dags/example_branch_operator.py
[2026-04-28T12:22:56.125+0000] {processor.py:840} INFO - DAG(s) 'example_branch_operator' retrieved from /home/airflow/.local/lib/python3.8/site-packages/airflow/example_dags/example_branch_operator.py
[2026-04-28T12:22:56.283+0000] {logging_mixin.py:188} INFO - [2026-04-28T12:22:56.282+0000] {dag.py:3047} INFO - Sync 1 DAGs
[2026-04-28T12:22:56.313+0000] {logging_mixin.py:188} INFO - [2026-04-28T12:22:56.313+0000] {dag.py:3834} INFO - Setting next_dagrun for example_branch_operator to 2026-04-27 00:00:00+00:00, run_after=2026-04-28 00:00:00+00:00
[2026-04-28T12:22:56.330+0000] {processor.py:183} INFO - Processing /home/airflow/.local/lib/python3.8/site-packages/airflow/example_dags/example_branch_operator.py took 0.288 seconds
[2026-04-28T12:23:27.247+0000] {processor.py:161} INFO - Started process (PID=1330) to work on /home/airflow/.local/lib/python3.8/site-packages/airflow/example_dags/example_branch_operator.py
[2026-04-28T12:23:27.248+0000] {processor.py:830} INFO - Processing file /home/airflow/.local/lib/python3.8/site-packages/airflow/example_dags/example_branch_operator.py for tasks to queue
[2026-04-28T12:23:27.250+0000] {logging_mixin.py:188} INFO - [2026-04-28T12:23:27.249+0000] {dagbag.py:540} INFO - Filling up the DagBag from /home/airflow/.local/lib/python3.8/site-packages/airflow/example_dags/example_branch_operator.py
[2026-04-28T12:23:27.292+0000] {processor.py:840} INFO - DAG(s) 'example_branch_operator' retrieved from /home/airflow/.local/lib/python3.8/site-packages/airflow/example_dags/example_branch_operator.py
[2026-04-28T12:23:27.356+0000] {logging_mixin.py:188} INFO - [2026-04-28T12:23:27.355+0000] {dag.py:3047} INFO - Sync 1 DAGs
[2026-04-28T12:23:27.384+0000] {logging_mixin.py:188} INFO - [2026-04-28T12:23:27.384+0000] {dag.py:3834} INFO - Setting next_dagrun for example_branch_operator to 2026-04-27 00:00:00+00:00, run_after=2026-04-28 00:00:00+00:00
[2026-04-28T12:23:27.424+0000] {processor.py:183} INFO - Processing /home/airflow/.local/lib/python3.8/site-packages/airflow/example_dags/example_branch_operator.py took 0.181 seconds
[2026-04-28T12:23:58.136+0000] {processor.py:161} INFO - Started process (PID=1385) to work on /home/airflow/.local/lib/python3.8/site-packages/airflow/example_dags/example_branch_operator.py
[2026-04-28T12:23:58.137+0000] {processor.py:830} INFO - Processing file /home/airflow/.local/lib/python3.8/site-packages/airflow/example_dags/example_branch_operator.py for tasks to queue
[2026-04-28T12:23:58.139+0000] {logging_mixin.py:188} INFO - [2026-04-28T12:23:58.138+0000] {dagbag.py:540} INFO - Filling up the DagBag from /home/airflow/.local/lib/python3.8/site-packages/airflow/example_dags/example_branch_operator.py
[2026-04-28T12:23:58.169+0000] {processor.py:840} INFO - DAG(s) 'example_branch_operator' retrieved from /home/airflow/.local/lib/python3.8/site-packages/airflow/example_dags/example_branch_operator.py
[2026-04-28T12:23:58.208+0000] {logging_mixin.py:188} INFO - [2026-04-28T12:23:58.208+0000] {dag.py:3047} INFO - Sync 1 DAGs
[2026-04-28T12:23:58.228+0000] {logging_mixin.py:188} INFO - [2026-04-28T12:23:58.228+0000] {dag.py:3834} INFO - Setting next_dagrun for example_branch_operator to 2026-04-27 00:00:00+00:00, run_after=2026-04-28 00:00:00+00:00
[2026-04-28T12:23:58.241+0000] {processor.py:183} INFO - Processing /home/airflow/.local/lib/python3.8/site-packages/airflow/example_dags/example_branch_operator.py took 0.109 seconds
[2026-04-28T12:24:28.726+0000] {processor.py:161} INFO - Started process (PID=1440) to work on /home/airflow/.local/lib/python3.8/site-packages/airflow/example_dags/example_branch_operator.py
[2026-04-28T12:24:28.728+0000] {processor.py:830} INFO - Processing file /home/airflow/.local/lib/python3.8/site-packages/airflow/example_dags/example_branch_operator.py for tasks to queue
[2026-04-28T12:24:28.732+0000] {logging_mixin.py:188} INFO - [2026-04-28T12:24:28.732+0000] {dagbag.py:540} INFO - Filling up the DagBag from /home/airflow/.local/lib/python3.8/site-packages/airflow/example_dags/example_branch_operator.py
[2026-04-28T12:24:28.814+0000] {processor.py:840} INFO - DAG(s) 'example_branch_operator' retrieved from /home/airflow/.local/lib/python3.8/site-packages/airflow/example_dags/example_branch_operator.py
[2026-04-28T12:24:28.878+0000] {logging_mixin.py:188} INFO - [2026-04-28T12:24:28.877+0000] {dag.py:3047} INFO - Sync 1 DAGs
[2026-04-28T12:24:28.923+0000] {logging_mixin.py:188} INFO - [2026-04-28T12:24:28.923+0000] {dag.py:3834} INFO - Setting next_dagrun for example_branch_operator to 2026-04-27 00:00:00+00:00, run_after=2026-04-28 00:00:00+00:00
[2026-04-28T12:24:28.941+0000] {processor.py:183} INFO - Processing /home/airflow/.local/lib/python3.8/site-packages/airflow/example_dags/example_branch_operator.py took 0.223 seconds
[2026-04-28T12:24:59.000+0000] {processor.py:161} INFO - Started process (PID=1495) to work on /home/airflow/.local/lib/python3.8/site-packages/airflow/example_dags/example_branch_operator.py
[2026-04-28T12:24:59.001+0000] {processor.py:830} INFO - Processing file /home/airflow/.local/lib/python3.8/site-packages/airflow/example_dags/example_branch_operator.py for tasks to queue
[2026-04-28T12:24:59.003+0000] {logging_mixin.py:188} INFO - [2026-04-28T12:24:59.003+0000] {dagbag.py:540} INFO - Filling up the DagBag from /home/airflow/.local/lib/python3.8/site-packages/airflow/example_dags/example_branch_operator.py
[2026-04-28T12:24:59.024+0000] {processor.py:840} INFO - DAG(s) 'example_branch_operator' retrieved from /home/airflow/.local/lib/python3.8/site-packages/airflow/example_dags/example_branch_operator.py
[2026-04-28T12:24:59.056+0000] {logging_mixin.py:188} INFO - [2026-04-28T12:24:59.055+0000] {dag.py:3047} INFO - Sync 1 DAGs
[2026-04-28T12:24:59.080+0000] {logging_mixin.py:188} INFO - [2026-04-28T12:24:59.079+0000] {dag.py:3834} INFO - Setting next_dagrun for example_branch_operator to 2026-04-27 00:00:00+00:00, run_after=2026-04-28 00:00:00+00:00
[2026-04-28T12:24:59.093+0000] {processor.py:183} INFO - Processing /home/airflow/.local/lib/python3.8/site-packages/airflow/example_dags/example_branch_operator.py took 0.096 seconds
[2026-04-28T12:25:29.378+0000] {processor.py:161} INFO - Started process (PID=1550) to work on /home/airflow/.local/lib/python3.8/site-packages/airflow/example_dags/example_branch_operator.py
[2026-04-28T12:25:29.379+0000] {processor.py:830} INFO - Processing file /home/airflow/.local/lib/python3.8/site-packages/airflow/example_dags/example_branch_operator.py for tasks to queue
[2026-04-28T12:25:29.381+0000] {logging_mixin.py:188} INFO - [2026-04-28T12:25:29.380+0000] {dagbag.py:540} INFO - Filling up the DagBag from /home/airflow/.local/lib/python3.8/site-packages/airflow/example_dags/example_branch_operator.py
[2026-04-28T12:25:29.410+0000] {processor.py:840} INFO - DAG(s) 'example_branch_operator' retrieved from /home/airflow/.local/lib/python3.8/site-packages/airflow/example_dags/example_branch_operator.py
[2026-04-28T12:25:29.444+0000] {logging_mixin.py:188} INFO - [2026-04-28T12:25:29.444+0000] {dag.py:3047} INFO - Sync 1 DAGs
[2026-04-28T12:25:29.465+0000] {logging_mixin.py:188} INFO - [2026-04-28T12:25:29.465+0000] {dag.py:3834} INFO - Setting next_dagrun for example_branch_operator to 2026-04-27 00:00:00+00:00, run_after=2026-04-28 00:00:00+00:00
[2026-04-28T12:25:29.478+0000] {processor.py:183} INFO - Processing /home/airflow/.local/lib/python3.8/site-packages/airflow/example_dags/example_branch_operator.py took 0.104 seconds
