[2026-04-28T12:11:55.814+0000] {processor.py:161} INFO - Started process (PID=92) to work on /home/airflow/.local/lib/python3.8/site-packages/airflow/example_dags/example_latest_only.py
[2026-04-28T12:11:55.834+0000] {processor.py:830} INFO - Processing file /home/airflow/.local/lib/python3.8/site-packages/airflow/example_dags/example_latest_only.py for tasks to queue
[2026-04-28T12:11:55.843+0000] {logging_mixin.py:188} INFO - [2026-04-28T12:11:55.842+0000] {dagbag.py:540} INFO - Filling up the DagBag from /home/airflow/.local/lib/python3.8/site-packages/airflow/example_dags/example_latest_only.py
[2026-04-28T12:11:55.883+0000] {processor.py:840} INFO - DAG(s) 'latest_only' retrieved from /home/airflow/.local/lib/python3.8/site-packages/airflow/example_dags/example_latest_only.py
[2026-04-28T12:11:56.321+0000] {logging_mixin.py:188} INFO - [2026-04-28T12:11:56.320+0000] {dag.py:3047} INFO - Sync 1 DAGs
[2026-04-28T12:11:56.402+0000] {logging_mixin.py:188} INFO - [2026-04-28T12:11:56.402+0000] {dag.py:3834} INFO - Setting next_dagrun for latest_only to 2026-04-28 08:00:00+00:00, run_after=2026-04-28 12:00:00+00:00
[2026-04-28T12:11:56.454+0000] {processor.py:183} INFO - Processing /home/airflow/.local/lib/python3.8/site-packages/airflow/example_dags/example_latest_only.py took 0.673 seconds
[2026-04-28T12:12:27.301+0000] {processor.py:161} INFO - Started process (PID=147) to work on /home/airflow/.local/lib/python3.8/site-packages/airflow/example_dags/example_latest_only.py
[2026-04-28T12:12:27.302+0000] {processor.py:830} INFO - Processing file /home/airflow/.local/lib/python3.8/site-packages/airflow/example_dags/example_latest_only.py for tasks to queue
[2026-04-28T12:12:27.304+0000] {logging_mixin.py:188} INFO - [2026-04-28T12:12:27.303+0000] {dagbag.py:540} INFO - Filling up the DagBag from /home/airflow/.local/lib/python3.8/site-packages/airflow/example_dags/example_latest_only.py
[2026-04-28T12:12:27.310+0000] {processor.py:840} INFO - DAG(s) 'latest_only' retrieved from /home/airflow/.local/lib/python3.8/site-packages/airflow/example_dags/example_latest_only.py
[2026-04-28T12:12:27.330+0000] {logging_mixin.py:188} INFO - [2026-04-28T12:12:27.330+0000] {dag.py:3047} INFO - Sync 1 DAGs
[2026-04-28T12:12:27.354+0000] {logging_mixin.py:188} INFO - [2026-04-28T12:12:27.353+0000] {dag.py:3834} INFO - Setting next_dagrun for latest_only to 2026-04-28 08:00:00+00:00, run_after=2026-04-28 12:00:00+00:00
[2026-04-28T12:12:27.371+0000] {processor.py:183} INFO - Processing /home/airflow/.local/lib/python3.8/site-packages/airflow/example_dags/example_latest_only.py took 0.074 seconds
[2026-04-28T12:12:57.446+0000] {processor.py:161} INFO - Started process (PID=202) to work on /home/airflow/.local/lib/python3.8/site-packages/airflow/example_dags/example_latest_only.py
[2026-04-28T12:12:57.447+0000] {processor.py:830} INFO - Processing file /home/airflow/.local/lib/python3.8/site-packages/airflow/example_dags/example_latest_only.py for tasks to queue
[2026-04-28T12:12:57.449+0000] {logging_mixin.py:188} INFO - [2026-04-28T12:12:57.449+0000] {dagbag.py:540} INFO - Filling up the DagBag from /home/airflow/.local/lib/python3.8/site-packages/airflow/example_dags/example_latest_only.py
[2026-04-28T12:12:57.455+0000] {processor.py:840} INFO - DAG(s) 'latest_only' retrieved from /home/airflow/.local/lib/python3.8/site-packages/airflow/example_dags/example_latest_only.py
[2026-04-28T12:12:57.476+0000] {logging_mixin.py:188} INFO - [2026-04-28T12:12:57.476+0000] {dag.py:3047} INFO - Sync 1 DAGs
[2026-04-28T12:12:57.500+0000] {logging_mixin.py:188} INFO - [2026-04-28T12:12:57.500+0000] {dag.py:3834} INFO - Setting next_dagrun for latest_only to 2026-04-28 08:00:00+00:00, run_after=2026-04-28 12:00:00+00:00
[2026-04-28T12:12:57.517+0000] {processor.py:183} INFO - Processing /home/airflow/.local/lib/python3.8/site-packages/airflow/example_dags/example_latest_only.py took 0.075 seconds
[2026-04-28T12:13:27.950+0000] {processor.py:161} INFO - Started process (PID=257) to work on /home/airflow/.local/lib/python3.8/site-packages/airflow/example_dags/example_latest_only.py
[2026-04-28T12:13:27.952+0000] {processor.py:830} INFO - Processing file /home/airflow/.local/lib/python3.8/site-packages/airflow/example_dags/example_latest_only.py for tasks to queue
[2026-04-28T12:13:27.957+0000] {logging_mixin.py:188} INFO - [2026-04-28T12:13:27.954+0000] {dagbag.py:540} INFO - Filling up the DagBag from /home/airflow/.local/lib/python3.8/site-packages/airflow/example_dags/example_latest_only.py
[2026-04-28T12:13:27.963+0000] {processor.py:840} INFO - DAG(s) 'latest_only' retrieved from /home/airflow/.local/lib/python3.8/site-packages/airflow/example_dags/example_latest_only.py
[2026-04-28T12:13:27.986+0000] {logging_mixin.py:188} INFO - [2026-04-28T12:13:27.986+0000] {dag.py:3047} INFO - Sync 1 DAGs
[2026-04-28T12:13:28.009+0000] {logging_mixin.py:188} INFO - [2026-04-28T12:13:28.009+0000] {dag.py:3834} INFO - Setting next_dagrun for latest_only to 2026-04-28 08:00:00+00:00, run_after=2026-04-28 12:00:00+00:00
[2026-04-28T12:13:28.025+0000] {processor.py:183} INFO - Processing /home/airflow/.local/lib/python3.8/site-packages/airflow/example_dags/example_latest_only.py took 0.078 seconds
[2026-04-28T12:13:58.440+0000] {processor.py:161} INFO - Started process (PID=312) to work on /home/airflow/.local/lib/python3.8/site-packages/airflow/example_dags/example_latest_only.py
[2026-04-28T12:13:58.441+0000] {processor.py:830} INFO - Processing file /home/airflow/.local/lib/python3.8/site-packages/airflow/example_dags/example_latest_only.py for tasks to queue
[2026-04-28T12:13:58.444+0000] {logging_mixin.py:188} INFO - [2026-04-28T12:13:58.443+0000] {dagbag.py:540} INFO - Filling up the DagBag from /home/airflow/.local/lib/python3.8/site-packages/airflow/example_dags/example_latest_only.py
[2026-04-28T12:13:58.449+0000] {processor.py:840} INFO - DAG(s) 'latest_only' retrieved from /home/airflow/.local/lib/python3.8/site-packages/airflow/example_dags/example_latest_only.py
[2026-04-28T12:13:58.476+0000] {logging_mixin.py:188} INFO - [2026-04-28T12:13:58.475+0000] {dag.py:3047} INFO - Sync 1 DAGs
[2026-04-28T12:13:58.499+0000] {logging_mixin.py:188} INFO - [2026-04-28T12:13:58.499+0000] {dag.py:3834} INFO - Setting next_dagrun for latest_only to 2026-04-28 08:00:00+00:00, run_after=2026-04-28 12:00:00+00:00
[2026-04-28T12:13:58.515+0000] {processor.py:183} INFO - Processing /home/airflow/.local/lib/python3.8/site-packages/airflow/example_dags/example_latest_only.py took 0.078 seconds
[2026-04-28T12:14:29.007+0000] {processor.py:161} INFO - Started process (PID=367) to work on /home/airflow/.local/lib/python3.8/site-packages/airflow/example_dags/example_latest_only.py
[2026-04-28T12:14:29.008+0000] {processor.py:830} INFO - Processing file /home/airflow/.local/lib/python3.8/site-packages/airflow/example_dags/example_latest_only.py for tasks to queue
[2026-04-28T12:14:29.011+0000] {logging_mixin.py:188} INFO - [2026-04-28T12:14:29.010+0000] {dagbag.py:540} INFO - Filling up the DagBag from /home/airflow/.local/lib/python3.8/site-packages/airflow/example_dags/example_latest_only.py
[2026-04-28T12:14:29.019+0000] {processor.py:840} INFO - DAG(s) 'latest_only' retrieved from /home/airflow/.local/lib/python3.8/site-packages/airflow/example_dags/example_latest_only.py
[2026-04-28T12:14:29.039+0000] {logging_mixin.py:188} INFO - [2026-04-28T12:14:29.039+0000] {dag.py:3047} INFO - Sync 1 DAGs
[2026-04-28T12:14:29.063+0000] {logging_mixin.py:188} INFO - [2026-04-28T12:14:29.063+0000] {dag.py:3834} INFO - Setting next_dagrun for latest_only to 2026-04-28 08:00:00+00:00, run_after=2026-04-28 12:00:00+00:00
[2026-04-28T12:14:29.079+0000] {processor.py:183} INFO - Processing /home/airflow/.local/lib/python3.8/site-packages/airflow/example_dags/example_latest_only.py took 0.079 seconds
[2026-04-28T12:14:59.683+0000] {processor.py:161} INFO - Started process (PID=422) to work on /home/airflow/.local/lib/python3.8/site-packages/airflow/example_dags/example_latest_only.py
[2026-04-28T12:14:59.684+0000] {processor.py:830} INFO - Processing file /home/airflow/.local/lib/python3.8/site-packages/airflow/example_dags/example_latest_only.py for tasks to queue
[2026-04-28T12:14:59.686+0000] {logging_mixin.py:188} INFO - [2026-04-28T12:14:59.685+0000] {dagbag.py:540} INFO - Filling up the DagBag from /home/airflow/.local/lib/python3.8/site-packages/airflow/example_dags/example_latest_only.py
[2026-04-28T12:14:59.691+0000] {processor.py:840} INFO - DAG(s) 'latest_only' retrieved from /home/airflow/.local/lib/python3.8/site-packages/airflow/example_dags/example_latest_only.py
[2026-04-28T12:14:59.712+0000] {logging_mixin.py:188} INFO - [2026-04-28T12:14:59.711+0000] {dag.py:3047} INFO - Sync 1 DAGs
[2026-04-28T12:14:59.735+0000] {logging_mixin.py:188} INFO - [2026-04-28T12:14:59.735+0000] {dag.py:3834} INFO - Setting next_dagrun for latest_only to 2026-04-28 08:00:00+00:00, run_after=2026-04-28 12:00:00+00:00
[2026-04-28T12:14:59.752+0000] {processor.py:183} INFO - Processing /home/airflow/.local/lib/python3.8/site-packages/airflow/example_dags/example_latest_only.py took 0.073 seconds
[2026-04-28T12:15:30.242+0000] {processor.py:161} INFO - Started process (PID=477) to work on /home/airflow/.local/lib/python3.8/site-packages/airflow/example_dags/example_latest_only.py
[2026-04-28T12:15:30.243+0000] {processor.py:830} INFO - Processing file /home/airflow/.local/lib/python3.8/site-packages/airflow/example_dags/example_latest_only.py for tasks to queue
[2026-04-28T12:15:30.245+0000] {logging_mixin.py:188} INFO - [2026-04-28T12:15:30.245+0000] {dagbag.py:540} INFO - Filling up the DagBag from /home/airflow/.local/lib/python3.8/site-packages/airflow/example_dags/example_latest_only.py
[2026-04-28T12:15:30.251+0000] {processor.py:840} INFO - DAG(s) 'latest_only' retrieved from /home/airflow/.local/lib/python3.8/site-packages/airflow/example_dags/example_latest_only.py
[2026-04-28T12:15:30.271+0000] {logging_mixin.py:188} INFO - [2026-04-28T12:15:30.271+0000] {dag.py:3047} INFO - Sync 1 DAGs
[2026-04-28T12:15:30.323+0000] {logging_mixin.py:188} INFO - [2026-04-28T12:15:30.323+0000] {dag.py:3834} INFO - Setting next_dagrun for latest_only to 2026-04-28 08:00:00+00:00, run_after=2026-04-28 12:00:00+00:00
[2026-04-28T12:15:30.343+0000] {processor.py:183} INFO - Processing /home/airflow/.local/lib/python3.8/site-packages/airflow/example_dags/example_latest_only.py took 0.105 seconds
[2026-04-28T12:16:01.108+0000] {processor.py:161} INFO - Started process (PID=537) to work on /home/airflow/.local/lib/python3.8/site-packages/airflow/example_dags/example_latest_only.py
[2026-04-28T12:16:01.109+0000] {processor.py:830} INFO - Processing file /home/airflow/.local/lib/python3.8/site-packages/airflow/example_dags/example_latest_only.py for tasks to queue
[2026-04-28T12:16:01.111+0000] {logging_mixin.py:188} INFO - [2026-04-28T12:16:01.110+0000] {dagbag.py:540} INFO - Filling up the DagBag from /home/airflow/.local/lib/python3.8/site-packages/airflow/example_dags/example_latest_only.py
[2026-04-28T12:16:01.117+0000] {processor.py:840} INFO - DAG(s) 'latest_only' retrieved from /home/airflow/.local/lib/python3.8/site-packages/airflow/example_dags/example_latest_only.py
[2026-04-28T12:16:01.137+0000] {logging_mixin.py:188} INFO - [2026-04-28T12:16:01.137+0000] {dag.py:3047} INFO - Sync 1 DAGs
[2026-04-28T12:16:01.161+0000] {logging_mixin.py:188} INFO - [2026-04-28T12:16:01.161+0000] {dag.py:3834} INFO - Setting next_dagrun for latest_only to 2026-04-28 08:00:00+00:00, run_after=2026-04-28 12:00:00+00:00
[2026-04-28T12:16:01.178+0000] {processor.py:183} INFO - Processing /home/airflow/.local/lib/python3.8/site-packages/airflow/example_dags/example_latest_only.py took 0.077 seconds
[2026-04-28T12:16:31.539+0000] {processor.py:161} INFO - Started process (PID=592) to work on /home/airflow/.local/lib/python3.8/site-packages/airflow/example_dags/example_latest_only.py
[2026-04-28T12:16:31.540+0000] {processor.py:830} INFO - Processing file /home/airflow/.local/lib/python3.8/site-packages/airflow/example_dags/example_latest_only.py for tasks to queue
[2026-04-28T12:16:31.543+0000] {logging_mixin.py:188} INFO - [2026-04-28T12:16:31.542+0000] {dagbag.py:540} INFO - Filling up the DagBag from /home/airflow/.local/lib/python3.8/site-packages/airflow/example_dags/example_latest_only.py
[2026-04-28T12:16:31.548+0000] {processor.py:840} INFO - DAG(s) 'latest_only' retrieved from /home/airflow/.local/lib/python3.8/site-packages/airflow/example_dags/example_latest_only.py
[2026-04-28T12:16:31.568+0000] {logging_mixin.py:188} INFO - [2026-04-28T12:16:31.568+0000] {dag.py:3047} INFO - Sync 1 DAGs
[2026-04-28T12:16:31.592+0000] {logging_mixin.py:188} INFO - [2026-04-28T12:16:31.592+0000] {dag.py:3834} INFO - Setting next_dagrun for latest_only to 2026-04-28 08:00:00+00:00, run_after=2026-04-28 12:00:00+00:00
[2026-04-28T12:16:31.608+0000] {processor.py:183} INFO - Processing /home/airflow/.local/lib/python3.8/site-packages/airflow/example_dags/example_latest_only.py took 0.075 seconds
[2026-04-28T12:17:01.809+0000] {processor.py:161} INFO - Started process (PID=647) to work on /home/airflow/.local/lib/python3.8/site-packages/airflow/example_dags/example_latest_only.py
[2026-04-28T12:17:01.810+0000] {processor.py:830} INFO - Processing file /home/airflow/.local/lib/python3.8/site-packages/airflow/example_dags/example_latest_only.py for tasks to queue
[2026-04-28T12:17:01.814+0000] {logging_mixin.py:188} INFO - [2026-04-28T12:17:01.814+0000] {dagbag.py:540} INFO - Filling up the DagBag from /home/airflow/.local/lib/python3.8/site-packages/airflow/example_dags/example_latest_only.py
[2026-04-28T12:17:01.826+0000] {processor.py:840} INFO - DAG(s) 'latest_only' retrieved from /home/airflow/.local/lib/python3.8/site-packages/airflow/example_dags/example_latest_only.py
[2026-04-28T12:17:01.875+0000] {logging_mixin.py:188} INFO - [2026-04-28T12:17:01.874+0000] {dag.py:3047} INFO - Sync 1 DAGs
[2026-04-28T12:17:01.928+0000] {logging_mixin.py:188} INFO - [2026-04-28T12:17:01.928+0000] {dag.py:3834} INFO - Setting next_dagrun for latest_only to 2026-04-28 08:00:00+00:00, run_after=2026-04-28 12:00:00+00:00
[2026-04-28T12:17:01.973+0000] {processor.py:183} INFO - Processing /home/airflow/.local/lib/python3.8/site-packages/airflow/example_dags/example_latest_only.py took 0.172 seconds
[2026-04-28T12:17:32.358+0000] {processor.py:161} INFO - Started process (PID=702) to work on /home/airflow/.local/lib/python3.8/site-packages/airflow/example_dags/example_latest_only.py
[2026-04-28T12:17:32.361+0000] {processor.py:830} INFO - Processing file /home/airflow/.local/lib/python3.8/site-packages/airflow/example_dags/example_latest_only.py for tasks to queue
[2026-04-28T12:17:32.365+0000] {logging_mixin.py:188} INFO - [2026-04-28T12:17:32.364+0000] {dagbag.py:540} INFO - Filling up the DagBag from /home/airflow/.local/lib/python3.8/site-packages/airflow/example_dags/example_latest_only.py
[2026-04-28T12:17:32.377+0000] {processor.py:840} INFO - DAG(s) 'latest_only' retrieved from /home/airflow/.local/lib/python3.8/site-packages/airflow/example_dags/example_latest_only.py
[2026-04-28T12:17:32.460+0000] {logging_mixin.py:188} INFO - [2026-04-28T12:17:32.459+0000] {dag.py:3047} INFO - Sync 1 DAGs
[2026-04-28T12:17:32.558+0000] {logging_mixin.py:188} INFO - [2026-04-28T12:17:32.558+0000] {dag.py:3834} INFO - Setting next_dagrun for latest_only to 2026-04-28 08:00:00+00:00, run_after=2026-04-28 12:00:00+00:00
[2026-04-28T12:17:32.606+0000] {processor.py:183} INFO - Processing /home/airflow/.local/lib/python3.8/site-packages/airflow/example_dags/example_latest_only.py took 0.256 seconds
[2026-04-28T12:18:03.553+0000] {processor.py:161} INFO - Started process (PID=757) to work on /home/airflow/.local/lib/python3.8/site-packages/airflow/example_dags/example_latest_only.py
[2026-04-28T12:18:03.559+0000] {processor.py:830} INFO - Processing file /home/airflow/.local/lib/python3.8/site-packages/airflow/example_dags/example_latest_only.py for tasks to queue
[2026-04-28T12:18:03.575+0000] {logging_mixin.py:188} INFO - [2026-04-28T12:18:03.575+0000] {dagbag.py:540} INFO - Filling up the DagBag from /home/airflow/.local/lib/python3.8/site-packages/airflow/example_dags/example_latest_only.py
[2026-04-28T12:18:03.594+0000] {processor.py:840} INFO - DAG(s) 'latest_only' retrieved from /home/airflow/.local/lib/python3.8/site-packages/airflow/example_dags/example_latest_only.py
[2026-04-28T12:18:03.646+0000] {logging_mixin.py:188} INFO - [2026-04-28T12:18:03.646+0000] {dag.py:3047} INFO - Sync 1 DAGs
[2026-04-28T12:18:03.690+0000] {logging_mixin.py:188} INFO - [2026-04-28T12:18:03.690+0000] {dag.py:3834} INFO - Setting next_dagrun for latest_only to 2026-04-28 08:00:00+00:00, run_after=2026-04-28 12:00:00+00:00
[2026-04-28T12:18:03.707+0000] {processor.py:183} INFO - Processing /home/airflow/.local/lib/python3.8/site-packages/airflow/example_dags/example_latest_only.py took 0.164 seconds
[2026-04-28T12:18:33.772+0000] {processor.py:161} INFO - Started process (PID=812) to work on /home/airflow/.local/lib/python3.8/site-packages/airflow/example_dags/example_latest_only.py
[2026-04-28T12:18:33.773+0000] {processor.py:830} INFO - Processing file /home/airflow/.local/lib/python3.8/site-packages/airflow/example_dags/example_latest_only.py for tasks to queue
[2026-04-28T12:18:33.774+0000] {logging_mixin.py:188} INFO - [2026-04-28T12:18:33.774+0000] {dagbag.py:540} INFO - Filling up the DagBag from /home/airflow/.local/lib/python3.8/site-packages/airflow/example_dags/example_latest_only.py
[2026-04-28T12:18:33.778+0000] {processor.py:840} INFO - DAG(s) 'latest_only' retrieved from /home/airflow/.local/lib/python3.8/site-packages/airflow/example_dags/example_latest_only.py
[2026-04-28T12:18:33.797+0000] {logging_mixin.py:188} INFO - [2026-04-28T12:18:33.797+0000] {dag.py:3047} INFO - Sync 1 DAGs
[2026-04-28T12:18:33.814+0000] {logging_mixin.py:188} INFO - [2026-04-28T12:18:33.814+0000] {dag.py:3834} INFO - Setting next_dagrun for latest_only to 2026-04-28 08:00:00+00:00, run_after=2026-04-28 12:00:00+00:00
[2026-04-28T12:18:33.831+0000] {processor.py:183} INFO - Processing /home/airflow/.local/lib/python3.8/site-packages/airflow/example_dags/example_latest_only.py took 0.062 seconds
[2026-04-28T12:19:04.168+0000] {processor.py:161} INFO - Started process (PID=867) to work on /home/airflow/.local/lib/python3.8/site-packages/airflow/example_dags/example_latest_only.py
[2026-04-28T12:19:04.169+0000] {processor.py:830} INFO - Processing file /home/airflow/.local/lib/python3.8/site-packages/airflow/example_dags/example_latest_only.py for tasks to queue
[2026-04-28T12:19:04.172+0000] {logging_mixin.py:188} INFO - [2026-04-28T12:19:04.171+0000] {dagbag.py:540} INFO - Filling up the DagBag from /home/airflow/.local/lib/python3.8/site-packages/airflow/example_dags/example_latest_only.py
[2026-04-28T12:19:04.177+0000] {processor.py:840} INFO - DAG(s) 'latest_only' retrieved from /home/airflow/.local/lib/python3.8/site-packages/airflow/example_dags/example_latest_only.py
[2026-04-28T12:19:04.201+0000] {logging_mixin.py:188} INFO - [2026-04-28T12:19:04.201+0000] {dag.py:3047} INFO - Sync 1 DAGs
[2026-04-28T12:19:04.226+0000] {logging_mixin.py:188} INFO - [2026-04-28T12:19:04.226+0000] {dag.py:3834} INFO - Setting next_dagrun for latest_only to 2026-04-28 08:00:00+00:00, run_after=2026-04-28 12:00:00+00:00
[2026-04-28T12:19:04.244+0000] {processor.py:183} INFO - Processing /home/airflow/.local/lib/python3.8/site-packages/airflow/example_dags/example_latest_only.py took 0.080 seconds
[2026-04-28T12:19:34.423+0000] {processor.py:161} INFO - Started process (PID=922) to work on /home/airflow/.local/lib/python3.8/site-packages/airflow/example_dags/example_latest_only.py
[2026-04-28T12:19:34.424+0000] {processor.py:830} INFO - Processing file /home/airflow/.local/lib/python3.8/site-packages/airflow/example_dags/example_latest_only.py for tasks to queue
[2026-04-28T12:19:34.426+0000] {logging_mixin.py:188} INFO - [2026-04-28T12:19:34.425+0000] {dagbag.py:540} INFO - Filling up the DagBag from /home/airflow/.local/lib/python3.8/site-packages/airflow/example_dags/example_latest_only.py
[2026-04-28T12:19:34.431+0000] {processor.py:840} INFO - DAG(s) 'latest_only' retrieved from /home/airflow/.local/lib/python3.8/site-packages/airflow/example_dags/example_latest_only.py
[2026-04-28T12:19:34.452+0000] {logging_mixin.py:188} INFO - [2026-04-28T12:19:34.452+0000] {dag.py:3047} INFO - Sync 1 DAGs
[2026-04-28T12:19:34.477+0000] {logging_mixin.py:188} INFO - [2026-04-28T12:19:34.477+0000] {dag.py:3834} INFO - Setting next_dagrun for latest_only to 2026-04-28 08:00:00+00:00, run_after=2026-04-28 12:00:00+00:00
[2026-04-28T12:19:34.493+0000] {processor.py:183} INFO - Processing /home/airflow/.local/lib/python3.8/site-packages/airflow/example_dags/example_latest_only.py took 0.074 seconds
[2026-04-28T12:20:05.139+0000] {processor.py:161} INFO - Started process (PID=976) to work on /home/airflow/.local/lib/python3.8/site-packages/airflow/example_dags/example_latest_only.py
[2026-04-28T12:20:05.140+0000] {processor.py:830} INFO - Processing file /home/airflow/.local/lib/python3.8/site-packages/airflow/example_dags/example_latest_only.py for tasks to queue
[2026-04-28T12:20:05.142+0000] {logging_mixin.py:188} INFO - [2026-04-28T12:20:05.142+0000] {dagbag.py:540} INFO - Filling up the DagBag from /home/airflow/.local/lib/python3.8/site-packages/airflow/example_dags/example_latest_only.py
[2026-04-28T12:20:05.148+0000] {processor.py:840} INFO - DAG(s) 'latest_only' retrieved from /home/airflow/.local/lib/python3.8/site-packages/airflow/example_dags/example_latest_only.py
[2026-04-28T12:20:05.169+0000] {logging_mixin.py:188} INFO - [2026-04-28T12:20:05.168+0000] {dag.py:3047} INFO - Sync 1 DAGs
[2026-04-28T12:20:05.192+0000] {logging_mixin.py:188} INFO - [2026-04-28T12:20:05.192+0000] {dag.py:3834} INFO - Setting next_dagrun for latest_only to 2026-04-28 08:00:00+00:00, run_after=2026-04-28 12:00:00+00:00
[2026-04-28T12:20:05.208+0000] {processor.py:183} INFO - Processing /home/airflow/.local/lib/python3.8/site-packages/airflow/example_dags/example_latest_only.py took 0.073 seconds
[2026-04-28T12:20:35.283+0000] {processor.py:161} INFO - Started process (PID=1031) to work on /home/airflow/.local/lib/python3.8/site-packages/airflow/example_dags/example_latest_only.py
[2026-04-28T12:20:35.284+0000] {processor.py:830} INFO - Processing file /home/airflow/.local/lib/python3.8/site-packages/airflow/example_dags/example_latest_only.py for tasks to queue
[2026-04-28T12:20:35.286+0000] {logging_mixin.py:188} INFO - [2026-04-28T12:20:35.286+0000] {dagbag.py:540} INFO - Filling up the DagBag from /home/airflow/.local/lib/python3.8/site-packages/airflow/example_dags/example_latest_only.py
[2026-04-28T12:20:35.291+0000] {processor.py:840} INFO - DAG(s) 'latest_only' retrieved from /home/airflow/.local/lib/python3.8/site-packages/airflow/example_dags/example_latest_only.py
[2026-04-28T12:20:35.312+0000] {logging_mixin.py:188} INFO - [2026-04-28T12:20:35.312+0000] {dag.py:3047} INFO - Sync 1 DAGs
[2026-04-28T12:20:35.336+0000] {logging_mixin.py:188} INFO - [2026-04-28T12:20:35.336+0000] {dag.py:3834} INFO - Setting next_dagrun for latest_only to 2026-04-28 08:00:00+00:00, run_after=2026-04-28 12:00:00+00:00
[2026-04-28T12:20:35.353+0000] {processor.py:183} INFO - Processing /home/airflow/.local/lib/python3.8/site-packages/airflow/example_dags/example_latest_only.py took 0.074 seconds
[2026-04-28T12:21:06.025+0000] {processor.py:161} INFO - Started process (PID=1086) to work on /home/airflow/.local/lib/python3.8/site-packages/airflow/example_dags/example_latest_only.py
[2026-04-28T12:21:06.026+0000] {processor.py:830} INFO - Processing file /home/airflow/.local/lib/python3.8/site-packages/airflow/example_dags/example_latest_only.py for tasks to queue
[2026-04-28T12:21:06.028+0000] {logging_mixin.py:188} INFO - [2026-04-28T12:21:06.027+0000] {dagbag.py:540} INFO - Filling up the DagBag from /home/airflow/.local/lib/python3.8/site-packages/airflow/example_dags/example_latest_only.py
[2026-04-28T12:21:06.033+0000] {processor.py:840} INFO - DAG(s) 'latest_only' retrieved from /home/airflow/.local/lib/python3.8/site-packages/airflow/example_dags/example_latest_only.py
[2026-04-28T12:21:06.058+0000] {logging_mixin.py:188} INFO - [2026-04-28T12:21:06.058+0000] {dag.py:3047} INFO - Sync 1 DAGs
[2026-04-28T12:21:06.082+0000] {logging_mixin.py:188} INFO - [2026-04-28T12:21:06.082+0000] {dag.py:3834} INFO - Setting next_dagrun for latest_only to 2026-04-28 08:00:00+00:00, run_after=2026-04-28 12:00:00+00:00
[2026-04-28T12:21:06.099+0000] {processor.py:183} INFO - Processing /home/airflow/.local/lib/python3.8/site-packages/airflow/example_dags/example_latest_only.py took 0.078 seconds
[2026-04-28T12:21:36.157+0000] {processor.py:161} INFO - Started process (PID=1141) to work on /home/airflow/.local/lib/python3.8/site-packages/airflow/example_dags/example_latest_only.py
[2026-04-28T12:21:36.158+0000] {processor.py:830} INFO - Processing file /home/airflow/.local/lib/python3.8/site-packages/airflow/example_dags/example_latest_only.py for tasks to queue
[2026-04-28T12:21:36.161+0000] {logging_mixin.py:188} INFO - [2026-04-28T12:21:36.160+0000] {dagbag.py:540} INFO - Filling up the DagBag from /home/airflow/.local/lib/python3.8/site-packages/airflow/example_dags/example_latest_only.py
[2026-04-28T12:21:36.171+0000] {processor.py:840} INFO - DAG(s) 'latest_only' retrieved from /home/airflow/.local/lib/python3.8/site-packages/airflow/example_dags/example_latest_only.py
[2026-04-28T12:21:36.191+0000] {logging_mixin.py:188} INFO - [2026-04-28T12:21:36.191+0000] {dag.py:3047} INFO - Sync 1 DAGs
[2026-04-28T12:21:36.214+0000] {logging_mixin.py:188} INFO - [2026-04-28T12:21:36.214+0000] {dag.py:3834} INFO - Setting next_dagrun for latest_only to 2026-04-28 08:00:00+00:00, run_after=2026-04-28 12:00:00+00:00
[2026-04-28T12:21:36.230+0000] {processor.py:183} INFO - Processing /home/airflow/.local/lib/python3.8/site-packages/airflow/example_dags/example_latest_only.py took 0.077 seconds
[2026-04-28T12:22:06.868+0000] {processor.py:161} INFO - Started process (PID=1196) to work on /home/airflow/.local/lib/python3.8/site-packages/airflow/example_dags/example_latest_only.py
[2026-04-28T12:22:06.869+0000] {processor.py:830} INFO - Processing file /home/airflow/.local/lib/python3.8/site-packages/airflow/example_dags/example_latest_only.py for tasks to queue
[2026-04-28T12:22:06.871+0000] {logging_mixin.py:188} INFO - [2026-04-28T12:22:06.871+0000] {dagbag.py:540} INFO - Filling up the DagBag from /home/airflow/.local/lib/python3.8/site-packages/airflow/example_dags/example_latest_only.py
[2026-04-28T12:22:06.877+0000] {processor.py:840} INFO - DAG(s) 'latest_only' retrieved from /home/airflow/.local/lib/python3.8/site-packages/airflow/example_dags/example_latest_only.py
[2026-04-28T12:22:06.898+0000] {logging_mixin.py:188} INFO - [2026-04-28T12:22:06.898+0000] {dag.py:3047} INFO - Sync 1 DAGs
[2026-04-28T12:22:06.922+0000] {logging_mixin.py:188} INFO - [2026-04-28T12:22:06.921+0000] {dag.py:3834} INFO - Setting next_dagrun for latest_only to 2026-04-28 08:00:00+00:00, run_after=2026-04-28 12:00:00+00:00
[2026-04-28T12:22:06.938+0000] {processor.py:183} INFO - Processing /home/airflow/.local/lib/python3.8/site-packages/airflow/example_dags/example_latest_only.py took 0.074 seconds
[2026-04-28T12:22:37.091+0000] {processor.py:161} INFO - Started process (PID=1251) to work on /home/airflow/.local/lib/python3.8/site-packages/airflow/example_dags/example_latest_only.py
[2026-04-28T12:22:37.093+0000] {processor.py:830} INFO - Processing file /home/airflow/.local/lib/python3.8/site-packages/airflow/example_dags/example_latest_only.py for tasks to queue
[2026-04-28T12:22:37.095+0000] {logging_mixin.py:188} INFO - [2026-04-28T12:22:37.095+0000] {dagbag.py:540} INFO - Filling up the DagBag from /home/airflow/.local/lib/python3.8/site-packages/airflow/example_dags/example_latest_only.py
[2026-04-28T12:22:37.101+0000] {processor.py:840} INFO - DAG(s) 'latest_only' retrieved from /home/airflow/.local/lib/python3.8/site-packages/airflow/example_dags/example_latest_only.py
[2026-04-28T12:22:37.120+0000] {logging_mixin.py:188} INFO - [2026-04-28T12:22:37.120+0000] {dag.py:3047} INFO - Sync 1 DAGs
[2026-04-28T12:22:37.144+0000] {logging_mixin.py:188} INFO - [2026-04-28T12:22:37.144+0000] {dag.py:3834} INFO - Setting next_dagrun for latest_only to 2026-04-28 08:00:00+00:00, run_after=2026-04-28 12:00:00+00:00
[2026-04-28T12:22:37.160+0000] {processor.py:183} INFO - Processing /home/airflow/.local/lib/python3.8/site-packages/airflow/example_dags/example_latest_only.py took 0.074 seconds
[2026-04-28T12:23:07.577+0000] {processor.py:161} INFO - Started process (PID=1306) to work on /home/airflow/.local/lib/python3.8/site-packages/airflow/example_dags/example_latest_only.py
[2026-04-28T12:23:07.578+0000] {processor.py:830} INFO - Processing file /home/airflow/.local/lib/python3.8/site-packages/airflow/example_dags/example_latest_only.py for tasks to queue
[2026-04-28T12:23:07.580+0000] {logging_mixin.py:188} INFO - [2026-04-28T12:23:07.580+0000] {dagbag.py:540} INFO - Filling up the DagBag from /home/airflow/.local/lib/python3.8/site-packages/airflow/example_dags/example_latest_only.py
[2026-04-28T12:23:07.587+0000] {processor.py:840} INFO - DAG(s) 'latest_only' retrieved from /home/airflow/.local/lib/python3.8/site-packages/airflow/example_dags/example_latest_only.py
[2026-04-28T12:23:07.608+0000] {logging_mixin.py:188} INFO - [2026-04-28T12:23:07.607+0000] {dag.py:3047} INFO - Sync 1 DAGs
[2026-04-28T12:23:07.634+0000] {logging_mixin.py:188} INFO - [2026-04-28T12:23:07.634+0000] {dag.py:3834} INFO - Setting next_dagrun for latest_only to 2026-04-28 08:00:00+00:00, run_after=2026-04-28 12:00:00+00:00
[2026-04-28T12:23:07.650+0000] {processor.py:183} INFO - Processing /home/airflow/.local/lib/python3.8/site-packages/airflow/example_dags/example_latest_only.py took 0.077 seconds
[2026-04-28T12:23:37.913+0000] {processor.py:161} INFO - Started process (PID=1361) to work on /home/airflow/.local/lib/python3.8/site-packages/airflow/example_dags/example_latest_only.py
[2026-04-28T12:23:37.914+0000] {processor.py:830} INFO - Processing file /home/airflow/.local/lib/python3.8/site-packages/airflow/example_dags/example_latest_only.py for tasks to queue
[2026-04-28T12:23:37.915+0000] {logging_mixin.py:188} INFO - [2026-04-28T12:23:37.915+0000] {dagbag.py:540} INFO - Filling up the DagBag from /home/airflow/.local/lib/python3.8/site-packages/airflow/example_dags/example_latest_only.py
[2026-04-28T12:23:37.921+0000] {processor.py:840} INFO - DAG(s) 'latest_only' retrieved from /home/airflow/.local/lib/python3.8/site-packages/airflow/example_dags/example_latest_only.py
[2026-04-28T12:23:37.941+0000] {logging_mixin.py:188} INFO - [2026-04-28T12:23:37.941+0000] {dag.py:3047} INFO - Sync 1 DAGs
[2026-04-28T12:23:37.964+0000] {logging_mixin.py:188} INFO - [2026-04-28T12:23:37.964+0000] {dag.py:3834} INFO - Setting next_dagrun for latest_only to 2026-04-28 08:00:00+00:00, run_after=2026-04-28 12:00:00+00:00
[2026-04-28T12:23:37.980+0000] {processor.py:183} INFO - Processing /home/airflow/.local/lib/python3.8/site-packages/airflow/example_dags/example_latest_only.py took 0.073 seconds
[2026-04-28T12:24:08.565+0000] {processor.py:161} INFO - Started process (PID=1416) to work on /home/airflow/.local/lib/python3.8/site-packages/airflow/example_dags/example_latest_only.py
[2026-04-28T12:24:08.566+0000] {processor.py:830} INFO - Processing file /home/airflow/.local/lib/python3.8/site-packages/airflow/example_dags/example_latest_only.py for tasks to queue
[2026-04-28T12:24:08.568+0000] {logging_mixin.py:188} INFO - [2026-04-28T12:24:08.568+0000] {dagbag.py:540} INFO - Filling up the DagBag from /home/airflow/.local/lib/python3.8/site-packages/airflow/example_dags/example_latest_only.py
[2026-04-28T12:24:08.574+0000] {processor.py:840} INFO - DAG(s) 'latest_only' retrieved from /home/airflow/.local/lib/python3.8/site-packages/airflow/example_dags/example_latest_only.py
[2026-04-28T12:24:08.596+0000] {logging_mixin.py:188} INFO - [2026-04-28T12:24:08.595+0000] {dag.py:3047} INFO - Sync 1 DAGs
[2026-04-28T12:24:08.619+0000] {logging_mixin.py:188} INFO - [2026-04-28T12:24:08.619+0000] {dag.py:3834} INFO - Setting next_dagrun for latest_only to 2026-04-28 08:00:00+00:00, run_after=2026-04-28 12:00:00+00:00
[2026-04-28T12:24:08.635+0000] {processor.py:183} INFO - Processing /home/airflow/.local/lib/python3.8/site-packages/airflow/example_dags/example_latest_only.py took 0.074 seconds
[2026-04-28T12:24:38.769+0000] {processor.py:161} INFO - Started process (PID=1471) to work on /home/airflow/.local/lib/python3.8/site-packages/airflow/example_dags/example_latest_only.py
[2026-04-28T12:24:38.770+0000] {processor.py:830} INFO - Processing file /home/airflow/.local/lib/python3.8/site-packages/airflow/example_dags/example_latest_only.py for tasks to queue
[2026-04-28T12:24:38.772+0000] {logging_mixin.py:188} INFO - [2026-04-28T12:24:38.772+0000] {dagbag.py:540} INFO - Filling up the DagBag from /home/airflow/.local/lib/python3.8/site-packages/airflow/example_dags/example_latest_only.py
[2026-04-28T12:24:38.778+0000] {processor.py:840} INFO - DAG(s) 'latest_only' retrieved from /home/airflow/.local/lib/python3.8/site-packages/airflow/example_dags/example_latest_only.py
[2026-04-28T12:24:38.798+0000] {logging_mixin.py:188} INFO - [2026-04-28T12:24:38.798+0000] {dag.py:3047} INFO - Sync 1 DAGs
[2026-04-28T12:24:38.823+0000] {logging_mixin.py:188} INFO - [2026-04-28T12:24:38.823+0000] {dag.py:3834} INFO - Setting next_dagrun for latest_only to 2026-04-28 08:00:00+00:00, run_after=2026-04-28 12:00:00+00:00
[2026-04-28T12:24:38.839+0000] {processor.py:183} INFO - Processing /home/airflow/.local/lib/python3.8/site-packages/airflow/example_dags/example_latest_only.py took 0.074 seconds
[2026-04-28T12:25:09.132+0000] {processor.py:161} INFO - Started process (PID=1526) to work on /home/airflow/.local/lib/python3.8/site-packages/airflow/example_dags/example_latest_only.py
[2026-04-28T12:25:09.133+0000] {processor.py:830} INFO - Processing file /home/airflow/.local/lib/python3.8/site-packages/airflow/example_dags/example_latest_only.py for tasks to queue
[2026-04-28T12:25:09.135+0000] {logging_mixin.py:188} INFO - [2026-04-28T12:25:09.135+0000] {dagbag.py:540} INFO - Filling up the DagBag from /home/airflow/.local/lib/python3.8/site-packages/airflow/example_dags/example_latest_only.py
[2026-04-28T12:25:09.141+0000] {processor.py:840} INFO - DAG(s) 'latest_only' retrieved from /home/airflow/.local/lib/python3.8/site-packages/airflow/example_dags/example_latest_only.py
[2026-04-28T12:25:09.163+0000] {logging_mixin.py:188} INFO - [2026-04-28T12:25:09.163+0000] {dag.py:3047} INFO - Sync 1 DAGs
[2026-04-28T12:25:09.186+0000] {logging_mixin.py:188} INFO - [2026-04-28T12:25:09.186+0000] {dag.py:3834} INFO - Setting next_dagrun for latest_only to 2026-04-28 08:00:00+00:00, run_after=2026-04-28 12:00:00+00:00
[2026-04-28T12:25:09.203+0000] {processor.py:183} INFO - Processing /home/airflow/.local/lib/python3.8/site-packages/airflow/example_dags/example_latest_only.py took 0.075 seconds
[2026-04-28T12:25:39.343+0000] {processor.py:161} INFO - Started process (PID=1581) to work on /home/airflow/.local/lib/python3.8/site-packages/airflow/example_dags/example_latest_only.py
[2026-04-28T12:25:39.349+0000] {processor.py:830} INFO - Processing file /home/airflow/.local/lib/python3.8/site-packages/airflow/example_dags/example_latest_only.py for tasks to queue
[2026-04-28T12:25:39.356+0000] {logging_mixin.py:188} INFO - [2026-04-28T12:25:39.355+0000] {dagbag.py:540} INFO - Filling up the DagBag from /home/airflow/.local/lib/python3.8/site-packages/airflow/example_dags/example_latest_only.py
[2026-04-28T12:25:39.374+0000] {processor.py:840} INFO - DAG(s) 'latest_only' retrieved from /home/airflow/.local/lib/python3.8/site-packages/airflow/example_dags/example_latest_only.py
[2026-04-28T12:25:39.411+0000] {logging_mixin.py:188} INFO - [2026-04-28T12:25:39.411+0000] {dag.py:3047} INFO - Sync 1 DAGs
[2026-04-28T12:25:39.439+0000] {logging_mixin.py:188} INFO - [2026-04-28T12:25:39.439+0000] {dag.py:3834} INFO - Setting next_dagrun for latest_only to 2026-04-28 08:00:00+00:00, run_after=2026-04-28 12:00:00+00:00
[2026-04-28T12:25:39.475+0000] {processor.py:183} INFO - Processing /home/airflow/.local/lib/python3.8/site-packages/airflow/example_dags/example_latest_only.py took 0.146 seconds
