[2026-04-28T12:11:47.845+0000] {processor.py:161} INFO - Started process (PID=69) to work on /home/airflow/.local/lib/python3.8/site-packages/airflow/example_dags/example_short_circuit_operator.py
[2026-04-28T12:11:47.847+0000] {processor.py:830} INFO - Processing file /home/airflow/.local/lib/python3.8/site-packages/airflow/example_dags/example_short_circuit_operator.py for tasks to queue
[2026-04-28T12:11:47.862+0000] {logging_mixin.py:188} INFO - [2026-04-28T12:11:47.856+0000] {dagbag.py:540} INFO - Filling up the DagBag from /home/airflow/.local/lib/python3.8/site-packages/airflow/example_dags/example_short_circuit_operator.py
[2026-04-28T12:11:47.907+0000] {processor.py:840} INFO - DAG(s) 'example_short_circuit_operator' retrieved from /home/airflow/.local/lib/python3.8/site-packages/airflow/example_dags/example_short_circuit_operator.py
[2026-04-28T12:11:48.226+0000] {logging_mixin.py:188} INFO - [2026-04-28T12:11:48.226+0000] {dag.py:3047} INFO - Sync 1 DAGs
[2026-04-28T12:11:48.274+0000] {logging_mixin.py:188} INFO - [2026-04-28T12:11:48.274+0000] {dag.py:3834} INFO - Setting next_dagrun for example_short_circuit_operator to 2026-04-27 00:00:00+00:00, run_after=2026-04-28 00:00:00+00:00
[2026-04-28T12:11:48.337+0000] {processor.py:183} INFO - Processing /home/airflow/.local/lib/python3.8/site-packages/airflow/example_dags/example_short_circuit_operator.py took 0.510 seconds
[2026-04-28T12:12:19.063+0000] {processor.py:161} INFO - Started process (PID=124) to work on /home/airflow/.local/lib/python3.8/site-packages/airflow/example_dags/example_short_circuit_operator.py
[2026-04-28T12:12:19.064+0000] {processor.py:830} INFO - Processing file /home/airflow/.local/lib/python3.8/site-packages/airflow/example_dags/example_short_circuit_operator.py for tasks to queue
[2026-04-28T12:12:19.067+0000] {logging_mixin.py:188} INFO - [2026-04-28T12:12:19.066+0000] {dagbag.py:540} INFO - Filling up the DagBag from /home/airflow/.local/lib/python3.8/site-packages/airflow/example_dags/example_short_circuit_operator.py
[2026-04-28T12:12:19.075+0000] {processor.py:840} INFO - DAG(s) 'example_short_circuit_operator' retrieved from /home/airflow/.local/lib/python3.8/site-packages/airflow/example_dags/example_short_circuit_operator.py
[2026-04-28T12:12:19.101+0000] {logging_mixin.py:188} INFO - [2026-04-28T12:12:19.101+0000] {dag.py:3047} INFO - Sync 1 DAGs
[2026-04-28T12:12:19.125+0000] {logging_mixin.py:188} INFO - [2026-04-28T12:12:19.124+0000] {dag.py:3834} INFO - Setting next_dagrun for example_short_circuit_operator to 2026-04-27 00:00:00+00:00, run_after=2026-04-28 00:00:00+00:00
[2026-04-28T12:12:19.142+0000] {processor.py:183} INFO - Processing /home/airflow/.local/lib/python3.8/site-packages/airflow/example_dags/example_short_circuit_operator.py took 0.082 seconds
[2026-04-28T12:12:49.252+0000] {processor.py:161} INFO - Started process (PID=179) to work on /home/airflow/.local/lib/python3.8/site-packages/airflow/example_dags/example_short_circuit_operator.py
[2026-04-28T12:12:49.253+0000] {processor.py:830} INFO - Processing file /home/airflow/.local/lib/python3.8/site-packages/airflow/example_dags/example_short_circuit_operator.py for tasks to queue
[2026-04-28T12:12:49.256+0000] {logging_mixin.py:188} INFO - [2026-04-28T12:12:49.255+0000] {dagbag.py:540} INFO - Filling up the DagBag from /home/airflow/.local/lib/python3.8/site-packages/airflow/example_dags/example_short_circuit_operator.py
[2026-04-28T12:12:49.265+0000] {processor.py:840} INFO - DAG(s) 'example_short_circuit_operator' retrieved from /home/airflow/.local/lib/python3.8/site-packages/airflow/example_dags/example_short_circuit_operator.py
[2026-04-28T12:12:49.291+0000] {logging_mixin.py:188} INFO - [2026-04-28T12:12:49.291+0000] {dag.py:3047} INFO - Sync 1 DAGs
[2026-04-28T12:12:49.315+0000] {logging_mixin.py:188} INFO - [2026-04-28T12:12:49.314+0000] {dag.py:3834} INFO - Setting next_dagrun for example_short_circuit_operator to 2026-04-27 00:00:00+00:00, run_after=2026-04-28 00:00:00+00:00
[2026-04-28T12:12:49.331+0000] {processor.py:183} INFO - Processing /home/airflow/.local/lib/python3.8/site-packages/airflow/example_dags/example_short_circuit_operator.py took 0.083 seconds
[2026-04-28T12:13:19.697+0000] {processor.py:161} INFO - Started process (PID=234) to work on /home/airflow/.local/lib/python3.8/site-packages/airflow/example_dags/example_short_circuit_operator.py
[2026-04-28T12:13:19.698+0000] {processor.py:830} INFO - Processing file /home/airflow/.local/lib/python3.8/site-packages/airflow/example_dags/example_short_circuit_operator.py for tasks to queue
[2026-04-28T12:13:19.700+0000] {logging_mixin.py:188} INFO - [2026-04-28T12:13:19.700+0000] {dagbag.py:540} INFO - Filling up the DagBag from /home/airflow/.local/lib/python3.8/site-packages/airflow/example_dags/example_short_circuit_operator.py
[2026-04-28T12:13:19.712+0000] {processor.py:840} INFO - DAG(s) 'example_short_circuit_operator' retrieved from /home/airflow/.local/lib/python3.8/site-packages/airflow/example_dags/example_short_circuit_operator.py
[2026-04-28T12:13:19.737+0000] {logging_mixin.py:188} INFO - [2026-04-28T12:13:19.737+0000] {dag.py:3047} INFO - Sync 1 DAGs
[2026-04-28T12:13:19.764+0000] {logging_mixin.py:188} INFO - [2026-04-28T12:13:19.764+0000] {dag.py:3834} INFO - Setting next_dagrun for example_short_circuit_operator to 2026-04-27 00:00:00+00:00, run_after=2026-04-28 00:00:00+00:00
[2026-04-28T12:13:19.782+0000] {processor.py:183} INFO - Processing /home/airflow/.local/lib/python3.8/site-packages/airflow/example_dags/example_short_circuit_operator.py took 0.089 seconds
[2026-04-28T12:13:50.255+0000] {processor.py:161} INFO - Started process (PID=289) to work on /home/airflow/.local/lib/python3.8/site-packages/airflow/example_dags/example_short_circuit_operator.py
[2026-04-28T12:13:50.256+0000] {processor.py:830} INFO - Processing file /home/airflow/.local/lib/python3.8/site-packages/airflow/example_dags/example_short_circuit_operator.py for tasks to queue
[2026-04-28T12:13:50.258+0000] {logging_mixin.py:188} INFO - [2026-04-28T12:13:50.258+0000] {dagbag.py:540} INFO - Filling up the DagBag from /home/airflow/.local/lib/python3.8/site-packages/airflow/example_dags/example_short_circuit_operator.py
[2026-04-28T12:13:50.267+0000] {processor.py:840} INFO - DAG(s) 'example_short_circuit_operator' retrieved from /home/airflow/.local/lib/python3.8/site-packages/airflow/example_dags/example_short_circuit_operator.py
[2026-04-28T12:13:50.292+0000] {logging_mixin.py:188} INFO - [2026-04-28T12:13:50.292+0000] {dag.py:3047} INFO - Sync 1 DAGs
[2026-04-28T12:13:50.316+0000] {logging_mixin.py:188} INFO - [2026-04-28T12:13:50.316+0000] {dag.py:3834} INFO - Setting next_dagrun for example_short_circuit_operator to 2026-04-27 00:00:00+00:00, run_after=2026-04-28 00:00:00+00:00
[2026-04-28T12:13:50.340+0000] {processor.py:183} INFO - Processing /home/airflow/.local/lib/python3.8/site-packages/airflow/example_dags/example_short_circuit_operator.py took 0.088 seconds
[2026-04-28T12:14:20.793+0000] {processor.py:161} INFO - Started process (PID=344) to work on /home/airflow/.local/lib/python3.8/site-packages/airflow/example_dags/example_short_circuit_operator.py
[2026-04-28T12:14:20.794+0000] {processor.py:830} INFO - Processing file /home/airflow/.local/lib/python3.8/site-packages/airflow/example_dags/example_short_circuit_operator.py for tasks to queue
[2026-04-28T12:14:20.796+0000] {logging_mixin.py:188} INFO - [2026-04-28T12:14:20.796+0000] {dagbag.py:540} INFO - Filling up the DagBag from /home/airflow/.local/lib/python3.8/site-packages/airflow/example_dags/example_short_circuit_operator.py
[2026-04-28T12:14:20.806+0000] {processor.py:840} INFO - DAG(s) 'example_short_circuit_operator' retrieved from /home/airflow/.local/lib/python3.8/site-packages/airflow/example_dags/example_short_circuit_operator.py
[2026-04-28T12:14:20.849+0000] {logging_mixin.py:188} INFO - [2026-04-28T12:14:20.849+0000] {dag.py:3047} INFO - Sync 1 DAGs
[2026-04-28T12:14:20.876+0000] {logging_mixin.py:188} INFO - [2026-04-28T12:14:20.876+0000] {dag.py:3834} INFO - Setting next_dagrun for example_short_circuit_operator to 2026-04-27 00:00:00+00:00, run_after=2026-04-28 00:00:00+00:00
[2026-04-28T12:14:20.892+0000] {processor.py:183} INFO - Processing /home/airflow/.local/lib/python3.8/site-packages/airflow/example_dags/example_short_circuit_operator.py took 0.103 seconds
[2026-04-28T12:14:51.532+0000] {processor.py:161} INFO - Started process (PID=399) to work on /home/airflow/.local/lib/python3.8/site-packages/airflow/example_dags/example_short_circuit_operator.py
[2026-04-28T12:14:51.533+0000] {processor.py:830} INFO - Processing file /home/airflow/.local/lib/python3.8/site-packages/airflow/example_dags/example_short_circuit_operator.py for tasks to queue
[2026-04-28T12:14:51.535+0000] {logging_mixin.py:188} INFO - [2026-04-28T12:14:51.535+0000] {dagbag.py:540} INFO - Filling up the DagBag from /home/airflow/.local/lib/python3.8/site-packages/airflow/example_dags/example_short_circuit_operator.py
[2026-04-28T12:14:51.544+0000] {processor.py:840} INFO - DAG(s) 'example_short_circuit_operator' retrieved from /home/airflow/.local/lib/python3.8/site-packages/airflow/example_dags/example_short_circuit_operator.py
[2026-04-28T12:14:51.569+0000] {logging_mixin.py:188} INFO - [2026-04-28T12:14:51.569+0000] {dag.py:3047} INFO - Sync 1 DAGs
[2026-04-28T12:14:51.594+0000] {logging_mixin.py:188} INFO - [2026-04-28T12:14:51.594+0000] {dag.py:3834} INFO - Setting next_dagrun for example_short_circuit_operator to 2026-04-27 00:00:00+00:00, run_after=2026-04-28 00:00:00+00:00
[2026-04-28T12:14:51.614+0000] {processor.py:183} INFO - Processing /home/airflow/.local/lib/python3.8/site-packages/airflow/example_dags/example_short_circuit_operator.py took 0.085 seconds
[2026-04-28T12:15:21.759+0000] {processor.py:161} INFO - Started process (PID=454) to work on /home/airflow/.local/lib/python3.8/site-packages/airflow/example_dags/example_short_circuit_operator.py
[2026-04-28T12:15:21.761+0000] {processor.py:830} INFO - Processing file /home/airflow/.local/lib/python3.8/site-packages/airflow/example_dags/example_short_circuit_operator.py for tasks to queue
[2026-04-28T12:15:21.765+0000] {logging_mixin.py:188} INFO - [2026-04-28T12:15:21.765+0000] {dagbag.py:540} INFO - Filling up the DagBag from /home/airflow/.local/lib/python3.8/site-packages/airflow/example_dags/example_short_circuit_operator.py
[2026-04-28T12:15:21.782+0000] {processor.py:840} INFO - DAG(s) 'example_short_circuit_operator' retrieved from /home/airflow/.local/lib/python3.8/site-packages/airflow/example_dags/example_short_circuit_operator.py
[2026-04-28T12:15:21.851+0000] {logging_mixin.py:188} INFO - [2026-04-28T12:15:21.850+0000] {dag.py:3047} INFO - Sync 1 DAGs
[2026-04-28T12:15:21.900+0000] {logging_mixin.py:188} INFO - [2026-04-28T12:15:21.900+0000] {dag.py:3834} INFO - Setting next_dagrun for example_short_circuit_operator to 2026-04-27 00:00:00+00:00, run_after=2026-04-28 00:00:00+00:00
[2026-04-28T12:15:21.939+0000] {processor.py:183} INFO - Processing /home/airflow/.local/lib/python3.8/site-packages/airflow/example_dags/example_short_circuit_operator.py took 0.188 seconds
[2026-04-28T12:15:52.234+0000] {processor.py:161} INFO - Started process (PID=508) to work on /home/airflow/.local/lib/python3.8/site-packages/airflow/example_dags/example_short_circuit_operator.py
[2026-04-28T12:15:52.236+0000] {processor.py:830} INFO - Processing file /home/airflow/.local/lib/python3.8/site-packages/airflow/example_dags/example_short_circuit_operator.py for tasks to queue
[2026-04-28T12:15:52.241+0000] {logging_mixin.py:188} INFO - [2026-04-28T12:15:52.240+0000] {dagbag.py:540} INFO - Filling up the DagBag from /home/airflow/.local/lib/python3.8/site-packages/airflow/example_dags/example_short_circuit_operator.py
[2026-04-28T12:15:52.255+0000] {processor.py:840} INFO - DAG(s) 'example_short_circuit_operator' retrieved from /home/airflow/.local/lib/python3.8/site-packages/airflow/example_dags/example_short_circuit_operator.py
[2026-04-28T12:15:52.339+0000] {logging_mixin.py:188} INFO - [2026-04-28T12:15:52.338+0000] {dag.py:3047} INFO - Sync 1 DAGs
[2026-04-28T12:15:52.437+0000] {logging_mixin.py:188} INFO - [2026-04-28T12:15:52.437+0000] {dag.py:3834} INFO - Setting next_dagrun for example_short_circuit_operator to 2026-04-27 00:00:00+00:00, run_after=2026-04-28 00:00:00+00:00
[2026-04-28T12:15:52.506+0000] {processor.py:183} INFO - Processing /home/airflow/.local/lib/python3.8/site-packages/airflow/example_dags/example_short_circuit_operator.py took 0.281 seconds
[2026-04-28T12:16:22.629+0000] {processor.py:161} INFO - Started process (PID=563) to work on /home/airflow/.local/lib/python3.8/site-packages/airflow/example_dags/example_short_circuit_operator.py
[2026-04-28T12:16:22.630+0000] {processor.py:830} INFO - Processing file /home/airflow/.local/lib/python3.8/site-packages/airflow/example_dags/example_short_circuit_operator.py for tasks to queue
[2026-04-28T12:16:22.632+0000] {logging_mixin.py:188} INFO - [2026-04-28T12:16:22.632+0000] {dagbag.py:540} INFO - Filling up the DagBag from /home/airflow/.local/lib/python3.8/site-packages/airflow/example_dags/example_short_circuit_operator.py
[2026-04-28T12:16:22.643+0000] {processor.py:840} INFO - DAG(s) 'example_short_circuit_operator' retrieved from /home/airflow/.local/lib/python3.8/site-packages/airflow/example_dags/example_short_circuit_operator.py
[2026-04-28T12:16:22.675+0000] {logging_mixin.py:188} INFO - [2026-04-28T12:16:22.674+0000] {dag.py:3047} INFO - Sync 1 DAGs
[2026-04-28T12:16:22.712+0000] {logging_mixin.py:188} INFO - [2026-04-28T12:16:22.711+0000] {dag.py:3834} INFO - Setting next_dagrun for example_short_circuit_operator to 2026-04-27 00:00:00+00:00, run_after=2026-04-28 00:00:00+00:00
[2026-04-28T12:16:22.735+0000] {processor.py:183} INFO - Processing /home/airflow/.local/lib/python3.8/site-packages/airflow/example_dags/example_short_circuit_operator.py took 0.111 seconds
[2026-04-28T12:16:52.827+0000] {processor.py:161} INFO - Started process (PID=618) to work on /home/airflow/.local/lib/python3.8/site-packages/airflow/example_dags/example_short_circuit_operator.py
[2026-04-28T12:16:52.828+0000] {processor.py:830} INFO - Processing file /home/airflow/.local/lib/python3.8/site-packages/airflow/example_dags/example_short_circuit_operator.py for tasks to queue
[2026-04-28T12:16:52.830+0000] {logging_mixin.py:188} INFO - [2026-04-28T12:16:52.829+0000] {dagbag.py:540} INFO - Filling up the DagBag from /home/airflow/.local/lib/python3.8/site-packages/airflow/example_dags/example_short_circuit_operator.py
[2026-04-28T12:16:52.838+0000] {processor.py:840} INFO - DAG(s) 'example_short_circuit_operator' retrieved from /home/airflow/.local/lib/python3.8/site-packages/airflow/example_dags/example_short_circuit_operator.py
[2026-04-28T12:16:52.863+0000] {logging_mixin.py:188} INFO - [2026-04-28T12:16:52.863+0000] {dag.py:3047} INFO - Sync 1 DAGs
[2026-04-28T12:16:52.886+0000] {logging_mixin.py:188} INFO - [2026-04-28T12:16:52.886+0000] {dag.py:3834} INFO - Setting next_dagrun for example_short_circuit_operator to 2026-04-27 00:00:00+00:00, run_after=2026-04-28 00:00:00+00:00
[2026-04-28T12:16:52.902+0000] {processor.py:183} INFO - Processing /home/airflow/.local/lib/python3.8/site-packages/airflow/example_dags/example_short_circuit_operator.py took 0.080 seconds
[2026-04-28T12:17:22.985+0000] {processor.py:161} INFO - Started process (PID=673) to work on /home/airflow/.local/lib/python3.8/site-packages/airflow/example_dags/example_short_circuit_operator.py
[2026-04-28T12:17:22.986+0000] {processor.py:830} INFO - Processing file /home/airflow/.local/lib/python3.8/site-packages/airflow/example_dags/example_short_circuit_operator.py for tasks to queue
[2026-04-28T12:17:22.988+0000] {logging_mixin.py:188} INFO - [2026-04-28T12:17:22.988+0000] {dagbag.py:540} INFO - Filling up the DagBag from /home/airflow/.local/lib/python3.8/site-packages/airflow/example_dags/example_short_circuit_operator.py
[2026-04-28T12:17:22.997+0000] {processor.py:840} INFO - DAG(s) 'example_short_circuit_operator' retrieved from /home/airflow/.local/lib/python3.8/site-packages/airflow/example_dags/example_short_circuit_operator.py
[2026-04-28T12:17:23.024+0000] {logging_mixin.py:188} INFO - [2026-04-28T12:17:23.023+0000] {dag.py:3047} INFO - Sync 1 DAGs
[2026-04-28T12:17:23.050+0000] {logging_mixin.py:188} INFO - [2026-04-28T12:17:23.050+0000] {dag.py:3834} INFO - Setting next_dagrun for example_short_circuit_operator to 2026-04-27 00:00:00+00:00, run_after=2026-04-28 00:00:00+00:00
[2026-04-28T12:17:23.068+0000] {processor.py:183} INFO - Processing /home/airflow/.local/lib/python3.8/site-packages/airflow/example_dags/example_short_circuit_operator.py took 0.087 seconds
[2026-04-28T12:17:53.143+0000] {processor.py:161} INFO - Started process (PID=728) to work on /home/airflow/.local/lib/python3.8/site-packages/airflow/example_dags/example_short_circuit_operator.py
[2026-04-28T12:17:53.144+0000] {processor.py:830} INFO - Processing file /home/airflow/.local/lib/python3.8/site-packages/airflow/example_dags/example_short_circuit_operator.py for tasks to queue
[2026-04-28T12:17:53.146+0000] {logging_mixin.py:188} INFO - [2026-04-28T12:17:53.146+0000] {dagbag.py:540} INFO - Filling up the DagBag from /home/airflow/.local/lib/python3.8/site-packages/airflow/example_dags/example_short_circuit_operator.py
[2026-04-28T12:17:53.155+0000] {processor.py:840} INFO - DAG(s) 'example_short_circuit_operator' retrieved from /home/airflow/.local/lib/python3.8/site-packages/airflow/example_dags/example_short_circuit_operator.py
[2026-04-28T12:17:53.181+0000] {logging_mixin.py:188} INFO - [2026-04-28T12:17:53.181+0000] {dag.py:3047} INFO - Sync 1 DAGs
[2026-04-28T12:17:53.205+0000] {logging_mixin.py:188} INFO - [2026-04-28T12:17:53.205+0000] {dag.py:3834} INFO - Setting next_dagrun for example_short_circuit_operator to 2026-04-27 00:00:00+00:00, run_after=2026-04-28 00:00:00+00:00
[2026-04-28T12:17:53.222+0000] {processor.py:183} INFO - Processing /home/airflow/.local/lib/python3.8/site-packages/airflow/example_dags/example_short_circuit_operator.py took 0.083 seconds
[2026-04-28T12:18:23.458+0000] {processor.py:161} INFO - Started process (PID=783) to work on /home/airflow/.local/lib/python3.8/site-packages/airflow/example_dags/example_short_circuit_operator.py
[2026-04-28T12:18:23.459+0000] {processor.py:830} INFO - Processing file /home/airflow/.local/lib/python3.8/site-packages/airflow/example_dags/example_short_circuit_operator.py for tasks to queue
[2026-04-28T12:18:23.461+0000] {logging_mixin.py:188} INFO - [2026-04-28T12:18:23.460+0000] {dagbag.py:540} INFO - Filling up the DagBag from /home/airflow/.local/lib/python3.8/site-packages/airflow/example_dags/example_short_circuit_operator.py
[2026-04-28T12:18:23.470+0000] {processor.py:840} INFO - DAG(s) 'example_short_circuit_operator' retrieved from /home/airflow/.local/lib/python3.8/site-packages/airflow/example_dags/example_short_circuit_operator.py
[2026-04-28T12:18:23.496+0000] {logging_mixin.py:188} INFO - [2026-04-28T12:18:23.495+0000] {dag.py:3047} INFO - Sync 1 DAGs
[2026-04-28T12:18:23.524+0000] {logging_mixin.py:188} INFO - [2026-04-28T12:18:23.523+0000] {dag.py:3834} INFO - Setting next_dagrun for example_short_circuit_operator to 2026-04-27 00:00:00+00:00, run_after=2026-04-28 00:00:00+00:00
[2026-04-28T12:18:23.541+0000] {processor.py:183} INFO - Processing /home/airflow/.local/lib/python3.8/site-packages/airflow/example_dags/example_short_circuit_operator.py took 0.088 seconds
[2026-04-28T12:18:53.943+0000] {processor.py:161} INFO - Started process (PID=838) to work on /home/airflow/.local/lib/python3.8/site-packages/airflow/example_dags/example_short_circuit_operator.py
[2026-04-28T12:18:53.947+0000] {processor.py:830} INFO - Processing file /home/airflow/.local/lib/python3.8/site-packages/airflow/example_dags/example_short_circuit_operator.py for tasks to queue
[2026-04-28T12:18:53.952+0000] {logging_mixin.py:188} INFO - [2026-04-28T12:18:53.951+0000] {dagbag.py:540} INFO - Filling up the DagBag from /home/airflow/.local/lib/python3.8/site-packages/airflow/example_dags/example_short_circuit_operator.py
[2026-04-28T12:18:53.976+0000] {processor.py:840} INFO - DAG(s) 'example_short_circuit_operator' retrieved from /home/airflow/.local/lib/python3.8/site-packages/airflow/example_dags/example_short_circuit_operator.py
[2026-04-28T12:18:54.012+0000] {logging_mixin.py:188} INFO - [2026-04-28T12:18:54.011+0000] {dag.py:3047} INFO - Sync 1 DAGs
[2026-04-28T12:18:54.066+0000] {logging_mixin.py:188} INFO - [2026-04-28T12:18:54.062+0000] {dag.py:3834} INFO - Setting next_dagrun for example_short_circuit_operator to 2026-04-27 00:00:00+00:00, run_after=2026-04-28 00:00:00+00:00
[2026-04-28T12:18:54.112+0000] {processor.py:183} INFO - Processing /home/airflow/.local/lib/python3.8/site-packages/airflow/example_dags/example_short_circuit_operator.py took 0.186 seconds
[2026-04-28T12:19:25.078+0000] {processor.py:161} INFO - Started process (PID=893) to work on /home/airflow/.local/lib/python3.8/site-packages/airflow/example_dags/example_short_circuit_operator.py
[2026-04-28T12:19:25.079+0000] {processor.py:830} INFO - Processing file /home/airflow/.local/lib/python3.8/site-packages/airflow/example_dags/example_short_circuit_operator.py for tasks to queue
[2026-04-28T12:19:25.081+0000] {logging_mixin.py:188} INFO - [2026-04-28T12:19:25.080+0000] {dagbag.py:540} INFO - Filling up the DagBag from /home/airflow/.local/lib/python3.8/site-packages/airflow/example_dags/example_short_circuit_operator.py
[2026-04-28T12:19:25.089+0000] {processor.py:840} INFO - DAG(s) 'example_short_circuit_operator' retrieved from /home/airflow/.local/lib/python3.8/site-packages/airflow/example_dags/example_short_circuit_operator.py
[2026-04-28T12:19:25.115+0000] {logging_mixin.py:188} INFO - [2026-04-28T12:19:25.114+0000] {dag.py:3047} INFO - Sync 1 DAGs
[2026-04-28T12:19:25.142+0000] {logging_mixin.py:188} INFO - [2026-04-28T12:19:25.142+0000] {dag.py:3834} INFO - Setting next_dagrun for example_short_circuit_operator to 2026-04-27 00:00:00+00:00, run_after=2026-04-28 00:00:00+00:00
[2026-04-28T12:19:25.161+0000] {processor.py:183} INFO - Processing /home/airflow/.local/lib/python3.8/site-packages/airflow/example_dags/example_short_circuit_operator.py took 0.087 seconds
[2026-04-28T12:19:55.676+0000] {processor.py:161} INFO - Started process (PID=948) to work on /home/airflow/.local/lib/python3.8/site-packages/airflow/example_dags/example_short_circuit_operator.py
[2026-04-28T12:19:55.677+0000] {processor.py:830} INFO - Processing file /home/airflow/.local/lib/python3.8/site-packages/airflow/example_dags/example_short_circuit_operator.py for tasks to queue
[2026-04-28T12:19:55.679+0000] {logging_mixin.py:188} INFO - [2026-04-28T12:19:55.679+0000] {dagbag.py:540} INFO - Filling up the DagBag from /home/airflow/.local/lib/python3.8/site-packages/airflow/example_dags/example_short_circuit_operator.py
[2026-04-28T12:19:55.688+0000] {processor.py:840} INFO - DAG(s) 'example_short_circuit_operator' retrieved from /home/airflow/.local/lib/python3.8/site-packages/airflow/example_dags/example_short_circuit_operator.py
[2026-04-28T12:19:55.714+0000] {logging_mixin.py:188} INFO - [2026-04-28T12:19:55.713+0000] {dag.py:3047} INFO - Sync 1 DAGs
[2026-04-28T12:19:55.739+0000] {logging_mixin.py:188} INFO - [2026-04-28T12:19:55.739+0000] {dag.py:3834} INFO - Setting next_dagrun for example_short_circuit_operator to 2026-04-27 00:00:00+00:00, run_after=2026-04-28 00:00:00+00:00
[2026-04-28T12:19:55.757+0000] {processor.py:183} INFO - Processing /home/airflow/.local/lib/python3.8/site-packages/airflow/example_dags/example_short_circuit_operator.py took 0.085 seconds
[2026-04-28T12:20:26.020+0000] {processor.py:161} INFO - Started process (PID=1002) to work on /home/airflow/.local/lib/python3.8/site-packages/airflow/example_dags/example_short_circuit_operator.py
[2026-04-28T12:20:26.021+0000] {processor.py:830} INFO - Processing file /home/airflow/.local/lib/python3.8/site-packages/airflow/example_dags/example_short_circuit_operator.py for tasks to queue
[2026-04-28T12:20:26.023+0000] {logging_mixin.py:188} INFO - [2026-04-28T12:20:26.022+0000] {dagbag.py:540} INFO - Filling up the DagBag from /home/airflow/.local/lib/python3.8/site-packages/airflow/example_dags/example_short_circuit_operator.py
[2026-04-28T12:20:26.031+0000] {processor.py:840} INFO - DAG(s) 'example_short_circuit_operator' retrieved from /home/airflow/.local/lib/python3.8/site-packages/airflow/example_dags/example_short_circuit_operator.py
[2026-04-28T12:20:26.057+0000] {logging_mixin.py:188} INFO - [2026-04-28T12:20:26.056+0000] {dag.py:3047} INFO - Sync 1 DAGs
[2026-04-28T12:20:26.083+0000] {logging_mixin.py:188} INFO - [2026-04-28T12:20:26.083+0000] {dag.py:3834} INFO - Setting next_dagrun for example_short_circuit_operator to 2026-04-27 00:00:00+00:00, run_after=2026-04-28 00:00:00+00:00
[2026-04-28T12:20:26.100+0000] {processor.py:183} INFO - Processing /home/airflow/.local/lib/python3.8/site-packages/airflow/example_dags/example_short_circuit_operator.py took 0.084 seconds
[2026-04-28T12:20:56.597+0000] {processor.py:161} INFO - Started process (PID=1057) to work on /home/airflow/.local/lib/python3.8/site-packages/airflow/example_dags/example_short_circuit_operator.py
[2026-04-28T12:20:56.604+0000] {processor.py:830} INFO - Processing file /home/airflow/.local/lib/python3.8/site-packages/airflow/example_dags/example_short_circuit_operator.py for tasks to queue
[2026-04-28T12:20:56.606+0000] {logging_mixin.py:188} INFO - [2026-04-28T12:20:56.606+0000] {dagbag.py:540} INFO - Filling up the DagBag from /home/airflow/.local/lib/python3.8/site-packages/airflow/example_dags/example_short_circuit_operator.py
[2026-04-28T12:20:56.615+0000] {processor.py:840} INFO - DAG(s) 'example_short_circuit_operator' retrieved from /home/airflow/.local/lib/python3.8/site-packages/airflow/example_dags/example_short_circuit_operator.py
[2026-04-28T12:20:56.641+0000] {logging_mixin.py:188} INFO - [2026-04-28T12:20:56.641+0000] {dag.py:3047} INFO - Sync 1 DAGs
[2026-04-28T12:20:56.665+0000] {logging_mixin.py:188} INFO - [2026-04-28T12:20:56.664+0000] {dag.py:3834} INFO - Setting next_dagrun for example_short_circuit_operator to 2026-04-27 00:00:00+00:00, run_after=2026-04-28 00:00:00+00:00
[2026-04-28T12:20:56.682+0000] {processor.py:183} INFO - Processing /home/airflow/.local/lib/python3.8/site-packages/airflow/example_dags/example_short_circuit_operator.py took 0.092 seconds
[2026-04-28T12:21:26.887+0000] {processor.py:161} INFO - Started process (PID=1112) to work on /home/airflow/.local/lib/python3.8/site-packages/airflow/example_dags/example_short_circuit_operator.py
[2026-04-28T12:21:26.888+0000] {processor.py:830} INFO - Processing file /home/airflow/.local/lib/python3.8/site-packages/airflow/example_dags/example_short_circuit_operator.py for tasks to queue
[2026-04-28T12:21:26.890+0000] {logging_mixin.py:188} INFO - [2026-04-28T12:21:26.889+0000] {dagbag.py:540} INFO - Filling up the DagBag from /home/airflow/.local/lib/python3.8/site-packages/airflow/example_dags/example_short_circuit_operator.py
[2026-04-28T12:21:26.898+0000] {processor.py:840} INFO - DAG(s) 'example_short_circuit_operator' retrieved from /home/airflow/.local/lib/python3.8/site-packages/airflow/example_dags/example_short_circuit_operator.py
[2026-04-28T12:21:26.923+0000] {logging_mixin.py:188} INFO - [2026-04-28T12:21:26.923+0000] {dag.py:3047} INFO - Sync 1 DAGs
[2026-04-28T12:21:26.948+0000] {logging_mixin.py:188} INFO - [2026-04-28T12:21:26.948+0000] {dag.py:3834} INFO - Setting next_dagrun for example_short_circuit_operator to 2026-04-27 00:00:00+00:00, run_after=2026-04-28 00:00:00+00:00
[2026-04-28T12:21:26.965+0000] {processor.py:183} INFO - Processing /home/airflow/.local/lib/python3.8/site-packages/airflow/example_dags/example_short_circuit_operator.py took 0.082 seconds
[2026-04-28T12:21:57.482+0000] {processor.py:161} INFO - Started process (PID=1167) to work on /home/airflow/.local/lib/python3.8/site-packages/airflow/example_dags/example_short_circuit_operator.py
[2026-04-28T12:21:57.483+0000] {processor.py:830} INFO - Processing file /home/airflow/.local/lib/python3.8/site-packages/airflow/example_dags/example_short_circuit_operator.py for tasks to queue
[2026-04-28T12:21:57.485+0000] {logging_mixin.py:188} INFO - [2026-04-28T12:21:57.485+0000] {dagbag.py:540} INFO - Filling up the DagBag from /home/airflow/.local/lib/python3.8/site-packages/airflow/example_dags/example_short_circuit_operator.py
[2026-04-28T12:21:57.494+0000] {processor.py:840} INFO - DAG(s) 'example_short_circuit_operator' retrieved from /home/airflow/.local/lib/python3.8/site-packages/airflow/example_dags/example_short_circuit_operator.py
[2026-04-28T12:21:57.523+0000] {logging_mixin.py:188} INFO - [2026-04-28T12:21:57.523+0000] {dag.py:3047} INFO - Sync 1 DAGs
[2026-04-28T12:21:57.558+0000] {logging_mixin.py:188} INFO - [2026-04-28T12:21:57.558+0000] {dag.py:3834} INFO - Setting next_dagrun for example_short_circuit_operator to 2026-04-27 00:00:00+00:00, run_after=2026-04-28 00:00:00+00:00
[2026-04-28T12:21:57.574+0000] {processor.py:183} INFO - Processing /home/airflow/.local/lib/python3.8/site-packages/airflow/example_dags/example_short_circuit_operator.py took 0.096 seconds
[2026-04-28T12:22:27.678+0000] {processor.py:161} INFO - Started process (PID=1222) to work on /home/airflow/.local/lib/python3.8/site-packages/airflow/example_dags/example_short_circuit_operator.py
[2026-04-28T12:22:27.679+0000] {processor.py:830} INFO - Processing file /home/airflow/.local/lib/python3.8/site-packages/airflow/example_dags/example_short_circuit_operator.py for tasks to queue
[2026-04-28T12:22:27.682+0000] {logging_mixin.py:188} INFO - [2026-04-28T12:22:27.681+0000] {dagbag.py:540} INFO - Filling up the DagBag from /home/airflow/.local/lib/python3.8/site-packages/airflow/example_dags/example_short_circuit_operator.py
[2026-04-28T12:22:27.690+0000] {processor.py:840} INFO - DAG(s) 'example_short_circuit_operator' retrieved from /home/airflow/.local/lib/python3.8/site-packages/airflow/example_dags/example_short_circuit_operator.py
[2026-04-28T12:22:27.716+0000] {logging_mixin.py:188} INFO - [2026-04-28T12:22:27.715+0000] {dag.py:3047} INFO - Sync 1 DAGs
[2026-04-28T12:22:27.739+0000] {logging_mixin.py:188} INFO - [2026-04-28T12:22:27.739+0000] {dag.py:3834} INFO - Setting next_dagrun for example_short_circuit_operator to 2026-04-27 00:00:00+00:00, run_after=2026-04-28 00:00:00+00:00
[2026-04-28T12:22:27.759+0000] {processor.py:183} INFO - Processing /home/airflow/.local/lib/python3.8/site-packages/airflow/example_dags/example_short_circuit_operator.py took 0.085 seconds
[2026-04-28T12:22:58.315+0000] {processor.py:161} INFO - Started process (PID=1277) to work on /home/airflow/.local/lib/python3.8/site-packages/airflow/example_dags/example_short_circuit_operator.py
[2026-04-28T12:22:58.316+0000] {processor.py:830} INFO - Processing file /home/airflow/.local/lib/python3.8/site-packages/airflow/example_dags/example_short_circuit_operator.py for tasks to queue
[2026-04-28T12:22:58.318+0000] {logging_mixin.py:188} INFO - [2026-04-28T12:22:58.317+0000] {dagbag.py:540} INFO - Filling up the DagBag from /home/airflow/.local/lib/python3.8/site-packages/airflow/example_dags/example_short_circuit_operator.py
[2026-04-28T12:22:58.326+0000] {processor.py:840} INFO - DAG(s) 'example_short_circuit_operator' retrieved from /home/airflow/.local/lib/python3.8/site-packages/airflow/example_dags/example_short_circuit_operator.py
[2026-04-28T12:22:58.351+0000] {logging_mixin.py:188} INFO - [2026-04-28T12:22:58.351+0000] {dag.py:3047} INFO - Sync 1 DAGs
[2026-04-28T12:22:58.374+0000] {logging_mixin.py:188} INFO - [2026-04-28T12:22:58.374+0000] {dag.py:3834} INFO - Setting next_dagrun for example_short_circuit_operator to 2026-04-27 00:00:00+00:00, run_after=2026-04-28 00:00:00+00:00
[2026-04-28T12:22:58.392+0000] {processor.py:183} INFO - Processing /home/airflow/.local/lib/python3.8/site-packages/airflow/example_dags/example_short_circuit_operator.py took 0.081 seconds
[2026-04-28T12:23:28.500+0000] {processor.py:161} INFO - Started process (PID=1332) to work on /home/airflow/.local/lib/python3.8/site-packages/airflow/example_dags/example_short_circuit_operator.py
[2026-04-28T12:23:28.501+0000] {processor.py:830} INFO - Processing file /home/airflow/.local/lib/python3.8/site-packages/airflow/example_dags/example_short_circuit_operator.py for tasks to queue
[2026-04-28T12:23:28.503+0000] {logging_mixin.py:188} INFO - [2026-04-28T12:23:28.503+0000] {dagbag.py:540} INFO - Filling up the DagBag from /home/airflow/.local/lib/python3.8/site-packages/airflow/example_dags/example_short_circuit_operator.py
[2026-04-28T12:23:28.517+0000] {processor.py:840} INFO - DAG(s) 'example_short_circuit_operator' retrieved from /home/airflow/.local/lib/python3.8/site-packages/airflow/example_dags/example_short_circuit_operator.py
[2026-04-28T12:23:28.546+0000] {logging_mixin.py:188} INFO - [2026-04-28T12:23:28.546+0000] {dag.py:3047} INFO - Sync 1 DAGs
[2026-04-28T12:23:28.571+0000] {logging_mixin.py:188} INFO - [2026-04-28T12:23:28.571+0000] {dag.py:3834} INFO - Setting next_dagrun for example_short_circuit_operator to 2026-04-27 00:00:00+00:00, run_after=2026-04-28 00:00:00+00:00
[2026-04-28T12:23:28.590+0000] {processor.py:183} INFO - Processing /home/airflow/.local/lib/python3.8/site-packages/airflow/example_dags/example_short_circuit_operator.py took 0.094 seconds
[2026-04-28T12:23:59.238+0000] {processor.py:161} INFO - Started process (PID=1387) to work on /home/airflow/.local/lib/python3.8/site-packages/airflow/example_dags/example_short_circuit_operator.py
[2026-04-28T12:23:59.239+0000] {processor.py:830} INFO - Processing file /home/airflow/.local/lib/python3.8/site-packages/airflow/example_dags/example_short_circuit_operator.py for tasks to queue
[2026-04-28T12:23:59.241+0000] {logging_mixin.py:188} INFO - [2026-04-28T12:23:59.241+0000] {dagbag.py:540} INFO - Filling up the DagBag from /home/airflow/.local/lib/python3.8/site-packages/airflow/example_dags/example_short_circuit_operator.py
[2026-04-28T12:23:59.252+0000] {processor.py:840} INFO - DAG(s) 'example_short_circuit_operator' retrieved from /home/airflow/.local/lib/python3.8/site-packages/airflow/example_dags/example_short_circuit_operator.py
[2026-04-28T12:23:59.280+0000] {logging_mixin.py:188} INFO - [2026-04-28T12:23:59.279+0000] {dag.py:3047} INFO - Sync 1 DAGs
[2026-04-28T12:23:59.303+0000] {logging_mixin.py:188} INFO - [2026-04-28T12:23:59.303+0000] {dag.py:3834} INFO - Setting next_dagrun for example_short_circuit_operator to 2026-04-27 00:00:00+00:00, run_after=2026-04-28 00:00:00+00:00
[2026-04-28T12:23:59.320+0000] {processor.py:183} INFO - Processing /home/airflow/.local/lib/python3.8/site-packages/airflow/example_dags/example_short_circuit_operator.py took 0.085 seconds
[2026-04-28T12:24:29.945+0000] {processor.py:161} INFO - Started process (PID=1442) to work on /home/airflow/.local/lib/python3.8/site-packages/airflow/example_dags/example_short_circuit_operator.py
[2026-04-28T12:24:29.946+0000] {processor.py:830} INFO - Processing file /home/airflow/.local/lib/python3.8/site-packages/airflow/example_dags/example_short_circuit_operator.py for tasks to queue
[2026-04-28T12:24:29.949+0000] {logging_mixin.py:188} INFO - [2026-04-28T12:24:29.948+0000] {dagbag.py:540} INFO - Filling up the DagBag from /home/airflow/.local/lib/python3.8/site-packages/airflow/example_dags/example_short_circuit_operator.py
[2026-04-28T12:24:29.960+0000] {processor.py:840} INFO - DAG(s) 'example_short_circuit_operator' retrieved from /home/airflow/.local/lib/python3.8/site-packages/airflow/example_dags/example_short_circuit_operator.py
[2026-04-28T12:24:29.987+0000] {logging_mixin.py:188} INFO - [2026-04-28T12:24:29.987+0000] {dag.py:3047} INFO - Sync 1 DAGs
[2026-04-28T12:24:30.011+0000] {logging_mixin.py:188} INFO - [2026-04-28T12:24:30.010+0000] {dag.py:3834} INFO - Setting next_dagrun for example_short_circuit_operator to 2026-04-27 00:00:00+00:00, run_after=2026-04-28 00:00:00+00:00
[2026-04-28T12:24:30.034+0000] {processor.py:183} INFO - Processing /home/airflow/.local/lib/python3.8/site-packages/airflow/example_dags/example_short_circuit_operator.py took 0.097 seconds
[2026-04-28T12:25:00.135+0000] {processor.py:161} INFO - Started process (PID=1497) to work on /home/airflow/.local/lib/python3.8/site-packages/airflow/example_dags/example_short_circuit_operator.py
[2026-04-28T12:25:00.136+0000] {processor.py:830} INFO - Processing file /home/airflow/.local/lib/python3.8/site-packages/airflow/example_dags/example_short_circuit_operator.py for tasks to queue
[2026-04-28T12:25:00.139+0000] {logging_mixin.py:188} INFO - [2026-04-28T12:25:00.138+0000] {dagbag.py:540} INFO - Filling up the DagBag from /home/airflow/.local/lib/python3.8/site-packages/airflow/example_dags/example_short_circuit_operator.py
[2026-04-28T12:25:00.152+0000] {processor.py:840} INFO - DAG(s) 'example_short_circuit_operator' retrieved from /home/airflow/.local/lib/python3.8/site-packages/airflow/example_dags/example_short_circuit_operator.py
[2026-04-28T12:25:00.199+0000] {logging_mixin.py:188} INFO - [2026-04-28T12:25:00.199+0000] {dag.py:3047} INFO - Sync 1 DAGs
[2026-04-28T12:25:00.253+0000] {logging_mixin.py:188} INFO - [2026-04-28T12:25:00.251+0000] {dag.py:3834} INFO - Setting next_dagrun for example_short_circuit_operator to 2026-04-27 00:00:00+00:00, run_after=2026-04-28 00:00:00+00:00
[2026-04-28T12:25:00.287+0000] {processor.py:183} INFO - Processing /home/airflow/.local/lib/python3.8/site-packages/airflow/example_dags/example_short_circuit_operator.py took 0.164 seconds
[2026-04-28T12:25:30.497+0000] {processor.py:161} INFO - Started process (PID=1552) to work on /home/airflow/.local/lib/python3.8/site-packages/airflow/example_dags/example_short_circuit_operator.py
[2026-04-28T12:25:30.498+0000] {processor.py:830} INFO - Processing file /home/airflow/.local/lib/python3.8/site-packages/airflow/example_dags/example_short_circuit_operator.py for tasks to queue
[2026-04-28T12:25:30.500+0000] {logging_mixin.py:188} INFO - [2026-04-28T12:25:30.499+0000] {dagbag.py:540} INFO - Filling up the DagBag from /home/airflow/.local/lib/python3.8/site-packages/airflow/example_dags/example_short_circuit_operator.py
[2026-04-28T12:25:30.508+0000] {processor.py:840} INFO - DAG(s) 'example_short_circuit_operator' retrieved from /home/airflow/.local/lib/python3.8/site-packages/airflow/example_dags/example_short_circuit_operator.py
[2026-04-28T12:25:30.532+0000] {logging_mixin.py:188} INFO - [2026-04-28T12:25:30.532+0000] {dag.py:3047} INFO - Sync 1 DAGs
[2026-04-28T12:25:30.557+0000] {logging_mixin.py:188} INFO - [2026-04-28T12:25:30.556+0000] {dag.py:3834} INFO - Setting next_dagrun for example_short_circuit_operator to 2026-04-27 00:00:00+00:00, run_after=2026-04-28 00:00:00+00:00
[2026-04-28T12:25:30.574+0000] {processor.py:183} INFO - Processing /home/airflow/.local/lib/python3.8/site-packages/airflow/example_dags/example_short_circuit_operator.py took 0.081 seconds
