[2026-04-28T12:11:45.980+0000] {processor.py:161} INFO - Started process (PID=65) to work on /home/airflow/.local/lib/python3.8/site-packages/airflow/example_dags/example_setup_teardown_taskflow.py
[2026-04-28T12:11:45.981+0000] {processor.py:830} INFO - Processing file /home/airflow/.local/lib/python3.8/site-packages/airflow/example_dags/example_setup_teardown_taskflow.py for tasks to queue
[2026-04-28T12:11:45.990+0000] {logging_mixin.py:188} INFO - [2026-04-28T12:11:45.989+0000] {dagbag.py:540} INFO - Filling up the DagBag from /home/airflow/.local/lib/python3.8/site-packages/airflow/example_dags/example_setup_teardown_taskflow.py
[2026-04-28T12:11:46.060+0000] {processor.py:840} INFO - DAG(s) 'example_setup_teardown_taskflow' retrieved from /home/airflow/.local/lib/python3.8/site-packages/airflow/example_dags/example_setup_teardown_taskflow.py
[2026-04-28T12:11:46.672+0000] {logging_mixin.py:188} INFO - [2026-04-28T12:11:46.670+0000] {dag.py:3047} INFO - Sync 1 DAGs
[2026-04-28T12:11:46.885+0000] {logging_mixin.py:188} INFO - [2026-04-28T12:11:46.885+0000] {dag.py:3834} INFO - Setting next_dagrun for example_setup_teardown_taskflow to 2026-04-27 00:00:00+00:00, run_after=2026-04-28 00:00:00+00:00
[2026-04-28T12:11:47.050+0000] {processor.py:183} INFO - Processing /home/airflow/.local/lib/python3.8/site-packages/airflow/example_dags/example_setup_teardown_taskflow.py took 1.092 seconds
[2026-04-28T12:12:17.943+0000] {processor.py:161} INFO - Started process (PID=120) to work on /home/airflow/.local/lib/python3.8/site-packages/airflow/example_dags/example_setup_teardown_taskflow.py
[2026-04-28T12:12:17.944+0000] {processor.py:830} INFO - Processing file /home/airflow/.local/lib/python3.8/site-packages/airflow/example_dags/example_setup_teardown_taskflow.py for tasks to queue
[2026-04-28T12:12:17.946+0000] {logging_mixin.py:188} INFO - [2026-04-28T12:12:17.945+0000] {dagbag.py:540} INFO - Filling up the DagBag from /home/airflow/.local/lib/python3.8/site-packages/airflow/example_dags/example_setup_teardown_taskflow.py
[2026-04-28T12:12:17.957+0000] {processor.py:840} INFO - DAG(s) 'example_setup_teardown_taskflow' retrieved from /home/airflow/.local/lib/python3.8/site-packages/airflow/example_dags/example_setup_teardown_taskflow.py
[2026-04-28T12:12:17.981+0000] {logging_mixin.py:188} INFO - [2026-04-28T12:12:17.981+0000] {dag.py:3047} INFO - Sync 1 DAGs
[2026-04-28T12:12:18.005+0000] {logging_mixin.py:188} INFO - [2026-04-28T12:12:18.005+0000] {dag.py:3834} INFO - Setting next_dagrun for example_setup_teardown_taskflow to 2026-04-27 00:00:00+00:00, run_after=2026-04-28 00:00:00+00:00
[2026-04-28T12:12:18.022+0000] {processor.py:183} INFO - Processing /home/airflow/.local/lib/python3.8/site-packages/airflow/example_dags/example_setup_teardown_taskflow.py took 0.083 seconds
[2026-04-28T12:12:48.121+0000] {processor.py:161} INFO - Started process (PID=175) to work on /home/airflow/.local/lib/python3.8/site-packages/airflow/example_dags/example_setup_teardown_taskflow.py
[2026-04-28T12:12:48.126+0000] {processor.py:830} INFO - Processing file /home/airflow/.local/lib/python3.8/site-packages/airflow/example_dags/example_setup_teardown_taskflow.py for tasks to queue
[2026-04-28T12:12:48.130+0000] {logging_mixin.py:188} INFO - [2026-04-28T12:12:48.130+0000] {dagbag.py:540} INFO - Filling up the DagBag from /home/airflow/.local/lib/python3.8/site-packages/airflow/example_dags/example_setup_teardown_taskflow.py
[2026-04-28T12:12:48.149+0000] {processor.py:840} INFO - DAG(s) 'example_setup_teardown_taskflow' retrieved from /home/airflow/.local/lib/python3.8/site-packages/airflow/example_dags/example_setup_teardown_taskflow.py
[2026-04-28T12:12:48.175+0000] {logging_mixin.py:188} INFO - [2026-04-28T12:12:48.174+0000] {dag.py:3047} INFO - Sync 1 DAGs
[2026-04-28T12:12:48.198+0000] {logging_mixin.py:188} INFO - [2026-04-28T12:12:48.198+0000] {dag.py:3834} INFO - Setting next_dagrun for example_setup_teardown_taskflow to 2026-04-27 00:00:00+00:00, run_after=2026-04-28 00:00:00+00:00
[2026-04-28T12:12:48.215+0000] {processor.py:183} INFO - Processing /home/airflow/.local/lib/python3.8/site-packages/airflow/example_dags/example_setup_teardown_taskflow.py took 0.097 seconds
[2026-04-28T12:13:18.566+0000] {processor.py:161} INFO - Started process (PID=230) to work on /home/airflow/.local/lib/python3.8/site-packages/airflow/example_dags/example_setup_teardown_taskflow.py
[2026-04-28T12:13:18.567+0000] {processor.py:830} INFO - Processing file /home/airflow/.local/lib/python3.8/site-packages/airflow/example_dags/example_setup_teardown_taskflow.py for tasks to queue
[2026-04-28T12:13:18.569+0000] {logging_mixin.py:188} INFO - [2026-04-28T12:13:18.568+0000] {dagbag.py:540} INFO - Filling up the DagBag from /home/airflow/.local/lib/python3.8/site-packages/airflow/example_dags/example_setup_teardown_taskflow.py
[2026-04-28T12:13:18.580+0000] {processor.py:840} INFO - DAG(s) 'example_setup_teardown_taskflow' retrieved from /home/airflow/.local/lib/python3.8/site-packages/airflow/example_dags/example_setup_teardown_taskflow.py
[2026-04-28T12:13:18.606+0000] {logging_mixin.py:188} INFO - [2026-04-28T12:13:18.606+0000] {dag.py:3047} INFO - Sync 1 DAGs
[2026-04-28T12:13:18.631+0000] {logging_mixin.py:188} INFO - [2026-04-28T12:13:18.631+0000] {dag.py:3834} INFO - Setting next_dagrun for example_setup_teardown_taskflow to 2026-04-27 00:00:00+00:00, run_after=2026-04-28 00:00:00+00:00
[2026-04-28T12:13:18.648+0000] {processor.py:183} INFO - Processing /home/airflow/.local/lib/python3.8/site-packages/airflow/example_dags/example_setup_teardown_taskflow.py took 0.086 seconds
[2026-04-28T12:13:49.136+0000] {processor.py:161} INFO - Started process (PID=285) to work on /home/airflow/.local/lib/python3.8/site-packages/airflow/example_dags/example_setup_teardown_taskflow.py
[2026-04-28T12:13:49.138+0000] {processor.py:830} INFO - Processing file /home/airflow/.local/lib/python3.8/site-packages/airflow/example_dags/example_setup_teardown_taskflow.py for tasks to queue
[2026-04-28T12:13:49.140+0000] {logging_mixin.py:188} INFO - [2026-04-28T12:13:49.140+0000] {dagbag.py:540} INFO - Filling up the DagBag from /home/airflow/.local/lib/python3.8/site-packages/airflow/example_dags/example_setup_teardown_taskflow.py
[2026-04-28T12:13:49.155+0000] {processor.py:840} INFO - DAG(s) 'example_setup_teardown_taskflow' retrieved from /home/airflow/.local/lib/python3.8/site-packages/airflow/example_dags/example_setup_teardown_taskflow.py
[2026-04-28T12:13:49.180+0000] {logging_mixin.py:188} INFO - [2026-04-28T12:13:49.179+0000] {dag.py:3047} INFO - Sync 1 DAGs
[2026-04-28T12:13:49.204+0000] {logging_mixin.py:188} INFO - [2026-04-28T12:13:49.203+0000] {dag.py:3834} INFO - Setting next_dagrun for example_setup_teardown_taskflow to 2026-04-27 00:00:00+00:00, run_after=2026-04-28 00:00:00+00:00
[2026-04-28T12:13:49.220+0000] {processor.py:183} INFO - Processing /home/airflow/.local/lib/python3.8/site-packages/airflow/example_dags/example_setup_teardown_taskflow.py took 0.087 seconds
[2026-04-28T12:14:19.670+0000] {processor.py:161} INFO - Started process (PID=340) to work on /home/airflow/.local/lib/python3.8/site-packages/airflow/example_dags/example_setup_teardown_taskflow.py
[2026-04-28T12:14:19.671+0000] {processor.py:830} INFO - Processing file /home/airflow/.local/lib/python3.8/site-packages/airflow/example_dags/example_setup_teardown_taskflow.py for tasks to queue
[2026-04-28T12:14:19.673+0000] {logging_mixin.py:188} INFO - [2026-04-28T12:14:19.673+0000] {dagbag.py:540} INFO - Filling up the DagBag from /home/airflow/.local/lib/python3.8/site-packages/airflow/example_dags/example_setup_teardown_taskflow.py
[2026-04-28T12:14:19.684+0000] {processor.py:840} INFO - DAG(s) 'example_setup_teardown_taskflow' retrieved from /home/airflow/.local/lib/python3.8/site-packages/airflow/example_dags/example_setup_teardown_taskflow.py
[2026-04-28T12:14:19.708+0000] {logging_mixin.py:188} INFO - [2026-04-28T12:14:19.708+0000] {dag.py:3047} INFO - Sync 1 DAGs
[2026-04-28T12:14:19.733+0000] {logging_mixin.py:188} INFO - [2026-04-28T12:14:19.732+0000] {dag.py:3834} INFO - Setting next_dagrun for example_setup_teardown_taskflow to 2026-04-27 00:00:00+00:00, run_after=2026-04-28 00:00:00+00:00
[2026-04-28T12:14:19.752+0000] {processor.py:183} INFO - Processing /home/airflow/.local/lib/python3.8/site-packages/airflow/example_dags/example_setup_teardown_taskflow.py took 0.086 seconds
[2026-04-28T12:14:50.379+0000] {processor.py:161} INFO - Started process (PID=395) to work on /home/airflow/.local/lib/python3.8/site-packages/airflow/example_dags/example_setup_teardown_taskflow.py
[2026-04-28T12:14:50.380+0000] {processor.py:830} INFO - Processing file /home/airflow/.local/lib/python3.8/site-packages/airflow/example_dags/example_setup_teardown_taskflow.py for tasks to queue
[2026-04-28T12:14:50.382+0000] {logging_mixin.py:188} INFO - [2026-04-28T12:14:50.382+0000] {dagbag.py:540} INFO - Filling up the DagBag from /home/airflow/.local/lib/python3.8/site-packages/airflow/example_dags/example_setup_teardown_taskflow.py
[2026-04-28T12:14:50.395+0000] {processor.py:840} INFO - DAG(s) 'example_setup_teardown_taskflow' retrieved from /home/airflow/.local/lib/python3.8/site-packages/airflow/example_dags/example_setup_teardown_taskflow.py
[2026-04-28T12:14:50.421+0000] {logging_mixin.py:188} INFO - [2026-04-28T12:14:50.421+0000] {dag.py:3047} INFO - Sync 1 DAGs
[2026-04-28T12:14:50.446+0000] {logging_mixin.py:188} INFO - [2026-04-28T12:14:50.446+0000] {dag.py:3834} INFO - Setting next_dagrun for example_setup_teardown_taskflow to 2026-04-27 00:00:00+00:00, run_after=2026-04-28 00:00:00+00:00
[2026-04-28T12:14:50.485+0000] {processor.py:183} INFO - Processing /home/airflow/.local/lib/python3.8/site-packages/airflow/example_dags/example_setup_teardown_taskflow.py took 0.110 seconds
[2026-04-28T12:15:20.526+0000] {processor.py:161} INFO - Started process (PID=450) to work on /home/airflow/.local/lib/python3.8/site-packages/airflow/example_dags/example_setup_teardown_taskflow.py
[2026-04-28T12:15:20.527+0000] {processor.py:830} INFO - Processing file /home/airflow/.local/lib/python3.8/site-packages/airflow/example_dags/example_setup_teardown_taskflow.py for tasks to queue
[2026-04-28T12:15:20.529+0000] {logging_mixin.py:188} INFO - [2026-04-28T12:15:20.529+0000] {dagbag.py:540} INFO - Filling up the DagBag from /home/airflow/.local/lib/python3.8/site-packages/airflow/example_dags/example_setup_teardown_taskflow.py
[2026-04-28T12:15:20.540+0000] {processor.py:840} INFO - DAG(s) 'example_setup_teardown_taskflow' retrieved from /home/airflow/.local/lib/python3.8/site-packages/airflow/example_dags/example_setup_teardown_taskflow.py
[2026-04-28T12:15:20.601+0000] {logging_mixin.py:188} INFO - [2026-04-28T12:15:20.600+0000] {dag.py:3047} INFO - Sync 1 DAGs
[2026-04-28T12:15:20.654+0000] {logging_mixin.py:188} INFO - [2026-04-28T12:15:20.653+0000] {dag.py:3834} INFO - Setting next_dagrun for example_setup_teardown_taskflow to 2026-04-27 00:00:00+00:00, run_after=2026-04-28 00:00:00+00:00
[2026-04-28T12:15:20.696+0000] {processor.py:183} INFO - Processing /home/airflow/.local/lib/python3.8/site-packages/airflow/example_dags/example_setup_teardown_taskflow.py took 0.177 seconds
[2026-04-28T12:15:50.956+0000] {processor.py:161} INFO - Started process (PID=505) to work on /home/airflow/.local/lib/python3.8/site-packages/airflow/example_dags/example_setup_teardown_taskflow.py
[2026-04-28T12:15:50.959+0000] {processor.py:830} INFO - Processing file /home/airflow/.local/lib/python3.8/site-packages/airflow/example_dags/example_setup_teardown_taskflow.py for tasks to queue
[2026-04-28T12:15:50.963+0000] {logging_mixin.py:188} INFO - [2026-04-28T12:15:50.963+0000] {dagbag.py:540} INFO - Filling up the DagBag from /home/airflow/.local/lib/python3.8/site-packages/airflow/example_dags/example_setup_teardown_taskflow.py
[2026-04-28T12:15:50.982+0000] {processor.py:840} INFO - DAG(s) 'example_setup_teardown_taskflow' retrieved from /home/airflow/.local/lib/python3.8/site-packages/airflow/example_dags/example_setup_teardown_taskflow.py
[2026-04-28T12:15:51.041+0000] {logging_mixin.py:188} INFO - [2026-04-28T12:15:51.040+0000] {dag.py:3047} INFO - Sync 1 DAGs
[2026-04-28T12:15:51.098+0000] {logging_mixin.py:188} INFO - [2026-04-28T12:15:51.098+0000] {dag.py:3834} INFO - Setting next_dagrun for example_setup_teardown_taskflow to 2026-04-27 00:00:00+00:00, run_after=2026-04-28 00:00:00+00:00
[2026-04-28T12:15:51.147+0000] {processor.py:183} INFO - Processing /home/airflow/.local/lib/python3.8/site-packages/airflow/example_dags/example_setup_teardown_taskflow.py took 0.199 seconds
[2026-04-28T12:16:21.414+0000] {processor.py:161} INFO - Started process (PID=559) to work on /home/airflow/.local/lib/python3.8/site-packages/airflow/example_dags/example_setup_teardown_taskflow.py
[2026-04-28T12:16:21.415+0000] {processor.py:830} INFO - Processing file /home/airflow/.local/lib/python3.8/site-packages/airflow/example_dags/example_setup_teardown_taskflow.py for tasks to queue
[2026-04-28T12:16:21.417+0000] {logging_mixin.py:188} INFO - [2026-04-28T12:16:21.417+0000] {dagbag.py:540} INFO - Filling up the DagBag from /home/airflow/.local/lib/python3.8/site-packages/airflow/example_dags/example_setup_teardown_taskflow.py
[2026-04-28T12:16:21.427+0000] {processor.py:840} INFO - DAG(s) 'example_setup_teardown_taskflow' retrieved from /home/airflow/.local/lib/python3.8/site-packages/airflow/example_dags/example_setup_teardown_taskflow.py
[2026-04-28T12:16:21.455+0000] {logging_mixin.py:188} INFO - [2026-04-28T12:16:21.454+0000] {dag.py:3047} INFO - Sync 1 DAGs
[2026-04-28T12:16:21.480+0000] {logging_mixin.py:188} INFO - [2026-04-28T12:16:21.480+0000] {dag.py:3834} INFO - Setting next_dagrun for example_setup_teardown_taskflow to 2026-04-27 00:00:00+00:00, run_after=2026-04-28 00:00:00+00:00
[2026-04-28T12:16:21.497+0000] {processor.py:183} INFO - Processing /home/airflow/.local/lib/python3.8/site-packages/airflow/example_dags/example_setup_teardown_taskflow.py took 0.088 seconds
[2026-04-28T12:16:51.685+0000] {processor.py:161} INFO - Started process (PID=614) to work on /home/airflow/.local/lib/python3.8/site-packages/airflow/example_dags/example_setup_teardown_taskflow.py
[2026-04-28T12:16:51.686+0000] {processor.py:830} INFO - Processing file /home/airflow/.local/lib/python3.8/site-packages/airflow/example_dags/example_setup_teardown_taskflow.py for tasks to queue
[2026-04-28T12:16:51.688+0000] {logging_mixin.py:188} INFO - [2026-04-28T12:16:51.688+0000] {dagbag.py:540} INFO - Filling up the DagBag from /home/airflow/.local/lib/python3.8/site-packages/airflow/example_dags/example_setup_teardown_taskflow.py
[2026-04-28T12:16:51.699+0000] {processor.py:840} INFO - DAG(s) 'example_setup_teardown_taskflow' retrieved from /home/airflow/.local/lib/python3.8/site-packages/airflow/example_dags/example_setup_teardown_taskflow.py
[2026-04-28T12:16:51.722+0000] {logging_mixin.py:188} INFO - [2026-04-28T12:16:51.722+0000] {dag.py:3047} INFO - Sync 1 DAGs
[2026-04-28T12:16:51.746+0000] {logging_mixin.py:188} INFO - [2026-04-28T12:16:51.746+0000] {dag.py:3834} INFO - Setting next_dagrun for example_setup_teardown_taskflow to 2026-04-27 00:00:00+00:00, run_after=2026-04-28 00:00:00+00:00
[2026-04-28T12:16:51.763+0000] {processor.py:183} INFO - Processing /home/airflow/.local/lib/python3.8/site-packages/airflow/example_dags/example_setup_teardown_taskflow.py took 0.082 seconds
[2026-04-28T12:17:21.830+0000] {processor.py:161} INFO - Started process (PID=669) to work on /home/airflow/.local/lib/python3.8/site-packages/airflow/example_dags/example_setup_teardown_taskflow.py
[2026-04-28T12:17:21.831+0000] {processor.py:830} INFO - Processing file /home/airflow/.local/lib/python3.8/site-packages/airflow/example_dags/example_setup_teardown_taskflow.py for tasks to queue
[2026-04-28T12:17:21.833+0000] {logging_mixin.py:188} INFO - [2026-04-28T12:17:21.833+0000] {dagbag.py:540} INFO - Filling up the DagBag from /home/airflow/.local/lib/python3.8/site-packages/airflow/example_dags/example_setup_teardown_taskflow.py
[2026-04-28T12:17:21.843+0000] {processor.py:840} INFO - DAG(s) 'example_setup_teardown_taskflow' retrieved from /home/airflow/.local/lib/python3.8/site-packages/airflow/example_dags/example_setup_teardown_taskflow.py
[2026-04-28T12:17:21.865+0000] {logging_mixin.py:188} INFO - [2026-04-28T12:17:21.865+0000] {dag.py:3047} INFO - Sync 1 DAGs
[2026-04-28T12:17:21.889+0000] {logging_mixin.py:188} INFO - [2026-04-28T12:17:21.889+0000] {dag.py:3834} INFO - Setting next_dagrun for example_setup_teardown_taskflow to 2026-04-27 00:00:00+00:00, run_after=2026-04-28 00:00:00+00:00
[2026-04-28T12:17:21.907+0000] {processor.py:183} INFO - Processing /home/airflow/.local/lib/python3.8/site-packages/airflow/example_dags/example_setup_teardown_taskflow.py took 0.081 seconds
[2026-04-28T12:17:51.992+0000] {processor.py:161} INFO - Started process (PID=724) to work on /home/airflow/.local/lib/python3.8/site-packages/airflow/example_dags/example_setup_teardown_taskflow.py
[2026-04-28T12:17:51.993+0000] {processor.py:830} INFO - Processing file /home/airflow/.local/lib/python3.8/site-packages/airflow/example_dags/example_setup_teardown_taskflow.py for tasks to queue
[2026-04-28T12:17:51.995+0000] {logging_mixin.py:188} INFO - [2026-04-28T12:17:51.995+0000] {dagbag.py:540} INFO - Filling up the DagBag from /home/airflow/.local/lib/python3.8/site-packages/airflow/example_dags/example_setup_teardown_taskflow.py
[2026-04-28T12:17:52.006+0000] {processor.py:840} INFO - DAG(s) 'example_setup_teardown_taskflow' retrieved from /home/airflow/.local/lib/python3.8/site-packages/airflow/example_dags/example_setup_teardown_taskflow.py
[2026-04-28T12:17:52.028+0000] {logging_mixin.py:188} INFO - [2026-04-28T12:17:52.028+0000] {dag.py:3047} INFO - Sync 1 DAGs
[2026-04-28T12:17:52.052+0000] {logging_mixin.py:188} INFO - [2026-04-28T12:17:52.051+0000] {dag.py:3834} INFO - Setting next_dagrun for example_setup_teardown_taskflow to 2026-04-27 00:00:00+00:00, run_after=2026-04-28 00:00:00+00:00
[2026-04-28T12:17:52.071+0000] {processor.py:183} INFO - Processing /home/airflow/.local/lib/python3.8/site-packages/airflow/example_dags/example_setup_teardown_taskflow.py took 0.083 seconds
[2026-04-28T12:18:22.313+0000] {processor.py:161} INFO - Started process (PID=779) to work on /home/airflow/.local/lib/python3.8/site-packages/airflow/example_dags/example_setup_teardown_taskflow.py
[2026-04-28T12:18:22.314+0000] {processor.py:830} INFO - Processing file /home/airflow/.local/lib/python3.8/site-packages/airflow/example_dags/example_setup_teardown_taskflow.py for tasks to queue
[2026-04-28T12:18:22.316+0000] {logging_mixin.py:188} INFO - [2026-04-28T12:18:22.315+0000] {dagbag.py:540} INFO - Filling up the DagBag from /home/airflow/.local/lib/python3.8/site-packages/airflow/example_dags/example_setup_teardown_taskflow.py
[2026-04-28T12:18:22.326+0000] {processor.py:840} INFO - DAG(s) 'example_setup_teardown_taskflow' retrieved from /home/airflow/.local/lib/python3.8/site-packages/airflow/example_dags/example_setup_teardown_taskflow.py
[2026-04-28T12:18:22.349+0000] {logging_mixin.py:188} INFO - [2026-04-28T12:18:22.349+0000] {dag.py:3047} INFO - Sync 1 DAGs
[2026-04-28T12:18:22.373+0000] {logging_mixin.py:188} INFO - [2026-04-28T12:18:22.373+0000] {dag.py:3834} INFO - Setting next_dagrun for example_setup_teardown_taskflow to 2026-04-27 00:00:00+00:00, run_after=2026-04-28 00:00:00+00:00
[2026-04-28T12:18:22.392+0000] {processor.py:183} INFO - Processing /home/airflow/.local/lib/python3.8/site-packages/airflow/example_dags/example_setup_teardown_taskflow.py took 0.083 seconds
[2026-04-28T12:18:52.725+0000] {processor.py:161} INFO - Started process (PID=834) to work on /home/airflow/.local/lib/python3.8/site-packages/airflow/example_dags/example_setup_teardown_taskflow.py
[2026-04-28T12:18:52.726+0000] {processor.py:830} INFO - Processing file /home/airflow/.local/lib/python3.8/site-packages/airflow/example_dags/example_setup_teardown_taskflow.py for tasks to queue
[2026-04-28T12:18:52.728+0000] {logging_mixin.py:188} INFO - [2026-04-28T12:18:52.728+0000] {dagbag.py:540} INFO - Filling up the DagBag from /home/airflow/.local/lib/python3.8/site-packages/airflow/example_dags/example_setup_teardown_taskflow.py
[2026-04-28T12:18:52.741+0000] {processor.py:840} INFO - DAG(s) 'example_setup_teardown_taskflow' retrieved from /home/airflow/.local/lib/python3.8/site-packages/airflow/example_dags/example_setup_teardown_taskflow.py
[2026-04-28T12:18:52.765+0000] {logging_mixin.py:188} INFO - [2026-04-28T12:18:52.765+0000] {dag.py:3047} INFO - Sync 1 DAGs
[2026-04-28T12:18:52.795+0000] {logging_mixin.py:188} INFO - [2026-04-28T12:18:52.795+0000] {dag.py:3834} INFO - Setting next_dagrun for example_setup_teardown_taskflow to 2026-04-27 00:00:00+00:00, run_after=2026-04-28 00:00:00+00:00
[2026-04-28T12:18:52.822+0000] {processor.py:183} INFO - Processing /home/airflow/.local/lib/python3.8/site-packages/airflow/example_dags/example_setup_teardown_taskflow.py took 0.100 seconds
[2026-04-28T12:19:22.886+0000] {processor.py:161} INFO - Started process (PID=889) to work on /home/airflow/.local/lib/python3.8/site-packages/airflow/example_dags/example_setup_teardown_taskflow.py
[2026-04-28T12:19:22.888+0000] {processor.py:830} INFO - Processing file /home/airflow/.local/lib/python3.8/site-packages/airflow/example_dags/example_setup_teardown_taskflow.py for tasks to queue
[2026-04-28T12:19:22.895+0000] {logging_mixin.py:188} INFO - [2026-04-28T12:19:22.893+0000] {dagbag.py:540} INFO - Filling up the DagBag from /home/airflow/.local/lib/python3.8/site-packages/airflow/example_dags/example_setup_teardown_taskflow.py
[2026-04-28T12:19:22.939+0000] {processor.py:840} INFO - DAG(s) 'example_setup_teardown_taskflow' retrieved from /home/airflow/.local/lib/python3.8/site-packages/airflow/example_dags/example_setup_teardown_taskflow.py
[2026-04-28T12:19:22.974+0000] {logging_mixin.py:188} INFO - [2026-04-28T12:19:22.974+0000] {dag.py:3047} INFO - Sync 1 DAGs
[2026-04-28T12:19:22.999+0000] {logging_mixin.py:188} INFO - [2026-04-28T12:19:22.999+0000] {dag.py:3834} INFO - Setting next_dagrun for example_setup_teardown_taskflow to 2026-04-27 00:00:00+00:00, run_after=2026-04-28 00:00:00+00:00
[2026-04-28T12:19:23.017+0000] {processor.py:183} INFO - Processing /home/airflow/.local/lib/python3.8/site-packages/airflow/example_dags/example_setup_teardown_taskflow.py took 0.135 seconds
[2026-04-28T12:19:53.540+0000] {processor.py:161} INFO - Started process (PID=944) to work on /home/airflow/.local/lib/python3.8/site-packages/airflow/example_dags/example_setup_teardown_taskflow.py
[2026-04-28T12:19:53.541+0000] {processor.py:830} INFO - Processing file /home/airflow/.local/lib/python3.8/site-packages/airflow/example_dags/example_setup_teardown_taskflow.py for tasks to queue
[2026-04-28T12:19:53.544+0000] {logging_mixin.py:188} INFO - [2026-04-28T12:19:53.543+0000] {dagbag.py:540} INFO - Filling up the DagBag from /home/airflow/.local/lib/python3.8/site-packages/airflow/example_dags/example_setup_teardown_taskflow.py
[2026-04-28T12:19:53.554+0000] {processor.py:840} INFO - DAG(s) 'example_setup_teardown_taskflow' retrieved from /home/airflow/.local/lib/python3.8/site-packages/airflow/example_dags/example_setup_teardown_taskflow.py
[2026-04-28T12:19:53.577+0000] {logging_mixin.py:188} INFO - [2026-04-28T12:19:53.577+0000] {dag.py:3047} INFO - Sync 1 DAGs
[2026-04-28T12:19:53.601+0000] {logging_mixin.py:188} INFO - [2026-04-28T12:19:53.600+0000] {dag.py:3834} INFO - Setting next_dagrun for example_setup_teardown_taskflow to 2026-04-27 00:00:00+00:00, run_after=2026-04-28 00:00:00+00:00
[2026-04-28T12:19:53.619+0000] {processor.py:183} INFO - Processing /home/airflow/.local/lib/python3.8/site-packages/airflow/example_dags/example_setup_teardown_taskflow.py took 0.082 seconds
[2026-04-28T12:20:23.872+0000] {processor.py:161} INFO - Started process (PID=998) to work on /home/airflow/.local/lib/python3.8/site-packages/airflow/example_dags/example_setup_teardown_taskflow.py
[2026-04-28T12:20:23.873+0000] {processor.py:830} INFO - Processing file /home/airflow/.local/lib/python3.8/site-packages/airflow/example_dags/example_setup_teardown_taskflow.py for tasks to queue
[2026-04-28T12:20:23.875+0000] {logging_mixin.py:188} INFO - [2026-04-28T12:20:23.874+0000] {dagbag.py:540} INFO - Filling up the DagBag from /home/airflow/.local/lib/python3.8/site-packages/airflow/example_dags/example_setup_teardown_taskflow.py
[2026-04-28T12:20:23.886+0000] {processor.py:840} INFO - DAG(s) 'example_setup_teardown_taskflow' retrieved from /home/airflow/.local/lib/python3.8/site-packages/airflow/example_dags/example_setup_teardown_taskflow.py
[2026-04-28T12:20:23.908+0000] {logging_mixin.py:188} INFO - [2026-04-28T12:20:23.908+0000] {dag.py:3047} INFO - Sync 1 DAGs
[2026-04-28T12:20:23.931+0000] {logging_mixin.py:188} INFO - [2026-04-28T12:20:23.931+0000] {dag.py:3834} INFO - Setting next_dagrun for example_setup_teardown_taskflow to 2026-04-27 00:00:00+00:00, run_after=2026-04-28 00:00:00+00:00
[2026-04-28T12:20:23.949+0000] {processor.py:183} INFO - Processing /home/airflow/.local/lib/python3.8/site-packages/airflow/example_dags/example_setup_teardown_taskflow.py took 0.081 seconds
[2026-04-28T12:20:54.449+0000] {processor.py:161} INFO - Started process (PID=1053) to work on /home/airflow/.local/lib/python3.8/site-packages/airflow/example_dags/example_setup_teardown_taskflow.py
[2026-04-28T12:20:54.450+0000] {processor.py:830} INFO - Processing file /home/airflow/.local/lib/python3.8/site-packages/airflow/example_dags/example_setup_teardown_taskflow.py for tasks to queue
[2026-04-28T12:20:54.452+0000] {logging_mixin.py:188} INFO - [2026-04-28T12:20:54.451+0000] {dagbag.py:540} INFO - Filling up the DagBag from /home/airflow/.local/lib/python3.8/site-packages/airflow/example_dags/example_setup_teardown_taskflow.py
[2026-04-28T12:20:54.462+0000] {processor.py:840} INFO - DAG(s) 'example_setup_teardown_taskflow' retrieved from /home/airflow/.local/lib/python3.8/site-packages/airflow/example_dags/example_setup_teardown_taskflow.py
[2026-04-28T12:20:54.484+0000] {logging_mixin.py:188} INFO - [2026-04-28T12:20:54.484+0000] {dag.py:3047} INFO - Sync 1 DAGs
[2026-04-28T12:20:54.508+0000] {logging_mixin.py:188} INFO - [2026-04-28T12:20:54.508+0000] {dag.py:3834} INFO - Setting next_dagrun for example_setup_teardown_taskflow to 2026-04-27 00:00:00+00:00, run_after=2026-04-28 00:00:00+00:00
[2026-04-28T12:20:54.525+0000] {processor.py:183} INFO - Processing /home/airflow/.local/lib/python3.8/site-packages/airflow/example_dags/example_setup_teardown_taskflow.py took 0.080 seconds
[2026-04-28T12:21:24.738+0000] {processor.py:161} INFO - Started process (PID=1108) to work on /home/airflow/.local/lib/python3.8/site-packages/airflow/example_dags/example_setup_teardown_taskflow.py
[2026-04-28T12:21:24.739+0000] {processor.py:830} INFO - Processing file /home/airflow/.local/lib/python3.8/site-packages/airflow/example_dags/example_setup_teardown_taskflow.py for tasks to queue
[2026-04-28T12:21:24.742+0000] {logging_mixin.py:188} INFO - [2026-04-28T12:21:24.741+0000] {dagbag.py:540} INFO - Filling up the DagBag from /home/airflow/.local/lib/python3.8/site-packages/airflow/example_dags/example_setup_teardown_taskflow.py
[2026-04-28T12:21:24.756+0000] {processor.py:840} INFO - DAG(s) 'example_setup_teardown_taskflow' retrieved from /home/airflow/.local/lib/python3.8/site-packages/airflow/example_dags/example_setup_teardown_taskflow.py
[2026-04-28T12:21:24.779+0000] {logging_mixin.py:188} INFO - [2026-04-28T12:21:24.779+0000] {dag.py:3047} INFO - Sync 1 DAGs
[2026-04-28T12:21:24.803+0000] {logging_mixin.py:188} INFO - [2026-04-28T12:21:24.803+0000] {dag.py:3834} INFO - Setting next_dagrun for example_setup_teardown_taskflow to 2026-04-27 00:00:00+00:00, run_after=2026-04-28 00:00:00+00:00
[2026-04-28T12:21:24.822+0000] {processor.py:183} INFO - Processing /home/airflow/.local/lib/python3.8/site-packages/airflow/example_dags/example_setup_teardown_taskflow.py took 0.087 seconds
[2026-04-28T12:21:55.282+0000] {processor.py:161} INFO - Started process (PID=1163) to work on /home/airflow/.local/lib/python3.8/site-packages/airflow/example_dags/example_setup_teardown_taskflow.py
[2026-04-28T12:21:55.283+0000] {processor.py:830} INFO - Processing file /home/airflow/.local/lib/python3.8/site-packages/airflow/example_dags/example_setup_teardown_taskflow.py for tasks to queue
[2026-04-28T12:21:55.284+0000] {logging_mixin.py:188} INFO - [2026-04-28T12:21:55.284+0000] {dagbag.py:540} INFO - Filling up the DagBag from /home/airflow/.local/lib/python3.8/site-packages/airflow/example_dags/example_setup_teardown_taskflow.py
[2026-04-28T12:21:55.305+0000] {processor.py:840} INFO - DAG(s) 'example_setup_teardown_taskflow' retrieved from /home/airflow/.local/lib/python3.8/site-packages/airflow/example_dags/example_setup_teardown_taskflow.py
[2026-04-28T12:21:55.349+0000] {logging_mixin.py:188} INFO - [2026-04-28T12:21:55.349+0000] {dag.py:3047} INFO - Sync 1 DAGs
[2026-04-28T12:21:55.378+0000] {logging_mixin.py:188} INFO - [2026-04-28T12:21:55.378+0000] {dag.py:3834} INFO - Setting next_dagrun for example_setup_teardown_taskflow to 2026-04-27 00:00:00+00:00, run_after=2026-04-28 00:00:00+00:00
[2026-04-28T12:21:55.395+0000] {processor.py:183} INFO - Processing /home/airflow/.local/lib/python3.8/site-packages/airflow/example_dags/example_setup_teardown_taskflow.py took 0.119 seconds
[2026-04-28T12:22:25.509+0000] {processor.py:161} INFO - Started process (PID=1218) to work on /home/airflow/.local/lib/python3.8/site-packages/airflow/example_dags/example_setup_teardown_taskflow.py
[2026-04-28T12:22:25.510+0000] {processor.py:830} INFO - Processing file /home/airflow/.local/lib/python3.8/site-packages/airflow/example_dags/example_setup_teardown_taskflow.py for tasks to queue
[2026-04-28T12:22:25.512+0000] {logging_mixin.py:188} INFO - [2026-04-28T12:22:25.512+0000] {dagbag.py:540} INFO - Filling up the DagBag from /home/airflow/.local/lib/python3.8/site-packages/airflow/example_dags/example_setup_teardown_taskflow.py
[2026-04-28T12:22:25.519+0000] {processor.py:840} INFO - DAG(s) 'example_setup_teardown_taskflow' retrieved from /home/airflow/.local/lib/python3.8/site-packages/airflow/example_dags/example_setup_teardown_taskflow.py
[2026-04-28T12:22:25.536+0000] {logging_mixin.py:188} INFO - [2026-04-28T12:22:25.536+0000] {dag.py:3047} INFO - Sync 1 DAGs
[2026-04-28T12:22:25.552+0000] {logging_mixin.py:188} INFO - [2026-04-28T12:22:25.552+0000] {dag.py:3834} INFO - Setting next_dagrun for example_setup_teardown_taskflow to 2026-04-27 00:00:00+00:00, run_after=2026-04-28 00:00:00+00:00
[2026-04-28T12:22:25.565+0000] {processor.py:183} INFO - Processing /home/airflow/.local/lib/python3.8/site-packages/airflow/example_dags/example_setup_teardown_taskflow.py took 0.058 seconds
[2026-04-28T12:22:55.818+0000] {processor.py:161} INFO - Started process (PID=1273) to work on /home/airflow/.local/lib/python3.8/site-packages/airflow/example_dags/example_setup_teardown_taskflow.py
[2026-04-28T12:22:55.819+0000] {processor.py:830} INFO - Processing file /home/airflow/.local/lib/python3.8/site-packages/airflow/example_dags/example_setup_teardown_taskflow.py for tasks to queue
[2026-04-28T12:22:55.821+0000] {logging_mixin.py:188} INFO - [2026-04-28T12:22:55.821+0000] {dagbag.py:540} INFO - Filling up the DagBag from /home/airflow/.local/lib/python3.8/site-packages/airflow/example_dags/example_setup_teardown_taskflow.py
[2026-04-28T12:22:55.842+0000] {processor.py:840} INFO - DAG(s) 'example_setup_teardown_taskflow' retrieved from /home/airflow/.local/lib/python3.8/site-packages/airflow/example_dags/example_setup_teardown_taskflow.py
[2026-04-28T12:22:55.885+0000] {logging_mixin.py:188} INFO - [2026-04-28T12:22:55.884+0000] {dag.py:3047} INFO - Sync 1 DAGs
[2026-04-28T12:22:55.927+0000] {logging_mixin.py:188} INFO - [2026-04-28T12:22:55.927+0000] {dag.py:3834} INFO - Setting next_dagrun for example_setup_teardown_taskflow to 2026-04-27 00:00:00+00:00, run_after=2026-04-28 00:00:00+00:00
[2026-04-28T12:22:55.950+0000] {processor.py:183} INFO - Processing /home/airflow/.local/lib/python3.8/site-packages/airflow/example_dags/example_setup_teardown_taskflow.py took 0.140 seconds
[2026-04-28T12:23:26.198+0000] {processor.py:161} INFO - Started process (PID=1328) to work on /home/airflow/.local/lib/python3.8/site-packages/airflow/example_dags/example_setup_teardown_taskflow.py
[2026-04-28T12:23:26.199+0000] {processor.py:830} INFO - Processing file /home/airflow/.local/lib/python3.8/site-packages/airflow/example_dags/example_setup_teardown_taskflow.py for tasks to queue
[2026-04-28T12:23:26.201+0000] {logging_mixin.py:188} INFO - [2026-04-28T12:23:26.201+0000] {dagbag.py:540} INFO - Filling up the DagBag from /home/airflow/.local/lib/python3.8/site-packages/airflow/example_dags/example_setup_teardown_taskflow.py
[2026-04-28T12:23:26.212+0000] {processor.py:840} INFO - DAG(s) 'example_setup_teardown_taskflow' retrieved from /home/airflow/.local/lib/python3.8/site-packages/airflow/example_dags/example_setup_teardown_taskflow.py
[2026-04-28T12:23:26.231+0000] {logging_mixin.py:188} INFO - [2026-04-28T12:23:26.230+0000] {dag.py:3047} INFO - Sync 1 DAGs
[2026-04-28T12:23:26.247+0000] {logging_mixin.py:188} INFO - [2026-04-28T12:23:26.247+0000] {dag.py:3834} INFO - Setting next_dagrun for example_setup_teardown_taskflow to 2026-04-27 00:00:00+00:00, run_after=2026-04-28 00:00:00+00:00
[2026-04-28T12:23:26.260+0000] {processor.py:183} INFO - Processing /home/airflow/.local/lib/python3.8/site-packages/airflow/example_dags/example_setup_teardown_taskflow.py took 0.065 seconds
[2026-04-28T12:23:57.105+0000] {processor.py:161} INFO - Started process (PID=1383) to work on /home/airflow/.local/lib/python3.8/site-packages/airflow/example_dags/example_setup_teardown_taskflow.py
[2026-04-28T12:23:57.113+0000] {processor.py:830} INFO - Processing file /home/airflow/.local/lib/python3.8/site-packages/airflow/example_dags/example_setup_teardown_taskflow.py for tasks to queue
[2026-04-28T12:23:57.118+0000] {logging_mixin.py:188} INFO - [2026-04-28T12:23:57.117+0000] {dagbag.py:540} INFO - Filling up the DagBag from /home/airflow/.local/lib/python3.8/site-packages/airflow/example_dags/example_setup_teardown_taskflow.py
[2026-04-28T12:23:57.135+0000] {processor.py:840} INFO - DAG(s) 'example_setup_teardown_taskflow' retrieved from /home/airflow/.local/lib/python3.8/site-packages/airflow/example_dags/example_setup_teardown_taskflow.py
[2026-04-28T12:23:57.158+0000] {logging_mixin.py:188} INFO - [2026-04-28T12:23:57.158+0000] {dag.py:3047} INFO - Sync 1 DAGs
[2026-04-28T12:23:57.184+0000] {logging_mixin.py:188} INFO - [2026-04-28T12:23:57.184+0000] {dag.py:3834} INFO - Setting next_dagrun for example_setup_teardown_taskflow to 2026-04-27 00:00:00+00:00, run_after=2026-04-28 00:00:00+00:00
[2026-04-28T12:23:57.203+0000] {processor.py:183} INFO - Processing /home/airflow/.local/lib/python3.8/site-packages/airflow/example_dags/example_setup_teardown_taskflow.py took 0.110 seconds
[2026-04-28T12:24:27.644+0000] {processor.py:161} INFO - Started process (PID=1438) to work on /home/airflow/.local/lib/python3.8/site-packages/airflow/example_dags/example_setup_teardown_taskflow.py
[2026-04-28T12:24:27.645+0000] {processor.py:830} INFO - Processing file /home/airflow/.local/lib/python3.8/site-packages/airflow/example_dags/example_setup_teardown_taskflow.py for tasks to queue
[2026-04-28T12:24:27.647+0000] {logging_mixin.py:188} INFO - [2026-04-28T12:24:27.647+0000] {dagbag.py:540} INFO - Filling up the DagBag from /home/airflow/.local/lib/python3.8/site-packages/airflow/example_dags/example_setup_teardown_taskflow.py
[2026-04-28T12:24:27.658+0000] {processor.py:840} INFO - DAG(s) 'example_setup_teardown_taskflow' retrieved from /home/airflow/.local/lib/python3.8/site-packages/airflow/example_dags/example_setup_teardown_taskflow.py
[2026-04-28T12:24:27.689+0000] {logging_mixin.py:188} INFO - [2026-04-28T12:24:27.689+0000] {dag.py:3047} INFO - Sync 1 DAGs
[2026-04-28T12:24:27.719+0000] {logging_mixin.py:188} INFO - [2026-04-28T12:24:27.719+0000] {dag.py:3834} INFO - Setting next_dagrun for example_setup_teardown_taskflow to 2026-04-27 00:00:00+00:00, run_after=2026-04-28 00:00:00+00:00
[2026-04-28T12:24:27.738+0000] {processor.py:183} INFO - Processing /home/airflow/.local/lib/python3.8/site-packages/airflow/example_dags/example_setup_teardown_taskflow.py took 0.098 seconds
[2026-04-28T12:24:57.965+0000] {processor.py:161} INFO - Started process (PID=1493) to work on /home/airflow/.local/lib/python3.8/site-packages/airflow/example_dags/example_setup_teardown_taskflow.py
[2026-04-28T12:24:57.966+0000] {processor.py:830} INFO - Processing file /home/airflow/.local/lib/python3.8/site-packages/airflow/example_dags/example_setup_teardown_taskflow.py for tasks to queue
[2026-04-28T12:24:57.968+0000] {logging_mixin.py:188} INFO - [2026-04-28T12:24:57.967+0000] {dagbag.py:540} INFO - Filling up the DagBag from /home/airflow/.local/lib/python3.8/site-packages/airflow/example_dags/example_setup_teardown_taskflow.py
[2026-04-28T12:24:57.978+0000] {processor.py:840} INFO - DAG(s) 'example_setup_teardown_taskflow' retrieved from /home/airflow/.local/lib/python3.8/site-packages/airflow/example_dags/example_setup_teardown_taskflow.py
[2026-04-28T12:24:57.994+0000] {logging_mixin.py:188} INFO - [2026-04-28T12:24:57.994+0000] {dag.py:3047} INFO - Sync 1 DAGs
[2026-04-28T12:24:58.010+0000] {logging_mixin.py:188} INFO - [2026-04-28T12:24:58.010+0000] {dag.py:3834} INFO - Setting next_dagrun for example_setup_teardown_taskflow to 2026-04-27 00:00:00+00:00, run_after=2026-04-28 00:00:00+00:00
[2026-04-28T12:24:58.023+0000] {processor.py:183} INFO - Processing /home/airflow/.local/lib/python3.8/site-packages/airflow/example_dags/example_setup_teardown_taskflow.py took 0.062 seconds
[2026-04-28T12:25:28.322+0000] {processor.py:161} INFO - Started process (PID=1548) to work on /home/airflow/.local/lib/python3.8/site-packages/airflow/example_dags/example_setup_teardown_taskflow.py
[2026-04-28T12:25:28.325+0000] {processor.py:830} INFO - Processing file /home/airflow/.local/lib/python3.8/site-packages/airflow/example_dags/example_setup_teardown_taskflow.py for tasks to queue
[2026-04-28T12:25:28.327+0000] {logging_mixin.py:188} INFO - [2026-04-28T12:25:28.327+0000] {dagbag.py:540} INFO - Filling up the DagBag from /home/airflow/.local/lib/python3.8/site-packages/airflow/example_dags/example_setup_teardown_taskflow.py
[2026-04-28T12:25:28.340+0000] {processor.py:840} INFO - DAG(s) 'example_setup_teardown_taskflow' retrieved from /home/airflow/.local/lib/python3.8/site-packages/airflow/example_dags/example_setup_teardown_taskflow.py
[2026-04-28T12:25:28.369+0000] {logging_mixin.py:188} INFO - [2026-04-28T12:25:28.369+0000] {dag.py:3047} INFO - Sync 1 DAGs
[2026-04-28T12:25:28.386+0000] {logging_mixin.py:188} INFO - [2026-04-28T12:25:28.386+0000] {dag.py:3834} INFO - Setting next_dagrun for example_setup_teardown_taskflow to 2026-04-27 00:00:00+00:00, run_after=2026-04-28 00:00:00+00:00
[2026-04-28T12:25:28.399+0000] {processor.py:183} INFO - Processing /home/airflow/.local/lib/python3.8/site-packages/airflow/example_dags/example_setup_teardown_taskflow.py took 0.081 seconds
