[2026-04-28T12:11:54.068+0000] {processor.py:161} INFO - Started process (PID=88) to work on /home/airflow/.local/lib/python3.8/site-packages/airflow/example_dags/tutorial_taskflow_api.py
[2026-04-28T12:11:54.069+0000] {processor.py:830} INFO - Processing file /home/airflow/.local/lib/python3.8/site-packages/airflow/example_dags/tutorial_taskflow_api.py for tasks to queue
[2026-04-28T12:11:54.084+0000] {logging_mixin.py:188} INFO - [2026-04-28T12:11:54.083+0000] {dagbag.py:540} INFO - Filling up the DagBag from /home/airflow/.local/lib/python3.8/site-packages/airflow/example_dags/tutorial_taskflow_api.py
[2026-04-28T12:11:54.117+0000] {processor.py:840} INFO - DAG(s) 'tutorial_taskflow_api' retrieved from /home/airflow/.local/lib/python3.8/site-packages/airflow/example_dags/tutorial_taskflow_api.py
[2026-04-28T12:11:54.412+0000] {logging_mixin.py:188} INFO - [2026-04-28T12:11:54.412+0000] {dag.py:3047} INFO - Sync 1 DAGs
[2026-04-28T12:11:54.445+0000] {logging_mixin.py:188} INFO - [2026-04-28T12:11:54.445+0000] {dag.py:3834} INFO - Setting next_dagrun for tutorial_taskflow_api to None, run_after=None
[2026-04-28T12:11:54.530+0000] {processor.py:183} INFO - Processing /home/airflow/.local/lib/python3.8/site-packages/airflow/example_dags/tutorial_taskflow_api.py took 0.483 seconds
[2026-04-28T12:12:25.123+0000] {processor.py:161} INFO - Started process (PID=143) to work on /home/airflow/.local/lib/python3.8/site-packages/airflow/example_dags/tutorial_taskflow_api.py
[2026-04-28T12:12:25.124+0000] {processor.py:830} INFO - Processing file /home/airflow/.local/lib/python3.8/site-packages/airflow/example_dags/tutorial_taskflow_api.py for tasks to queue
[2026-04-28T12:12:25.126+0000] {logging_mixin.py:188} INFO - [2026-04-28T12:12:25.125+0000] {dagbag.py:540} INFO - Filling up the DagBag from /home/airflow/.local/lib/python3.8/site-packages/airflow/example_dags/tutorial_taskflow_api.py
[2026-04-28T12:12:25.133+0000] {processor.py:840} INFO - DAG(s) 'tutorial_taskflow_api' retrieved from /home/airflow/.local/lib/python3.8/site-packages/airflow/example_dags/tutorial_taskflow_api.py
[2026-04-28T12:12:25.155+0000] {logging_mixin.py:188} INFO - [2026-04-28T12:12:25.155+0000] {dag.py:3047} INFO - Sync 1 DAGs
[2026-04-28T12:12:25.169+0000] {logging_mixin.py:188} INFO - [2026-04-28T12:12:25.169+0000] {dag.py:3834} INFO - Setting next_dagrun for tutorial_taskflow_api to None, run_after=None
[2026-04-28T12:12:25.187+0000] {processor.py:183} INFO - Processing /home/airflow/.local/lib/python3.8/site-packages/airflow/example_dags/tutorial_taskflow_api.py took 0.068 seconds
[2026-04-28T12:12:55.248+0000] {processor.py:161} INFO - Started process (PID=197) to work on /home/airflow/.local/lib/python3.8/site-packages/airflow/example_dags/tutorial_taskflow_api.py
[2026-04-28T12:12:55.249+0000] {processor.py:830} INFO - Processing file /home/airflow/.local/lib/python3.8/site-packages/airflow/example_dags/tutorial_taskflow_api.py for tasks to queue
[2026-04-28T12:12:55.250+0000] {logging_mixin.py:188} INFO - [2026-04-28T12:12:55.250+0000] {dagbag.py:540} INFO - Filling up the DagBag from /home/airflow/.local/lib/python3.8/site-packages/airflow/example_dags/tutorial_taskflow_api.py
[2026-04-28T12:12:55.256+0000] {processor.py:840} INFO - DAG(s) 'tutorial_taskflow_api' retrieved from /home/airflow/.local/lib/python3.8/site-packages/airflow/example_dags/tutorial_taskflow_api.py
[2026-04-28T12:12:55.272+0000] {logging_mixin.py:188} INFO - [2026-04-28T12:12:55.272+0000] {dag.py:3047} INFO - Sync 1 DAGs
[2026-04-28T12:12:55.285+0000] {logging_mixin.py:188} INFO - [2026-04-28T12:12:55.285+0000] {dag.py:3834} INFO - Setting next_dagrun for tutorial_taskflow_api to None, run_after=None
[2026-04-28T12:12:55.302+0000] {processor.py:183} INFO - Processing /home/airflow/.local/lib/python3.8/site-packages/airflow/example_dags/tutorial_taskflow_api.py took 0.057 seconds
[2026-04-28T12:13:25.761+0000] {processor.py:161} INFO - Started process (PID=253) to work on /home/airflow/.local/lib/python3.8/site-packages/airflow/example_dags/tutorial_taskflow_api.py
[2026-04-28T12:13:25.762+0000] {processor.py:830} INFO - Processing file /home/airflow/.local/lib/python3.8/site-packages/airflow/example_dags/tutorial_taskflow_api.py for tasks to queue
[2026-04-28T12:13:25.765+0000] {logging_mixin.py:188} INFO - [2026-04-28T12:13:25.764+0000] {dagbag.py:540} INFO - Filling up the DagBag from /home/airflow/.local/lib/python3.8/site-packages/airflow/example_dags/tutorial_taskflow_api.py
[2026-04-28T12:13:25.772+0000] {processor.py:840} INFO - DAG(s) 'tutorial_taskflow_api' retrieved from /home/airflow/.local/lib/python3.8/site-packages/airflow/example_dags/tutorial_taskflow_api.py
[2026-04-28T12:13:25.794+0000] {logging_mixin.py:188} INFO - [2026-04-28T12:13:25.794+0000] {dag.py:3047} INFO - Sync 1 DAGs
[2026-04-28T12:13:25.808+0000] {logging_mixin.py:188} INFO - [2026-04-28T12:13:25.807+0000] {dag.py:3834} INFO - Setting next_dagrun for tutorial_taskflow_api to None, run_after=None
[2026-04-28T12:13:25.825+0000] {processor.py:183} INFO - Processing /home/airflow/.local/lib/python3.8/site-packages/airflow/example_dags/tutorial_taskflow_api.py took 0.067 seconds
[2026-04-28T12:13:56.245+0000] {processor.py:161} INFO - Started process (PID=308) to work on /home/airflow/.local/lib/python3.8/site-packages/airflow/example_dags/tutorial_taskflow_api.py
[2026-04-28T12:13:56.246+0000] {processor.py:830} INFO - Processing file /home/airflow/.local/lib/python3.8/site-packages/airflow/example_dags/tutorial_taskflow_api.py for tasks to queue
[2026-04-28T12:13:56.248+0000] {logging_mixin.py:188} INFO - [2026-04-28T12:13:56.248+0000] {dagbag.py:540} INFO - Filling up the DagBag from /home/airflow/.local/lib/python3.8/site-packages/airflow/example_dags/tutorial_taskflow_api.py
[2026-04-28T12:13:56.259+0000] {processor.py:840} INFO - DAG(s) 'tutorial_taskflow_api' retrieved from /home/airflow/.local/lib/python3.8/site-packages/airflow/example_dags/tutorial_taskflow_api.py
[2026-04-28T12:13:56.279+0000] {logging_mixin.py:188} INFO - [2026-04-28T12:13:56.279+0000] {dag.py:3047} INFO - Sync 1 DAGs
[2026-04-28T12:13:56.292+0000] {logging_mixin.py:188} INFO - [2026-04-28T12:13:56.292+0000] {dag.py:3834} INFO - Setting next_dagrun for tutorial_taskflow_api to None, run_after=None
[2026-04-28T12:13:56.310+0000] {processor.py:183} INFO - Processing /home/airflow/.local/lib/python3.8/site-packages/airflow/example_dags/tutorial_taskflow_api.py took 0.070 seconds
[2026-04-28T12:14:26.784+0000] {processor.py:161} INFO - Started process (PID=363) to work on /home/airflow/.local/lib/python3.8/site-packages/airflow/example_dags/tutorial_taskflow_api.py
[2026-04-28T12:14:26.785+0000] {processor.py:830} INFO - Processing file /home/airflow/.local/lib/python3.8/site-packages/airflow/example_dags/tutorial_taskflow_api.py for tasks to queue
[2026-04-28T12:14:26.787+0000] {logging_mixin.py:188} INFO - [2026-04-28T12:14:26.786+0000] {dagbag.py:540} INFO - Filling up the DagBag from /home/airflow/.local/lib/python3.8/site-packages/airflow/example_dags/tutorial_taskflow_api.py
[2026-04-28T12:14:26.798+0000] {processor.py:840} INFO - DAG(s) 'tutorial_taskflow_api' retrieved from /home/airflow/.local/lib/python3.8/site-packages/airflow/example_dags/tutorial_taskflow_api.py
[2026-04-28T12:14:26.826+0000] {logging_mixin.py:188} INFO - [2026-04-28T12:14:26.826+0000] {dag.py:3047} INFO - Sync 1 DAGs
[2026-04-28T12:14:26.843+0000] {logging_mixin.py:188} INFO - [2026-04-28T12:14:26.843+0000] {dag.py:3834} INFO - Setting next_dagrun for tutorial_taskflow_api to None, run_after=None
[2026-04-28T12:14:26.862+0000] {processor.py:183} INFO - Processing /home/airflow/.local/lib/python3.8/site-packages/airflow/example_dags/tutorial_taskflow_api.py took 0.091 seconds
[2026-04-28T12:14:57.427+0000] {processor.py:161} INFO - Started process (PID=418) to work on /home/airflow/.local/lib/python3.8/site-packages/airflow/example_dags/tutorial_taskflow_api.py
[2026-04-28T12:14:57.428+0000] {processor.py:830} INFO - Processing file /home/airflow/.local/lib/python3.8/site-packages/airflow/example_dags/tutorial_taskflow_api.py for tasks to queue
[2026-04-28T12:14:57.430+0000] {logging_mixin.py:188} INFO - [2026-04-28T12:14:57.430+0000] {dagbag.py:540} INFO - Filling up the DagBag from /home/airflow/.local/lib/python3.8/site-packages/airflow/example_dags/tutorial_taskflow_api.py
[2026-04-28T12:14:57.437+0000] {processor.py:840} INFO - DAG(s) 'tutorial_taskflow_api' retrieved from /home/airflow/.local/lib/python3.8/site-packages/airflow/example_dags/tutorial_taskflow_api.py
[2026-04-28T12:14:57.481+0000] {logging_mixin.py:188} INFO - [2026-04-28T12:14:57.481+0000] {dag.py:3047} INFO - Sync 1 DAGs
[2026-04-28T12:14:57.501+0000] {logging_mixin.py:188} INFO - [2026-04-28T12:14:57.501+0000] {dag.py:3834} INFO - Setting next_dagrun for tutorial_taskflow_api to None, run_after=None
[2026-04-28T12:14:57.562+0000] {processor.py:183} INFO - Processing /home/airflow/.local/lib/python3.8/site-packages/airflow/example_dags/tutorial_taskflow_api.py took 0.138 seconds
[2026-04-28T12:15:28.050+0000] {processor.py:161} INFO - Started process (PID=473) to work on /home/airflow/.local/lib/python3.8/site-packages/airflow/example_dags/tutorial_taskflow_api.py
[2026-04-28T12:15:28.051+0000] {processor.py:830} INFO - Processing file /home/airflow/.local/lib/python3.8/site-packages/airflow/example_dags/tutorial_taskflow_api.py for tasks to queue
[2026-04-28T12:15:28.053+0000] {logging_mixin.py:188} INFO - [2026-04-28T12:15:28.053+0000] {dagbag.py:540} INFO - Filling up the DagBag from /home/airflow/.local/lib/python3.8/site-packages/airflow/example_dags/tutorial_taskflow_api.py
[2026-04-28T12:15:28.061+0000] {processor.py:840} INFO - DAG(s) 'tutorial_taskflow_api' retrieved from /home/airflow/.local/lib/python3.8/site-packages/airflow/example_dags/tutorial_taskflow_api.py
[2026-04-28T12:15:28.083+0000] {logging_mixin.py:188} INFO - [2026-04-28T12:15:28.082+0000] {dag.py:3047} INFO - Sync 1 DAGs
[2026-04-28T12:15:28.096+0000] {logging_mixin.py:188} INFO - [2026-04-28T12:15:28.096+0000] {dag.py:3834} INFO - Setting next_dagrun for tutorial_taskflow_api to None, run_after=None
[2026-04-28T12:15:28.114+0000] {processor.py:183} INFO - Processing /home/airflow/.local/lib/python3.8/site-packages/airflow/example_dags/tutorial_taskflow_api.py took 0.068 seconds
[2026-04-28T12:15:58.776+0000] {processor.py:161} INFO - Started process (PID=527) to work on /home/airflow/.local/lib/python3.8/site-packages/airflow/example_dags/tutorial_taskflow_api.py
[2026-04-28T12:15:58.777+0000] {processor.py:830} INFO - Processing file /home/airflow/.local/lib/python3.8/site-packages/airflow/example_dags/tutorial_taskflow_api.py for tasks to queue
[2026-04-28T12:15:58.779+0000] {logging_mixin.py:188} INFO - [2026-04-28T12:15:58.779+0000] {dagbag.py:540} INFO - Filling up the DagBag from /home/airflow/.local/lib/python3.8/site-packages/airflow/example_dags/tutorial_taskflow_api.py
[2026-04-28T12:15:58.786+0000] {processor.py:840} INFO - DAG(s) 'tutorial_taskflow_api' retrieved from /home/airflow/.local/lib/python3.8/site-packages/airflow/example_dags/tutorial_taskflow_api.py
[2026-04-28T12:15:58.809+0000] {logging_mixin.py:188} INFO - [2026-04-28T12:15:58.809+0000] {dag.py:3047} INFO - Sync 1 DAGs
[2026-04-28T12:15:58.839+0000] {logging_mixin.py:188} INFO - [2026-04-28T12:15:58.838+0000] {dag.py:3834} INFO - Setting next_dagrun for tutorial_taskflow_api to None, run_after=None
[2026-04-28T12:15:58.909+0000] {processor.py:183} INFO - Processing /home/airflow/.local/lib/python3.8/site-packages/airflow/example_dags/tutorial_taskflow_api.py took 0.137 seconds
[2026-04-28T12:16:29.252+0000] {processor.py:161} INFO - Started process (PID=582) to work on /home/airflow/.local/lib/python3.8/site-packages/airflow/example_dags/tutorial_taskflow_api.py
[2026-04-28T12:16:29.254+0000] {processor.py:830} INFO - Processing file /home/airflow/.local/lib/python3.8/site-packages/airflow/example_dags/tutorial_taskflow_api.py for tasks to queue
[2026-04-28T12:16:29.261+0000] {logging_mixin.py:188} INFO - [2026-04-28T12:16:29.260+0000] {dagbag.py:540} INFO - Filling up the DagBag from /home/airflow/.local/lib/python3.8/site-packages/airflow/example_dags/tutorial_taskflow_api.py
[2026-04-28T12:16:29.286+0000] {processor.py:840} INFO - DAG(s) 'tutorial_taskflow_api' retrieved from /home/airflow/.local/lib/python3.8/site-packages/airflow/example_dags/tutorial_taskflow_api.py
[2026-04-28T12:16:29.349+0000] {logging_mixin.py:188} INFO - [2026-04-28T12:16:29.349+0000] {dag.py:3047} INFO - Sync 1 DAGs
[2026-04-28T12:16:29.382+0000] {logging_mixin.py:188} INFO - [2026-04-28T12:16:29.381+0000] {dag.py:3834} INFO - Setting next_dagrun for tutorial_taskflow_api to None, run_after=None
[2026-04-28T12:16:29.415+0000] {processor.py:183} INFO - Processing /home/airflow/.local/lib/python3.8/site-packages/airflow/example_dags/tutorial_taskflow_api.py took 0.178 seconds
[2026-04-28T12:16:59.607+0000] {processor.py:161} INFO - Started process (PID=637) to work on /home/airflow/.local/lib/python3.8/site-packages/airflow/example_dags/tutorial_taskflow_api.py
[2026-04-28T12:16:59.609+0000] {processor.py:830} INFO - Processing file /home/airflow/.local/lib/python3.8/site-packages/airflow/example_dags/tutorial_taskflow_api.py for tasks to queue
[2026-04-28T12:16:59.611+0000] {logging_mixin.py:188} INFO - [2026-04-28T12:16:59.611+0000] {dagbag.py:540} INFO - Filling up the DagBag from /home/airflow/.local/lib/python3.8/site-packages/airflow/example_dags/tutorial_taskflow_api.py
[2026-04-28T12:16:59.618+0000] {processor.py:840} INFO - DAG(s) 'tutorial_taskflow_api' retrieved from /home/airflow/.local/lib/python3.8/site-packages/airflow/example_dags/tutorial_taskflow_api.py
[2026-04-28T12:16:59.656+0000] {logging_mixin.py:188} INFO - [2026-04-28T12:16:59.656+0000] {dag.py:3047} INFO - Sync 1 DAGs
[2026-04-28T12:16:59.680+0000] {logging_mixin.py:188} INFO - [2026-04-28T12:16:59.680+0000] {dag.py:3834} INFO - Setting next_dagrun for tutorial_taskflow_api to None, run_after=None
[2026-04-28T12:16:59.725+0000] {processor.py:183} INFO - Processing /home/airflow/.local/lib/python3.8/site-packages/airflow/example_dags/tutorial_taskflow_api.py took 0.124 seconds
[2026-04-28T12:17:30.129+0000] {processor.py:161} INFO - Started process (PID=692) to work on /home/airflow/.local/lib/python3.8/site-packages/airflow/example_dags/tutorial_taskflow_api.py
[2026-04-28T12:17:30.130+0000] {processor.py:830} INFO - Processing file /home/airflow/.local/lib/python3.8/site-packages/airflow/example_dags/tutorial_taskflow_api.py for tasks to queue
[2026-04-28T12:17:30.132+0000] {logging_mixin.py:188} INFO - [2026-04-28T12:17:30.131+0000] {dagbag.py:540} INFO - Filling up the DagBag from /home/airflow/.local/lib/python3.8/site-packages/airflow/example_dags/tutorial_taskflow_api.py
[2026-04-28T12:17:30.140+0000] {processor.py:840} INFO - DAG(s) 'tutorial_taskflow_api' retrieved from /home/airflow/.local/lib/python3.8/site-packages/airflow/example_dags/tutorial_taskflow_api.py
[2026-04-28T12:17:30.161+0000] {logging_mixin.py:188} INFO - [2026-04-28T12:17:30.161+0000] {dag.py:3047} INFO - Sync 1 DAGs
[2026-04-28T12:17:30.187+0000] {logging_mixin.py:188} INFO - [2026-04-28T12:17:30.187+0000] {dag.py:3834} INFO - Setting next_dagrun for tutorial_taskflow_api to None, run_after=None
[2026-04-28T12:17:30.231+0000] {processor.py:183} INFO - Processing /home/airflow/.local/lib/python3.8/site-packages/airflow/example_dags/tutorial_taskflow_api.py took 0.107 seconds
[2026-04-28T12:18:00.257+0000] {processor.py:161} INFO - Started process (PID=746) to work on /home/airflow/.local/lib/python3.8/site-packages/airflow/example_dags/tutorial_taskflow_api.py
[2026-04-28T12:18:00.257+0000] {processor.py:830} INFO - Processing file /home/airflow/.local/lib/python3.8/site-packages/airflow/example_dags/tutorial_taskflow_api.py for tasks to queue
[2026-04-28T12:18:00.259+0000] {logging_mixin.py:188} INFO - [2026-04-28T12:18:00.259+0000] {dagbag.py:540} INFO - Filling up the DagBag from /home/airflow/.local/lib/python3.8/site-packages/airflow/example_dags/tutorial_taskflow_api.py
[2026-04-28T12:18:00.264+0000] {processor.py:840} INFO - DAG(s) 'tutorial_taskflow_api' retrieved from /home/airflow/.local/lib/python3.8/site-packages/airflow/example_dags/tutorial_taskflow_api.py
[2026-04-28T12:18:00.280+0000] {logging_mixin.py:188} INFO - [2026-04-28T12:18:00.280+0000] {dag.py:3047} INFO - Sync 1 DAGs
[2026-04-28T12:18:00.289+0000] {logging_mixin.py:188} INFO - [2026-04-28T12:18:00.289+0000] {dag.py:3834} INFO - Setting next_dagrun for tutorial_taskflow_api to None, run_after=None
[2026-04-28T12:18:00.302+0000] {processor.py:183} INFO - Processing /home/airflow/.local/lib/python3.8/site-packages/airflow/example_dags/tutorial_taskflow_api.py took 0.049 seconds
[2026-04-28T12:18:30.511+0000] {processor.py:161} INFO - Started process (PID=801) to work on /home/airflow/.local/lib/python3.8/site-packages/airflow/example_dags/tutorial_taskflow_api.py
[2026-04-28T12:18:30.512+0000] {processor.py:830} INFO - Processing file /home/airflow/.local/lib/python3.8/site-packages/airflow/example_dags/tutorial_taskflow_api.py for tasks to queue
[2026-04-28T12:18:30.514+0000] {logging_mixin.py:188} INFO - [2026-04-28T12:18:30.513+0000] {dagbag.py:540} INFO - Filling up the DagBag from /home/airflow/.local/lib/python3.8/site-packages/airflow/example_dags/tutorial_taskflow_api.py
[2026-04-28T12:18:30.521+0000] {processor.py:840} INFO - DAG(s) 'tutorial_taskflow_api' retrieved from /home/airflow/.local/lib/python3.8/site-packages/airflow/example_dags/tutorial_taskflow_api.py
[2026-04-28T12:18:30.542+0000] {logging_mixin.py:188} INFO - [2026-04-28T12:18:30.542+0000] {dag.py:3047} INFO - Sync 1 DAGs
[2026-04-28T12:18:30.556+0000] {logging_mixin.py:188} INFO - [2026-04-28T12:18:30.556+0000] {dag.py:3834} INFO - Setting next_dagrun for tutorial_taskflow_api to None, run_after=None
[2026-04-28T12:18:30.573+0000] {processor.py:183} INFO - Processing /home/airflow/.local/lib/python3.8/site-packages/airflow/example_dags/tutorial_taskflow_api.py took 0.066 seconds
[2026-04-28T12:19:00.990+0000] {processor.py:161} INFO - Started process (PID=857) to work on /home/airflow/.local/lib/python3.8/site-packages/airflow/example_dags/tutorial_taskflow_api.py
[2026-04-28T12:19:00.991+0000] {processor.py:830} INFO - Processing file /home/airflow/.local/lib/python3.8/site-packages/airflow/example_dags/tutorial_taskflow_api.py for tasks to queue
[2026-04-28T12:19:00.993+0000] {logging_mixin.py:188} INFO - [2026-04-28T12:19:00.993+0000] {dagbag.py:540} INFO - Filling up the DagBag from /home/airflow/.local/lib/python3.8/site-packages/airflow/example_dags/tutorial_taskflow_api.py
[2026-04-28T12:19:01.000+0000] {processor.py:840} INFO - DAG(s) 'tutorial_taskflow_api' retrieved from /home/airflow/.local/lib/python3.8/site-packages/airflow/example_dags/tutorial_taskflow_api.py
[2026-04-28T12:19:01.023+0000] {logging_mixin.py:188} INFO - [2026-04-28T12:19:01.022+0000] {dag.py:3047} INFO - Sync 1 DAGs
[2026-04-28T12:19:01.036+0000] {logging_mixin.py:188} INFO - [2026-04-28T12:19:01.036+0000] {dag.py:3834} INFO - Setting next_dagrun for tutorial_taskflow_api to None, run_after=None
[2026-04-28T12:19:01.054+0000] {processor.py:183} INFO - Processing /home/airflow/.local/lib/python3.8/site-packages/airflow/example_dags/tutorial_taskflow_api.py took 0.067 seconds
[2026-04-28T12:19:31.282+0000] {processor.py:161} INFO - Started process (PID=912) to work on /home/airflow/.local/lib/python3.8/site-packages/airflow/example_dags/tutorial_taskflow_api.py
[2026-04-28T12:19:31.283+0000] {processor.py:830} INFO - Processing file /home/airflow/.local/lib/python3.8/site-packages/airflow/example_dags/tutorial_taskflow_api.py for tasks to queue
[2026-04-28T12:19:31.285+0000] {logging_mixin.py:188} INFO - [2026-04-28T12:19:31.285+0000] {dagbag.py:540} INFO - Filling up the DagBag from /home/airflow/.local/lib/python3.8/site-packages/airflow/example_dags/tutorial_taskflow_api.py
[2026-04-28T12:19:31.293+0000] {processor.py:840} INFO - DAG(s) 'tutorial_taskflow_api' retrieved from /home/airflow/.local/lib/python3.8/site-packages/airflow/example_dags/tutorial_taskflow_api.py
[2026-04-28T12:19:31.313+0000] {logging_mixin.py:188} INFO - [2026-04-28T12:19:31.313+0000] {dag.py:3047} INFO - Sync 1 DAGs
[2026-04-28T12:19:31.327+0000] {logging_mixin.py:188} INFO - [2026-04-28T12:19:31.327+0000] {dag.py:3834} INFO - Setting next_dagrun for tutorial_taskflow_api to None, run_after=None
[2026-04-28T12:19:31.353+0000] {processor.py:183} INFO - Processing /home/airflow/.local/lib/python3.8/site-packages/airflow/example_dags/tutorial_taskflow_api.py took 0.075 seconds
[2026-04-28T12:20:01.885+0000] {processor.py:161} INFO - Started process (PID=972) to work on /home/airflow/.local/lib/python3.8/site-packages/airflow/example_dags/tutorial_taskflow_api.py
[2026-04-28T12:20:01.886+0000] {processor.py:830} INFO - Processing file /home/airflow/.local/lib/python3.8/site-packages/airflow/example_dags/tutorial_taskflow_api.py for tasks to queue
[2026-04-28T12:20:01.888+0000] {logging_mixin.py:188} INFO - [2026-04-28T12:20:01.888+0000] {dagbag.py:540} INFO - Filling up the DagBag from /home/airflow/.local/lib/python3.8/site-packages/airflow/example_dags/tutorial_taskflow_api.py
[2026-04-28T12:20:01.896+0000] {processor.py:840} INFO - DAG(s) 'tutorial_taskflow_api' retrieved from /home/airflow/.local/lib/python3.8/site-packages/airflow/example_dags/tutorial_taskflow_api.py
[2026-04-28T12:20:01.917+0000] {logging_mixin.py:188} INFO - [2026-04-28T12:20:01.917+0000] {dag.py:3047} INFO - Sync 1 DAGs
[2026-04-28T12:20:01.931+0000] {logging_mixin.py:188} INFO - [2026-04-28T12:20:01.931+0000] {dag.py:3834} INFO - Setting next_dagrun for tutorial_taskflow_api to None, run_after=None
[2026-04-28T12:20:01.949+0000] {processor.py:183} INFO - Processing /home/airflow/.local/lib/python3.8/site-packages/airflow/example_dags/tutorial_taskflow_api.py took 0.068 seconds
[2026-04-28T12:20:32.092+0000] {processor.py:161} INFO - Started process (PID=1027) to work on /home/airflow/.local/lib/python3.8/site-packages/airflow/example_dags/tutorial_taskflow_api.py
[2026-04-28T12:20:32.093+0000] {processor.py:830} INFO - Processing file /home/airflow/.local/lib/python3.8/site-packages/airflow/example_dags/tutorial_taskflow_api.py for tasks to queue
[2026-04-28T12:20:32.095+0000] {logging_mixin.py:188} INFO - [2026-04-28T12:20:32.095+0000] {dagbag.py:540} INFO - Filling up the DagBag from /home/airflow/.local/lib/python3.8/site-packages/airflow/example_dags/tutorial_taskflow_api.py
[2026-04-28T12:20:32.102+0000] {processor.py:840} INFO - DAG(s) 'tutorial_taskflow_api' retrieved from /home/airflow/.local/lib/python3.8/site-packages/airflow/example_dags/tutorial_taskflow_api.py
[2026-04-28T12:20:32.123+0000] {logging_mixin.py:188} INFO - [2026-04-28T12:20:32.123+0000] {dag.py:3047} INFO - Sync 1 DAGs
[2026-04-28T12:20:32.138+0000] {logging_mixin.py:188} INFO - [2026-04-28T12:20:32.137+0000] {dag.py:3834} INFO - Setting next_dagrun for tutorial_taskflow_api to None, run_after=None
[2026-04-28T12:20:32.155+0000] {processor.py:183} INFO - Processing /home/airflow/.local/lib/python3.8/site-packages/airflow/example_dags/tutorial_taskflow_api.py took 0.067 seconds
[2026-04-28T12:21:02.746+0000] {processor.py:161} INFO - Started process (PID=1081) to work on /home/airflow/.local/lib/python3.8/site-packages/airflow/example_dags/tutorial_taskflow_api.py
[2026-04-28T12:21:02.747+0000] {processor.py:830} INFO - Processing file /home/airflow/.local/lib/python3.8/site-packages/airflow/example_dags/tutorial_taskflow_api.py for tasks to queue
[2026-04-28T12:21:02.750+0000] {logging_mixin.py:188} INFO - [2026-04-28T12:21:02.749+0000] {dagbag.py:540} INFO - Filling up the DagBag from /home/airflow/.local/lib/python3.8/site-packages/airflow/example_dags/tutorial_taskflow_api.py
[2026-04-28T12:21:02.757+0000] {processor.py:840} INFO - DAG(s) 'tutorial_taskflow_api' retrieved from /home/airflow/.local/lib/python3.8/site-packages/airflow/example_dags/tutorial_taskflow_api.py
[2026-04-28T12:21:02.778+0000] {logging_mixin.py:188} INFO - [2026-04-28T12:21:02.778+0000] {dag.py:3047} INFO - Sync 1 DAGs
[2026-04-28T12:21:02.792+0000] {logging_mixin.py:188} INFO - [2026-04-28T12:21:02.792+0000] {dag.py:3834} INFO - Setting next_dagrun for tutorial_taskflow_api to None, run_after=None
[2026-04-28T12:21:02.809+0000] {processor.py:183} INFO - Processing /home/airflow/.local/lib/python3.8/site-packages/airflow/example_dags/tutorial_taskflow_api.py took 0.067 seconds
[2026-04-28T12:21:32.865+0000] {processor.py:161} INFO - Started process (PID=1136) to work on /home/airflow/.local/lib/python3.8/site-packages/airflow/example_dags/tutorial_taskflow_api.py
[2026-04-28T12:21:32.866+0000] {processor.py:830} INFO - Processing file /home/airflow/.local/lib/python3.8/site-packages/airflow/example_dags/tutorial_taskflow_api.py for tasks to queue
[2026-04-28T12:21:32.868+0000] {logging_mixin.py:188} INFO - [2026-04-28T12:21:32.868+0000] {dagbag.py:540} INFO - Filling up the DagBag from /home/airflow/.local/lib/python3.8/site-packages/airflow/example_dags/tutorial_taskflow_api.py
[2026-04-28T12:21:32.876+0000] {processor.py:840} INFO - DAG(s) 'tutorial_taskflow_api' retrieved from /home/airflow/.local/lib/python3.8/site-packages/airflow/example_dags/tutorial_taskflow_api.py
[2026-04-28T12:21:32.898+0000] {logging_mixin.py:188} INFO - [2026-04-28T12:21:32.897+0000] {dag.py:3047} INFO - Sync 1 DAGs
[2026-04-28T12:21:32.912+0000] {logging_mixin.py:188} INFO - [2026-04-28T12:21:32.911+0000] {dag.py:3834} INFO - Setting next_dagrun for tutorial_taskflow_api to None, run_after=None
[2026-04-28T12:21:32.929+0000] {processor.py:183} INFO - Processing /home/airflow/.local/lib/python3.8/site-packages/airflow/example_dags/tutorial_taskflow_api.py took 0.067 seconds
[2026-04-28T12:22:03.726+0000] {processor.py:161} INFO - Started process (PID=1192) to work on /home/airflow/.local/lib/python3.8/site-packages/airflow/example_dags/tutorial_taskflow_api.py
[2026-04-28T12:22:03.727+0000] {processor.py:830} INFO - Processing file /home/airflow/.local/lib/python3.8/site-packages/airflow/example_dags/tutorial_taskflow_api.py for tasks to queue
[2026-04-28T12:22:03.729+0000] {logging_mixin.py:188} INFO - [2026-04-28T12:22:03.728+0000] {dagbag.py:540} INFO - Filling up the DagBag from /home/airflow/.local/lib/python3.8/site-packages/airflow/example_dags/tutorial_taskflow_api.py
[2026-04-28T12:22:03.735+0000] {processor.py:840} INFO - DAG(s) 'tutorial_taskflow_api' retrieved from /home/airflow/.local/lib/python3.8/site-packages/airflow/example_dags/tutorial_taskflow_api.py
[2026-04-28T12:22:03.757+0000] {logging_mixin.py:188} INFO - [2026-04-28T12:22:03.756+0000] {dag.py:3047} INFO - Sync 1 DAGs
[2026-04-28T12:22:03.771+0000] {logging_mixin.py:188} INFO - [2026-04-28T12:22:03.771+0000] {dag.py:3834} INFO - Setting next_dagrun for tutorial_taskflow_api to None, run_after=None
[2026-04-28T12:22:03.789+0000] {processor.py:183} INFO - Processing /home/airflow/.local/lib/python3.8/site-packages/airflow/example_dags/tutorial_taskflow_api.py took 0.067 seconds
[2026-04-28T12:22:33.844+0000] {processor.py:161} INFO - Started process (PID=1247) to work on /home/airflow/.local/lib/python3.8/site-packages/airflow/example_dags/tutorial_taskflow_api.py
[2026-04-28T12:22:33.845+0000] {processor.py:830} INFO - Processing file /home/airflow/.local/lib/python3.8/site-packages/airflow/example_dags/tutorial_taskflow_api.py for tasks to queue
[2026-04-28T12:22:33.847+0000] {logging_mixin.py:188} INFO - [2026-04-28T12:22:33.847+0000] {dagbag.py:540} INFO - Filling up the DagBag from /home/airflow/.local/lib/python3.8/site-packages/airflow/example_dags/tutorial_taskflow_api.py
[2026-04-28T12:22:33.854+0000] {processor.py:840} INFO - DAG(s) 'tutorial_taskflow_api' retrieved from /home/airflow/.local/lib/python3.8/site-packages/airflow/example_dags/tutorial_taskflow_api.py
[2026-04-28T12:22:33.874+0000] {logging_mixin.py:188} INFO - [2026-04-28T12:22:33.874+0000] {dag.py:3047} INFO - Sync 1 DAGs
[2026-04-28T12:22:33.943+0000] {logging_mixin.py:188} INFO - [2026-04-28T12:22:33.937+0000] {dag.py:3834} INFO - Setting next_dagrun for tutorial_taskflow_api to None, run_after=None
[2026-04-28T12:22:33.966+0000] {processor.py:183} INFO - Processing /home/airflow/.local/lib/python3.8/site-packages/airflow/example_dags/tutorial_taskflow_api.py took 0.126 seconds
[2026-04-28T12:23:04.441+0000] {processor.py:161} INFO - Started process (PID=1302) to work on /home/airflow/.local/lib/python3.8/site-packages/airflow/example_dags/tutorial_taskflow_api.py
[2026-04-28T12:23:04.442+0000] {processor.py:830} INFO - Processing file /home/airflow/.local/lib/python3.8/site-packages/airflow/example_dags/tutorial_taskflow_api.py for tasks to queue
[2026-04-28T12:23:04.444+0000] {logging_mixin.py:188} INFO - [2026-04-28T12:23:04.444+0000] {dagbag.py:540} INFO - Filling up the DagBag from /home/airflow/.local/lib/python3.8/site-packages/airflow/example_dags/tutorial_taskflow_api.py
[2026-04-28T12:23:04.451+0000] {processor.py:840} INFO - DAG(s) 'tutorial_taskflow_api' retrieved from /home/airflow/.local/lib/python3.8/site-packages/airflow/example_dags/tutorial_taskflow_api.py
[2026-04-28T12:23:04.473+0000] {logging_mixin.py:188} INFO - [2026-04-28T12:23:04.473+0000] {dag.py:3047} INFO - Sync 1 DAGs
[2026-04-28T12:23:04.487+0000] {logging_mixin.py:188} INFO - [2026-04-28T12:23:04.487+0000] {dag.py:3834} INFO - Setting next_dagrun for tutorial_taskflow_api to None, run_after=None
[2026-04-28T12:23:04.505+0000] {processor.py:183} INFO - Processing /home/airflow/.local/lib/python3.8/site-packages/airflow/example_dags/tutorial_taskflow_api.py took 0.068 seconds
[2026-04-28T12:23:34.672+0000] {processor.py:161} INFO - Started process (PID=1357) to work on /home/airflow/.local/lib/python3.8/site-packages/airflow/example_dags/tutorial_taskflow_api.py
[2026-04-28T12:23:34.673+0000] {processor.py:830} INFO - Processing file /home/airflow/.local/lib/python3.8/site-packages/airflow/example_dags/tutorial_taskflow_api.py for tasks to queue
[2026-04-28T12:23:34.675+0000] {logging_mixin.py:188} INFO - [2026-04-28T12:23:34.674+0000] {dagbag.py:540} INFO - Filling up the DagBag from /home/airflow/.local/lib/python3.8/site-packages/airflow/example_dags/tutorial_taskflow_api.py
[2026-04-28T12:23:34.682+0000] {processor.py:840} INFO - DAG(s) 'tutorial_taskflow_api' retrieved from /home/airflow/.local/lib/python3.8/site-packages/airflow/example_dags/tutorial_taskflow_api.py
[2026-04-28T12:23:34.755+0000] {logging_mixin.py:188} INFO - [2026-04-28T12:23:34.754+0000] {dag.py:3047} INFO - Sync 1 DAGs
[2026-04-28T12:23:34.788+0000] {logging_mixin.py:188} INFO - [2026-04-28T12:23:34.787+0000] {dag.py:3834} INFO - Setting next_dagrun for tutorial_taskflow_api to None, run_after=None
[2026-04-28T12:23:34.806+0000] {processor.py:183} INFO - Processing /home/airflow/.local/lib/python3.8/site-packages/airflow/example_dags/tutorial_taskflow_api.py took 0.138 seconds
[2026-04-28T12:24:05.447+0000] {processor.py:161} INFO - Started process (PID=1412) to work on /home/airflow/.local/lib/python3.8/site-packages/airflow/example_dags/tutorial_taskflow_api.py
[2026-04-28T12:24:05.448+0000] {processor.py:830} INFO - Processing file /home/airflow/.local/lib/python3.8/site-packages/airflow/example_dags/tutorial_taskflow_api.py for tasks to queue
[2026-04-28T12:24:05.450+0000] {logging_mixin.py:188} INFO - [2026-04-28T12:24:05.449+0000] {dagbag.py:540} INFO - Filling up the DagBag from /home/airflow/.local/lib/python3.8/site-packages/airflow/example_dags/tutorial_taskflow_api.py
[2026-04-28T12:24:05.456+0000] {processor.py:840} INFO - DAG(s) 'tutorial_taskflow_api' retrieved from /home/airflow/.local/lib/python3.8/site-packages/airflow/example_dags/tutorial_taskflow_api.py
[2026-04-28T12:24:05.478+0000] {logging_mixin.py:188} INFO - [2026-04-28T12:24:05.477+0000] {dag.py:3047} INFO - Sync 1 DAGs
[2026-04-28T12:24:05.491+0000] {logging_mixin.py:188} INFO - [2026-04-28T12:24:05.491+0000] {dag.py:3834} INFO - Setting next_dagrun for tutorial_taskflow_api to None, run_after=None
[2026-04-28T12:24:05.509+0000] {processor.py:183} INFO - Processing /home/airflow/.local/lib/python3.8/site-packages/airflow/example_dags/tutorial_taskflow_api.py took 0.066 seconds
[2026-04-28T12:24:35.638+0000] {processor.py:161} INFO - Started process (PID=1467) to work on /home/airflow/.local/lib/python3.8/site-packages/airflow/example_dags/tutorial_taskflow_api.py
[2026-04-28T12:24:35.639+0000] {processor.py:830} INFO - Processing file /home/airflow/.local/lib/python3.8/site-packages/airflow/example_dags/tutorial_taskflow_api.py for tasks to queue
[2026-04-28T12:24:35.641+0000] {logging_mixin.py:188} INFO - [2026-04-28T12:24:35.641+0000] {dagbag.py:540} INFO - Filling up the DagBag from /home/airflow/.local/lib/python3.8/site-packages/airflow/example_dags/tutorial_taskflow_api.py
[2026-04-28T12:24:35.649+0000] {processor.py:840} INFO - DAG(s) 'tutorial_taskflow_api' retrieved from /home/airflow/.local/lib/python3.8/site-packages/airflow/example_dags/tutorial_taskflow_api.py
[2026-04-28T12:24:35.671+0000] {logging_mixin.py:188} INFO - [2026-04-28T12:24:35.671+0000] {dag.py:3047} INFO - Sync 1 DAGs
[2026-04-28T12:24:35.684+0000] {logging_mixin.py:188} INFO - [2026-04-28T12:24:35.684+0000] {dag.py:3834} INFO - Setting next_dagrun for tutorial_taskflow_api to None, run_after=None
[2026-04-28T12:24:35.702+0000] {processor.py:183} INFO - Processing /home/airflow/.local/lib/python3.8/site-packages/airflow/example_dags/tutorial_taskflow_api.py took 0.068 seconds
[2026-04-28T12:25:06.901+0000] {processor.py:161} INFO - Started process (PID=1522) to work on /home/airflow/.local/lib/python3.8/site-packages/airflow/example_dags/tutorial_taskflow_api.py
[2026-04-28T12:25:06.902+0000] {processor.py:830} INFO - Processing file /home/airflow/.local/lib/python3.8/site-packages/airflow/example_dags/tutorial_taskflow_api.py for tasks to queue
[2026-04-28T12:25:06.904+0000] {logging_mixin.py:188} INFO - [2026-04-28T12:25:06.903+0000] {dagbag.py:540} INFO - Filling up the DagBag from /home/airflow/.local/lib/python3.8/site-packages/airflow/example_dags/tutorial_taskflow_api.py
[2026-04-28T12:25:06.911+0000] {processor.py:840} INFO - DAG(s) 'tutorial_taskflow_api' retrieved from /home/airflow/.local/lib/python3.8/site-packages/airflow/example_dags/tutorial_taskflow_api.py
[2026-04-28T12:25:06.932+0000] {logging_mixin.py:188} INFO - [2026-04-28T12:25:06.932+0000] {dag.py:3047} INFO - Sync 1 DAGs
[2026-04-28T12:25:06.947+0000] {logging_mixin.py:188} INFO - [2026-04-28T12:25:06.947+0000] {dag.py:3834} INFO - Setting next_dagrun for tutorial_taskflow_api to None, run_after=None
[2026-04-28T12:25:06.967+0000] {processor.py:183} INFO - Processing /home/airflow/.local/lib/python3.8/site-packages/airflow/example_dags/tutorial_taskflow_api.py took 0.070 seconds
[2026-04-28T12:25:38.055+0000] {processor.py:161} INFO - Started process (PID=1577) to work on /home/airflow/.local/lib/python3.8/site-packages/airflow/example_dags/tutorial_taskflow_api.py
[2026-04-28T12:25:38.059+0000] {processor.py:830} INFO - Processing file /home/airflow/.local/lib/python3.8/site-packages/airflow/example_dags/tutorial_taskflow_api.py for tasks to queue
[2026-04-28T12:25:38.065+0000] {logging_mixin.py:188} INFO - [2026-04-28T12:25:38.063+0000] {dagbag.py:540} INFO - Filling up the DagBag from /home/airflow/.local/lib/python3.8/site-packages/airflow/example_dags/tutorial_taskflow_api.py
[2026-04-28T12:25:38.077+0000] {processor.py:840} INFO - DAG(s) 'tutorial_taskflow_api' retrieved from /home/airflow/.local/lib/python3.8/site-packages/airflow/example_dags/tutorial_taskflow_api.py
[2026-04-28T12:25:38.114+0000] {logging_mixin.py:188} INFO - [2026-04-28T12:25:38.114+0000] {dag.py:3047} INFO - Sync 1 DAGs
[2026-04-28T12:25:38.139+0000] {logging_mixin.py:188} INFO - [2026-04-28T12:25:38.139+0000] {dag.py:3834} INFO - Setting next_dagrun for tutorial_taskflow_api to None, run_after=None
[2026-04-28T12:25:38.167+0000] {processor.py:183} INFO - Processing /home/airflow/.local/lib/python3.8/site-packages/airflow/example_dags/tutorial_taskflow_api.py took 0.117 seconds
