[2026-04-28T12:11:52.169+0000] {processor.py:161} INFO - Started process (PID=82) to work on /home/airflow/.local/lib/python3.8/site-packages/airflow/example_dags/tutorial.py
[2026-04-28T12:11:52.174+0000] {processor.py:830} INFO - Processing file /home/airflow/.local/lib/python3.8/site-packages/airflow/example_dags/tutorial.py for tasks to queue
[2026-04-28T12:11:52.181+0000] {logging_mixin.py:188} INFO - [2026-04-28T12:11:52.180+0000] {dagbag.py:540} INFO - Filling up the DagBag from /home/airflow/.local/lib/python3.8/site-packages/airflow/example_dags/tutorial.py
[2026-04-28T12:11:52.201+0000] {processor.py:840} INFO - DAG(s) 'tutorial' retrieved from /home/airflow/.local/lib/python3.8/site-packages/airflow/example_dags/tutorial.py
[2026-04-28T12:11:52.721+0000] {logging_mixin.py:188} INFO - [2026-04-28T12:11:52.720+0000] {dag.py:3047} INFO - Sync 1 DAGs
[2026-04-28T12:11:52.780+0000] {logging_mixin.py:188} INFO - [2026-04-28T12:11:52.780+0000] {dag.py:3834} INFO - Setting next_dagrun for tutorial to 2026-04-27 00:00:00+00:00, run_after=2026-04-28 00:00:00+00:00
[2026-04-28T12:11:52.900+0000] {processor.py:183} INFO - Processing /home/airflow/.local/lib/python3.8/site-packages/airflow/example_dags/tutorial.py took 0.745 seconds
[2026-04-28T12:12:23.747+0000] {processor.py:161} INFO - Started process (PID=137) to work on /home/airflow/.local/lib/python3.8/site-packages/airflow/example_dags/tutorial.py
[2026-04-28T12:12:23.748+0000] {processor.py:830} INFO - Processing file /home/airflow/.local/lib/python3.8/site-packages/airflow/example_dags/tutorial.py for tasks to queue
[2026-04-28T12:12:23.750+0000] {logging_mixin.py:188} INFO - [2026-04-28T12:12:23.750+0000] {dagbag.py:540} INFO - Filling up the DagBag from /home/airflow/.local/lib/python3.8/site-packages/airflow/example_dags/tutorial.py
[2026-04-28T12:12:23.757+0000] {processor.py:840} INFO - DAG(s) 'tutorial' retrieved from /home/airflow/.local/lib/python3.8/site-packages/airflow/example_dags/tutorial.py
[2026-04-28T12:12:23.780+0000] {logging_mixin.py:188} INFO - [2026-04-28T12:12:23.780+0000] {dag.py:3047} INFO - Sync 1 DAGs
[2026-04-28T12:12:23.808+0000] {logging_mixin.py:188} INFO - [2026-04-28T12:12:23.807+0000] {dag.py:3834} INFO - Setting next_dagrun for tutorial to 2026-04-27 00:00:00+00:00, run_after=2026-04-28 00:00:00+00:00
[2026-04-28T12:12:23.854+0000] {processor.py:183} INFO - Processing /home/airflow/.local/lib/python3.8/site-packages/airflow/example_dags/tutorial.py took 0.111 seconds
[2026-04-28T12:12:53.961+0000] {processor.py:161} INFO - Started process (PID=192) to work on /home/airflow/.local/lib/python3.8/site-packages/airflow/example_dags/tutorial.py
[2026-04-28T12:12:53.962+0000] {processor.py:830} INFO - Processing file /home/airflow/.local/lib/python3.8/site-packages/airflow/example_dags/tutorial.py for tasks to queue
[2026-04-28T12:12:53.964+0000] {logging_mixin.py:188} INFO - [2026-04-28T12:12:53.964+0000] {dagbag.py:540} INFO - Filling up the DagBag from /home/airflow/.local/lib/python3.8/site-packages/airflow/example_dags/tutorial.py
[2026-04-28T12:12:53.971+0000] {processor.py:840} INFO - DAG(s) 'tutorial' retrieved from /home/airflow/.local/lib/python3.8/site-packages/airflow/example_dags/tutorial.py
[2026-04-28T12:12:53.993+0000] {logging_mixin.py:188} INFO - [2026-04-28T12:12:53.993+0000] {dag.py:3047} INFO - Sync 1 DAGs
[2026-04-28T12:12:54.022+0000] {logging_mixin.py:188} INFO - [2026-04-28T12:12:54.022+0000] {dag.py:3834} INFO - Setting next_dagrun for tutorial to 2026-04-27 00:00:00+00:00, run_after=2026-04-28 00:00:00+00:00
[2026-04-28T12:12:54.041+0000] {processor.py:183} INFO - Processing /home/airflow/.local/lib/python3.8/site-packages/airflow/example_dags/tutorial.py took 0.083 seconds
[2026-04-28T12:13:24.474+0000] {processor.py:161} INFO - Started process (PID=247) to work on /home/airflow/.local/lib/python3.8/site-packages/airflow/example_dags/tutorial.py
[2026-04-28T12:13:24.476+0000] {processor.py:830} INFO - Processing file /home/airflow/.local/lib/python3.8/site-packages/airflow/example_dags/tutorial.py for tasks to queue
[2026-04-28T12:13:24.478+0000] {logging_mixin.py:188} INFO - [2026-04-28T12:13:24.477+0000] {dagbag.py:540} INFO - Filling up the DagBag from /home/airflow/.local/lib/python3.8/site-packages/airflow/example_dags/tutorial.py
[2026-04-28T12:13:24.485+0000] {processor.py:840} INFO - DAG(s) 'tutorial' retrieved from /home/airflow/.local/lib/python3.8/site-packages/airflow/example_dags/tutorial.py
[2026-04-28T12:13:24.508+0000] {logging_mixin.py:188} INFO - [2026-04-28T12:13:24.507+0000] {dag.py:3047} INFO - Sync 1 DAGs
[2026-04-28T12:13:24.532+0000] {logging_mixin.py:188} INFO - [2026-04-28T12:13:24.531+0000] {dag.py:3834} INFO - Setting next_dagrun for tutorial to 2026-04-27 00:00:00+00:00, run_after=2026-04-28 00:00:00+00:00
[2026-04-28T12:13:24.549+0000] {processor.py:183} INFO - Processing /home/airflow/.local/lib/python3.8/site-packages/airflow/example_dags/tutorial.py took 0.079 seconds
[2026-04-28T12:13:54.914+0000] {processor.py:161} INFO - Started process (PID=302) to work on /home/airflow/.local/lib/python3.8/site-packages/airflow/example_dags/tutorial.py
[2026-04-28T12:13:54.915+0000] {processor.py:830} INFO - Processing file /home/airflow/.local/lib/python3.8/site-packages/airflow/example_dags/tutorial.py for tasks to queue
[2026-04-28T12:13:54.917+0000] {logging_mixin.py:188} INFO - [2026-04-28T12:13:54.916+0000] {dagbag.py:540} INFO - Filling up the DagBag from /home/airflow/.local/lib/python3.8/site-packages/airflow/example_dags/tutorial.py
[2026-04-28T12:13:54.923+0000] {processor.py:840} INFO - DAG(s) 'tutorial' retrieved from /home/airflow/.local/lib/python3.8/site-packages/airflow/example_dags/tutorial.py
[2026-04-28T12:13:54.946+0000] {logging_mixin.py:188} INFO - [2026-04-28T12:13:54.946+0000] {dag.py:3047} INFO - Sync 1 DAGs
[2026-04-28T12:13:54.970+0000] {logging_mixin.py:188} INFO - [2026-04-28T12:13:54.970+0000] {dag.py:3834} INFO - Setting next_dagrun for tutorial to 2026-04-27 00:00:00+00:00, run_after=2026-04-28 00:00:00+00:00
[2026-04-28T12:13:54.988+0000] {processor.py:183} INFO - Processing /home/airflow/.local/lib/python3.8/site-packages/airflow/example_dags/tutorial.py took 0.078 seconds
[2026-04-28T12:14:25.445+0000] {processor.py:161} INFO - Started process (PID=357) to work on /home/airflow/.local/lib/python3.8/site-packages/airflow/example_dags/tutorial.py
[2026-04-28T12:14:25.446+0000] {processor.py:830} INFO - Processing file /home/airflow/.local/lib/python3.8/site-packages/airflow/example_dags/tutorial.py for tasks to queue
[2026-04-28T12:14:25.448+0000] {logging_mixin.py:188} INFO - [2026-04-28T12:14:25.448+0000] {dagbag.py:540} INFO - Filling up the DagBag from /home/airflow/.local/lib/python3.8/site-packages/airflow/example_dags/tutorial.py
[2026-04-28T12:14:25.455+0000] {processor.py:840} INFO - DAG(s) 'tutorial' retrieved from /home/airflow/.local/lib/python3.8/site-packages/airflow/example_dags/tutorial.py
[2026-04-28T12:14:25.485+0000] {logging_mixin.py:188} INFO - [2026-04-28T12:14:25.484+0000] {dag.py:3047} INFO - Sync 1 DAGs
[2026-04-28T12:14:25.509+0000] {logging_mixin.py:188} INFO - [2026-04-28T12:14:25.509+0000] {dag.py:3834} INFO - Setting next_dagrun for tutorial to 2026-04-27 00:00:00+00:00, run_after=2026-04-28 00:00:00+00:00
[2026-04-28T12:14:25.526+0000] {processor.py:183} INFO - Processing /home/airflow/.local/lib/python3.8/site-packages/airflow/example_dags/tutorial.py took 0.085 seconds
[2026-04-28T12:14:56.206+0000] {processor.py:161} INFO - Started process (PID=412) to work on /home/airflow/.local/lib/python3.8/site-packages/airflow/example_dags/tutorial.py
[2026-04-28T12:14:56.207+0000] {processor.py:830} INFO - Processing file /home/airflow/.local/lib/python3.8/site-packages/airflow/example_dags/tutorial.py for tasks to queue
[2026-04-28T12:14:56.210+0000] {logging_mixin.py:188} INFO - [2026-04-28T12:14:56.209+0000] {dagbag.py:540} INFO - Filling up the DagBag from /home/airflow/.local/lib/python3.8/site-packages/airflow/example_dags/tutorial.py
[2026-04-28T12:14:56.216+0000] {processor.py:840} INFO - DAG(s) 'tutorial' retrieved from /home/airflow/.local/lib/python3.8/site-packages/airflow/example_dags/tutorial.py
[2026-04-28T12:14:56.239+0000] {logging_mixin.py:188} INFO - [2026-04-28T12:14:56.238+0000] {dag.py:3047} INFO - Sync 1 DAGs
[2026-04-28T12:14:56.267+0000] {logging_mixin.py:188} INFO - [2026-04-28T12:14:56.266+0000] {dag.py:3834} INFO - Setting next_dagrun for tutorial to 2026-04-27 00:00:00+00:00, run_after=2026-04-28 00:00:00+00:00
[2026-04-28T12:14:56.284+0000] {processor.py:183} INFO - Processing /home/airflow/.local/lib/python3.8/site-packages/airflow/example_dags/tutorial.py took 0.081 seconds
[2026-04-28T12:15:26.749+0000] {processor.py:161} INFO - Started process (PID=467) to work on /home/airflow/.local/lib/python3.8/site-packages/airflow/example_dags/tutorial.py
[2026-04-28T12:15:26.750+0000] {processor.py:830} INFO - Processing file /home/airflow/.local/lib/python3.8/site-packages/airflow/example_dags/tutorial.py for tasks to queue
[2026-04-28T12:15:26.752+0000] {logging_mixin.py:188} INFO - [2026-04-28T12:15:26.751+0000] {dagbag.py:540} INFO - Filling up the DagBag from /home/airflow/.local/lib/python3.8/site-packages/airflow/example_dags/tutorial.py
[2026-04-28T12:15:26.758+0000] {processor.py:840} INFO - DAG(s) 'tutorial' retrieved from /home/airflow/.local/lib/python3.8/site-packages/airflow/example_dags/tutorial.py
[2026-04-28T12:15:26.780+0000] {logging_mixin.py:188} INFO - [2026-04-28T12:15:26.780+0000] {dag.py:3047} INFO - Sync 1 DAGs
[2026-04-28T12:15:26.806+0000] {logging_mixin.py:188} INFO - [2026-04-28T12:15:26.806+0000] {dag.py:3834} INFO - Setting next_dagrun for tutorial to 2026-04-27 00:00:00+00:00, run_after=2026-04-28 00:00:00+00:00
[2026-04-28T12:15:26.825+0000] {processor.py:183} INFO - Processing /home/airflow/.local/lib/python3.8/site-packages/airflow/example_dags/tutorial.py took 0.080 seconds
[2026-04-28T12:15:57.414+0000] {processor.py:161} INFO - Started process (PID=521) to work on /home/airflow/.local/lib/python3.8/site-packages/airflow/example_dags/tutorial.py
[2026-04-28T12:15:57.415+0000] {processor.py:830} INFO - Processing file /home/airflow/.local/lib/python3.8/site-packages/airflow/example_dags/tutorial.py for tasks to queue
[2026-04-28T12:15:57.417+0000] {logging_mixin.py:188} INFO - [2026-04-28T12:15:57.417+0000] {dagbag.py:540} INFO - Filling up the DagBag from /home/airflow/.local/lib/python3.8/site-packages/airflow/example_dags/tutorial.py
[2026-04-28T12:15:57.424+0000] {processor.py:840} INFO - DAG(s) 'tutorial' retrieved from /home/airflow/.local/lib/python3.8/site-packages/airflow/example_dags/tutorial.py
[2026-04-28T12:15:57.446+0000] {logging_mixin.py:188} INFO - [2026-04-28T12:15:57.445+0000] {dag.py:3047} INFO - Sync 1 DAGs
[2026-04-28T12:15:57.470+0000] {logging_mixin.py:188} INFO - [2026-04-28T12:15:57.470+0000] {dag.py:3834} INFO - Setting next_dagrun for tutorial to 2026-04-27 00:00:00+00:00, run_after=2026-04-28 00:00:00+00:00
[2026-04-28T12:15:57.508+0000] {processor.py:183} INFO - Processing /home/airflow/.local/lib/python3.8/site-packages/airflow/example_dags/tutorial.py took 0.097 seconds
[2026-04-28T12:16:28.227+0000] {processor.py:161} INFO - Started process (PID=576) to work on /home/airflow/.local/lib/python3.8/site-packages/airflow/example_dags/tutorial.py
[2026-04-28T12:16:28.229+0000] {processor.py:830} INFO - Processing file /home/airflow/.local/lib/python3.8/site-packages/airflow/example_dags/tutorial.py for tasks to queue
[2026-04-28T12:16:28.232+0000] {logging_mixin.py:188} INFO - [2026-04-28T12:16:28.231+0000] {dagbag.py:540} INFO - Filling up the DagBag from /home/airflow/.local/lib/python3.8/site-packages/airflow/example_dags/tutorial.py
[2026-04-28T12:16:28.241+0000] {processor.py:840} INFO - DAG(s) 'tutorial' retrieved from /home/airflow/.local/lib/python3.8/site-packages/airflow/example_dags/tutorial.py
[2026-04-28T12:16:28.321+0000] {logging_mixin.py:188} INFO - [2026-04-28T12:16:28.321+0000] {dag.py:3047} INFO - Sync 1 DAGs
[2026-04-28T12:16:28.401+0000] {logging_mixin.py:188} INFO - [2026-04-28T12:16:28.401+0000] {dag.py:3834} INFO - Setting next_dagrun for tutorial to 2026-04-27 00:00:00+00:00, run_after=2026-04-28 00:00:00+00:00
[2026-04-28T12:16:28.499+0000] {processor.py:183} INFO - Processing /home/airflow/.local/lib/python3.8/site-packages/airflow/example_dags/tutorial.py took 0.279 seconds
[2026-04-28T12:16:58.821+0000] {processor.py:161} INFO - Started process (PID=631) to work on /home/airflow/.local/lib/python3.8/site-packages/airflow/example_dags/tutorial.py
[2026-04-28T12:16:58.822+0000] {processor.py:830} INFO - Processing file /home/airflow/.local/lib/python3.8/site-packages/airflow/example_dags/tutorial.py for tasks to queue
[2026-04-28T12:16:58.824+0000] {logging_mixin.py:188} INFO - [2026-04-28T12:16:58.824+0000] {dagbag.py:540} INFO - Filling up the DagBag from /home/airflow/.local/lib/python3.8/site-packages/airflow/example_dags/tutorial.py
[2026-04-28T12:16:58.831+0000] {processor.py:840} INFO - DAG(s) 'tutorial' retrieved from /home/airflow/.local/lib/python3.8/site-packages/airflow/example_dags/tutorial.py
[2026-04-28T12:16:58.853+0000] {logging_mixin.py:188} INFO - [2026-04-28T12:16:58.853+0000] {dag.py:3047} INFO - Sync 1 DAGs
[2026-04-28T12:16:58.878+0000] {logging_mixin.py:188} INFO - [2026-04-28T12:16:58.878+0000] {dag.py:3834} INFO - Setting next_dagrun for tutorial to 2026-04-27 00:00:00+00:00, run_after=2026-04-28 00:00:00+00:00
[2026-04-28T12:16:58.896+0000] {processor.py:183} INFO - Processing /home/airflow/.local/lib/python3.8/site-packages/airflow/example_dags/tutorial.py took 0.079 seconds
[2026-04-28T12:17:29.792+0000] {processor.py:161} INFO - Started process (PID=686) to work on /home/airflow/.local/lib/python3.8/site-packages/airflow/example_dags/tutorial.py
[2026-04-28T12:17:29.792+0000] {processor.py:830} INFO - Processing file /home/airflow/.local/lib/python3.8/site-packages/airflow/example_dags/tutorial.py for tasks to queue
[2026-04-28T12:17:29.794+0000] {logging_mixin.py:188} INFO - [2026-04-28T12:17:29.794+0000] {dagbag.py:540} INFO - Filling up the DagBag from /home/airflow/.local/lib/python3.8/site-packages/airflow/example_dags/tutorial.py
[2026-04-28T12:17:29.799+0000] {processor.py:840} INFO - DAG(s) 'tutorial' retrieved from /home/airflow/.local/lib/python3.8/site-packages/airflow/example_dags/tutorial.py
[2026-04-28T12:17:29.815+0000] {logging_mixin.py:188} INFO - [2026-04-28T12:17:29.814+0000] {dag.py:3047} INFO - Sync 1 DAGs
[2026-04-28T12:17:29.831+0000] {logging_mixin.py:188} INFO - [2026-04-28T12:17:29.831+0000] {dag.py:3834} INFO - Setting next_dagrun for tutorial to 2026-04-27 00:00:00+00:00, run_after=2026-04-28 00:00:00+00:00
[2026-04-28T12:17:29.846+0000] {processor.py:183} INFO - Processing /home/airflow/.local/lib/python3.8/site-packages/airflow/example_dags/tutorial.py took 0.057 seconds
[2026-04-28T12:17:59.920+0000] {processor.py:161} INFO - Started process (PID=741) to work on /home/airflow/.local/lib/python3.8/site-packages/airflow/example_dags/tutorial.py
[2026-04-28T12:17:59.921+0000] {processor.py:830} INFO - Processing file /home/airflow/.local/lib/python3.8/site-packages/airflow/example_dags/tutorial.py for tasks to queue
[2026-04-28T12:17:59.922+0000] {logging_mixin.py:188} INFO - [2026-04-28T12:17:59.922+0000] {dagbag.py:540} INFO - Filling up the DagBag from /home/airflow/.local/lib/python3.8/site-packages/airflow/example_dags/tutorial.py
[2026-04-28T12:17:59.927+0000] {processor.py:840} INFO - DAG(s) 'tutorial' retrieved from /home/airflow/.local/lib/python3.8/site-packages/airflow/example_dags/tutorial.py
[2026-04-28T12:17:59.943+0000] {logging_mixin.py:188} INFO - [2026-04-28T12:17:59.942+0000] {dag.py:3047} INFO - Sync 1 DAGs
[2026-04-28T12:17:59.959+0000] {logging_mixin.py:188} INFO - [2026-04-28T12:17:59.959+0000] {dag.py:3834} INFO - Setting next_dagrun for tutorial to 2026-04-27 00:00:00+00:00, run_after=2026-04-28 00:00:00+00:00
[2026-04-28T12:17:59.972+0000] {processor.py:183} INFO - Processing /home/airflow/.local/lib/python3.8/site-packages/airflow/example_dags/tutorial.py took 0.055 seconds
[2026-04-28T12:18:30.234+0000] {processor.py:161} INFO - Started process (PID=796) to work on /home/airflow/.local/lib/python3.8/site-packages/airflow/example_dags/tutorial.py
[2026-04-28T12:18:30.235+0000] {processor.py:830} INFO - Processing file /home/airflow/.local/lib/python3.8/site-packages/airflow/example_dags/tutorial.py for tasks to queue
[2026-04-28T12:18:30.237+0000] {logging_mixin.py:188} INFO - [2026-04-28T12:18:30.236+0000] {dagbag.py:540} INFO - Filling up the DagBag from /home/airflow/.local/lib/python3.8/site-packages/airflow/example_dags/tutorial.py
[2026-04-28T12:18:30.242+0000] {processor.py:840} INFO - DAG(s) 'tutorial' retrieved from /home/airflow/.local/lib/python3.8/site-packages/airflow/example_dags/tutorial.py
[2026-04-28T12:18:30.258+0000] {logging_mixin.py:188} INFO - [2026-04-28T12:18:30.258+0000] {dag.py:3047} INFO - Sync 1 DAGs
[2026-04-28T12:18:30.275+0000] {logging_mixin.py:188} INFO - [2026-04-28T12:18:30.274+0000] {dag.py:3834} INFO - Setting next_dagrun for tutorial to 2026-04-27 00:00:00+00:00, run_after=2026-04-28 00:00:00+00:00
[2026-04-28T12:18:30.287+0000] {processor.py:183} INFO - Processing /home/airflow/.local/lib/python3.8/site-packages/airflow/example_dags/tutorial.py took 0.056 seconds
[2026-04-28T12:19:00.669+0000] {processor.py:161} INFO - Started process (PID=851) to work on /home/airflow/.local/lib/python3.8/site-packages/airflow/example_dags/tutorial.py
[2026-04-28T12:19:00.670+0000] {processor.py:830} INFO - Processing file /home/airflow/.local/lib/python3.8/site-packages/airflow/example_dags/tutorial.py for tasks to queue
[2026-04-28T12:19:00.673+0000] {logging_mixin.py:188} INFO - [2026-04-28T12:19:00.672+0000] {dagbag.py:540} INFO - Filling up the DagBag from /home/airflow/.local/lib/python3.8/site-packages/airflow/example_dags/tutorial.py
[2026-04-28T12:19:00.679+0000] {processor.py:840} INFO - DAG(s) 'tutorial' retrieved from /home/airflow/.local/lib/python3.8/site-packages/airflow/example_dags/tutorial.py
[2026-04-28T12:19:00.701+0000] {logging_mixin.py:188} INFO - [2026-04-28T12:19:00.701+0000] {dag.py:3047} INFO - Sync 1 DAGs
[2026-04-28T12:19:00.726+0000] {logging_mixin.py:188} INFO - [2026-04-28T12:19:00.725+0000] {dag.py:3834} INFO - Setting next_dagrun for tutorial to 2026-04-27 00:00:00+00:00, run_after=2026-04-28 00:00:00+00:00
[2026-04-28T12:19:00.743+0000] {processor.py:183} INFO - Processing /home/airflow/.local/lib/python3.8/site-packages/airflow/example_dags/tutorial.py took 0.077 seconds
[2026-04-28T12:19:30.870+0000] {processor.py:161} INFO - Started process (PID=906) to work on /home/airflow/.local/lib/python3.8/site-packages/airflow/example_dags/tutorial.py
[2026-04-28T12:19:30.871+0000] {processor.py:830} INFO - Processing file /home/airflow/.local/lib/python3.8/site-packages/airflow/example_dags/tutorial.py for tasks to queue
[2026-04-28T12:19:30.873+0000] {logging_mixin.py:188} INFO - [2026-04-28T12:19:30.873+0000] {dagbag.py:540} INFO - Filling up the DagBag from /home/airflow/.local/lib/python3.8/site-packages/airflow/example_dags/tutorial.py
[2026-04-28T12:19:30.880+0000] {processor.py:840} INFO - DAG(s) 'tutorial' retrieved from /home/airflow/.local/lib/python3.8/site-packages/airflow/example_dags/tutorial.py
[2026-04-28T12:19:30.902+0000] {logging_mixin.py:188} INFO - [2026-04-28T12:19:30.902+0000] {dag.py:3047} INFO - Sync 1 DAGs
[2026-04-28T12:19:30.927+0000] {logging_mixin.py:188} INFO - [2026-04-28T12:19:30.926+0000] {dag.py:3834} INFO - Setting next_dagrun for tutorial to 2026-04-27 00:00:00+00:00, run_after=2026-04-28 00:00:00+00:00
[2026-04-28T12:19:30.944+0000] {processor.py:183} INFO - Processing /home/airflow/.local/lib/python3.8/site-packages/airflow/example_dags/tutorial.py took 0.078 seconds
[2026-04-28T12:20:01.481+0000] {processor.py:161} INFO - Started process (PID=961) to work on /home/airflow/.local/lib/python3.8/site-packages/airflow/example_dags/tutorial.py
[2026-04-28T12:20:01.482+0000] {processor.py:830} INFO - Processing file /home/airflow/.local/lib/python3.8/site-packages/airflow/example_dags/tutorial.py for tasks to queue
[2026-04-28T12:20:01.484+0000] {logging_mixin.py:188} INFO - [2026-04-28T12:20:01.484+0000] {dagbag.py:540} INFO - Filling up the DagBag from /home/airflow/.local/lib/python3.8/site-packages/airflow/example_dags/tutorial.py
[2026-04-28T12:20:01.491+0000] {processor.py:840} INFO - DAG(s) 'tutorial' retrieved from /home/airflow/.local/lib/python3.8/site-packages/airflow/example_dags/tutorial.py
[2026-04-28T12:20:01.539+0000] {logging_mixin.py:188} INFO - [2026-04-28T12:20:01.539+0000] {dag.py:3047} INFO - Sync 1 DAGs
[2026-04-28T12:20:01.591+0000] {logging_mixin.py:188} INFO - [2026-04-28T12:20:01.591+0000] {dag.py:3834} INFO - Setting next_dagrun for tutorial to 2026-04-27 00:00:00+00:00, run_after=2026-04-28 00:00:00+00:00
[2026-04-28T12:20:01.619+0000] {processor.py:183} INFO - Processing /home/airflow/.local/lib/python3.8/site-packages/airflow/example_dags/tutorial.py took 0.142 seconds
[2026-04-28T12:20:31.786+0000] {processor.py:161} INFO - Started process (PID=1021) to work on /home/airflow/.local/lib/python3.8/site-packages/airflow/example_dags/tutorial.py
[2026-04-28T12:20:31.787+0000] {processor.py:830} INFO - Processing file /home/airflow/.local/lib/python3.8/site-packages/airflow/example_dags/tutorial.py for tasks to queue
[2026-04-28T12:20:31.789+0000] {logging_mixin.py:188} INFO - [2026-04-28T12:20:31.789+0000] {dagbag.py:540} INFO - Filling up the DagBag from /home/airflow/.local/lib/python3.8/site-packages/airflow/example_dags/tutorial.py
[2026-04-28T12:20:31.795+0000] {processor.py:840} INFO - DAG(s) 'tutorial' retrieved from /home/airflow/.local/lib/python3.8/site-packages/airflow/example_dags/tutorial.py
[2026-04-28T12:20:31.815+0000] {logging_mixin.py:188} INFO - [2026-04-28T12:20:31.815+0000] {dag.py:3047} INFO - Sync 1 DAGs
[2026-04-28T12:20:31.840+0000] {logging_mixin.py:188} INFO - [2026-04-28T12:20:31.840+0000] {dag.py:3834} INFO - Setting next_dagrun for tutorial to 2026-04-27 00:00:00+00:00, run_after=2026-04-28 00:00:00+00:00
[2026-04-28T12:20:31.857+0000] {processor.py:183} INFO - Processing /home/airflow/.local/lib/python3.8/site-packages/airflow/example_dags/tutorial.py took 0.074 seconds
[2026-04-28T12:21:02.366+0000] {processor.py:161} INFO - Started process (PID=1076) to work on /home/airflow/.local/lib/python3.8/site-packages/airflow/example_dags/tutorial.py
[2026-04-28T12:21:02.367+0000] {processor.py:830} INFO - Processing file /home/airflow/.local/lib/python3.8/site-packages/airflow/example_dags/tutorial.py for tasks to queue
[2026-04-28T12:21:02.369+0000] {logging_mixin.py:188} INFO - [2026-04-28T12:21:02.369+0000] {dagbag.py:540} INFO - Filling up the DagBag from /home/airflow/.local/lib/python3.8/site-packages/airflow/example_dags/tutorial.py
[2026-04-28T12:21:02.376+0000] {processor.py:840} INFO - DAG(s) 'tutorial' retrieved from /home/airflow/.local/lib/python3.8/site-packages/airflow/example_dags/tutorial.py
[2026-04-28T12:21:02.399+0000] {logging_mixin.py:188} INFO - [2026-04-28T12:21:02.399+0000] {dag.py:3047} INFO - Sync 1 DAGs
[2026-04-28T12:21:02.431+0000] {logging_mixin.py:188} INFO - [2026-04-28T12:21:02.431+0000] {dag.py:3834} INFO - Setting next_dagrun for tutorial to 2026-04-27 00:00:00+00:00, run_after=2026-04-28 00:00:00+00:00
[2026-04-28T12:21:02.499+0000] {processor.py:183} INFO - Processing /home/airflow/.local/lib/python3.8/site-packages/airflow/example_dags/tutorial.py took 0.146 seconds
[2026-04-28T12:21:32.600+0000] {processor.py:161} INFO - Started process (PID=1131) to work on /home/airflow/.local/lib/python3.8/site-packages/airflow/example_dags/tutorial.py
[2026-04-28T12:21:32.601+0000] {processor.py:830} INFO - Processing file /home/airflow/.local/lib/python3.8/site-packages/airflow/example_dags/tutorial.py for tasks to queue
[2026-04-28T12:21:32.603+0000] {logging_mixin.py:188} INFO - [2026-04-28T12:21:32.603+0000] {dagbag.py:540} INFO - Filling up the DagBag from /home/airflow/.local/lib/python3.8/site-packages/airflow/example_dags/tutorial.py
[2026-04-28T12:21:32.610+0000] {processor.py:840} INFO - DAG(s) 'tutorial' retrieved from /home/airflow/.local/lib/python3.8/site-packages/airflow/example_dags/tutorial.py
[2026-04-28T12:21:32.630+0000] {logging_mixin.py:188} INFO - [2026-04-28T12:21:32.630+0000] {dag.py:3047} INFO - Sync 1 DAGs
[2026-04-28T12:21:32.655+0000] {logging_mixin.py:188} INFO - [2026-04-28T12:21:32.655+0000] {dag.py:3834} INFO - Setting next_dagrun for tutorial to 2026-04-27 00:00:00+00:00, run_after=2026-04-28 00:00:00+00:00
[2026-04-28T12:21:32.684+0000] {processor.py:183} INFO - Processing /home/airflow/.local/lib/python3.8/site-packages/airflow/example_dags/tutorial.py took 0.087 seconds
[2026-04-28T12:22:03.337+0000] {processor.py:161} INFO - Started process (PID=1186) to work on /home/airflow/.local/lib/python3.8/site-packages/airflow/example_dags/tutorial.py
[2026-04-28T12:22:03.338+0000] {processor.py:830} INFO - Processing file /home/airflow/.local/lib/python3.8/site-packages/airflow/example_dags/tutorial.py for tasks to queue
[2026-04-28T12:22:03.339+0000] {logging_mixin.py:188} INFO - [2026-04-28T12:22:03.339+0000] {dagbag.py:540} INFO - Filling up the DagBag from /home/airflow/.local/lib/python3.8/site-packages/airflow/example_dags/tutorial.py
[2026-04-28T12:22:03.344+0000] {processor.py:840} INFO - DAG(s) 'tutorial' retrieved from /home/airflow/.local/lib/python3.8/site-packages/airflow/example_dags/tutorial.py
[2026-04-28T12:22:03.359+0000] {logging_mixin.py:188} INFO - [2026-04-28T12:22:03.359+0000] {dag.py:3047} INFO - Sync 1 DAGs
[2026-04-28T12:22:03.376+0000] {logging_mixin.py:188} INFO - [2026-04-28T12:22:03.376+0000] {dag.py:3834} INFO - Setting next_dagrun for tutorial to 2026-04-27 00:00:00+00:00, run_after=2026-04-28 00:00:00+00:00
[2026-04-28T12:22:03.388+0000] {processor.py:183} INFO - Processing /home/airflow/.local/lib/python3.8/site-packages/airflow/example_dags/tutorial.py took 0.054 seconds
[2026-04-28T12:22:33.467+0000] {processor.py:161} INFO - Started process (PID=1241) to work on /home/airflow/.local/lib/python3.8/site-packages/airflow/example_dags/tutorial.py
[2026-04-28T12:22:33.468+0000] {processor.py:830} INFO - Processing file /home/airflow/.local/lib/python3.8/site-packages/airflow/example_dags/tutorial.py for tasks to queue
[2026-04-28T12:22:33.470+0000] {logging_mixin.py:188} INFO - [2026-04-28T12:22:33.469+0000] {dagbag.py:540} INFO - Filling up the DagBag from /home/airflow/.local/lib/python3.8/site-packages/airflow/example_dags/tutorial.py
[2026-04-28T12:22:33.475+0000] {processor.py:840} INFO - DAG(s) 'tutorial' retrieved from /home/airflow/.local/lib/python3.8/site-packages/airflow/example_dags/tutorial.py
[2026-04-28T12:22:33.491+0000] {logging_mixin.py:188} INFO - [2026-04-28T12:22:33.491+0000] {dag.py:3047} INFO - Sync 1 DAGs
[2026-04-28T12:22:33.507+0000] {logging_mixin.py:188} INFO - [2026-04-28T12:22:33.507+0000] {dag.py:3834} INFO - Setting next_dagrun for tutorial to 2026-04-27 00:00:00+00:00, run_after=2026-04-28 00:00:00+00:00
[2026-04-28T12:22:33.520+0000] {processor.py:183} INFO - Processing /home/airflow/.local/lib/python3.8/site-packages/airflow/example_dags/tutorial.py took 0.056 seconds
[2026-04-28T12:23:04.058+0000] {processor.py:161} INFO - Started process (PID=1296) to work on /home/airflow/.local/lib/python3.8/site-packages/airflow/example_dags/tutorial.py
[2026-04-28T12:23:04.059+0000] {processor.py:830} INFO - Processing file /home/airflow/.local/lib/python3.8/site-packages/airflow/example_dags/tutorial.py for tasks to queue
[2026-04-28T12:23:04.061+0000] {logging_mixin.py:188} INFO - [2026-04-28T12:23:04.060+0000] {dagbag.py:540} INFO - Filling up the DagBag from /home/airflow/.local/lib/python3.8/site-packages/airflow/example_dags/tutorial.py
[2026-04-28T12:23:04.068+0000] {processor.py:840} INFO - DAG(s) 'tutorial' retrieved from /home/airflow/.local/lib/python3.8/site-packages/airflow/example_dags/tutorial.py
[2026-04-28T12:23:04.089+0000] {logging_mixin.py:188} INFO - [2026-04-28T12:23:04.089+0000] {dag.py:3047} INFO - Sync 1 DAGs
[2026-04-28T12:23:04.114+0000] {logging_mixin.py:188} INFO - [2026-04-28T12:23:04.113+0000] {dag.py:3834} INFO - Setting next_dagrun for tutorial to 2026-04-27 00:00:00+00:00, run_after=2026-04-28 00:00:00+00:00
[2026-04-28T12:23:04.135+0000] {processor.py:183} INFO - Processing /home/airflow/.local/lib/python3.8/site-packages/airflow/example_dags/tutorial.py took 0.081 seconds
[2026-04-28T12:23:34.317+0000] {processor.py:161} INFO - Started process (PID=1351) to work on /home/airflow/.local/lib/python3.8/site-packages/airflow/example_dags/tutorial.py
[2026-04-28T12:23:34.317+0000] {processor.py:830} INFO - Processing file /home/airflow/.local/lib/python3.8/site-packages/airflow/example_dags/tutorial.py for tasks to queue
[2026-04-28T12:23:34.319+0000] {logging_mixin.py:188} INFO - [2026-04-28T12:23:34.319+0000] {dagbag.py:540} INFO - Filling up the DagBag from /home/airflow/.local/lib/python3.8/site-packages/airflow/example_dags/tutorial.py
[2026-04-28T12:23:34.326+0000] {processor.py:840} INFO - DAG(s) 'tutorial' retrieved from /home/airflow/.local/lib/python3.8/site-packages/airflow/example_dags/tutorial.py
[2026-04-28T12:23:34.347+0000] {logging_mixin.py:188} INFO - [2026-04-28T12:23:34.347+0000] {dag.py:3047} INFO - Sync 1 DAGs
[2026-04-28T12:23:34.371+0000] {logging_mixin.py:188} INFO - [2026-04-28T12:23:34.371+0000] {dag.py:3834} INFO - Setting next_dagrun for tutorial to 2026-04-27 00:00:00+00:00, run_after=2026-04-28 00:00:00+00:00
[2026-04-28T12:23:34.388+0000] {processor.py:183} INFO - Processing /home/airflow/.local/lib/python3.8/site-packages/airflow/example_dags/tutorial.py took 0.076 seconds
[2026-04-28T12:24:05.048+0000] {processor.py:161} INFO - Started process (PID=1406) to work on /home/airflow/.local/lib/python3.8/site-packages/airflow/example_dags/tutorial.py
[2026-04-28T12:24:05.049+0000] {processor.py:830} INFO - Processing file /home/airflow/.local/lib/python3.8/site-packages/airflow/example_dags/tutorial.py for tasks to queue
[2026-04-28T12:24:05.050+0000] {logging_mixin.py:188} INFO - [2026-04-28T12:24:05.050+0000] {dagbag.py:540} INFO - Filling up the DagBag from /home/airflow/.local/lib/python3.8/site-packages/airflow/example_dags/tutorial.py
[2026-04-28T12:24:05.055+0000] {processor.py:840} INFO - DAG(s) 'tutorial' retrieved from /home/airflow/.local/lib/python3.8/site-packages/airflow/example_dags/tutorial.py
[2026-04-28T12:24:05.070+0000] {logging_mixin.py:188} INFO - [2026-04-28T12:24:05.070+0000] {dag.py:3047} INFO - Sync 1 DAGs
[2026-04-28T12:24:05.087+0000] {logging_mixin.py:188} INFO - [2026-04-28T12:24:05.086+0000] {dag.py:3834} INFO - Setting next_dagrun for tutorial to 2026-04-27 00:00:00+00:00, run_after=2026-04-28 00:00:00+00:00
[2026-04-28T12:24:05.099+0000] {processor.py:183} INFO - Processing /home/airflow/.local/lib/python3.8/site-packages/airflow/example_dags/tutorial.py took 0.055 seconds
[2026-04-28T12:24:35.269+0000] {processor.py:161} INFO - Started process (PID=1461) to work on /home/airflow/.local/lib/python3.8/site-packages/airflow/example_dags/tutorial.py
[2026-04-28T12:24:35.270+0000] {processor.py:830} INFO - Processing file /home/airflow/.local/lib/python3.8/site-packages/airflow/example_dags/tutorial.py for tasks to queue
[2026-04-28T12:24:35.272+0000] {logging_mixin.py:188} INFO - [2026-04-28T12:24:35.272+0000] {dagbag.py:540} INFO - Filling up the DagBag from /home/airflow/.local/lib/python3.8/site-packages/airflow/example_dags/tutorial.py
[2026-04-28T12:24:35.279+0000] {processor.py:840} INFO - DAG(s) 'tutorial' retrieved from /home/airflow/.local/lib/python3.8/site-packages/airflow/example_dags/tutorial.py
[2026-04-28T12:24:35.301+0000] {logging_mixin.py:188} INFO - [2026-04-28T12:24:35.300+0000] {dag.py:3047} INFO - Sync 1 DAGs
[2026-04-28T12:24:35.326+0000] {logging_mixin.py:188} INFO - [2026-04-28T12:24:35.325+0000] {dag.py:3834} INFO - Setting next_dagrun for tutorial to 2026-04-27 00:00:00+00:00, run_after=2026-04-28 00:00:00+00:00
[2026-04-28T12:24:35.343+0000] {processor.py:183} INFO - Processing /home/airflow/.local/lib/python3.8/site-packages/airflow/example_dags/tutorial.py took 0.077 seconds
[2026-04-28T12:25:06.316+0000] {processor.py:161} INFO - Started process (PID=1516) to work on /home/airflow/.local/lib/python3.8/site-packages/airflow/example_dags/tutorial.py
[2026-04-28T12:25:06.319+0000] {processor.py:830} INFO - Processing file /home/airflow/.local/lib/python3.8/site-packages/airflow/example_dags/tutorial.py for tasks to queue
[2026-04-28T12:25:06.323+0000] {logging_mixin.py:188} INFO - [2026-04-28T12:25:06.322+0000] {dagbag.py:540} INFO - Filling up the DagBag from /home/airflow/.local/lib/python3.8/site-packages/airflow/example_dags/tutorial.py
[2026-04-28T12:25:06.341+0000] {processor.py:840} INFO - DAG(s) 'tutorial' retrieved from /home/airflow/.local/lib/python3.8/site-packages/airflow/example_dags/tutorial.py
[2026-04-28T12:25:06.364+0000] {logging_mixin.py:188} INFO - [2026-04-28T12:25:06.364+0000] {dag.py:3047} INFO - Sync 1 DAGs
[2026-04-28T12:25:06.401+0000] {logging_mixin.py:188} INFO - [2026-04-28T12:25:06.401+0000] {dag.py:3834} INFO - Setting next_dagrun for tutorial to 2026-04-27 00:00:00+00:00, run_after=2026-04-28 00:00:00+00:00
[2026-04-28T12:25:06.418+0000] {processor.py:183} INFO - Processing /home/airflow/.local/lib/python3.8/site-packages/airflow/example_dags/tutorial.py took 0.109 seconds
[2026-04-28T12:25:36.464+0000] {processor.py:161} INFO - Started process (PID=1571) to work on /home/airflow/.local/lib/python3.8/site-packages/airflow/example_dags/tutorial.py
[2026-04-28T12:25:36.465+0000] {processor.py:830} INFO - Processing file /home/airflow/.local/lib/python3.8/site-packages/airflow/example_dags/tutorial.py for tasks to queue
[2026-04-28T12:25:36.466+0000] {logging_mixin.py:188} INFO - [2026-04-28T12:25:36.466+0000] {dagbag.py:540} INFO - Filling up the DagBag from /home/airflow/.local/lib/python3.8/site-packages/airflow/example_dags/tutorial.py
[2026-04-28T12:25:36.472+0000] {processor.py:840} INFO - DAG(s) 'tutorial' retrieved from /home/airflow/.local/lib/python3.8/site-packages/airflow/example_dags/tutorial.py
[2026-04-28T12:25:36.487+0000] {logging_mixin.py:188} INFO - [2026-04-28T12:25:36.487+0000] {dag.py:3047} INFO - Sync 1 DAGs
[2026-04-28T12:25:36.503+0000] {logging_mixin.py:188} INFO - [2026-04-28T12:25:36.503+0000] {dag.py:3834} INFO - Setting next_dagrun for tutorial to 2026-04-27 00:00:00+00:00, run_after=2026-04-28 00:00:00+00:00
[2026-04-28T12:25:36.531+0000] {processor.py:183} INFO - Processing /home/airflow/.local/lib/python3.8/site-packages/airflow/example_dags/tutorial.py took 0.070 seconds
