[2026-04-28T12:26:45.102+0000] {processor.py:161} INFO - Started process (PID=1696) to work on /opt/airflow/dags/dag_1.py
[2026-04-28T12:26:45.105+0000] {processor.py:830} INFO - Processing file /opt/airflow/dags/dag_1.py for tasks to queue
[2026-04-28T12:26:45.109+0000] {logging_mixin.py:188} INFO - [2026-04-28T12:26:45.109+0000] {dagbag.py:540} INFO - Filling up the DagBag from /opt/airflow/dags/dag_1.py
[2026-04-28T12:26:45.137+0000] {processor.py:840} INFO - DAG(s) 'first_dag' retrieved from /opt/airflow/dags/dag_1.py
[2026-04-28T12:26:45.347+0000] {logging_mixin.py:188} INFO - [2026-04-28T12:26:45.347+0000] {override.py:1769} INFO - Created Permission View: can read on DAG:first_dag
[2026-04-28T12:26:45.356+0000] {logging_mixin.py:188} INFO - [2026-04-28T12:26:45.356+0000] {override.py:1769} INFO - Created Permission View: can delete on DAG:first_dag
[2026-04-28T12:26:45.362+0000] {logging_mixin.py:188} INFO - [2026-04-28T12:26:45.362+0000] {override.py:1769} INFO - Created Permission View: can edit on DAG:first_dag
[2026-04-28T12:26:45.363+0000] {logging_mixin.py:188} INFO - [2026-04-28T12:26:45.363+0000] {dag.py:3047} INFO - Sync 1 DAGs
[2026-04-28T12:26:45.375+0000] {logging_mixin.py:188} INFO - [2026-04-28T12:26:45.375+0000] {dag.py:3069} INFO - Creating ORM DAG for first_dag
[2026-04-28T12:26:45.385+0000] {logging_mixin.py:188} INFO - [2026-04-28T12:26:45.385+0000] {dag.py:3834} INFO - Setting next_dagrun for first_dag to 2024-08-01 00:00:00+00:00, run_after=2024-08-02 00:00:00+00:00
[2026-04-28T12:26:45.398+0000] {processor.py:183} INFO - Processing /opt/airflow/dags/dag_1.py took 0.302 seconds
[2026-04-28T12:27:15.548+0000] {processor.py:161} INFO - Started process (PID=1754) to work on /opt/airflow/dags/dag_1.py
[2026-04-28T12:27:15.550+0000] {processor.py:830} INFO - Processing file /opt/airflow/dags/dag_1.py for tasks to queue
[2026-04-28T12:27:15.553+0000] {logging_mixin.py:188} INFO - [2026-04-28T12:27:15.553+0000] {dagbag.py:540} INFO - Filling up the DagBag from /opt/airflow/dags/dag_1.py
[2026-04-28T12:27:15.562+0000] {processor.py:840} INFO - DAG(s) 'first_dag' retrieved from /opt/airflow/dags/dag_1.py
[2026-04-28T12:27:15.597+0000] {logging_mixin.py:188} INFO - [2026-04-28T12:27:15.597+0000] {dag.py:3047} INFO - Sync 1 DAGs
[2026-04-28T12:27:15.633+0000] {logging_mixin.py:188} INFO - [2026-04-28T12:27:15.633+0000] {dag.py:3834} INFO - Setting next_dagrun for first_dag to 2024-08-01 00:00:00+00:00, run_after=2024-08-02 00:00:00+00:00
[2026-04-28T12:27:15.654+0000] {processor.py:183} INFO - Processing /opt/airflow/dags/dag_1.py took 0.117 seconds
[2026-04-28T12:27:45.818+0000] {processor.py:161} INFO - Started process (PID=1807) to work on /opt/airflow/dags/dag_1.py
[2026-04-28T12:27:45.819+0000] {processor.py:830} INFO - Processing file /opt/airflow/dags/dag_1.py for tasks to queue
[2026-04-28T12:27:45.821+0000] {logging_mixin.py:188} INFO - [2026-04-28T12:27:45.820+0000] {dagbag.py:540} INFO - Filling up the DagBag from /opt/airflow/dags/dag_1.py
[2026-04-28T12:27:45.830+0000] {processor.py:840} INFO - DAG(s) 'first_dag' retrieved from /opt/airflow/dags/dag_1.py
[2026-04-28T12:27:45.852+0000] {logging_mixin.py:188} INFO - [2026-04-28T12:27:45.851+0000] {dag.py:3047} INFO - Sync 1 DAGs
[2026-04-28T12:27:45.879+0000] {logging_mixin.py:188} INFO - [2026-04-28T12:27:45.879+0000] {dag.py:3834} INFO - Setting next_dagrun for first_dag to 2024-08-01 00:00:00+00:00, run_after=2024-08-02 00:00:00+00:00
[2026-04-28T12:27:45.896+0000] {processor.py:183} INFO - Processing /opt/airflow/dags/dag_1.py took 0.082 seconds
[2026-04-28T12:28:16.614+0000] {processor.py:161} INFO - Started process (PID=1863) to work on /opt/airflow/dags/dag_1.py
[2026-04-28T12:28:16.616+0000] {processor.py:830} INFO - Processing file /opt/airflow/dags/dag_1.py for tasks to queue
[2026-04-28T12:28:16.618+0000] {logging_mixin.py:188} INFO - [2026-04-28T12:28:16.617+0000] {dagbag.py:540} INFO - Filling up the DagBag from /opt/airflow/dags/dag_1.py
[2026-04-28T12:28:16.627+0000] {processor.py:840} INFO - DAG(s) 'first_dag' retrieved from /opt/airflow/dags/dag_1.py
[2026-04-28T12:28:16.653+0000] {logging_mixin.py:188} INFO - [2026-04-28T12:28:16.652+0000] {dag.py:3047} INFO - Sync 1 DAGs
[2026-04-28T12:28:16.685+0000] {logging_mixin.py:188} INFO - [2026-04-28T12:28:16.685+0000] {dag.py:3834} INFO - Setting next_dagrun for first_dag to 2024-08-01 00:00:00+00:00, run_after=2024-08-02 00:00:00+00:00
[2026-04-28T12:28:16.706+0000] {processor.py:183} INFO - Processing /opt/airflow/dags/dag_1.py took 0.095 seconds
[2026-04-28T12:28:47.328+0000] {processor.py:161} INFO - Started process (PID=1919) to work on /opt/airflow/dags/dag_1.py
[2026-04-28T12:28:47.329+0000] {processor.py:830} INFO - Processing file /opt/airflow/dags/dag_1.py for tasks to queue
[2026-04-28T12:28:47.331+0000] {logging_mixin.py:188} INFO - [2026-04-28T12:28:47.331+0000] {dagbag.py:540} INFO - Filling up the DagBag from /opt/airflow/dags/dag_1.py
[2026-04-28T12:28:47.340+0000] {processor.py:840} INFO - DAG(s) 'first_dag' retrieved from /opt/airflow/dags/dag_1.py
[2026-04-28T12:28:47.362+0000] {logging_mixin.py:188} INFO - [2026-04-28T12:28:47.362+0000] {dag.py:3047} INFO - Sync 1 DAGs
[2026-04-28T12:28:47.387+0000] {logging_mixin.py:188} INFO - [2026-04-28T12:28:47.387+0000] {dag.py:3834} INFO - Setting next_dagrun for first_dag to 2024-08-01 00:00:00+00:00, run_after=2024-08-02 00:00:00+00:00
[2026-04-28T12:28:47.410+0000] {processor.py:183} INFO - Processing /opt/airflow/dags/dag_1.py took 0.086 seconds
[2026-04-28T12:29:17.966+0000] {processor.py:161} INFO - Started process (PID=1975) to work on /opt/airflow/dags/dag_1.py
[2026-04-28T12:29:17.971+0000] {processor.py:830} INFO - Processing file /opt/airflow/dags/dag_1.py for tasks to queue
[2026-04-28T12:29:17.976+0000] {logging_mixin.py:188} INFO - [2026-04-28T12:29:17.975+0000] {dagbag.py:540} INFO - Filling up the DagBag from /opt/airflow/dags/dag_1.py
[2026-04-28T12:29:17.997+0000] {processor.py:840} INFO - DAG(s) 'first_dag' retrieved from /opt/airflow/dags/dag_1.py
[2026-04-28T12:29:18.053+0000] {logging_mixin.py:188} INFO - [2026-04-28T12:29:18.053+0000] {dag.py:3047} INFO - Sync 1 DAGs
[2026-04-28T12:29:18.102+0000] {logging_mixin.py:188} INFO - [2026-04-28T12:29:18.101+0000] {dag.py:3834} INFO - Setting next_dagrun for first_dag to 2024-08-01 00:00:00+00:00, run_after=2024-08-02 00:00:00+00:00
[2026-04-28T12:29:18.139+0000] {processor.py:183} INFO - Processing /opt/airflow/dags/dag_1.py took 0.182 seconds
[2026-04-28T12:29:48.310+0000] {processor.py:161} INFO - Started process (PID=2031) to work on /opt/airflow/dags/dag_1.py
[2026-04-28T12:29:48.311+0000] {processor.py:830} INFO - Processing file /opt/airflow/dags/dag_1.py for tasks to queue
[2026-04-28T12:29:48.314+0000] {logging_mixin.py:188} INFO - [2026-04-28T12:29:48.313+0000] {dagbag.py:540} INFO - Filling up the DagBag from /opt/airflow/dags/dag_1.py
[2026-04-28T12:29:48.323+0000] {processor.py:840} INFO - DAG(s) 'first_dag' retrieved from /opt/airflow/dags/dag_1.py
[2026-04-28T12:29:48.345+0000] {logging_mixin.py:188} INFO - [2026-04-28T12:29:48.345+0000] {dag.py:3047} INFO - Sync 1 DAGs
[2026-04-28T12:29:48.370+0000] {logging_mixin.py:188} INFO - [2026-04-28T12:29:48.370+0000] {dag.py:3834} INFO - Setting next_dagrun for first_dag to 2024-08-01 00:00:00+00:00, run_after=2024-08-02 00:00:00+00:00
[2026-04-28T12:29:48.403+0000] {processor.py:183} INFO - Processing /opt/airflow/dags/dag_1.py took 0.096 seconds
[2026-04-28T12:30:18.866+0000] {processor.py:161} INFO - Started process (PID=2087) to work on /opt/airflow/dags/dag_1.py
[2026-04-28T12:30:18.867+0000] {processor.py:830} INFO - Processing file /opt/airflow/dags/dag_1.py for tasks to queue
[2026-04-28T12:30:18.869+0000] {logging_mixin.py:188} INFO - [2026-04-28T12:30:18.869+0000] {dagbag.py:540} INFO - Filling up the DagBag from /opt/airflow/dags/dag_1.py
[2026-04-28T12:30:18.878+0000] {processor.py:840} INFO - DAG(s) 'first_dag' retrieved from /opt/airflow/dags/dag_1.py
[2026-04-28T12:30:18.900+0000] {logging_mixin.py:188} INFO - [2026-04-28T12:30:18.899+0000] {dag.py:3047} INFO - Sync 1 DAGs
[2026-04-28T12:30:18.924+0000] {logging_mixin.py:188} INFO - [2026-04-28T12:30:18.923+0000] {dag.py:3834} INFO - Setting next_dagrun for first_dag to 2024-08-01 00:00:00+00:00, run_after=2024-08-02 00:00:00+00:00
[2026-04-28T12:30:18.947+0000] {processor.py:183} INFO - Processing /opt/airflow/dags/dag_1.py took 0.085 seconds
[2026-04-28T12:30:49.642+0000] {processor.py:161} INFO - Started process (PID=2143) to work on /opt/airflow/dags/dag_1.py
[2026-04-28T12:30:49.644+0000] {processor.py:830} INFO - Processing file /opt/airflow/dags/dag_1.py for tasks to queue
[2026-04-28T12:30:49.649+0000] {logging_mixin.py:188} INFO - [2026-04-28T12:30:49.649+0000] {dagbag.py:540} INFO - Filling up the DagBag from /opt/airflow/dags/dag_1.py
[2026-04-28T12:30:49.663+0000] {processor.py:840} INFO - DAG(s) 'first_dag' retrieved from /opt/airflow/dags/dag_1.py
[2026-04-28T12:30:49.687+0000] {logging_mixin.py:188} INFO - [2026-04-28T12:30:49.686+0000] {dag.py:3047} INFO - Sync 1 DAGs
[2026-04-28T12:30:49.711+0000] {logging_mixin.py:188} INFO - [2026-04-28T12:30:49.711+0000] {dag.py:3834} INFO - Setting next_dagrun for first_dag to 2024-08-01 00:00:00+00:00, run_after=2024-08-02 00:00:00+00:00
[2026-04-28T12:30:49.733+0000] {processor.py:183} INFO - Processing /opt/airflow/dags/dag_1.py took 0.094 seconds
[2026-04-28T12:31:20.078+0000] {processor.py:161} INFO - Started process (PID=2199) to work on /opt/airflow/dags/dag_1.py
[2026-04-28T12:31:20.079+0000] {processor.py:830} INFO - Processing file /opt/airflow/dags/dag_1.py for tasks to queue
[2026-04-28T12:31:20.083+0000] {logging_mixin.py:188} INFO - [2026-04-28T12:31:20.081+0000] {dagbag.py:540} INFO - Filling up the DagBag from /opt/airflow/dags/dag_1.py
[2026-04-28T12:31:20.258+0000] {processor.py:840} INFO - DAG(s) 'first_dag' retrieved from /opt/airflow/dags/dag_1.py
[2026-04-28T12:31:20.278+0000] {logging_mixin.py:188} INFO - [2026-04-28T12:31:20.278+0000] {dag.py:3047} INFO - Sync 1 DAGs
[2026-04-28T12:31:20.300+0000] {logging_mixin.py:188} INFO - [2026-04-28T12:31:20.300+0000] {dag.py:3834} INFO - Setting next_dagrun for first_dag to 2024-08-01 00:00:00+00:00, run_after=2024-08-02 00:00:00+00:00
[2026-04-28T12:31:20.316+0000] {processor.py:183} INFO - Processing /opt/airflow/dags/dag_1.py took 0.242 seconds
[2026-04-28T12:31:50.396+0000] {processor.py:161} INFO - Started process (PID=2254) to work on /opt/airflow/dags/dag_1.py
[2026-04-28T12:31:50.397+0000] {processor.py:830} INFO - Processing file /opt/airflow/dags/dag_1.py for tasks to queue
[2026-04-28T12:31:50.400+0000] {logging_mixin.py:188} INFO - [2026-04-28T12:31:50.399+0000] {dagbag.py:540} INFO - Filling up the DagBag from /opt/airflow/dags/dag_1.py
[2026-04-28T12:31:50.409+0000] {processor.py:840} INFO - DAG(s) 'first_dag' retrieved from /opt/airflow/dags/dag_1.py
[2026-04-28T12:31:50.432+0000] {logging_mixin.py:188} INFO - [2026-04-28T12:31:50.431+0000] {dag.py:3047} INFO - Sync 1 DAGs
[2026-04-28T12:31:50.456+0000] {logging_mixin.py:188} INFO - [2026-04-28T12:31:50.456+0000] {dag.py:3834} INFO - Setting next_dagrun for first_dag to 2024-08-01 00:00:00+00:00, run_after=2024-08-02 00:00:00+00:00
[2026-04-28T12:31:50.473+0000] {processor.py:183} INFO - Processing /opt/airflow/dags/dag_1.py took 0.080 seconds
[2026-04-28T12:32:21.004+0000] {processor.py:161} INFO - Started process (PID=2310) to work on /opt/airflow/dags/dag_1.py
[2026-04-28T12:32:21.005+0000] {processor.py:830} INFO - Processing file /opt/airflow/dags/dag_1.py for tasks to queue
[2026-04-28T12:32:21.009+0000] {logging_mixin.py:188} INFO - [2026-04-28T12:32:21.009+0000] {dagbag.py:540} INFO - Filling up the DagBag from /opt/airflow/dags/dag_1.py
[2026-04-28T12:32:21.029+0000] {processor.py:840} INFO - DAG(s) 'first_dag' retrieved from /opt/airflow/dags/dag_1.py
[2026-04-28T12:32:21.056+0000] {logging_mixin.py:188} INFO - [2026-04-28T12:32:21.055+0000] {dag.py:3047} INFO - Sync 1 DAGs
[2026-04-28T12:32:21.083+0000] {logging_mixin.py:188} INFO - [2026-04-28T12:32:21.083+0000] {dag.py:3834} INFO - Setting next_dagrun for first_dag to 2024-08-01 00:00:00+00:00, run_after=2024-08-02 00:00:00+00:00
[2026-04-28T12:32:21.100+0000] {processor.py:183} INFO - Processing /opt/airflow/dags/dag_1.py took 0.104 seconds
[2026-04-28T12:32:40.279+0000] {processor.py:161} INFO - Started process (PID=2339) to work on /opt/airflow/dags/dag_1.py
[2026-04-28T12:32:40.280+0000] {processor.py:830} INFO - Processing file /opt/airflow/dags/dag_1.py for tasks to queue
[2026-04-28T12:32:40.282+0000] {logging_mixin.py:188} INFO - [2026-04-28T12:32:40.282+0000] {dagbag.py:540} INFO - Filling up the DagBag from /opt/airflow/dags/dag_1.py
[2026-04-28T12:32:40.289+0000] {processor.py:840} INFO - DAG(s) 'first_dag' retrieved from /opt/airflow/dags/dag_1.py
[2026-04-28T12:32:40.374+0000] {logging_mixin.py:188} INFO - [2026-04-28T12:32:40.374+0000] {dag.py:3047} INFO - Sync 1 DAGs
[2026-04-28T12:32:40.389+0000] {logging_mixin.py:188} INFO - [2026-04-28T12:32:40.389+0000] {dag.py:3834} INFO - Setting next_dagrun for first_dag to 0202-08-01 00:00:00+00:00, run_after=0202-08-02 00:00:00+00:00
[2026-04-28T12:32:40.404+0000] {processor.py:183} INFO - Processing /opt/airflow/dags/dag_1.py took 0.127 seconds
[2026-04-28T12:32:42.662+0000] {processor.py:161} INFO - Started process (PID=2345) to work on /opt/airflow/dags/dag_1.py
[2026-04-28T12:32:42.662+0000] {processor.py:830} INFO - Processing file /opt/airflow/dags/dag_1.py for tasks to queue
[2026-04-28T12:32:42.665+0000] {logging_mixin.py:188} INFO - [2026-04-28T12:32:42.664+0000] {dagbag.py:540} INFO - Filling up the DagBag from /opt/airflow/dags/dag_1.py
[2026-04-28T12:32:42.675+0000] {processor.py:840} INFO - DAG(s) 'first_dag' retrieved from /opt/airflow/dags/dag_1.py
[2026-04-28T12:32:42.687+0000] {logging_mixin.py:188} INFO - [2026-04-28T12:32:42.687+0000] {dag.py:3047} INFO - Sync 1 DAGs
[2026-04-28T12:32:42.713+0000] {logging_mixin.py:188} INFO - [2026-04-28T12:32:42.713+0000] {dag.py:3834} INFO - Setting next_dagrun for first_dag to 2026-08-01 00:00:00+00:00, run_after=2026-08-02 00:00:00+00:00
[2026-04-28T12:32:42.733+0000] {processor.py:183} INFO - Processing /opt/airflow/dags/dag_1.py took 0.078 seconds
[2026-04-28T12:32:48.365+0000] {processor.py:161} INFO - Started process (PID=2358) to work on /opt/airflow/dags/dag_1.py
[2026-04-28T12:32:48.366+0000] {processor.py:830} INFO - Processing file /opt/airflow/dags/dag_1.py for tasks to queue
[2026-04-28T12:32:48.367+0000] {logging_mixin.py:188} INFO - [2026-04-28T12:32:48.367+0000] {dagbag.py:540} INFO - Filling up the DagBag from /opt/airflow/dags/dag_1.py
[2026-04-28T12:32:48.375+0000] {processor.py:840} INFO - DAG(s) 'first_dag' retrieved from /opt/airflow/dags/dag_1.py
[2026-04-28T12:32:48.385+0000] {logging_mixin.py:188} INFO - [2026-04-28T12:32:48.385+0000] {dag.py:3047} INFO - Sync 1 DAGs
[2026-04-28T12:32:48.403+0000] {logging_mixin.py:188} INFO - [2026-04-28T12:32:48.403+0000] {dag.py:3834} INFO - Setting next_dagrun for first_dag to 2026-04-01 00:00:00+00:00, run_after=2026-04-02 00:00:00+00:00
[2026-04-28T12:32:48.417+0000] {processor.py:183} INFO - Processing /opt/airflow/dags/dag_1.py took 0.055 seconds
[2026-04-28T12:33:18.661+0000] {processor.py:161} INFO - Started process (PID=2414) to work on /opt/airflow/dags/dag_1.py
[2026-04-28T12:33:18.661+0000] {processor.py:830} INFO - Processing file /opt/airflow/dags/dag_1.py for tasks to queue
[2026-04-28T12:33:18.663+0000] {logging_mixin.py:188} INFO - [2026-04-28T12:33:18.663+0000] {dagbag.py:540} INFO - Filling up the DagBag from /opt/airflow/dags/dag_1.py
[2026-04-28T12:33:18.670+0000] {processor.py:840} INFO - DAG(s) 'first_dag' retrieved from /opt/airflow/dags/dag_1.py
[2026-04-28T12:33:18.750+0000] {logging_mixin.py:188} INFO - [2026-04-28T12:33:18.750+0000] {dag.py:3047} INFO - Sync 1 DAGs
[2026-04-28T12:33:18.764+0000] {logging_mixin.py:188} INFO - [2026-04-28T12:33:18.764+0000] {dag.py:3834} INFO - Setting next_dagrun for first_dag to 2026-04-01 00:00:00+00:00, run_after=2026-04-02 00:00:00+00:00
[2026-04-28T12:33:18.777+0000] {processor.py:183} INFO - Processing /opt/airflow/dags/dag_1.py took 0.120 seconds
[2026-04-28T12:33:49.087+0000] {processor.py:161} INFO - Started process (PID=2470) to work on /opt/airflow/dags/dag_1.py
[2026-04-28T12:33:49.088+0000] {processor.py:830} INFO - Processing file /opt/airflow/dags/dag_1.py for tasks to queue
[2026-04-28T12:33:49.090+0000] {logging_mixin.py:188} INFO - [2026-04-28T12:33:49.090+0000] {dagbag.py:540} INFO - Filling up the DagBag from /opt/airflow/dags/dag_1.py
[2026-04-28T12:33:49.097+0000] {processor.py:840} INFO - DAG(s) 'first_dag' retrieved from /opt/airflow/dags/dag_1.py
[2026-04-28T12:33:49.114+0000] {logging_mixin.py:188} INFO - [2026-04-28T12:33:49.113+0000] {dag.py:3047} INFO - Sync 1 DAGs
[2026-04-28T12:33:49.131+0000] {logging_mixin.py:188} INFO - [2026-04-28T12:33:49.130+0000] {dag.py:3834} INFO - Setting next_dagrun for first_dag to 2026-04-01 00:00:00+00:00, run_after=2026-04-02 00:00:00+00:00
[2026-04-28T12:33:49.146+0000] {processor.py:183} INFO - Processing /opt/airflow/dags/dag_1.py took 0.062 seconds
[2026-04-28T12:34:19.619+0000] {processor.py:161} INFO - Started process (PID=2526) to work on /opt/airflow/dags/dag_1.py
[2026-04-28T12:34:19.621+0000] {processor.py:830} INFO - Processing file /opt/airflow/dags/dag_1.py for tasks to queue
[2026-04-28T12:34:19.627+0000] {logging_mixin.py:188} INFO - [2026-04-28T12:34:19.626+0000] {dagbag.py:540} INFO - Filling up the DagBag from /opt/airflow/dags/dag_1.py
[2026-04-28T12:34:19.639+0000] {processor.py:840} INFO - DAG(s) 'first_dag' retrieved from /opt/airflow/dags/dag_1.py
[2026-04-28T12:34:19.680+0000] {logging_mixin.py:188} INFO - [2026-04-28T12:34:19.680+0000] {dag.py:3047} INFO - Sync 1 DAGs
[2026-04-28T12:34:19.736+0000] {processor.py:183} INFO - Processing /opt/airflow/dags/dag_1.py took 0.123 seconds
[2026-04-28T12:34:50.069+0000] {processor.py:161} INFO - Started process (PID=2582) to work on /opt/airflow/dags/dag_1.py
[2026-04-28T12:34:50.070+0000] {processor.py:830} INFO - Processing file /opt/airflow/dags/dag_1.py for tasks to queue
[2026-04-28T12:34:50.072+0000] {logging_mixin.py:188} INFO - [2026-04-28T12:34:50.072+0000] {dagbag.py:540} INFO - Filling up the DagBag from /opt/airflow/dags/dag_1.py
[2026-04-28T12:34:50.079+0000] {processor.py:840} INFO - DAG(s) 'first_dag' retrieved from /opt/airflow/dags/dag_1.py
[2026-04-28T12:34:50.095+0000] {logging_mixin.py:188} INFO - [2026-04-28T12:34:50.095+0000] {dag.py:3047} INFO - Sync 1 DAGs
[2026-04-28T12:34:50.112+0000] {logging_mixin.py:188} INFO - [2026-04-28T12:34:50.112+0000] {dag.py:3834} INFO - Setting next_dagrun for first_dag to 2026-04-28 00:00:00+00:00, run_after=2026-04-29 00:00:00+00:00
[2026-04-28T12:34:50.126+0000] {processor.py:183} INFO - Processing /opt/airflow/dags/dag_1.py took 0.059 seconds
[2026-04-28T12:35:20.445+0000] {processor.py:161} INFO - Started process (PID=2638) to work on /opt/airflow/dags/dag_1.py
[2026-04-28T12:35:20.476+0000] {processor.py:830} INFO - Processing file /opt/airflow/dags/dag_1.py for tasks to queue
[2026-04-28T12:35:20.480+0000] {logging_mixin.py:188} INFO - [2026-04-28T12:35:20.478+0000] {dagbag.py:540} INFO - Filling up the DagBag from /opt/airflow/dags/dag_1.py
[2026-04-28T12:35:20.498+0000] {processor.py:840} INFO - DAG(s) 'first_dag' retrieved from /opt/airflow/dags/dag_1.py
[2026-04-28T12:35:20.529+0000] {logging_mixin.py:188} INFO - [2026-04-28T12:35:20.529+0000] {dag.py:3047} INFO - Sync 1 DAGs
[2026-04-28T12:35:20.555+0000] {logging_mixin.py:188} INFO - [2026-04-28T12:35:20.555+0000] {dag.py:3834} INFO - Setting next_dagrun for first_dag to 2026-04-28 00:00:00+00:00, run_after=2026-04-29 00:00:00+00:00
[2026-04-28T12:35:20.572+0000] {processor.py:183} INFO - Processing /opt/airflow/dags/dag_1.py took 0.140 seconds
[2026-04-28T12:35:50.951+0000] {processor.py:161} INFO - Started process (PID=2693) to work on /opt/airflow/dags/dag_1.py
[2026-04-28T12:35:50.952+0000] {processor.py:830} INFO - Processing file /opt/airflow/dags/dag_1.py for tasks to queue
[2026-04-28T12:35:50.953+0000] {logging_mixin.py:188} INFO - [2026-04-28T12:35:50.953+0000] {dagbag.py:540} INFO - Filling up the DagBag from /opt/airflow/dags/dag_1.py
[2026-04-28T12:35:50.960+0000] {processor.py:840} INFO - DAG(s) 'first_dag' retrieved from /opt/airflow/dags/dag_1.py
[2026-04-28T12:35:50.977+0000] {logging_mixin.py:188} INFO - [2026-04-28T12:35:50.976+0000] {dag.py:3047} INFO - Sync 1 DAGs
[2026-04-28T12:35:50.994+0000] {logging_mixin.py:188} INFO - [2026-04-28T12:35:50.994+0000] {dag.py:3834} INFO - Setting next_dagrun for first_dag to 2026-04-28 00:00:00+00:00, run_after=2026-04-29 00:00:00+00:00
[2026-04-28T12:35:51.007+0000] {processor.py:183} INFO - Processing /opt/airflow/dags/dag_1.py took 0.059 seconds
[2026-04-28T12:36:21.350+0000] {processor.py:161} INFO - Started process (PID=2749) to work on /opt/airflow/dags/dag_1.py
[2026-04-28T12:36:21.351+0000] {processor.py:830} INFO - Processing file /opt/airflow/dags/dag_1.py for tasks to queue
[2026-04-28T12:36:21.353+0000] {logging_mixin.py:188} INFO - [2026-04-28T12:36:21.353+0000] {dagbag.py:540} INFO - Filling up the DagBag from /opt/airflow/dags/dag_1.py
[2026-04-28T12:36:21.360+0000] {processor.py:840} INFO - DAG(s) 'first_dag' retrieved from /opt/airflow/dags/dag_1.py
[2026-04-28T12:36:21.376+0000] {logging_mixin.py:188} INFO - [2026-04-28T12:36:21.376+0000] {dag.py:3047} INFO - Sync 1 DAGs
[2026-04-28T12:36:21.394+0000] {logging_mixin.py:188} INFO - [2026-04-28T12:36:21.394+0000] {dag.py:3834} INFO - Setting next_dagrun for first_dag to 2026-04-28 00:00:00+00:00, run_after=2026-04-29 00:00:00+00:00
[2026-04-28T12:36:21.407+0000] {processor.py:183} INFO - Processing /opt/airflow/dags/dag_1.py took 0.059 seconds
[2026-04-28T12:36:51.909+0000] {processor.py:161} INFO - Started process (PID=2805) to work on /opt/airflow/dags/dag_1.py
[2026-04-28T12:36:51.910+0000] {processor.py:830} INFO - Processing file /opt/airflow/dags/dag_1.py for tasks to queue
[2026-04-28T12:36:51.911+0000] {logging_mixin.py:188} INFO - [2026-04-28T12:36:51.911+0000] {dagbag.py:540} INFO - Filling up the DagBag from /opt/airflow/dags/dag_1.py
[2026-04-28T12:36:51.918+0000] {processor.py:840} INFO - DAG(s) 'first_dag' retrieved from /opt/airflow/dags/dag_1.py
[2026-04-28T12:36:51.939+0000] {logging_mixin.py:188} INFO - [2026-04-28T12:36:51.938+0000] {dag.py:3047} INFO - Sync 1 DAGs
[2026-04-28T12:36:51.967+0000] {logging_mixin.py:188} INFO - [2026-04-28T12:36:51.966+0000] {dag.py:3834} INFO - Setting next_dagrun for first_dag to 2026-04-28 00:00:00+00:00, run_after=2026-04-29 00:00:00+00:00
[2026-04-28T12:36:52.004+0000] {processor.py:183} INFO - Processing /opt/airflow/dags/dag_1.py took 0.098 seconds
[2026-04-28T12:37:22.653+0000] {processor.py:161} INFO - Started process (PID=2861) to work on /opt/airflow/dags/dag_1.py
[2026-04-28T12:37:22.654+0000] {processor.py:830} INFO - Processing file /opt/airflow/dags/dag_1.py for tasks to queue
[2026-04-28T12:37:22.656+0000] {logging_mixin.py:188} INFO - [2026-04-28T12:37:22.656+0000] {dagbag.py:540} INFO - Filling up the DagBag from /opt/airflow/dags/dag_1.py
[2026-04-28T12:37:22.663+0000] {processor.py:840} INFO - DAG(s) 'first_dag' retrieved from /opt/airflow/dags/dag_1.py
[2026-04-28T12:37:22.679+0000] {logging_mixin.py:188} INFO - [2026-04-28T12:37:22.679+0000] {dag.py:3047} INFO - Sync 1 DAGs
[2026-04-28T12:37:22.696+0000] {logging_mixin.py:188} INFO - [2026-04-28T12:37:22.696+0000] {dag.py:3834} INFO - Setting next_dagrun for first_dag to 2026-04-28 00:00:00+00:00, run_after=2026-04-29 00:00:00+00:00
[2026-04-28T12:37:22.709+0000] {processor.py:183} INFO - Processing /opt/airflow/dags/dag_1.py took 0.059 seconds
[2026-04-28T12:37:53.469+0000] {processor.py:161} INFO - Started process (PID=2917) to work on /opt/airflow/dags/dag_1.py
[2026-04-28T12:37:53.470+0000] {processor.py:830} INFO - Processing file /opt/airflow/dags/dag_1.py for tasks to queue
[2026-04-28T12:37:53.471+0000] {logging_mixin.py:188} INFO - [2026-04-28T12:37:53.471+0000] {dagbag.py:540} INFO - Filling up the DagBag from /opt/airflow/dags/dag_1.py
[2026-04-28T12:37:53.478+0000] {processor.py:840} INFO - DAG(s) 'first_dag' retrieved from /opt/airflow/dags/dag_1.py
[2026-04-28T12:37:53.495+0000] {logging_mixin.py:188} INFO - [2026-04-28T12:37:53.495+0000] {dag.py:3047} INFO - Sync 1 DAGs
[2026-04-28T12:37:53.512+0000] {logging_mixin.py:188} INFO - [2026-04-28T12:37:53.512+0000] {dag.py:3834} INFO - Setting next_dagrun for first_dag to 2026-04-28 00:00:00+00:00, run_after=2026-04-29 00:00:00+00:00
[2026-04-28T12:37:53.525+0000] {processor.py:183} INFO - Processing /opt/airflow/dags/dag_1.py took 0.059 seconds
[2026-04-28T12:38:24.118+0000] {processor.py:161} INFO - Started process (PID=2973) to work on /opt/airflow/dags/dag_1.py
[2026-04-28T12:38:24.119+0000] {processor.py:830} INFO - Processing file /opt/airflow/dags/dag_1.py for tasks to queue
[2026-04-28T12:38:24.121+0000] {logging_mixin.py:188} INFO - [2026-04-28T12:38:24.120+0000] {dagbag.py:540} INFO - Filling up the DagBag from /opt/airflow/dags/dag_1.py
[2026-04-28T12:38:24.127+0000] {processor.py:840} INFO - DAG(s) 'first_dag' retrieved from /opt/airflow/dags/dag_1.py
[2026-04-28T12:38:24.143+0000] {logging_mixin.py:188} INFO - [2026-04-28T12:38:24.143+0000] {dag.py:3047} INFO - Sync 1 DAGs
[2026-04-28T12:38:24.171+0000] {logging_mixin.py:188} INFO - [2026-04-28T12:38:24.171+0000] {dag.py:3834} INFO - Setting next_dagrun for first_dag to 2026-04-28 00:00:00+00:00, run_after=2026-04-29 00:00:00+00:00
[2026-04-28T12:38:24.185+0000] {processor.py:183} INFO - Processing /opt/airflow/dags/dag_1.py took 0.070 seconds
[2026-04-28T12:38:54.626+0000] {processor.py:161} INFO - Started process (PID=3029) to work on /opt/airflow/dags/dag_1.py
[2026-04-28T12:38:54.627+0000] {processor.py:830} INFO - Processing file /opt/airflow/dags/dag_1.py for tasks to queue
[2026-04-28T12:38:54.629+0000] {logging_mixin.py:188} INFO - [2026-04-28T12:38:54.629+0000] {dagbag.py:540} INFO - Filling up the DagBag from /opt/airflow/dags/dag_1.py
[2026-04-28T12:38:54.636+0000] {processor.py:840} INFO - DAG(s) 'first_dag' retrieved from /opt/airflow/dags/dag_1.py
[2026-04-28T12:38:54.652+0000] {logging_mixin.py:188} INFO - [2026-04-28T12:38:54.652+0000] {dag.py:3047} INFO - Sync 1 DAGs
[2026-04-28T12:38:54.670+0000] {logging_mixin.py:188} INFO - [2026-04-28T12:38:54.670+0000] {dag.py:3834} INFO - Setting next_dagrun for first_dag to 2026-04-28 00:00:00+00:00, run_after=2026-04-29 00:00:00+00:00
[2026-04-28T12:38:54.683+0000] {processor.py:183} INFO - Processing /opt/airflow/dags/dag_1.py took 0.059 seconds
[2026-04-28T12:39:25.095+0000] {processor.py:161} INFO - Started process (PID=3085) to work on /opt/airflow/dags/dag_1.py
[2026-04-28T12:39:25.096+0000] {processor.py:830} INFO - Processing file /opt/airflow/dags/dag_1.py for tasks to queue
[2026-04-28T12:39:25.097+0000] {logging_mixin.py:188} INFO - [2026-04-28T12:39:25.097+0000] {dagbag.py:540} INFO - Filling up the DagBag from /opt/airflow/dags/dag_1.py
[2026-04-28T12:39:25.104+0000] {processor.py:840} INFO - DAG(s) 'first_dag' retrieved from /opt/airflow/dags/dag_1.py
[2026-04-28T12:39:25.120+0000] {logging_mixin.py:188} INFO - [2026-04-28T12:39:25.120+0000] {dag.py:3047} INFO - Sync 1 DAGs
[2026-04-28T12:39:25.138+0000] {logging_mixin.py:188} INFO - [2026-04-28T12:39:25.138+0000] {dag.py:3834} INFO - Setting next_dagrun for first_dag to 2026-04-28 00:00:00+00:00, run_after=2026-04-29 00:00:00+00:00
[2026-04-28T12:39:25.152+0000] {processor.py:183} INFO - Processing /opt/airflow/dags/dag_1.py took 0.061 seconds
[2026-04-28T12:39:55.654+0000] {processor.py:161} INFO - Started process (PID=3141) to work on /opt/airflow/dags/dag_1.py
[2026-04-28T12:39:55.655+0000] {processor.py:830} INFO - Processing file /opt/airflow/dags/dag_1.py for tasks to queue
[2026-04-28T12:39:55.657+0000] {logging_mixin.py:188} INFO - [2026-04-28T12:39:55.657+0000] {dagbag.py:540} INFO - Filling up the DagBag from /opt/airflow/dags/dag_1.py
[2026-04-28T12:39:55.664+0000] {processor.py:840} INFO - DAG(s) 'first_dag' retrieved from /opt/airflow/dags/dag_1.py
[2026-04-28T12:39:55.680+0000] {logging_mixin.py:188} INFO - [2026-04-28T12:39:55.680+0000] {dag.py:3047} INFO - Sync 1 DAGs
[2026-04-28T12:39:55.699+0000] {logging_mixin.py:188} INFO - [2026-04-28T12:39:55.699+0000] {dag.py:3834} INFO - Setting next_dagrun for first_dag to 2026-04-28 00:00:00+00:00, run_after=2026-04-29 00:00:00+00:00
[2026-04-28T12:39:55.711+0000] {processor.py:183} INFO - Processing /opt/airflow/dags/dag_1.py took 0.060 seconds
[2026-04-28T12:40:26.019+0000] {processor.py:161} INFO - Started process (PID=3197) to work on /opt/airflow/dags/dag_1.py
[2026-04-28T12:40:26.020+0000] {processor.py:830} INFO - Processing file /opt/airflow/dags/dag_1.py for tasks to queue
[2026-04-28T12:40:26.022+0000] {logging_mixin.py:188} INFO - [2026-04-28T12:40:26.021+0000] {dagbag.py:540} INFO - Filling up the DagBag from /opt/airflow/dags/dag_1.py
[2026-04-28T12:40:26.028+0000] {processor.py:840} INFO - DAG(s) 'first_dag' retrieved from /opt/airflow/dags/dag_1.py
[2026-04-28T12:40:26.044+0000] {logging_mixin.py:188} INFO - [2026-04-28T12:40:26.044+0000] {dag.py:3047} INFO - Sync 1 DAGs
[2026-04-28T12:40:26.063+0000] {logging_mixin.py:188} INFO - [2026-04-28T12:40:26.063+0000] {dag.py:3834} INFO - Setting next_dagrun for first_dag to 2026-04-28 00:00:00+00:00, run_after=2026-04-29 00:00:00+00:00
[2026-04-28T12:40:26.075+0000] {processor.py:183} INFO - Processing /opt/airflow/dags/dag_1.py took 0.059 seconds
[2026-04-28T12:40:57.044+0000] {processor.py:161} INFO - Started process (PID=3253) to work on /opt/airflow/dags/dag_1.py
[2026-04-28T12:40:57.045+0000] {processor.py:830} INFO - Processing file /opt/airflow/dags/dag_1.py for tasks to queue
[2026-04-28T12:40:57.046+0000] {logging_mixin.py:188} INFO - [2026-04-28T12:40:57.046+0000] {dagbag.py:540} INFO - Filling up the DagBag from /opt/airflow/dags/dag_1.py
[2026-04-28T12:40:57.053+0000] {processor.py:840} INFO - DAG(s) 'first_dag' retrieved from /opt/airflow/dags/dag_1.py
[2026-04-28T12:40:57.070+0000] {logging_mixin.py:188} INFO - [2026-04-28T12:40:57.070+0000] {dag.py:3047} INFO - Sync 1 DAGs
[2026-04-28T12:40:57.098+0000] {logging_mixin.py:188} INFO - [2026-04-28T12:40:57.097+0000] {dag.py:3834} INFO - Setting next_dagrun for first_dag to 2026-04-28 00:00:00+00:00, run_after=2026-04-29 00:00:00+00:00
[2026-04-28T12:40:57.111+0000] {processor.py:183} INFO - Processing /opt/airflow/dags/dag_1.py took 0.070 seconds
[2026-04-28T12:41:27.442+0000] {processor.py:161} INFO - Started process (PID=3309) to work on /opt/airflow/dags/dag_1.py
[2026-04-28T12:41:27.445+0000] {processor.py:830} INFO - Processing file /opt/airflow/dags/dag_1.py for tasks to queue
[2026-04-28T12:41:27.450+0000] {logging_mixin.py:188} INFO - [2026-04-28T12:41:27.448+0000] {dagbag.py:540} INFO - Filling up the DagBag from /opt/airflow/dags/dag_1.py
[2026-04-28T12:41:27.475+0000] {processor.py:840} INFO - DAG(s) 'first_dag' retrieved from /opt/airflow/dags/dag_1.py
[2026-04-28T12:41:27.511+0000] {logging_mixin.py:188} INFO - [2026-04-28T12:41:27.511+0000] {dag.py:3047} INFO - Sync 1 DAGs
[2026-04-28T12:41:27.530+0000] {logging_mixin.py:188} INFO - [2026-04-28T12:41:27.530+0000] {dag.py:3834} INFO - Setting next_dagrun for first_dag to 2026-04-28 00:00:00+00:00, run_after=2026-04-29 00:00:00+00:00
[2026-04-28T12:41:27.542+0000] {processor.py:183} INFO - Processing /opt/airflow/dags/dag_1.py took 0.105 seconds
[2026-04-28T12:41:57.851+0000] {processor.py:161} INFO - Started process (PID=3365) to work on /opt/airflow/dags/dag_1.py
[2026-04-28T12:41:57.853+0000] {processor.py:830} INFO - Processing file /opt/airflow/dags/dag_1.py for tasks to queue
[2026-04-28T12:41:57.856+0000] {logging_mixin.py:188} INFO - [2026-04-28T12:41:57.856+0000] {dagbag.py:540} INFO - Filling up the DagBag from /opt/airflow/dags/dag_1.py
[2026-04-28T12:41:57.865+0000] {processor.py:840} INFO - DAG(s) 'first_dag' retrieved from /opt/airflow/dags/dag_1.py
[2026-04-28T12:41:57.886+0000] {logging_mixin.py:188} INFO - [2026-04-28T12:41:57.886+0000] {dag.py:3047} INFO - Sync 1 DAGs
[2026-04-28T12:41:57.904+0000] {logging_mixin.py:188} INFO - [2026-04-28T12:41:57.903+0000] {dag.py:3834} INFO - Setting next_dagrun for first_dag to 2026-04-28 00:00:00+00:00, run_after=2026-04-29 00:00:00+00:00
[2026-04-28T12:41:57.916+0000] {processor.py:183} INFO - Processing /opt/airflow/dags/dag_1.py took 0.069 seconds
[2026-04-28T12:42:27.939+0000] {processor.py:161} INFO - Started process (PID=3421) to work on /opt/airflow/dags/dag_1.py
[2026-04-28T12:42:27.940+0000] {processor.py:830} INFO - Processing file /opt/airflow/dags/dag_1.py for tasks to queue
[2026-04-28T12:42:27.941+0000] {logging_mixin.py:188} INFO - [2026-04-28T12:42:27.941+0000] {dagbag.py:540} INFO - Filling up the DagBag from /opt/airflow/dags/dag_1.py
[2026-04-28T12:42:27.951+0000] {processor.py:840} INFO - DAG(s) 'first_dag' retrieved from /opt/airflow/dags/dag_1.py
[2026-04-28T12:42:27.969+0000] {logging_mixin.py:188} INFO - [2026-04-28T12:42:27.969+0000] {dag.py:3047} INFO - Sync 1 DAGs
[2026-04-28T12:42:27.986+0000] {logging_mixin.py:188} INFO - [2026-04-28T12:42:27.986+0000] {dag.py:3834} INFO - Setting next_dagrun for first_dag to 2026-04-28 00:00:00+00:00, run_after=2026-04-29 00:00:00+00:00
[2026-04-28T12:42:27.999+0000] {processor.py:183} INFO - Processing /opt/airflow/dags/dag_1.py took 0.063 seconds
[2026-04-28T12:42:58.195+0000] {processor.py:161} INFO - Started process (PID=3477) to work on /opt/airflow/dags/dag_1.py
[2026-04-28T12:42:58.196+0000] {processor.py:830} INFO - Processing file /opt/airflow/dags/dag_1.py for tasks to queue
[2026-04-28T12:42:58.198+0000] {logging_mixin.py:188} INFO - [2026-04-28T12:42:58.198+0000] {dagbag.py:540} INFO - Filling up the DagBag from /opt/airflow/dags/dag_1.py
[2026-04-28T12:42:58.208+0000] {processor.py:840} INFO - DAG(s) 'first_dag' retrieved from /opt/airflow/dags/dag_1.py
[2026-04-28T12:42:58.232+0000] {logging_mixin.py:188} INFO - [2026-04-28T12:42:58.232+0000] {dag.py:3047} INFO - Sync 1 DAGs
[2026-04-28T12:42:58.260+0000] {logging_mixin.py:188} INFO - [2026-04-28T12:42:58.260+0000] {dag.py:3834} INFO - Setting next_dagrun for first_dag to 2026-04-28 00:00:00+00:00, run_after=2026-04-29 00:00:00+00:00
[2026-04-28T12:42:58.279+0000] {processor.py:183} INFO - Processing /opt/airflow/dags/dag_1.py took 0.088 seconds
[2026-04-28T12:43:28.801+0000] {processor.py:161} INFO - Started process (PID=3533) to work on /opt/airflow/dags/dag_1.py
[2026-04-28T12:43:28.802+0000] {processor.py:830} INFO - Processing file /opt/airflow/dags/dag_1.py for tasks to queue
[2026-04-28T12:43:28.804+0000] {logging_mixin.py:188} INFO - [2026-04-28T12:43:28.803+0000] {dagbag.py:540} INFO - Filling up the DagBag from /opt/airflow/dags/dag_1.py
[2026-04-28T12:43:28.810+0000] {processor.py:840} INFO - DAG(s) 'first_dag' retrieved from /opt/airflow/dags/dag_1.py
[2026-04-28T12:43:28.827+0000] {logging_mixin.py:188} INFO - [2026-04-28T12:43:28.827+0000] {dag.py:3047} INFO - Sync 1 DAGs
[2026-04-28T12:43:28.845+0000] {logging_mixin.py:188} INFO - [2026-04-28T12:43:28.844+0000] {dag.py:3834} INFO - Setting next_dagrun for first_dag to 2026-04-28 00:00:00+00:00, run_after=2026-04-29 00:00:00+00:00
[2026-04-28T12:43:28.857+0000] {processor.py:183} INFO - Processing /opt/airflow/dags/dag_1.py took 0.061 seconds
[2026-04-28T12:43:59.771+0000] {processor.py:161} INFO - Started process (PID=3588) to work on /opt/airflow/dags/dag_1.py
[2026-04-28T12:43:59.774+0000] {processor.py:830} INFO - Processing file /opt/airflow/dags/dag_1.py for tasks to queue
[2026-04-28T12:43:59.779+0000] {logging_mixin.py:188} INFO - [2026-04-28T12:43:59.779+0000] {dagbag.py:540} INFO - Filling up the DagBag from /opt/airflow/dags/dag_1.py
[2026-04-28T12:43:59.792+0000] {processor.py:840} INFO - DAG(s) 'first_dag' retrieved from /opt/airflow/dags/dag_1.py
[2026-04-28T12:43:59.829+0000] {logging_mixin.py:188} INFO - [2026-04-28T12:43:59.829+0000] {dag.py:3047} INFO - Sync 1 DAGs
[2026-04-28T12:43:59.879+0000] {logging_mixin.py:188} INFO - [2026-04-28T12:43:59.879+0000] {dag.py:3834} INFO - Setting next_dagrun for first_dag to 2026-04-28 00:00:00+00:00, run_after=2026-04-29 00:00:00+00:00
[2026-04-28T12:43:59.896+0000] {processor.py:183} INFO - Processing /opt/airflow/dags/dag_1.py took 0.138 seconds
[2026-04-28T12:44:30.660+0000] {processor.py:161} INFO - Started process (PID=3644) to work on /opt/airflow/dags/dag_1.py
[2026-04-28T12:44:30.661+0000] {processor.py:830} INFO - Processing file /opt/airflow/dags/dag_1.py for tasks to queue
[2026-04-28T12:44:30.662+0000] {logging_mixin.py:188} INFO - [2026-04-28T12:44:30.662+0000] {dagbag.py:540} INFO - Filling up the DagBag from /opt/airflow/dags/dag_1.py
[2026-04-28T12:44:30.670+0000] {processor.py:840} INFO - DAG(s) 'first_dag' retrieved from /opt/airflow/dags/dag_1.py
[2026-04-28T12:44:30.693+0000] {logging_mixin.py:188} INFO - [2026-04-28T12:44:30.693+0000] {dag.py:3047} INFO - Sync 1 DAGs
[2026-04-28T12:44:30.710+0000] {logging_mixin.py:188} INFO - [2026-04-28T12:44:30.710+0000] {dag.py:3834} INFO - Setting next_dagrun for first_dag to 2026-04-28 00:00:00+00:00, run_after=2026-04-29 00:00:00+00:00
[2026-04-28T12:44:30.723+0000] {processor.py:183} INFO - Processing /opt/airflow/dags/dag_1.py took 0.066 seconds
[2026-04-28T12:45:00.956+0000] {processor.py:161} INFO - Started process (PID=3700) to work on /opt/airflow/dags/dag_1.py
[2026-04-28T12:45:00.958+0000] {processor.py:830} INFO - Processing file /opt/airflow/dags/dag_1.py for tasks to queue
[2026-04-28T12:45:00.960+0000] {logging_mixin.py:188} INFO - [2026-04-28T12:45:00.959+0000] {dagbag.py:540} INFO - Filling up the DagBag from /opt/airflow/dags/dag_1.py
[2026-04-28T12:45:00.973+0000] {processor.py:840} INFO - DAG(s) 'first_dag' retrieved from /opt/airflow/dags/dag_1.py
[2026-04-28T12:45:00.989+0000] {logging_mixin.py:188} INFO - [2026-04-28T12:45:00.988+0000] {dag.py:3047} INFO - Sync 1 DAGs
[2026-04-28T12:45:01.006+0000] {logging_mixin.py:188} INFO - [2026-04-28T12:45:01.005+0000] {dag.py:3834} INFO - Setting next_dagrun for first_dag to 2026-04-28 00:00:00+00:00, run_after=2026-04-29 00:00:00+00:00
[2026-04-28T12:45:01.019+0000] {processor.py:183} INFO - Processing /opt/airflow/dags/dag_1.py took 0.066 seconds
[2026-04-28T12:45:31.388+0000] {processor.py:161} INFO - Started process (PID=3755) to work on /opt/airflow/dags/dag_1.py
[2026-04-28T12:45:31.388+0000] {processor.py:830} INFO - Processing file /opt/airflow/dags/dag_1.py for tasks to queue
[2026-04-28T12:45:31.390+0000] {logging_mixin.py:188} INFO - [2026-04-28T12:45:31.390+0000] {dagbag.py:540} INFO - Filling up the DagBag from /opt/airflow/dags/dag_1.py
[2026-04-28T12:45:31.397+0000] {processor.py:840} INFO - DAG(s) 'first_dag' retrieved from /opt/airflow/dags/dag_1.py
[2026-04-28T12:45:31.415+0000] {logging_mixin.py:188} INFO - [2026-04-28T12:45:31.414+0000] {dag.py:3047} INFO - Sync 1 DAGs
[2026-04-28T12:45:31.432+0000] {logging_mixin.py:188} INFO - [2026-04-28T12:45:31.432+0000] {dag.py:3834} INFO - Setting next_dagrun for first_dag to 2026-04-28 00:00:00+00:00, run_after=2026-04-29 00:00:00+00:00
[2026-04-28T12:45:31.444+0000] {processor.py:183} INFO - Processing /opt/airflow/dags/dag_1.py took 0.060 seconds
[2026-04-28T12:46:01.578+0000] {processor.py:161} INFO - Started process (PID=3811) to work on /opt/airflow/dags/dag_1.py
[2026-04-28T12:46:01.579+0000] {processor.py:830} INFO - Processing file /opt/airflow/dags/dag_1.py for tasks to queue
[2026-04-28T12:46:01.581+0000] {logging_mixin.py:188} INFO - [2026-04-28T12:46:01.581+0000] {dagbag.py:540} INFO - Filling up the DagBag from /opt/airflow/dags/dag_1.py
[2026-04-28T12:46:01.591+0000] {processor.py:840} INFO - DAG(s) 'first_dag' retrieved from /opt/airflow/dags/dag_1.py
[2026-04-28T12:46:01.614+0000] {logging_mixin.py:188} INFO - [2026-04-28T12:46:01.614+0000] {dag.py:3047} INFO - Sync 1 DAGs
[2026-04-28T12:46:01.640+0000] {logging_mixin.py:188} INFO - [2026-04-28T12:46:01.640+0000] {dag.py:3834} INFO - Setting next_dagrun for first_dag to 2026-04-28 00:00:00+00:00, run_after=2026-04-29 00:00:00+00:00
[2026-04-28T12:46:01.662+0000] {processor.py:183} INFO - Processing /opt/airflow/dags/dag_1.py took 0.088 seconds
[2026-04-28T12:46:31.684+0000] {processor.py:161} INFO - Started process (PID=3867) to work on /opt/airflow/dags/dag_1.py
[2026-04-28T12:46:31.684+0000] {processor.py:830} INFO - Processing file /opt/airflow/dags/dag_1.py for tasks to queue
[2026-04-28T12:46:31.686+0000] {logging_mixin.py:188} INFO - [2026-04-28T12:46:31.686+0000] {dagbag.py:540} INFO - Filling up the DagBag from /opt/airflow/dags/dag_1.py
[2026-04-28T12:46:31.693+0000] {processor.py:840} INFO - DAG(s) 'first_dag' retrieved from /opt/airflow/dags/dag_1.py
[2026-04-28T12:46:31.709+0000] {logging_mixin.py:188} INFO - [2026-04-28T12:46:31.709+0000] {dag.py:3047} INFO - Sync 1 DAGs
[2026-04-28T12:46:31.734+0000] {logging_mixin.py:188} INFO - [2026-04-28T12:46:31.733+0000] {dag.py:3834} INFO - Setting next_dagrun for first_dag to 2026-04-28 00:00:00+00:00, run_after=2026-04-29 00:00:00+00:00
[2026-04-28T12:46:31.753+0000] {processor.py:183} INFO - Processing /opt/airflow/dags/dag_1.py took 0.072 seconds
[2026-04-28T12:47:01.961+0000] {processor.py:161} INFO - Started process (PID=3922) to work on /opt/airflow/dags/dag_1.py
[2026-04-28T12:47:01.962+0000] {processor.py:830} INFO - Processing file /opt/airflow/dags/dag_1.py for tasks to queue
[2026-04-28T12:47:01.964+0000] {logging_mixin.py:188} INFO - [2026-04-28T12:47:01.963+0000] {dagbag.py:540} INFO - Filling up the DagBag from /opt/airflow/dags/dag_1.py
[2026-04-28T12:47:01.973+0000] {processor.py:840} INFO - DAG(s) 'first_dag' retrieved from /opt/airflow/dags/dag_1.py
[2026-04-28T12:47:01.995+0000] {logging_mixin.py:188} INFO - [2026-04-28T12:47:01.995+0000] {dag.py:3047} INFO - Sync 1 DAGs
[2026-04-28T12:47:02.022+0000] {logging_mixin.py:188} INFO - [2026-04-28T12:47:02.022+0000] {dag.py:3834} INFO - Setting next_dagrun for first_dag to 2026-04-28 00:00:00+00:00, run_after=2026-04-29 00:00:00+00:00
[2026-04-28T12:47:02.040+0000] {processor.py:183} INFO - Processing /opt/airflow/dags/dag_1.py took 0.082 seconds
[2026-04-28T12:47:32.734+0000] {processor.py:161} INFO - Started process (PID=3978) to work on /opt/airflow/dags/dag_1.py
[2026-04-28T12:47:32.735+0000] {processor.py:830} INFO - Processing file /opt/airflow/dags/dag_1.py for tasks to queue
[2026-04-28T12:47:32.738+0000] {logging_mixin.py:188} INFO - [2026-04-28T12:47:32.738+0000] {dagbag.py:540} INFO - Filling up the DagBag from /opt/airflow/dags/dag_1.py
[2026-04-28T12:47:32.749+0000] {processor.py:840} INFO - DAG(s) 'first_dag' retrieved from /opt/airflow/dags/dag_1.py
[2026-04-28T12:47:32.802+0000] {logging_mixin.py:188} INFO - [2026-04-28T12:47:32.801+0000] {dag.py:3047} INFO - Sync 1 DAGs
[2026-04-28T12:47:32.857+0000] {logging_mixin.py:188} INFO - [2026-04-28T12:47:32.857+0000] {dag.py:3834} INFO - Setting next_dagrun for first_dag to 2026-04-28 00:00:00+00:00, run_after=2026-04-29 00:00:00+00:00
[2026-04-28T12:47:32.893+0000] {processor.py:183} INFO - Processing /opt/airflow/dags/dag_1.py took 0.168 seconds
[2026-04-28T12:48:02.964+0000] {processor.py:161} INFO - Started process (PID=4034) to work on /opt/airflow/dags/dag_1.py
[2026-04-28T12:48:02.965+0000] {processor.py:830} INFO - Processing file /opt/airflow/dags/dag_1.py for tasks to queue
[2026-04-28T12:48:02.967+0000] {logging_mixin.py:188} INFO - [2026-04-28T12:48:02.967+0000] {dagbag.py:540} INFO - Filling up the DagBag from /opt/airflow/dags/dag_1.py
[2026-04-28T12:48:02.977+0000] {processor.py:840} INFO - DAG(s) 'first_dag' retrieved from /opt/airflow/dags/dag_1.py
[2026-04-28T12:48:03.000+0000] {logging_mixin.py:188} INFO - [2026-04-28T12:48:03.000+0000] {dag.py:3047} INFO - Sync 1 DAGs
[2026-04-28T12:48:03.030+0000] {logging_mixin.py:188} INFO - [2026-04-28T12:48:03.030+0000] {dag.py:3834} INFO - Setting next_dagrun for first_dag to 2026-04-28 00:00:00+00:00, run_after=2026-04-29 00:00:00+00:00
[2026-04-28T12:48:03.048+0000] {processor.py:183} INFO - Processing /opt/airflow/dags/dag_1.py took 0.087 seconds
[2026-04-28T12:48:33.152+0000] {processor.py:161} INFO - Started process (PID=4090) to work on /opt/airflow/dags/dag_1.py
[2026-04-28T12:48:33.153+0000] {processor.py:830} INFO - Processing file /opt/airflow/dags/dag_1.py for tasks to queue
[2026-04-28T12:48:33.156+0000] {logging_mixin.py:188} INFO - [2026-04-28T12:48:33.155+0000] {dagbag.py:540} INFO - Filling up the DagBag from /opt/airflow/dags/dag_1.py
[2026-04-28T12:48:33.165+0000] {processor.py:840} INFO - DAG(s) 'first_dag' retrieved from /opt/airflow/dags/dag_1.py
[2026-04-28T12:48:33.188+0000] {logging_mixin.py:188} INFO - [2026-04-28T12:48:33.188+0000] {dag.py:3047} INFO - Sync 1 DAGs
[2026-04-28T12:48:33.218+0000] {logging_mixin.py:188} INFO - [2026-04-28T12:48:33.218+0000] {dag.py:3834} INFO - Setting next_dagrun for first_dag to 2026-04-28 00:00:00+00:00, run_after=2026-04-29 00:00:00+00:00
[2026-04-28T12:48:33.237+0000] {processor.py:183} INFO - Processing /opt/airflow/dags/dag_1.py took 0.089 seconds
[2026-04-28T12:49:03.338+0000] {processor.py:161} INFO - Started process (PID=4146) to work on /opt/airflow/dags/dag_1.py
[2026-04-28T12:49:03.339+0000] {processor.py:830} INFO - Processing file /opt/airflow/dags/dag_1.py for tasks to queue
[2026-04-28T12:49:03.341+0000] {logging_mixin.py:188} INFO - [2026-04-28T12:49:03.341+0000] {dagbag.py:540} INFO - Filling up the DagBag from /opt/airflow/dags/dag_1.py
[2026-04-28T12:49:03.350+0000] {processor.py:840} INFO - DAG(s) 'first_dag' retrieved from /opt/airflow/dags/dag_1.py
[2026-04-28T12:49:03.385+0000] {logging_mixin.py:188} INFO - [2026-04-28T12:49:03.385+0000] {dag.py:3047} INFO - Sync 1 DAGs
[2026-04-28T12:49:03.411+0000] {logging_mixin.py:188} INFO - [2026-04-28T12:49:03.411+0000] {dag.py:3834} INFO - Setting next_dagrun for first_dag to 2026-04-28 00:00:00+00:00, run_after=2026-04-29 00:00:00+00:00
[2026-04-28T12:49:03.430+0000] {processor.py:183} INFO - Processing /opt/airflow/dags/dag_1.py took 0.096 seconds
[2026-04-28T12:49:33.743+0000] {processor.py:161} INFO - Started process (PID=4199) to work on /opt/airflow/dags/dag_1.py
[2026-04-28T12:49:33.744+0000] {processor.py:830} INFO - Processing file /opt/airflow/dags/dag_1.py for tasks to queue
[2026-04-28T12:49:33.746+0000] {logging_mixin.py:188} INFO - [2026-04-28T12:49:33.746+0000] {dagbag.py:540} INFO - Filling up the DagBag from /opt/airflow/dags/dag_1.py
[2026-04-28T12:49:33.755+0000] {processor.py:840} INFO - DAG(s) 'first_dag' retrieved from /opt/airflow/dags/dag_1.py
[2026-04-28T12:49:33.779+0000] {logging_mixin.py:188} INFO - [2026-04-28T12:49:33.778+0000] {dag.py:3047} INFO - Sync 1 DAGs
[2026-04-28T12:49:33.804+0000] {logging_mixin.py:188} INFO - [2026-04-28T12:49:33.804+0000] {dag.py:3834} INFO - Setting next_dagrun for first_dag to 2026-04-28 00:00:00+00:00, run_after=2026-04-29 00:00:00+00:00
[2026-04-28T12:49:33.824+0000] {processor.py:183} INFO - Processing /opt/airflow/dags/dag_1.py took 0.084 seconds
[2026-04-28T12:50:04.130+0000] {processor.py:161} INFO - Started process (PID=4255) to work on /opt/airflow/dags/dag_1.py
[2026-04-28T12:50:04.131+0000] {processor.py:830} INFO - Processing file /opt/airflow/dags/dag_1.py for tasks to queue
[2026-04-28T12:50:04.133+0000] {logging_mixin.py:188} INFO - [2026-04-28T12:50:04.133+0000] {dagbag.py:540} INFO - Filling up the DagBag from /opt/airflow/dags/dag_1.py
[2026-04-28T12:50:04.142+0000] {processor.py:840} INFO - DAG(s) 'first_dag' retrieved from /opt/airflow/dags/dag_1.py
[2026-04-28T12:50:04.170+0000] {logging_mixin.py:188} INFO - [2026-04-28T12:50:04.170+0000] {dag.py:3047} INFO - Sync 1 DAGs
[2026-04-28T12:50:04.196+0000] {logging_mixin.py:188} INFO - [2026-04-28T12:50:04.196+0000] {dag.py:3834} INFO - Setting next_dagrun for first_dag to 2026-04-28 00:00:00+00:00, run_after=2026-04-29 00:00:00+00:00
[2026-04-28T12:50:04.216+0000] {processor.py:183} INFO - Processing /opt/airflow/dags/dag_1.py took 0.091 seconds
[2026-04-28T12:50:35.030+0000] {processor.py:161} INFO - Started process (PID=4311) to work on /opt/airflow/dags/dag_1.py
[2026-04-28T12:50:35.030+0000] {processor.py:830} INFO - Processing file /opt/airflow/dags/dag_1.py for tasks to queue
[2026-04-28T12:50:35.033+0000] {logging_mixin.py:188} INFO - [2026-04-28T12:50:35.032+0000] {dagbag.py:540} INFO - Filling up the DagBag from /opt/airflow/dags/dag_1.py
[2026-04-28T12:50:35.042+0000] {processor.py:840} INFO - DAG(s) 'first_dag' retrieved from /opt/airflow/dags/dag_1.py
[2026-04-28T12:50:35.064+0000] {logging_mixin.py:188} INFO - [2026-04-28T12:50:35.064+0000] {dag.py:3047} INFO - Sync 1 DAGs
[2026-04-28T12:50:35.091+0000] {logging_mixin.py:188} INFO - [2026-04-28T12:50:35.090+0000] {dag.py:3834} INFO - Setting next_dagrun for first_dag to 2026-04-28 00:00:00+00:00, run_after=2026-04-29 00:00:00+00:00
[2026-04-28T12:50:35.108+0000] {processor.py:183} INFO - Processing /opt/airflow/dags/dag_1.py took 0.082 seconds
[2026-04-28T12:51:05.308+0000] {processor.py:161} INFO - Started process (PID=4367) to work on /opt/airflow/dags/dag_1.py
[2026-04-28T12:51:05.309+0000] {processor.py:830} INFO - Processing file /opt/airflow/dags/dag_1.py for tasks to queue
[2026-04-28T12:51:05.311+0000] {logging_mixin.py:188} INFO - [2026-04-28T12:51:05.311+0000] {dagbag.py:540} INFO - Filling up the DagBag from /opt/airflow/dags/dag_1.py
[2026-04-28T12:51:05.321+0000] {processor.py:840} INFO - DAG(s) 'first_dag' retrieved from /opt/airflow/dags/dag_1.py
[2026-04-28T12:51:05.359+0000] {logging_mixin.py:188} INFO - [2026-04-28T12:51:05.359+0000] {dag.py:3047} INFO - Sync 1 DAGs
[2026-04-28T12:51:05.397+0000] {logging_mixin.py:188} INFO - [2026-04-28T12:51:05.397+0000] {dag.py:3834} INFO - Setting next_dagrun for first_dag to 2026-04-28 00:00:00+00:00, run_after=2026-04-29 00:00:00+00:00
[2026-04-28T12:51:05.414+0000] {processor.py:183} INFO - Processing /opt/airflow/dags/dag_1.py took 0.110 seconds
[2026-04-28T12:51:36.259+0000] {processor.py:161} INFO - Started process (PID=4429) to work on /opt/airflow/dags/dag_1.py
[2026-04-28T12:51:36.260+0000] {processor.py:830} INFO - Processing file /opt/airflow/dags/dag_1.py for tasks to queue
[2026-04-28T12:51:36.262+0000] {logging_mixin.py:188} INFO - [2026-04-28T12:51:36.262+0000] {dagbag.py:540} INFO - Filling up the DagBag from /opt/airflow/dags/dag_1.py
[2026-04-28T12:51:36.271+0000] {processor.py:840} INFO - DAG(s) 'first_dag' retrieved from /opt/airflow/dags/dag_1.py
[2026-04-28T12:51:36.294+0000] {logging_mixin.py:188} INFO - [2026-04-28T12:51:36.294+0000] {dag.py:3047} INFO - Sync 1 DAGs
[2026-04-28T12:51:36.322+0000] {logging_mixin.py:188} INFO - [2026-04-28T12:51:36.322+0000] {dag.py:3834} INFO - Setting next_dagrun for first_dag to 2026-04-28 00:00:00+00:00, run_after=2026-04-29 00:00:00+00:00
[2026-04-28T12:51:36.343+0000] {processor.py:183} INFO - Processing /opt/airflow/dags/dag_1.py took 0.088 seconds
[2026-04-28T12:52:07.146+0000] {processor.py:161} INFO - Started process (PID=4485) to work on /opt/airflow/dags/dag_1.py
[2026-04-28T12:52:07.147+0000] {processor.py:830} INFO - Processing file /opt/airflow/dags/dag_1.py for tasks to queue
[2026-04-28T12:52:07.149+0000] {logging_mixin.py:188} INFO - [2026-04-28T12:52:07.149+0000] {dagbag.py:540} INFO - Filling up the DagBag from /opt/airflow/dags/dag_1.py
[2026-04-28T12:52:07.161+0000] {processor.py:840} INFO - DAG(s) 'first_dag' retrieved from /opt/airflow/dags/dag_1.py
[2026-04-28T12:52:07.189+0000] {logging_mixin.py:188} INFO - [2026-04-28T12:52:07.189+0000] {dag.py:3047} INFO - Sync 1 DAGs
[2026-04-28T12:52:07.221+0000] {logging_mixin.py:188} INFO - [2026-04-28T12:52:07.221+0000] {dag.py:3834} INFO - Setting next_dagrun for first_dag to 2026-04-28 00:00:00+00:00, run_after=2026-04-29 00:00:00+00:00
[2026-04-28T12:52:07.239+0000] {processor.py:183} INFO - Processing /opt/airflow/dags/dag_1.py took 0.099 seconds
[2026-04-28T12:52:37.960+0000] {processor.py:161} INFO - Started process (PID=4541) to work on /opt/airflow/dags/dag_1.py
[2026-04-28T12:52:37.961+0000] {processor.py:830} INFO - Processing file /opt/airflow/dags/dag_1.py for tasks to queue
[2026-04-28T12:52:37.963+0000] {logging_mixin.py:188} INFO - [2026-04-28T12:52:37.963+0000] {dagbag.py:540} INFO - Filling up the DagBag from /opt/airflow/dags/dag_1.py
[2026-04-28T12:52:37.972+0000] {processor.py:840} INFO - DAG(s) 'first_dag' retrieved from /opt/airflow/dags/dag_1.py
[2026-04-28T12:52:37.995+0000] {logging_mixin.py:188} INFO - [2026-04-28T12:52:37.995+0000] {dag.py:3047} INFO - Sync 1 DAGs
[2026-04-28T12:52:38.021+0000] {logging_mixin.py:188} INFO - [2026-04-28T12:52:38.021+0000] {dag.py:3834} INFO - Setting next_dagrun for first_dag to 2026-04-28 00:00:00+00:00, run_after=2026-04-29 00:00:00+00:00
[2026-04-28T12:52:38.038+0000] {processor.py:183} INFO - Processing /opt/airflow/dags/dag_1.py took 0.082 seconds
[2026-04-28T12:53:08.222+0000] {processor.py:161} INFO - Started process (PID=4597) to work on /opt/airflow/dags/dag_1.py
[2026-04-28T12:53:08.223+0000] {processor.py:830} INFO - Processing file /opt/airflow/dags/dag_1.py for tasks to queue
[2026-04-28T12:53:08.225+0000] {logging_mixin.py:188} INFO - [2026-04-28T12:53:08.225+0000] {dagbag.py:540} INFO - Filling up the DagBag from /opt/airflow/dags/dag_1.py
[2026-04-28T12:53:08.235+0000] {processor.py:840} INFO - DAG(s) 'first_dag' retrieved from /opt/airflow/dags/dag_1.py
[2026-04-28T12:53:08.270+0000] {logging_mixin.py:188} INFO - [2026-04-28T12:53:08.269+0000] {dag.py:3047} INFO - Sync 1 DAGs
[2026-04-28T12:53:08.313+0000] {logging_mixin.py:188} INFO - [2026-04-28T12:53:08.313+0000] {dag.py:3834} INFO - Setting next_dagrun for first_dag to 2026-04-28 00:00:00+00:00, run_after=2026-04-29 00:00:00+00:00
[2026-04-28T12:53:08.329+0000] {processor.py:183} INFO - Processing /opt/airflow/dags/dag_1.py took 0.110 seconds
[2026-04-28T12:53:39.816+0000] {processor.py:161} INFO - Started process (PID=4653) to work on /opt/airflow/dags/dag_1.py
[2026-04-28T12:53:39.818+0000] {processor.py:830} INFO - Processing file /opt/airflow/dags/dag_1.py for tasks to queue
[2026-04-28T12:53:39.824+0000] {logging_mixin.py:188} INFO - [2026-04-28T12:53:39.824+0000] {dagbag.py:540} INFO - Filling up the DagBag from /opt/airflow/dags/dag_1.py
[2026-04-28T12:53:39.845+0000] {processor.py:840} INFO - DAG(s) 'first_dag' retrieved from /opt/airflow/dags/dag_1.py
[2026-04-28T12:53:39.884+0000] {logging_mixin.py:188} INFO - [2026-04-28T12:53:39.884+0000] {dag.py:3047} INFO - Sync 1 DAGs
[2026-04-28T12:53:39.944+0000] {logging_mixin.py:188} INFO - [2026-04-28T12:53:39.944+0000] {dag.py:3834} INFO - Setting next_dagrun for first_dag to 2026-04-28 00:00:00+00:00, run_after=2026-04-29 00:00:00+00:00
[2026-04-28T12:53:40.044+0000] {processor.py:183} INFO - Processing /opt/airflow/dags/dag_1.py took 0.246 seconds
[2026-04-28T12:54:10.230+0000] {processor.py:161} INFO - Started process (PID=4709) to work on /opt/airflow/dags/dag_1.py
[2026-04-28T12:54:10.232+0000] {processor.py:830} INFO - Processing file /opt/airflow/dags/dag_1.py for tasks to queue
[2026-04-28T12:54:10.236+0000] {logging_mixin.py:188} INFO - [2026-04-28T12:54:10.235+0000] {dagbag.py:540} INFO - Filling up the DagBag from /opt/airflow/dags/dag_1.py
[2026-04-28T12:54:10.254+0000] {processor.py:840} INFO - DAG(s) 'first_dag' retrieved from /opt/airflow/dags/dag_1.py
[2026-04-28T12:54:10.281+0000] {logging_mixin.py:188} INFO - [2026-04-28T12:54:10.281+0000] {dag.py:3047} INFO - Sync 1 DAGs
[2026-04-28T12:54:10.333+0000] {logging_mixin.py:188} INFO - [2026-04-28T12:54:10.332+0000] {dag.py:3834} INFO - Setting next_dagrun for first_dag to 2026-04-28 00:00:00+00:00, run_after=2026-04-29 00:00:00+00:00
[2026-04-28T12:54:10.363+0000] {processor.py:183} INFO - Processing /opt/airflow/dags/dag_1.py took 0.137 seconds
[2026-04-28T12:54:40.525+0000] {processor.py:161} INFO - Started process (PID=4765) to work on /opt/airflow/dags/dag_1.py
[2026-04-28T12:54:40.527+0000] {processor.py:830} INFO - Processing file /opt/airflow/dags/dag_1.py for tasks to queue
[2026-04-28T12:54:40.532+0000] {logging_mixin.py:188} INFO - [2026-04-28T12:54:40.531+0000] {dagbag.py:540} INFO - Filling up the DagBag from /opt/airflow/dags/dag_1.py
[2026-04-28T12:54:40.542+0000] {processor.py:840} INFO - DAG(s) 'first_dag' retrieved from /opt/airflow/dags/dag_1.py
[2026-04-28T12:54:40.564+0000] {logging_mixin.py:188} INFO - [2026-04-28T12:54:40.563+0000] {dag.py:3047} INFO - Sync 1 DAGs
[2026-04-28T12:54:40.589+0000] {logging_mixin.py:188} INFO - [2026-04-28T12:54:40.589+0000] {dag.py:3834} INFO - Setting next_dagrun for first_dag to 2026-04-28 00:00:00+00:00, run_after=2026-04-29 00:00:00+00:00
[2026-04-28T12:54:40.608+0000] {processor.py:183} INFO - Processing /opt/airflow/dags/dag_1.py took 0.090 seconds
[2026-04-28T12:55:10.649+0000] {processor.py:161} INFO - Started process (PID=4819) to work on /opt/airflow/dags/dag_1.py
[2026-04-28T12:55:10.650+0000] {processor.py:830} INFO - Processing file /opt/airflow/dags/dag_1.py for tasks to queue
[2026-04-28T12:55:10.652+0000] {logging_mixin.py:188} INFO - [2026-04-28T12:55:10.652+0000] {dagbag.py:540} INFO - Filling up the DagBag from /opt/airflow/dags/dag_1.py
[2026-04-28T12:55:10.661+0000] {processor.py:840} INFO - DAG(s) 'first_dag' retrieved from /opt/airflow/dags/dag_1.py
[2026-04-28T12:55:10.683+0000] {logging_mixin.py:188} INFO - [2026-04-28T12:55:10.682+0000] {dag.py:3047} INFO - Sync 1 DAGs
[2026-04-28T12:55:10.706+0000] {logging_mixin.py:188} INFO - [2026-04-28T12:55:10.706+0000] {dag.py:3834} INFO - Setting next_dagrun for first_dag to 2026-04-28 00:00:00+00:00, run_after=2026-04-29 00:00:00+00:00
[2026-04-28T12:55:10.723+0000] {processor.py:183} INFO - Processing /opt/airflow/dags/dag_1.py took 0.078 seconds
[2026-04-28T12:55:41.125+0000] {processor.py:161} INFO - Started process (PID=4866) to work on /opt/airflow/dags/dag_1.py
[2026-04-28T12:55:41.130+0000] {processor.py:830} INFO - Processing file /opt/airflow/dags/dag_1.py for tasks to queue
[2026-04-28T12:55:41.133+0000] {logging_mixin.py:188} INFO - [2026-04-28T12:55:41.132+0000] {dagbag.py:540} INFO - Filling up the DagBag from /opt/airflow/dags/dag_1.py
[2026-04-28T12:55:41.144+0000] {processor.py:840} INFO - DAG(s) 'first_dag' retrieved from /opt/airflow/dags/dag_1.py
[2026-04-28T12:55:41.168+0000] {logging_mixin.py:188} INFO - [2026-04-28T12:55:41.168+0000] {dag.py:3047} INFO - Sync 1 DAGs
[2026-04-28T12:55:41.205+0000] {logging_mixin.py:188} INFO - [2026-04-28T12:55:41.205+0000] {dag.py:3834} INFO - Setting next_dagrun for first_dag to 2026-04-28 00:00:00+00:00, run_after=2026-04-29 00:00:00+00:00
[2026-04-28T12:55:41.226+0000] {processor.py:183} INFO - Processing /opt/airflow/dags/dag_1.py took 0.104 seconds
[2026-04-28T12:56:11.258+0000] {processor.py:161} INFO - Started process (PID=4921) to work on /opt/airflow/dags/dag_1.py
[2026-04-28T12:56:11.259+0000] {processor.py:830} INFO - Processing file /opt/airflow/dags/dag_1.py for tasks to queue
[2026-04-28T12:56:11.261+0000] {logging_mixin.py:188} INFO - [2026-04-28T12:56:11.260+0000] {dagbag.py:540} INFO - Filling up the DagBag from /opt/airflow/dags/dag_1.py
[2026-04-28T12:56:11.268+0000] {processor.py:840} INFO - DAG(s) 'first_dag' retrieved from /opt/airflow/dags/dag_1.py
[2026-04-28T12:56:11.290+0000] {logging_mixin.py:188} INFO - [2026-04-28T12:56:11.289+0000] {dag.py:3047} INFO - Sync 1 DAGs
[2026-04-28T12:56:11.316+0000] {logging_mixin.py:188} INFO - [2026-04-28T12:56:11.316+0000] {dag.py:3834} INFO - Setting next_dagrun for first_dag to 2026-04-28 00:00:00+00:00, run_after=2026-04-29 00:00:00+00:00
[2026-04-28T12:56:11.329+0000] {processor.py:183} INFO - Processing /opt/airflow/dags/dag_1.py took 0.074 seconds
[2026-04-28T12:56:41.374+0000] {processor.py:161} INFO - Started process (PID=4975) to work on /opt/airflow/dags/dag_1.py
[2026-04-28T12:56:41.375+0000] {processor.py:830} INFO - Processing file /opt/airflow/dags/dag_1.py for tasks to queue
[2026-04-28T12:56:41.377+0000] {logging_mixin.py:188} INFO - [2026-04-28T12:56:41.377+0000] {dagbag.py:540} INFO - Filling up the DagBag from /opt/airflow/dags/dag_1.py
[2026-04-28T12:56:41.386+0000] {processor.py:840} INFO - DAG(s) 'first_dag' retrieved from /opt/airflow/dags/dag_1.py
[2026-04-28T12:56:41.409+0000] {logging_mixin.py:188} INFO - [2026-04-28T12:56:41.408+0000] {dag.py:3047} INFO - Sync 1 DAGs
[2026-04-28T12:56:41.434+0000] {logging_mixin.py:188} INFO - [2026-04-28T12:56:41.434+0000] {dag.py:3834} INFO - Setting next_dagrun for first_dag to 2026-04-28 00:00:00+00:00, run_after=2026-04-29 00:00:00+00:00
[2026-04-28T12:56:41.452+0000] {processor.py:183} INFO - Processing /opt/airflow/dags/dag_1.py took 0.082 seconds
[2026-04-28T12:57:12.164+0000] {processor.py:161} INFO - Started process (PID=5031) to work on /opt/airflow/dags/dag_1.py
[2026-04-28T12:57:12.166+0000] {processor.py:830} INFO - Processing file /opt/airflow/dags/dag_1.py for tasks to queue
[2026-04-28T12:57:12.173+0000] {logging_mixin.py:188} INFO - [2026-04-28T12:57:12.172+0000] {dagbag.py:540} INFO - Filling up the DagBag from /opt/airflow/dags/dag_1.py
[2026-04-28T12:57:12.198+0000] {processor.py:840} INFO - DAG(s) 'first_dag' retrieved from /opt/airflow/dags/dag_1.py
[2026-04-28T12:57:12.269+0000] {logging_mixin.py:188} INFO - [2026-04-28T12:57:12.269+0000] {dag.py:3047} INFO - Sync 1 DAGs
[2026-04-28T12:57:12.320+0000] {logging_mixin.py:188} INFO - [2026-04-28T12:57:12.320+0000] {dag.py:3834} INFO - Setting next_dagrun for first_dag to 2026-04-28 00:00:00+00:00, run_after=2026-04-29 00:00:00+00:00
[2026-04-28T12:57:12.360+0000] {processor.py:183} INFO - Processing /opt/airflow/dags/dag_1.py took 0.204 seconds
[2026-04-28T12:57:43.259+0000] {processor.py:161} INFO - Started process (PID=5087) to work on /opt/airflow/dags/dag_1.py
[2026-04-28T12:57:43.259+0000] {processor.py:830} INFO - Processing file /opt/airflow/dags/dag_1.py for tasks to queue
[2026-04-28T12:57:43.262+0000] {logging_mixin.py:188} INFO - [2026-04-28T12:57:43.262+0000] {dagbag.py:540} INFO - Filling up the DagBag from /opt/airflow/dags/dag_1.py
[2026-04-28T12:57:43.270+0000] {processor.py:840} INFO - DAG(s) 'first_dag' retrieved from /opt/airflow/dags/dag_1.py
[2026-04-28T12:57:43.293+0000] {logging_mixin.py:188} INFO - [2026-04-28T12:57:43.292+0000] {dag.py:3047} INFO - Sync 1 DAGs
[2026-04-28T12:57:43.318+0000] {logging_mixin.py:188} INFO - [2026-04-28T12:57:43.318+0000] {dag.py:3834} INFO - Setting next_dagrun for first_dag to 2026-04-28 00:00:00+00:00, run_after=2026-04-29 00:00:00+00:00
[2026-04-28T12:57:43.335+0000] {processor.py:183} INFO - Processing /opt/airflow/dags/dag_1.py took 0.081 seconds
[2026-04-28T12:58:13.542+0000] {processor.py:161} INFO - Started process (PID=5142) to work on /opt/airflow/dags/dag_1.py
[2026-04-28T12:58:13.545+0000] {processor.py:830} INFO - Processing file /opt/airflow/dags/dag_1.py for tasks to queue
[2026-04-28T12:58:13.552+0000] {logging_mixin.py:188} INFO - [2026-04-28T12:58:13.551+0000] {dagbag.py:540} INFO - Filling up the DagBag from /opt/airflow/dags/dag_1.py
[2026-04-28T12:58:13.569+0000] {processor.py:840} INFO - DAG(s) 'first_dag' retrieved from /opt/airflow/dags/dag_1.py
[2026-04-28T12:58:13.601+0000] {logging_mixin.py:188} INFO - [2026-04-28T12:58:13.601+0000] {dag.py:3047} INFO - Sync 1 DAGs
[2026-04-28T12:58:13.642+0000] {logging_mixin.py:188} INFO - [2026-04-28T12:58:13.642+0000] {dag.py:3834} INFO - Setting next_dagrun for first_dag to 2026-04-28 00:00:00+00:00, run_after=2026-04-29 00:00:00+00:00
[2026-04-28T12:58:13.661+0000] {processor.py:183} INFO - Processing /opt/airflow/dags/dag_1.py took 0.126 seconds
[2026-04-28T12:58:43.795+0000] {processor.py:161} INFO - Started process (PID=5198) to work on /opt/airflow/dags/dag_1.py
[2026-04-28T12:58:43.796+0000] {processor.py:830} INFO - Processing file /opt/airflow/dags/dag_1.py for tasks to queue
[2026-04-28T12:58:43.799+0000] {logging_mixin.py:188} INFO - [2026-04-28T12:58:43.798+0000] {dagbag.py:540} INFO - Filling up the DagBag from /opt/airflow/dags/dag_1.py
[2026-04-28T12:58:43.807+0000] {processor.py:840} INFO - DAG(s) 'first_dag' retrieved from /opt/airflow/dags/dag_1.py
[2026-04-28T12:58:43.851+0000] {logging_mixin.py:188} INFO - [2026-04-28T12:58:43.850+0000] {dag.py:3047} INFO - Sync 1 DAGs
[2026-04-28T12:58:43.938+0000] {logging_mixin.py:188} INFO - [2026-04-28T12:58:43.937+0000] {dag.py:3834} INFO - Setting next_dagrun for first_dag to 2026-04-28 00:00:00+00:00, run_after=2026-04-29 00:00:00+00:00
[2026-04-28T12:58:43.986+0000] {processor.py:183} INFO - Processing /opt/airflow/dags/dag_1.py took 0.195 seconds
[2026-04-28T12:59:14.886+0000] {processor.py:161} INFO - Started process (PID=5254) to work on /opt/airflow/dags/dag_1.py
[2026-04-28T12:59:14.887+0000] {processor.py:830} INFO - Processing file /opt/airflow/dags/dag_1.py for tasks to queue
[2026-04-28T12:59:14.889+0000] {logging_mixin.py:188} INFO - [2026-04-28T12:59:14.889+0000] {dagbag.py:540} INFO - Filling up the DagBag from /opt/airflow/dags/dag_1.py
[2026-04-28T12:59:14.898+0000] {processor.py:840} INFO - DAG(s) 'first_dag' retrieved from /opt/airflow/dags/dag_1.py
[2026-04-28T12:59:14.919+0000] {logging_mixin.py:188} INFO - [2026-04-28T12:59:14.919+0000] {dag.py:3047} INFO - Sync 1 DAGs
[2026-04-28T12:59:14.971+0000] {logging_mixin.py:188} INFO - [2026-04-28T12:59:14.971+0000] {dag.py:3834} INFO - Setting next_dagrun for first_dag to 2026-04-28 00:00:00+00:00, run_after=2026-04-29 00:00:00+00:00
[2026-04-28T12:59:15.017+0000] {processor.py:183} INFO - Processing /opt/airflow/dags/dag_1.py took 0.135 seconds
[2026-04-28T12:59:45.435+0000] {processor.py:161} INFO - Started process (PID=5310) to work on /opt/airflow/dags/dag_1.py
[2026-04-28T12:59:45.436+0000] {processor.py:830} INFO - Processing file /opt/airflow/dags/dag_1.py for tasks to queue
[2026-04-28T12:59:45.439+0000] {logging_mixin.py:188} INFO - [2026-04-28T12:59:45.438+0000] {dagbag.py:540} INFO - Filling up the DagBag from /opt/airflow/dags/dag_1.py
[2026-04-28T12:59:45.447+0000] {processor.py:840} INFO - DAG(s) 'first_dag' retrieved from /opt/airflow/dags/dag_1.py
[2026-04-28T12:59:45.470+0000] {logging_mixin.py:188} INFO - [2026-04-28T12:59:45.470+0000] {dag.py:3047} INFO - Sync 1 DAGs
[2026-04-28T12:59:45.498+0000] {logging_mixin.py:188} INFO - [2026-04-28T12:59:45.498+0000] {dag.py:3834} INFO - Setting next_dagrun for first_dag to 2026-04-28 00:00:00+00:00, run_after=2026-04-29 00:00:00+00:00
[2026-04-28T12:59:45.521+0000] {processor.py:183} INFO - Processing /opt/airflow/dags/dag_1.py took 0.090 seconds
[2026-04-28T13:00:15.977+0000] {processor.py:161} INFO - Started process (PID=5366) to work on /opt/airflow/dags/dag_1.py
[2026-04-28T13:00:15.978+0000] {processor.py:830} INFO - Processing file /opt/airflow/dags/dag_1.py for tasks to queue
[2026-04-28T13:00:15.980+0000] {logging_mixin.py:188} INFO - [2026-04-28T13:00:15.980+0000] {dagbag.py:540} INFO - Filling up the DagBag from /opt/airflow/dags/dag_1.py
[2026-04-28T13:00:15.989+0000] {processor.py:840} INFO - DAG(s) 'first_dag' retrieved from /opt/airflow/dags/dag_1.py
[2026-04-28T13:00:16.011+0000] {logging_mixin.py:188} INFO - [2026-04-28T13:00:16.010+0000] {dag.py:3047} INFO - Sync 1 DAGs
[2026-04-28T13:00:16.036+0000] {logging_mixin.py:188} INFO - [2026-04-28T13:00:16.036+0000] {dag.py:3834} INFO - Setting next_dagrun for first_dag to 2026-04-28 00:00:00+00:00, run_after=2026-04-29 00:00:00+00:00
[2026-04-28T13:00:16.053+0000] {processor.py:183} INFO - Processing /opt/airflow/dags/dag_1.py took 0.080 seconds
[2026-04-28T13:00:46.731+0000] {processor.py:161} INFO - Started process (PID=5421) to work on /opt/airflow/dags/dag_1.py
[2026-04-28T13:00:46.732+0000] {processor.py:830} INFO - Processing file /opt/airflow/dags/dag_1.py for tasks to queue
[2026-04-28T13:00:46.734+0000] {logging_mixin.py:188} INFO - [2026-04-28T13:00:46.734+0000] {dagbag.py:540} INFO - Filling up the DagBag from /opt/airflow/dags/dag_1.py
[2026-04-28T13:00:46.743+0000] {processor.py:840} INFO - DAG(s) 'first_dag' retrieved from /opt/airflow/dags/dag_1.py
[2026-04-28T13:00:46.767+0000] {logging_mixin.py:188} INFO - [2026-04-28T13:00:46.766+0000] {dag.py:3047} INFO - Sync 1 DAGs
[2026-04-28T13:00:46.792+0000] {logging_mixin.py:188} INFO - [2026-04-28T13:00:46.792+0000] {dag.py:3834} INFO - Setting next_dagrun for first_dag to 2026-04-28 00:00:00+00:00, run_after=2026-04-29 00:00:00+00:00
[2026-04-28T13:00:46.809+0000] {processor.py:183} INFO - Processing /opt/airflow/dags/dag_1.py took 0.082 seconds
[2026-04-28T13:01:16.955+0000] {processor.py:161} INFO - Started process (PID=5477) to work on /opt/airflow/dags/dag_1.py
[2026-04-28T13:01:16.956+0000] {processor.py:830} INFO - Processing file /opt/airflow/dags/dag_1.py for tasks to queue
[2026-04-28T13:01:16.959+0000] {logging_mixin.py:188} INFO - [2026-04-28T13:01:16.958+0000] {dagbag.py:540} INFO - Filling up the DagBag from /opt/airflow/dags/dag_1.py
[2026-04-28T13:01:16.967+0000] {processor.py:840} INFO - DAG(s) 'first_dag' retrieved from /opt/airflow/dags/dag_1.py
[2026-04-28T13:01:16.990+0000] {logging_mixin.py:188} INFO - [2026-04-28T13:01:16.990+0000] {dag.py:3047} INFO - Sync 1 DAGs
[2026-04-28T13:01:17.016+0000] {logging_mixin.py:188} INFO - [2026-04-28T13:01:17.016+0000] {dag.py:3834} INFO - Setting next_dagrun for first_dag to 2026-04-28 00:00:00+00:00, run_after=2026-04-29 00:00:00+00:00
[2026-04-28T13:01:17.033+0000] {processor.py:183} INFO - Processing /opt/airflow/dags/dag_1.py took 0.081 seconds
[2026-04-28T13:01:47.189+0000] {processor.py:161} INFO - Started process (PID=5533) to work on /opt/airflow/dags/dag_1.py
[2026-04-28T13:01:47.190+0000] {processor.py:830} INFO - Processing file /opt/airflow/dags/dag_1.py for tasks to queue
[2026-04-28T13:01:47.192+0000] {logging_mixin.py:188} INFO - [2026-04-28T13:01:47.192+0000] {dagbag.py:540} INFO - Filling up the DagBag from /opt/airflow/dags/dag_1.py
[2026-04-28T13:01:47.200+0000] {processor.py:840} INFO - DAG(s) 'first_dag' retrieved from /opt/airflow/dags/dag_1.py
[2026-04-28T13:01:47.223+0000] {logging_mixin.py:188} INFO - [2026-04-28T13:01:47.223+0000] {dag.py:3047} INFO - Sync 1 DAGs
[2026-04-28T13:01:47.248+0000] {logging_mixin.py:188} INFO - [2026-04-28T13:01:47.248+0000] {dag.py:3834} INFO - Setting next_dagrun for first_dag to 2026-04-28 00:00:00+00:00, run_after=2026-04-29 00:00:00+00:00
[2026-04-28T13:01:47.265+0000] {processor.py:183} INFO - Processing /opt/airflow/dags/dag_1.py took 0.080 seconds
[2026-04-28T13:02:17.384+0000] {processor.py:161} INFO - Started process (PID=5589) to work on /opt/airflow/dags/dag_1.py
[2026-04-28T13:02:17.385+0000] {processor.py:830} INFO - Processing file /opt/airflow/dags/dag_1.py for tasks to queue
[2026-04-28T13:02:17.388+0000] {logging_mixin.py:188} INFO - [2026-04-28T13:02:17.387+0000] {dagbag.py:540} INFO - Filling up the DagBag from /opt/airflow/dags/dag_1.py
[2026-04-28T13:02:17.396+0000] {processor.py:840} INFO - DAG(s) 'first_dag' retrieved from /opt/airflow/dags/dag_1.py
[2026-04-28T13:02:17.418+0000] {logging_mixin.py:188} INFO - [2026-04-28T13:02:17.418+0000] {dag.py:3047} INFO - Sync 1 DAGs
[2026-04-28T13:02:17.444+0000] {logging_mixin.py:188} INFO - [2026-04-28T13:02:17.444+0000] {dag.py:3834} INFO - Setting next_dagrun for first_dag to 2026-04-28 00:00:00+00:00, run_after=2026-04-29 00:00:00+00:00
[2026-04-28T13:02:17.490+0000] {processor.py:183} INFO - Processing /opt/airflow/dags/dag_1.py took 0.110 seconds
