[2026-05-14T13:27:57.778+0000] {processor.py:161} INFO - Started process (PID=71) to work on /opt/airflow/dags/dag_show_pass.py
[2026-05-14T13:27:57.797+0000] {processor.py:830} INFO - Processing file /opt/airflow/dags/dag_show_pass.py for tasks to queue
[2026-05-14T13:27:57.806+0000] {logging_mixin.py:188} INFO - [2026-05-14T13:27:57.805+0000] {dagbag.py:540} INFO - Filling up the DagBag from /opt/airflow/dags/dag_show_pass.py
[2026-05-14T13:27:57.950+0000] {processor.py:840} INFO - DAG(s) 'dag_show_pass' retrieved from /opt/airflow/dags/dag_show_pass.py
[2026-05-14T13:28:00.384+0000] {logging_mixin.py:188} INFO - [2026-05-14T13:28:00.380+0000] {override.py:1769} INFO - Created Permission View: can read on DAG:dag_show_pass
[2026-05-14T13:28:00.436+0000] {logging_mixin.py:188} INFO - [2026-05-14T13:28:00.436+0000] {override.py:1769} INFO - Created Permission View: can delete on DAG:dag_show_pass
[2026-05-14T13:28:00.459+0000] {logging_mixin.py:188} INFO - [2026-05-14T13:28:00.459+0000] {override.py:1769} INFO - Created Permission View: can edit on DAG:dag_show_pass
[2026-05-14T13:28:00.463+0000] {logging_mixin.py:188} INFO - [2026-05-14T13:28:00.462+0000] {dag.py:3047} INFO - Sync 1 DAGs
[2026-05-14T13:28:00.502+0000] {logging_mixin.py:188} INFO - [2026-05-14T13:28:00.501+0000] {dag.py:3069} INFO - Creating ORM DAG for dag_show_pass
[2026-05-14T13:28:00.571+0000] {logging_mixin.py:188} INFO - [2026-05-14T13:28:00.561+0000] {dag.py:3834} INFO - Setting next_dagrun for dag_show_pass to 2026-03-29 00:00:00+00:00, run_after=2026-03-29 00:00:00+00:00
[2026-05-14T13:28:00.858+0000] {processor.py:183} INFO - Processing /opt/airflow/dags/dag_show_pass.py took 3.119 seconds
[2026-05-14T13:28:31.567+0000] {processor.py:161} INFO - Started process (PID=79) to work on /opt/airflow/dags/dag_show_pass.py
[2026-05-14T13:28:31.592+0000] {processor.py:830} INFO - Processing file /opt/airflow/dags/dag_show_pass.py for tasks to queue
[2026-05-14T13:28:31.631+0000] {logging_mixin.py:188} INFO - [2026-05-14T13:28:31.629+0000] {dagbag.py:540} INFO - Filling up the DagBag from /opt/airflow/dags/dag_show_pass.py
[2026-05-14T13:28:31.659+0000] {processor.py:840} INFO - DAG(s) 'dag_show_pass' retrieved from /opt/airflow/dags/dag_show_pass.py
[2026-05-14T13:28:31.700+0000] {logging_mixin.py:188} INFO - [2026-05-14T13:28:31.700+0000] {dag.py:3047} INFO - Sync 1 DAGs
[2026-05-14T13:28:31.724+0000] {logging_mixin.py:188} INFO - [2026-05-14T13:28:31.724+0000] {dag.py:3834} INFO - Setting next_dagrun for dag_show_pass to 2026-03-29 00:00:00+00:00, run_after=2026-03-29 00:00:00+00:00
[2026-05-14T13:28:31.747+0000] {processor.py:183} INFO - Processing /opt/airflow/dags/dag_show_pass.py took 0.207 seconds
[2026-05-14T13:29:02.124+0000] {processor.py:161} INFO - Started process (PID=87) to work on /opt/airflow/dags/dag_show_pass.py
[2026-05-14T13:29:02.126+0000] {processor.py:830} INFO - Processing file /opt/airflow/dags/dag_show_pass.py for tasks to queue
[2026-05-14T13:29:02.128+0000] {logging_mixin.py:188} INFO - [2026-05-14T13:29:02.127+0000] {dagbag.py:540} INFO - Filling up the DagBag from /opt/airflow/dags/dag_show_pass.py
[2026-05-14T13:29:02.137+0000] {processor.py:840} INFO - DAG(s) 'dag_show_pass' retrieved from /opt/airflow/dags/dag_show_pass.py
[2026-05-14T13:29:02.171+0000] {logging_mixin.py:188} INFO - [2026-05-14T13:29:02.171+0000] {dag.py:3047} INFO - Sync 1 DAGs
[2026-05-14T13:29:02.195+0000] {logging_mixin.py:188} INFO - [2026-05-14T13:29:02.194+0000] {dag.py:3834} INFO - Setting next_dagrun for dag_show_pass to 2026-03-29 00:00:00+00:00, run_after=2026-03-29 00:00:00+00:00
[2026-05-14T13:29:02.211+0000] {processor.py:183} INFO - Processing /opt/airflow/dags/dag_show_pass.py took 0.092 seconds
[2026-05-14T13:29:32.378+0000] {processor.py:161} INFO - Started process (PID=95) to work on /opt/airflow/dags/dag_show_pass.py
[2026-05-14T13:29:32.379+0000] {processor.py:830} INFO - Processing file /opt/airflow/dags/dag_show_pass.py for tasks to queue
[2026-05-14T13:29:32.381+0000] {logging_mixin.py:188} INFO - [2026-05-14T13:29:32.381+0000] {dagbag.py:540} INFO - Filling up the DagBag from /opt/airflow/dags/dag_show_pass.py
[2026-05-14T13:29:32.391+0000] {processor.py:840} INFO - DAG(s) 'dag_show_pass' retrieved from /opt/airflow/dags/dag_show_pass.py
[2026-05-14T13:29:32.419+0000] {logging_mixin.py:188} INFO - [2026-05-14T13:29:32.419+0000] {dag.py:3047} INFO - Sync 1 DAGs
[2026-05-14T13:29:32.453+0000] {logging_mixin.py:188} INFO - [2026-05-14T13:29:32.453+0000] {dag.py:3834} INFO - Setting next_dagrun for dag_show_pass to 2026-03-29 00:00:00+00:00, run_after=2026-03-29 00:00:00+00:00
[2026-05-14T13:29:32.468+0000] {processor.py:183} INFO - Processing /opt/airflow/dags/dag_show_pass.py took 0.095 seconds
[2026-05-14T13:30:02.913+0000] {processor.py:161} INFO - Started process (PID=103) to work on /opt/airflow/dags/dag_show_pass.py
[2026-05-14T13:30:02.915+0000] {processor.py:830} INFO - Processing file /opt/airflow/dags/dag_show_pass.py for tasks to queue
[2026-05-14T13:30:02.916+0000] {logging_mixin.py:188} INFO - [2026-05-14T13:30:02.916+0000] {dagbag.py:540} INFO - Filling up the DagBag from /opt/airflow/dags/dag_show_pass.py
[2026-05-14T13:30:02.926+0000] {processor.py:840} INFO - DAG(s) 'dag_show_pass' retrieved from /opt/airflow/dags/dag_show_pass.py
[2026-05-14T13:30:03.002+0000] {logging_mixin.py:188} INFO - [2026-05-14T13:30:02.999+0000] {dag.py:3047} INFO - Sync 1 DAGs
[2026-05-14T13:30:03.145+0000] {logging_mixin.py:188} INFO - [2026-05-14T13:30:03.145+0000] {dag.py:3834} INFO - Setting next_dagrun for dag_show_pass to 2026-03-29 00:00:00+00:00, run_after=2026-03-29 00:00:00+00:00
[2026-05-14T13:30:03.164+0000] {processor.py:183} INFO - Processing /opt/airflow/dags/dag_show_pass.py took 0.259 seconds
[2026-05-14T13:30:33.200+0000] {processor.py:161} INFO - Started process (PID=111) to work on /opt/airflow/dags/dag_show_pass.py
[2026-05-14T13:30:33.201+0000] {processor.py:830} INFO - Processing file /opt/airflow/dags/dag_show_pass.py for tasks to queue
[2026-05-14T13:30:33.203+0000] {logging_mixin.py:188} INFO - [2026-05-14T13:30:33.202+0000] {dagbag.py:540} INFO - Filling up the DagBag from /opt/airflow/dags/dag_show_pass.py
[2026-05-14T13:30:33.212+0000] {processor.py:840} INFO - DAG(s) 'dag_show_pass' retrieved from /opt/airflow/dags/dag_show_pass.py
[2026-05-14T13:30:33.380+0000] {logging_mixin.py:188} INFO - [2026-05-14T13:30:33.380+0000] {dag.py:3047} INFO - Sync 1 DAGs
[2026-05-14T13:30:33.410+0000] {logging_mixin.py:188} INFO - [2026-05-14T13:30:33.410+0000] {dag.py:3834} INFO - Setting next_dagrun for dag_show_pass to 2026-03-29 00:00:00+00:00, run_after=2026-03-29 00:00:00+00:00
[2026-05-14T13:30:33.442+0000] {processor.py:183} INFO - Processing /opt/airflow/dags/dag_show_pass.py took 0.246 seconds
[2026-05-14T13:31:03.787+0000] {processor.py:161} INFO - Started process (PID=119) to work on /opt/airflow/dags/dag_show_pass.py
[2026-05-14T13:31:03.788+0000] {processor.py:830} INFO - Processing file /opt/airflow/dags/dag_show_pass.py for tasks to queue
[2026-05-14T13:31:03.790+0000] {logging_mixin.py:188} INFO - [2026-05-14T13:31:03.790+0000] {dagbag.py:540} INFO - Filling up the DagBag from /opt/airflow/dags/dag_show_pass.py
[2026-05-14T13:31:03.800+0000] {processor.py:840} INFO - DAG(s) 'dag_show_pass' retrieved from /opt/airflow/dags/dag_show_pass.py
[2026-05-14T13:31:03.828+0000] {logging_mixin.py:188} INFO - [2026-05-14T13:31:03.828+0000] {dag.py:3047} INFO - Sync 1 DAGs
[2026-05-14T13:31:03.853+0000] {logging_mixin.py:188} INFO - [2026-05-14T13:31:03.853+0000] {dag.py:3834} INFO - Setting next_dagrun for dag_show_pass to 2026-03-29 00:00:00+00:00, run_after=2026-03-29 00:00:00+00:00
[2026-05-14T13:31:03.871+0000] {processor.py:183} INFO - Processing /opt/airflow/dags/dag_show_pass.py took 0.104 seconds
[2026-05-14T13:31:34.334+0000] {processor.py:161} INFO - Started process (PID=127) to work on /opt/airflow/dags/dag_show_pass.py
[2026-05-14T13:31:34.338+0000] {processor.py:830} INFO - Processing file /opt/airflow/dags/dag_show_pass.py for tasks to queue
[2026-05-14T13:31:34.342+0000] {logging_mixin.py:188} INFO - [2026-05-14T13:31:34.340+0000] {dagbag.py:540} INFO - Filling up the DagBag from /opt/airflow/dags/dag_show_pass.py
[2026-05-14T13:31:34.360+0000] {processor.py:840} INFO - DAG(s) 'dag_show_pass' retrieved from /opt/airflow/dags/dag_show_pass.py
[2026-05-14T13:31:34.399+0000] {logging_mixin.py:188} INFO - [2026-05-14T13:31:34.399+0000] {dag.py:3047} INFO - Sync 1 DAGs
[2026-05-14T13:31:34.423+0000] {logging_mixin.py:188} INFO - [2026-05-14T13:31:34.423+0000] {dag.py:3834} INFO - Setting next_dagrun for dag_show_pass to 2026-03-29 00:00:00+00:00, run_after=2026-03-29 00:00:00+00:00
[2026-05-14T13:31:34.458+0000] {processor.py:183} INFO - Processing /opt/airflow/dags/dag_show_pass.py took 0.134 seconds
[2026-05-14T13:32:04.728+0000] {processor.py:161} INFO - Started process (PID=135) to work on /opt/airflow/dags/dag_show_pass.py
[2026-05-14T13:32:04.729+0000] {processor.py:830} INFO - Processing file /opt/airflow/dags/dag_show_pass.py for tasks to queue
[2026-05-14T13:32:04.731+0000] {logging_mixin.py:188} INFO - [2026-05-14T13:32:04.731+0000] {dagbag.py:540} INFO - Filling up the DagBag from /opt/airflow/dags/dag_show_pass.py
[2026-05-14T13:32:04.768+0000] {processor.py:840} INFO - DAG(s) 'dag_show_pass' retrieved from /opt/airflow/dags/dag_show_pass.py
[2026-05-14T13:32:04.921+0000] {logging_mixin.py:188} INFO - [2026-05-14T13:32:04.921+0000] {dag.py:3047} INFO - Sync 1 DAGs
[2026-05-14T13:32:04.946+0000] {logging_mixin.py:188} INFO - [2026-05-14T13:32:04.945+0000] {dag.py:3834} INFO - Setting next_dagrun for dag_show_pass to 2026-03-29 00:00:00+00:00, run_after=2026-03-29 00:00:00+00:00
[2026-05-14T13:32:04.984+0000] {processor.py:183} INFO - Processing /opt/airflow/dags/dag_show_pass.py took 0.259 seconds
[2026-05-14T13:32:35.244+0000] {processor.py:161} INFO - Started process (PID=143) to work on /opt/airflow/dags/dag_show_pass.py
[2026-05-14T13:32:35.245+0000] {processor.py:830} INFO - Processing file /opt/airflow/dags/dag_show_pass.py for tasks to queue
[2026-05-14T13:32:35.247+0000] {logging_mixin.py:188} INFO - [2026-05-14T13:32:35.246+0000] {dagbag.py:540} INFO - Filling up the DagBag from /opt/airflow/dags/dag_show_pass.py
[2026-05-14T13:32:35.256+0000] {processor.py:840} INFO - DAG(s) 'dag_show_pass' retrieved from /opt/airflow/dags/dag_show_pass.py
[2026-05-14T13:32:35.282+0000] {logging_mixin.py:188} INFO - [2026-05-14T13:32:35.282+0000] {dag.py:3047} INFO - Sync 1 DAGs
[2026-05-14T13:32:35.307+0000] {logging_mixin.py:188} INFO - [2026-05-14T13:32:35.306+0000] {dag.py:3834} INFO - Setting next_dagrun for dag_show_pass to 2026-03-29 00:00:00+00:00, run_after=2026-03-29 00:00:00+00:00
[2026-05-14T13:32:35.325+0000] {processor.py:183} INFO - Processing /opt/airflow/dags/dag_show_pass.py took 0.087 seconds
[2026-05-14T13:33:05.818+0000] {processor.py:161} INFO - Started process (PID=151) to work on /opt/airflow/dags/dag_show_pass.py
[2026-05-14T13:33:05.819+0000] {processor.py:830} INFO - Processing file /opt/airflow/dags/dag_show_pass.py for tasks to queue
[2026-05-14T13:33:05.821+0000] {logging_mixin.py:188} INFO - [2026-05-14T13:33:05.820+0000] {dagbag.py:540} INFO - Filling up the DagBag from /opt/airflow/dags/dag_show_pass.py
[2026-05-14T13:33:05.830+0000] {processor.py:840} INFO - DAG(s) 'dag_show_pass' retrieved from /opt/airflow/dags/dag_show_pass.py
[2026-05-14T13:33:05.857+0000] {logging_mixin.py:188} INFO - [2026-05-14T13:33:05.857+0000] {dag.py:3047} INFO - Sync 1 DAGs
[2026-05-14T13:33:05.880+0000] {logging_mixin.py:188} INFO - [2026-05-14T13:33:05.880+0000] {dag.py:3834} INFO - Setting next_dagrun for dag_show_pass to 2026-03-29 00:00:00+00:00, run_after=2026-03-29 00:00:00+00:00
[2026-05-14T13:33:05.898+0000] {processor.py:183} INFO - Processing /opt/airflow/dags/dag_show_pass.py took 0.084 seconds
[2026-05-14T13:33:36.403+0000] {processor.py:161} INFO - Started process (PID=160) to work on /opt/airflow/dags/dag_show_pass.py
[2026-05-14T13:33:36.404+0000] {processor.py:830} INFO - Processing file /opt/airflow/dags/dag_show_pass.py for tasks to queue
[2026-05-14T13:33:36.406+0000] {logging_mixin.py:188} INFO - [2026-05-14T13:33:36.406+0000] {dagbag.py:540} INFO - Filling up the DagBag from /opt/airflow/dags/dag_show_pass.py
[2026-05-14T13:33:36.416+0000] {processor.py:840} INFO - DAG(s) 'dag_show_pass' retrieved from /opt/airflow/dags/dag_show_pass.py
[2026-05-14T13:33:36.444+0000] {logging_mixin.py:188} INFO - [2026-05-14T13:33:36.444+0000] {dag.py:3047} INFO - Sync 1 DAGs
[2026-05-14T13:33:36.467+0000] {logging_mixin.py:188} INFO - [2026-05-14T13:33:36.467+0000] {dag.py:3834} INFO - Setting next_dagrun for dag_show_pass to 2026-03-29 00:00:00+00:00, run_after=2026-03-29 00:00:00+00:00
[2026-05-14T13:33:36.486+0000] {processor.py:183} INFO - Processing /opt/airflow/dags/dag_show_pass.py took 0.111 seconds
[2026-05-14T13:34:06.867+0000] {processor.py:161} INFO - Started process (PID=169) to work on /opt/airflow/dags/dag_show_pass.py
[2026-05-14T13:34:06.869+0000] {processor.py:830} INFO - Processing file /opt/airflow/dags/dag_show_pass.py for tasks to queue
[2026-05-14T13:34:06.874+0000] {logging_mixin.py:188} INFO - [2026-05-14T13:34:06.874+0000] {dagbag.py:540} INFO - Filling up the DagBag from /opt/airflow/dags/dag_show_pass.py
[2026-05-14T13:34:06.896+0000] {processor.py:840} INFO - DAG(s) 'dag_show_pass' retrieved from /opt/airflow/dags/dag_show_pass.py
[2026-05-14T13:34:07.204+0000] {logging_mixin.py:188} INFO - [2026-05-14T13:34:07.204+0000] {dag.py:3047} INFO - Sync 1 DAGs
[2026-05-14T13:34:07.273+0000] {logging_mixin.py:188} INFO - [2026-05-14T13:34:07.273+0000] {dag.py:3834} INFO - Setting next_dagrun for dag_show_pass to 2026-03-29 00:00:00+00:00, run_after=2026-03-29 00:00:00+00:00
[2026-05-14T13:34:07.326+0000] {processor.py:183} INFO - Processing /opt/airflow/dags/dag_show_pass.py took 0.467 seconds
[2026-05-14T13:34:37.789+0000] {processor.py:161} INFO - Started process (PID=178) to work on /opt/airflow/dags/dag_show_pass.py
[2026-05-14T13:34:37.791+0000] {processor.py:830} INFO - Processing file /opt/airflow/dags/dag_show_pass.py for tasks to queue
[2026-05-14T13:34:37.793+0000] {logging_mixin.py:188} INFO - [2026-05-14T13:34:37.792+0000] {dagbag.py:540} INFO - Filling up the DagBag from /opt/airflow/dags/dag_show_pass.py
[2026-05-14T13:34:37.804+0000] {processor.py:840} INFO - DAG(s) 'dag_show_pass' retrieved from /opt/airflow/dags/dag_show_pass.py
[2026-05-14T13:34:37.835+0000] {logging_mixin.py:188} INFO - [2026-05-14T13:34:37.834+0000] {dag.py:3047} INFO - Sync 1 DAGs
[2026-05-14T13:34:37.861+0000] {logging_mixin.py:188} INFO - [2026-05-14T13:34:37.861+0000] {dag.py:3834} INFO - Setting next_dagrun for dag_show_pass to 2026-03-29 00:00:00+00:00, run_after=2026-03-29 00:00:00+00:00
[2026-05-14T13:34:37.878+0000] {processor.py:183} INFO - Processing /opt/airflow/dags/dag_show_pass.py took 0.092 seconds
[2026-05-14T13:35:08.093+0000] {processor.py:161} INFO - Started process (PID=187) to work on /opt/airflow/dags/dag_show_pass.py
[2026-05-14T13:35:08.094+0000] {processor.py:830} INFO - Processing file /opt/airflow/dags/dag_show_pass.py for tasks to queue
[2026-05-14T13:35:08.099+0000] {logging_mixin.py:188} INFO - [2026-05-14T13:35:08.099+0000] {dagbag.py:540} INFO - Filling up the DagBag from /opt/airflow/dags/dag_show_pass.py
[2026-05-14T13:35:08.111+0000] {processor.py:840} INFO - DAG(s) 'dag_show_pass' retrieved from /opt/airflow/dags/dag_show_pass.py
[2026-05-14T13:35:08.171+0000] {logging_mixin.py:188} INFO - [2026-05-14T13:35:08.171+0000] {dag.py:3047} INFO - Sync 1 DAGs
[2026-05-14T13:35:08.223+0000] {logging_mixin.py:188} INFO - [2026-05-14T13:35:08.223+0000] {dag.py:3834} INFO - Setting next_dagrun for dag_show_pass to 2026-03-29 00:00:00+00:00, run_after=2026-03-29 00:00:00+00:00
[2026-05-14T13:35:08.261+0000] {processor.py:183} INFO - Processing /opt/airflow/dags/dag_show_pass.py took 0.184 seconds
[2026-05-14T13:35:38.437+0000] {processor.py:161} INFO - Started process (PID=196) to work on /opt/airflow/dags/dag_show_pass.py
[2026-05-14T13:35:38.438+0000] {processor.py:830} INFO - Processing file /opt/airflow/dags/dag_show_pass.py for tasks to queue
[2026-05-14T13:35:38.441+0000] {logging_mixin.py:188} INFO - [2026-05-14T13:35:38.440+0000] {dagbag.py:540} INFO - Filling up the DagBag from /opt/airflow/dags/dag_show_pass.py
[2026-05-14T13:35:38.463+0000] {processor.py:840} INFO - DAG(s) 'dag_show_pass' retrieved from /opt/airflow/dags/dag_show_pass.py
[2026-05-14T13:35:38.505+0000] {logging_mixin.py:188} INFO - [2026-05-14T13:35:38.505+0000] {dag.py:3047} INFO - Sync 1 DAGs
[2026-05-14T13:35:38.529+0000] {logging_mixin.py:188} INFO - [2026-05-14T13:35:38.529+0000] {dag.py:3834} INFO - Setting next_dagrun for dag_show_pass to 2026-03-29 00:00:00+00:00, run_after=2026-03-29 00:00:00+00:00
[2026-05-14T13:35:38.544+0000] {processor.py:183} INFO - Processing /opt/airflow/dags/dag_show_pass.py took 0.118 seconds
[2026-05-14T13:36:08.731+0000] {processor.py:161} INFO - Started process (PID=205) to work on /opt/airflow/dags/dag_show_pass.py
[2026-05-14T13:36:08.734+0000] {processor.py:830} INFO - Processing file /opt/airflow/dags/dag_show_pass.py for tasks to queue
[2026-05-14T13:36:08.739+0000] {logging_mixin.py:188} INFO - [2026-05-14T13:36:08.739+0000] {dagbag.py:540} INFO - Filling up the DagBag from /opt/airflow/dags/dag_show_pass.py
[2026-05-14T13:36:08.769+0000] {processor.py:840} INFO - DAG(s) 'dag_show_pass' retrieved from /opt/airflow/dags/dag_show_pass.py
[2026-05-14T13:36:08.799+0000] {logging_mixin.py:188} INFO - [2026-05-14T13:36:08.799+0000] {dag.py:3047} INFO - Sync 1 DAGs
[2026-05-14T13:36:08.829+0000] {logging_mixin.py:188} INFO - [2026-05-14T13:36:08.829+0000] {dag.py:3834} INFO - Setting next_dagrun for dag_show_pass to 2026-03-29 00:00:00+00:00, run_after=2026-03-29 00:00:00+00:00
[2026-05-14T13:36:08.871+0000] {processor.py:183} INFO - Processing /opt/airflow/dags/dag_show_pass.py took 0.158 seconds
[2026-05-14T13:36:38.934+0000] {processor.py:161} INFO - Started process (PID=213) to work on /opt/airflow/dags/dag_show_pass.py
[2026-05-14T13:36:38.935+0000] {processor.py:830} INFO - Processing file /opt/airflow/dags/dag_show_pass.py for tasks to queue
[2026-05-14T13:36:38.937+0000] {logging_mixin.py:188} INFO - [2026-05-14T13:36:38.937+0000] {dagbag.py:540} INFO - Filling up the DagBag from /opt/airflow/dags/dag_show_pass.py
[2026-05-14T13:36:38.962+0000] {processor.py:840} INFO - DAG(s) 'dag_show_pass' retrieved from /opt/airflow/dags/dag_show_pass.py
[2026-05-14T13:36:39.028+0000] {logging_mixin.py:188} INFO - [2026-05-14T13:36:39.028+0000] {dag.py:3047} INFO - Sync 1 DAGs
[2026-05-14T13:36:39.077+0000] {logging_mixin.py:188} INFO - [2026-05-14T13:36:39.076+0000] {dag.py:3834} INFO - Setting next_dagrun for dag_show_pass to 2026-03-29 00:00:00+00:00, run_after=2026-03-29 00:00:00+00:00
[2026-05-14T13:36:39.095+0000] {processor.py:183} INFO - Processing /opt/airflow/dags/dag_show_pass.py took 0.166 seconds
[2026-05-14T13:37:09.283+0000] {processor.py:161} INFO - Started process (PID=222) to work on /opt/airflow/dags/dag_show_pass.py
[2026-05-14T13:37:09.284+0000] {processor.py:830} INFO - Processing file /opt/airflow/dags/dag_show_pass.py for tasks to queue
[2026-05-14T13:37:09.289+0000] {logging_mixin.py:188} INFO - [2026-05-14T13:37:09.288+0000] {dagbag.py:540} INFO - Filling up the DagBag from /opt/airflow/dags/dag_show_pass.py
[2026-05-14T13:37:09.304+0000] {processor.py:840} INFO - DAG(s) 'dag_show_pass' retrieved from /opt/airflow/dags/dag_show_pass.py
[2026-05-14T13:37:09.333+0000] {logging_mixin.py:188} INFO - [2026-05-14T13:37:09.333+0000] {dag.py:3047} INFO - Sync 1 DAGs
[2026-05-14T13:37:09.362+0000] {logging_mixin.py:188} INFO - [2026-05-14T13:37:09.362+0000] {dag.py:3834} INFO - Setting next_dagrun for dag_show_pass to 2026-03-29 00:00:00+00:00, run_after=2026-03-29 00:00:00+00:00
[2026-05-14T13:37:09.382+0000] {processor.py:183} INFO - Processing /opt/airflow/dags/dag_show_pass.py took 0.103 seconds
[2026-05-14T13:37:39.533+0000] {processor.py:161} INFO - Started process (PID=231) to work on /opt/airflow/dags/dag_show_pass.py
[2026-05-14T13:37:39.535+0000] {processor.py:830} INFO - Processing file /opt/airflow/dags/dag_show_pass.py for tasks to queue
[2026-05-14T13:37:39.538+0000] {logging_mixin.py:188} INFO - [2026-05-14T13:37:39.538+0000] {dagbag.py:540} INFO - Filling up the DagBag from /opt/airflow/dags/dag_show_pass.py
[2026-05-14T13:37:39.551+0000] {processor.py:840} INFO - DAG(s) 'dag_show_pass' retrieved from /opt/airflow/dags/dag_show_pass.py
[2026-05-14T13:37:39.577+0000] {logging_mixin.py:188} INFO - [2026-05-14T13:37:39.577+0000] {dag.py:3047} INFO - Sync 1 DAGs
[2026-05-14T13:37:39.602+0000] {logging_mixin.py:188} INFO - [2026-05-14T13:37:39.601+0000] {dag.py:3834} INFO - Setting next_dagrun for dag_show_pass to 2026-03-29 00:00:00+00:00, run_after=2026-03-29 00:00:00+00:00
[2026-05-14T13:37:39.618+0000] {processor.py:183} INFO - Processing /opt/airflow/dags/dag_show_pass.py took 0.091 seconds
[2026-05-14T13:38:09.772+0000] {processor.py:161} INFO - Started process (PID=240) to work on /opt/airflow/dags/dag_show_pass.py
[2026-05-14T13:38:09.773+0000] {processor.py:830} INFO - Processing file /opt/airflow/dags/dag_show_pass.py for tasks to queue
[2026-05-14T13:38:09.774+0000] {logging_mixin.py:188} INFO - [2026-05-14T13:38:09.774+0000] {dagbag.py:540} INFO - Filling up the DagBag from /opt/airflow/dags/dag_show_pass.py
[2026-05-14T13:38:09.784+0000] {processor.py:840} INFO - DAG(s) 'dag_show_pass' retrieved from /opt/airflow/dags/dag_show_pass.py
[2026-05-14T13:38:09.811+0000] {logging_mixin.py:188} INFO - [2026-05-14T13:38:09.811+0000] {dag.py:3047} INFO - Sync 1 DAGs
[2026-05-14T13:38:09.836+0000] {logging_mixin.py:188} INFO - [2026-05-14T13:38:09.836+0000] {dag.py:3834} INFO - Setting next_dagrun for dag_show_pass to 2026-03-29 00:00:00+00:00, run_after=2026-03-29 00:00:00+00:00
[2026-05-14T13:38:09.862+0000] {processor.py:183} INFO - Processing /opt/airflow/dags/dag_show_pass.py took 0.093 seconds
[2026-05-14T13:38:40.020+0000] {processor.py:161} INFO - Started process (PID=249) to work on /opt/airflow/dags/dag_show_pass.py
[2026-05-14T13:38:40.020+0000] {processor.py:830} INFO - Processing file /opt/airflow/dags/dag_show_pass.py for tasks to queue
[2026-05-14T13:38:40.023+0000] {logging_mixin.py:188} INFO - [2026-05-14T13:38:40.022+0000] {dagbag.py:540} INFO - Filling up the DagBag from /opt/airflow/dags/dag_show_pass.py
[2026-05-14T13:38:40.032+0000] {processor.py:840} INFO - DAG(s) 'dag_show_pass' retrieved from /opt/airflow/dags/dag_show_pass.py
[2026-05-14T13:38:40.058+0000] {logging_mixin.py:188} INFO - [2026-05-14T13:38:40.058+0000] {dag.py:3047} INFO - Sync 1 DAGs
[2026-05-14T13:38:40.086+0000] {logging_mixin.py:188} INFO - [2026-05-14T13:38:40.086+0000] {dag.py:3834} INFO - Setting next_dagrun for dag_show_pass to 2026-03-29 00:00:00+00:00, run_after=2026-03-29 00:00:00+00:00
[2026-05-14T13:38:40.116+0000] {processor.py:183} INFO - Processing /opt/airflow/dags/dag_show_pass.py took 0.100 seconds
[2026-05-14T13:39:10.266+0000] {processor.py:161} INFO - Started process (PID=259) to work on /opt/airflow/dags/dag_show_pass.py
[2026-05-14T13:39:10.267+0000] {processor.py:830} INFO - Processing file /opt/airflow/dags/dag_show_pass.py for tasks to queue
[2026-05-14T13:39:10.269+0000] {logging_mixin.py:188} INFO - [2026-05-14T13:39:10.269+0000] {dagbag.py:540} INFO - Filling up the DagBag from /opt/airflow/dags/dag_show_pass.py
[2026-05-14T13:39:10.279+0000] {processor.py:840} INFO - DAG(s) 'dag_show_pass' retrieved from /opt/airflow/dags/dag_show_pass.py
[2026-05-14T13:39:10.322+0000] {logging_mixin.py:188} INFO - [2026-05-14T13:39:10.322+0000] {dag.py:3047} INFO - Sync 1 DAGs
[2026-05-14T13:39:10.357+0000] {logging_mixin.py:188} INFO - [2026-05-14T13:39:10.357+0000] {dag.py:3834} INFO - Setting next_dagrun for dag_show_pass to 2026-03-29 00:00:00+00:00, run_after=2026-03-29 00:00:00+00:00
[2026-05-14T13:39:10.374+0000] {processor.py:183} INFO - Processing /opt/airflow/dags/dag_show_pass.py took 0.111 seconds
[2026-05-14T13:39:40.567+0000] {processor.py:161} INFO - Started process (PID=270) to work on /opt/airflow/dags/dag_show_pass.py
[2026-05-14T13:39:40.569+0000] {processor.py:830} INFO - Processing file /opt/airflow/dags/dag_show_pass.py for tasks to queue
[2026-05-14T13:39:40.573+0000] {logging_mixin.py:188} INFO - [2026-05-14T13:39:40.572+0000] {dagbag.py:540} INFO - Filling up the DagBag from /opt/airflow/dags/dag_show_pass.py
[2026-05-14T13:39:40.589+0000] {processor.py:840} INFO - DAG(s) 'dag_show_pass' retrieved from /opt/airflow/dags/dag_show_pass.py
[2026-05-14T13:39:40.617+0000] {logging_mixin.py:188} INFO - [2026-05-14T13:39:40.616+0000] {dag.py:3047} INFO - Sync 1 DAGs
[2026-05-14T13:39:40.642+0000] {logging_mixin.py:188} INFO - [2026-05-14T13:39:40.642+0000] {dag.py:3834} INFO - Setting next_dagrun for dag_show_pass to 2026-03-29 00:00:00+00:00, run_after=2026-03-29 00:00:00+00:00
[2026-05-14T13:39:40.655+0000] {processor.py:183} INFO - Processing /opt/airflow/dags/dag_show_pass.py took 0.098 seconds
[2026-05-14T13:40:10.813+0000] {processor.py:161} INFO - Started process (PID=279) to work on /opt/airflow/dags/dag_show_pass.py
[2026-05-14T13:40:10.816+0000] {processor.py:830} INFO - Processing file /opt/airflow/dags/dag_show_pass.py for tasks to queue
[2026-05-14T13:40:10.816+0000] {logging_mixin.py:188} INFO - [2026-05-14T13:40:10.816+0000] {dagbag.py:540} INFO - Filling up the DagBag from /opt/airflow/dags/dag_show_pass.py
[2026-05-14T13:40:10.826+0000] {processor.py:840} INFO - DAG(s) 'dag_show_pass' retrieved from /opt/airflow/dags/dag_show_pass.py
[2026-05-14T13:40:10.854+0000] {logging_mixin.py:188} INFO - [2026-05-14T13:40:10.853+0000] {dag.py:3047} INFO - Sync 1 DAGs
[2026-05-14T13:40:10.876+0000] {logging_mixin.py:188} INFO - [2026-05-14T13:40:10.875+0000] {dag.py:3834} INFO - Setting next_dagrun for dag_show_pass to 2026-03-29 00:00:00+00:00, run_after=2026-03-29 00:00:00+00:00
[2026-05-14T13:40:10.895+0000] {processor.py:183} INFO - Processing /opt/airflow/dags/dag_show_pass.py took 0.085 seconds
[2026-05-14T13:40:40.978+0000] {processor.py:161} INFO - Started process (PID=288) to work on /opt/airflow/dags/dag_show_pass.py
[2026-05-14T13:40:40.981+0000] {processor.py:830} INFO - Processing file /opt/airflow/dags/dag_show_pass.py for tasks to queue
[2026-05-14T13:40:40.981+0000] {logging_mixin.py:188} INFO - [2026-05-14T13:40:40.981+0000] {dagbag.py:540} INFO - Filling up the DagBag from /opt/airflow/dags/dag_show_pass.py
[2026-05-14T13:40:40.995+0000] {processor.py:840} INFO - DAG(s) 'dag_show_pass' retrieved from /opt/airflow/dags/dag_show_pass.py
[2026-05-14T13:40:41.041+0000] {logging_mixin.py:188} INFO - [2026-05-14T13:40:41.040+0000] {dag.py:3047} INFO - Sync 1 DAGs
[2026-05-14T13:40:41.066+0000] {logging_mixin.py:188} INFO - [2026-05-14T13:40:41.066+0000] {dag.py:3834} INFO - Setting next_dagrun for dag_show_pass to 2026-03-29 00:00:00+00:00, run_after=2026-03-29 00:00:00+00:00
[2026-05-14T13:40:41.081+0000] {processor.py:183} INFO - Processing /opt/airflow/dags/dag_show_pass.py took 0.109 seconds
[2026-05-14T13:41:11.244+0000] {processor.py:161} INFO - Started process (PID=297) to work on /opt/airflow/dags/dag_show_pass.py
[2026-05-14T13:41:11.245+0000] {processor.py:830} INFO - Processing file /opt/airflow/dags/dag_show_pass.py for tasks to queue
[2026-05-14T13:41:11.245+0000] {logging_mixin.py:188} INFO - [2026-05-14T13:41:11.245+0000] {dagbag.py:540} INFO - Filling up the DagBag from /opt/airflow/dags/dag_show_pass.py
[2026-05-14T13:41:11.255+0000] {processor.py:840} INFO - DAG(s) 'dag_show_pass' retrieved from /opt/airflow/dags/dag_show_pass.py
[2026-05-14T13:41:11.282+0000] {logging_mixin.py:188} INFO - [2026-05-14T13:41:11.281+0000] {dag.py:3047} INFO - Sync 1 DAGs
[2026-05-14T13:41:11.303+0000] {logging_mixin.py:188} INFO - [2026-05-14T13:41:11.303+0000] {dag.py:3834} INFO - Setting next_dagrun for dag_show_pass to 2026-03-29 00:00:00+00:00, run_after=2026-03-29 00:00:00+00:00
[2026-05-14T13:41:11.321+0000] {processor.py:183} INFO - Processing /opt/airflow/dags/dag_show_pass.py took 0.082 seconds
[2026-05-14T13:41:41.402+0000] {processor.py:161} INFO - Started process (PID=306) to work on /opt/airflow/dags/dag_show_pass.py
[2026-05-14T13:41:41.404+0000] {processor.py:830} INFO - Processing file /opt/airflow/dags/dag_show_pass.py for tasks to queue
[2026-05-14T13:41:41.405+0000] {logging_mixin.py:188} INFO - [2026-05-14T13:41:41.405+0000] {dagbag.py:540} INFO - Filling up the DagBag from /opt/airflow/dags/dag_show_pass.py
[2026-05-14T13:41:41.433+0000] {processor.py:840} INFO - DAG(s) 'dag_show_pass' retrieved from /opt/airflow/dags/dag_show_pass.py
[2026-05-14T13:41:41.504+0000] {logging_mixin.py:188} INFO - [2026-05-14T13:41:41.503+0000] {dag.py:3047} INFO - Sync 1 DAGs
[2026-05-14T13:41:41.532+0000] {logging_mixin.py:188} INFO - [2026-05-14T13:41:41.532+0000] {dag.py:3834} INFO - Setting next_dagrun for dag_show_pass to 2026-03-29 00:00:00+00:00, run_after=2026-03-29 00:00:00+00:00
[2026-05-14T13:41:41.550+0000] {processor.py:183} INFO - Processing /opt/airflow/dags/dag_show_pass.py took 0.158 seconds
[2026-05-14T13:42:11.708+0000] {processor.py:161} INFO - Started process (PID=315) to work on /opt/airflow/dags/dag_show_pass.py
[2026-05-14T13:42:11.709+0000] {processor.py:830} INFO - Processing file /opt/airflow/dags/dag_show_pass.py for tasks to queue
[2026-05-14T13:42:11.710+0000] {logging_mixin.py:188} INFO - [2026-05-14T13:42:11.710+0000] {dagbag.py:540} INFO - Filling up the DagBag from /opt/airflow/dags/dag_show_pass.py
[2026-05-14T13:42:11.720+0000] {processor.py:840} INFO - DAG(s) 'dag_show_pass' retrieved from /opt/airflow/dags/dag_show_pass.py
[2026-05-14T13:42:11.747+0000] {logging_mixin.py:188} INFO - [2026-05-14T13:42:11.747+0000] {dag.py:3047} INFO - Sync 1 DAGs
[2026-05-14T13:42:11.770+0000] {logging_mixin.py:188} INFO - [2026-05-14T13:42:11.770+0000] {dag.py:3834} INFO - Setting next_dagrun for dag_show_pass to 2026-03-29 00:00:00+00:00, run_after=2026-03-29 00:00:00+00:00
[2026-05-14T13:42:11.791+0000] {processor.py:183} INFO - Processing /opt/airflow/dags/dag_show_pass.py took 0.090 seconds
[2026-05-14T13:42:42.018+0000] {processor.py:161} INFO - Started process (PID=324) to work on /opt/airflow/dags/dag_show_pass.py
[2026-05-14T13:42:42.022+0000] {processor.py:830} INFO - Processing file /opt/airflow/dags/dag_show_pass.py for tasks to queue
[2026-05-14T13:42:42.029+0000] {logging_mixin.py:188} INFO - [2026-05-14T13:42:42.025+0000] {dagbag.py:540} INFO - Filling up the DagBag from /opt/airflow/dags/dag_show_pass.py
[2026-05-14T13:42:42.096+0000] {processor.py:840} INFO - DAG(s) 'dag_show_pass' retrieved from /opt/airflow/dags/dag_show_pass.py
[2026-05-14T13:42:42.147+0000] {logging_mixin.py:188} INFO - [2026-05-14T13:42:42.147+0000] {dag.py:3047} INFO - Sync 1 DAGs
[2026-05-14T13:42:42.208+0000] {logging_mixin.py:188} INFO - [2026-05-14T13:42:42.199+0000] {dag.py:3834} INFO - Setting next_dagrun for dag_show_pass to 2026-03-29 00:00:00+00:00, run_after=2026-03-29 00:00:00+00:00
[2026-05-14T13:42:42.272+0000] {processor.py:183} INFO - Processing /opt/airflow/dags/dag_show_pass.py took 0.278 seconds
[2026-05-14T13:43:12.458+0000] {processor.py:161} INFO - Started process (PID=333) to work on /opt/airflow/dags/dag_show_pass.py
[2026-05-14T13:43:12.459+0000] {processor.py:830} INFO - Processing file /opt/airflow/dags/dag_show_pass.py for tasks to queue
[2026-05-14T13:43:12.460+0000] {logging_mixin.py:188} INFO - [2026-05-14T13:43:12.459+0000] {dagbag.py:540} INFO - Filling up the DagBag from /opt/airflow/dags/dag_show_pass.py
[2026-05-14T13:43:12.469+0000] {processor.py:840} INFO - DAG(s) 'dag_show_pass' retrieved from /opt/airflow/dags/dag_show_pass.py
[2026-05-14T13:43:12.495+0000] {logging_mixin.py:188} INFO - [2026-05-14T13:43:12.495+0000] {dag.py:3047} INFO - Sync 1 DAGs
[2026-05-14T13:43:12.517+0000] {logging_mixin.py:188} INFO - [2026-05-14T13:43:12.517+0000] {dag.py:3834} INFO - Setting next_dagrun for dag_show_pass to 2026-03-29 00:00:00+00:00, run_after=2026-03-29 00:00:00+00:00
[2026-05-14T13:43:12.535+0000] {processor.py:183} INFO - Processing /opt/airflow/dags/dag_show_pass.py took 0.080 seconds
[2026-05-14T13:43:42.629+0000] {processor.py:161} INFO - Started process (PID=342) to work on /opt/airflow/dags/dag_show_pass.py
[2026-05-14T13:43:42.631+0000] {processor.py:830} INFO - Processing file /opt/airflow/dags/dag_show_pass.py for tasks to queue
[2026-05-14T13:43:42.632+0000] {logging_mixin.py:188} INFO - [2026-05-14T13:43:42.632+0000] {dagbag.py:540} INFO - Filling up the DagBag from /opt/airflow/dags/dag_show_pass.py
[2026-05-14T13:43:42.642+0000] {processor.py:840} INFO - DAG(s) 'dag_show_pass' retrieved from /opt/airflow/dags/dag_show_pass.py
[2026-05-14T13:43:42.669+0000] {logging_mixin.py:188} INFO - [2026-05-14T13:43:42.668+0000] {dag.py:3047} INFO - Sync 1 DAGs
[2026-05-14T13:43:42.691+0000] {logging_mixin.py:188} INFO - [2026-05-14T13:43:42.691+0000] {dag.py:3834} INFO - Setting next_dagrun for dag_show_pass to 2026-03-29 00:00:00+00:00, run_after=2026-03-29 00:00:00+00:00
[2026-05-14T13:43:42.707+0000] {processor.py:183} INFO - Processing /opt/airflow/dags/dag_show_pass.py took 0.083 seconds
[2026-05-14T13:44:12.790+0000] {processor.py:161} INFO - Started process (PID=351) to work on /opt/airflow/dags/dag_show_pass.py
[2026-05-14T13:44:12.792+0000] {processor.py:830} INFO - Processing file /opt/airflow/dags/dag_show_pass.py for tasks to queue
[2026-05-14T13:44:12.793+0000] {logging_mixin.py:188} INFO - [2026-05-14T13:44:12.793+0000] {dagbag.py:540} INFO - Filling up the DagBag from /opt/airflow/dags/dag_show_pass.py
[2026-05-14T13:44:12.813+0000] {processor.py:840} INFO - DAG(s) 'dag_show_pass' retrieved from /opt/airflow/dags/dag_show_pass.py
[2026-05-14T13:44:12.897+0000] {logging_mixin.py:188} INFO - [2026-05-14T13:44:12.896+0000] {dag.py:3047} INFO - Sync 1 DAGs
[2026-05-14T13:44:12.944+0000] {logging_mixin.py:188} INFO - [2026-05-14T13:44:12.944+0000] {dag.py:3834} INFO - Setting next_dagrun for dag_show_pass to 2026-03-29 00:00:00+00:00, run_after=2026-03-29 00:00:00+00:00
[2026-05-14T13:44:12.967+0000] {processor.py:183} INFO - Processing /opt/airflow/dags/dag_show_pass.py took 0.191 seconds
[2026-05-14T13:44:43.134+0000] {processor.py:161} INFO - Started process (PID=360) to work on /opt/airflow/dags/dag_show_pass.py
[2026-05-14T13:44:43.135+0000] {processor.py:830} INFO - Processing file /opt/airflow/dags/dag_show_pass.py for tasks to queue
[2026-05-14T13:44:43.136+0000] {logging_mixin.py:188} INFO - [2026-05-14T13:44:43.136+0000] {dagbag.py:540} INFO - Filling up the DagBag from /opt/airflow/dags/dag_show_pass.py
[2026-05-14T13:44:43.146+0000] {processor.py:840} INFO - DAG(s) 'dag_show_pass' retrieved from /opt/airflow/dags/dag_show_pass.py
[2026-05-14T13:44:43.174+0000] {logging_mixin.py:188} INFO - [2026-05-14T13:44:43.174+0000] {dag.py:3047} INFO - Sync 1 DAGs
[2026-05-14T13:44:43.198+0000] {logging_mixin.py:188} INFO - [2026-05-14T13:44:43.198+0000] {dag.py:3834} INFO - Setting next_dagrun for dag_show_pass to 2026-03-29 00:00:00+00:00, run_after=2026-03-29 00:00:00+00:00
[2026-05-14T13:44:43.214+0000] {processor.py:183} INFO - Processing /opt/airflow/dags/dag_show_pass.py took 0.084 seconds
[2026-05-14T13:45:13.308+0000] {processor.py:161} INFO - Started process (PID=369) to work on /opt/airflow/dags/dag_show_pass.py
[2026-05-14T13:45:13.309+0000] {processor.py:830} INFO - Processing file /opt/airflow/dags/dag_show_pass.py for tasks to queue
[2026-05-14T13:45:13.310+0000] {logging_mixin.py:188} INFO - [2026-05-14T13:45:13.310+0000] {dagbag.py:540} INFO - Filling up the DagBag from /opt/airflow/dags/dag_show_pass.py
[2026-05-14T13:45:13.329+0000] {processor.py:840} INFO - DAG(s) 'dag_show_pass' retrieved from /opt/airflow/dags/dag_show_pass.py
[2026-05-14T13:45:13.358+0000] {logging_mixin.py:188} INFO - [2026-05-14T13:45:13.358+0000] {dag.py:3047} INFO - Sync 1 DAGs
[2026-05-14T13:45:13.383+0000] {logging_mixin.py:188} INFO - [2026-05-14T13:45:13.381+0000] {dag.py:3834} INFO - Setting next_dagrun for dag_show_pass to 2026-03-29 00:00:00+00:00, run_after=2026-03-29 00:00:00+00:00
[2026-05-14T13:45:13.401+0000] {processor.py:183} INFO - Processing /opt/airflow/dags/dag_show_pass.py took 0.096 seconds
[2026-05-14T13:45:43.479+0000] {processor.py:161} INFO - Started process (PID=377) to work on /opt/airflow/dags/dag_show_pass.py
[2026-05-14T13:45:43.479+0000] {processor.py:830} INFO - Processing file /opt/airflow/dags/dag_show_pass.py for tasks to queue
[2026-05-14T13:45:43.480+0000] {logging_mixin.py:188} INFO - [2026-05-14T13:45:43.480+0000] {dagbag.py:540} INFO - Filling up the DagBag from /opt/airflow/dags/dag_show_pass.py
[2026-05-14T13:45:43.490+0000] {processor.py:840} INFO - DAG(s) 'dag_show_pass' retrieved from /opt/airflow/dags/dag_show_pass.py
[2026-05-14T13:45:43.519+0000] {logging_mixin.py:188} INFO - [2026-05-14T13:45:43.518+0000] {dag.py:3047} INFO - Sync 1 DAGs
[2026-05-14T13:45:43.541+0000] {logging_mixin.py:188} INFO - [2026-05-14T13:45:43.541+0000] {dag.py:3834} INFO - Setting next_dagrun for dag_show_pass to 2026-03-29 00:00:00+00:00, run_after=2026-03-29 00:00:00+00:00
[2026-05-14T13:45:43.559+0000] {processor.py:183} INFO - Processing /opt/airflow/dags/dag_show_pass.py took 0.086 seconds
