[2026-05-14T13:27:57.707+0000] {processor.py:161} INFO - Started process (PID=70) to work on /opt/airflow/dags/dag_1.py
[2026-05-14T13:27:57.721+0000] {processor.py:830} INFO - Processing file /opt/airflow/dags/dag_1.py for tasks to queue
[2026-05-14T13:27:57.752+0000] {logging_mixin.py:188} INFO - [2026-05-14T13:27:57.752+0000] {dagbag.py:540} INFO - Filling up the DagBag from /opt/airflow/dags/dag_1.py
[2026-05-14T13:27:57.970+0000] {processor.py:840} INFO - DAG(s) 'first_dag' retrieved from /opt/airflow/dags/dag_1.py
[2026-05-14T13:28:00.518+0000] {logging_mixin.py:188} INFO - [2026-05-14T13:28:00.514+0000] {override.py:1769} INFO - Created Permission View: can read on DAG:first_dag
[2026-05-14T13:28:00.609+0000] {logging_mixin.py:188} INFO - [2026-05-14T13:28:00.608+0000] {override.py:1769} INFO - Created Permission View: can delete on DAG:first_dag
[2026-05-14T13:28:00.786+0000] {logging_mixin.py:188} INFO - [2026-05-14T13:28:00.750+0000] {override.py:1769} INFO - Created Permission View: can edit on DAG:first_dag
[2026-05-14T13:28:00.819+0000] {logging_mixin.py:188} INFO - [2026-05-14T13:28:00.798+0000] {dag.py:3047} INFO - Sync 1 DAGs
[2026-05-14T13:28:00.870+0000] {logging_mixin.py:188} INFO - [2026-05-14T13:28:00.868+0000] {dag.py:3069} INFO - Creating ORM DAG for first_dag
[2026-05-14T13:28:00.895+0000] {logging_mixin.py:188} INFO - [2026-05-14T13:28:00.895+0000] {dag.py:3834} INFO - Setting next_dagrun for first_dag to 2026-04-01 00:00:00+00:00, run_after=2026-04-02 00:00:00+00:00
[2026-05-14T13:28:00.943+0000] {processor.py:183} INFO - Processing /opt/airflow/dags/dag_1.py took 3.273 seconds
[2026-05-14T13:28:31.539+0000] {processor.py:161} INFO - Started process (PID=78) to work on /opt/airflow/dags/dag_1.py
[2026-05-14T13:28:31.563+0000] {processor.py:830} INFO - Processing file /opt/airflow/dags/dag_1.py for tasks to queue
[2026-05-14T13:28:31.602+0000] {logging_mixin.py:188} INFO - [2026-05-14T13:28:31.600+0000] {dagbag.py:540} INFO - Filling up the DagBag from /opt/airflow/dags/dag_1.py
[2026-05-14T13:28:31.676+0000] {processor.py:840} INFO - DAG(s) 'first_dag' retrieved from /opt/airflow/dags/dag_1.py
[2026-05-14T13:28:31.702+0000] {logging_mixin.py:188} INFO - [2026-05-14T13:28:31.701+0000] {dag.py:3047} INFO - Sync 1 DAGs
[2026-05-14T13:28:31.727+0000] {logging_mixin.py:188} INFO - [2026-05-14T13:28:31.726+0000] {dag.py:3834} INFO - Setting next_dagrun for first_dag to 2026-04-01 00:00:00+00:00, run_after=2026-04-02 00:00:00+00:00
[2026-05-14T13:28:31.757+0000] {processor.py:183} INFO - Processing /opt/airflow/dags/dag_1.py took 0.245 seconds
[2026-05-14T13:29:02.112+0000] {processor.py:161} INFO - Started process (PID=86) to work on /opt/airflow/dags/dag_1.py
[2026-05-14T13:29:02.113+0000] {processor.py:830} INFO - Processing file /opt/airflow/dags/dag_1.py for tasks to queue
[2026-05-14T13:29:02.115+0000] {logging_mixin.py:188} INFO - [2026-05-14T13:29:02.115+0000] {dagbag.py:540} INFO - Filling up the DagBag from /opt/airflow/dags/dag_1.py
[2026-05-14T13:29:02.128+0000] {processor.py:840} INFO - DAG(s) 'first_dag' retrieved from /opt/airflow/dags/dag_1.py
[2026-05-14T13:29:02.171+0000] {logging_mixin.py:188} INFO - [2026-05-14T13:29:02.171+0000] {dag.py:3047} INFO - Sync 1 DAGs
[2026-05-14T13:29:02.197+0000] {logging_mixin.py:188} INFO - [2026-05-14T13:29:02.197+0000] {dag.py:3834} INFO - Setting next_dagrun for first_dag to 2026-04-01 00:00:00+00:00, run_after=2026-04-02 00:00:00+00:00
[2026-05-14T13:29:02.213+0000] {processor.py:183} INFO - Processing /opt/airflow/dags/dag_1.py took 0.104 seconds
[2026-05-14T13:29:32.367+0000] {processor.py:161} INFO - Started process (PID=94) to work on /opt/airflow/dags/dag_1.py
[2026-05-14T13:29:32.367+0000] {processor.py:830} INFO - Processing file /opt/airflow/dags/dag_1.py for tasks to queue
[2026-05-14T13:29:32.369+0000] {logging_mixin.py:188} INFO - [2026-05-14T13:29:32.369+0000] {dagbag.py:540} INFO - Filling up the DagBag from /opt/airflow/dags/dag_1.py
[2026-05-14T13:29:32.383+0000] {processor.py:840} INFO - DAG(s) 'first_dag' retrieved from /opt/airflow/dags/dag_1.py
[2026-05-14T13:29:32.419+0000] {logging_mixin.py:188} INFO - [2026-05-14T13:29:32.418+0000] {dag.py:3047} INFO - Sync 1 DAGs
[2026-05-14T13:29:32.442+0000] {logging_mixin.py:188} INFO - [2026-05-14T13:29:32.441+0000] {dag.py:3834} INFO - Setting next_dagrun for first_dag to 2026-04-01 00:00:00+00:00, run_after=2026-04-02 00:00:00+00:00
[2026-05-14T13:29:32.462+0000] {processor.py:183} INFO - Processing /opt/airflow/dags/dag_1.py took 0.099 seconds
[2026-05-14T13:30:02.893+0000] {processor.py:161} INFO - Started process (PID=102) to work on /opt/airflow/dags/dag_1.py
[2026-05-14T13:30:02.894+0000] {processor.py:830} INFO - Processing file /opt/airflow/dags/dag_1.py for tasks to queue
[2026-05-14T13:30:02.896+0000] {logging_mixin.py:188} INFO - [2026-05-14T13:30:02.896+0000] {dagbag.py:540} INFO - Filling up the DagBag from /opt/airflow/dags/dag_1.py
[2026-05-14T13:30:02.908+0000] {processor.py:840} INFO - DAG(s) 'first_dag' retrieved from /opt/airflow/dags/dag_1.py
[2026-05-14T13:30:02.948+0000] {logging_mixin.py:188} INFO - [2026-05-14T13:30:02.943+0000] {dag.py:3047} INFO - Sync 1 DAGs
[2026-05-14T13:30:02.983+0000] {logging_mixin.py:188} INFO - [2026-05-14T13:30:02.983+0000] {dag.py:3834} INFO - Setting next_dagrun for first_dag to 2026-04-01 00:00:00+00:00, run_after=2026-04-02 00:00:00+00:00
[2026-05-14T13:30:03.160+0000] {processor.py:183} INFO - Processing /opt/airflow/dags/dag_1.py took 0.270 seconds
[2026-05-14T13:30:33.195+0000] {processor.py:161} INFO - Started process (PID=110) to work on /opt/airflow/dags/dag_1.py
[2026-05-14T13:30:33.198+0000] {processor.py:830} INFO - Processing file /opt/airflow/dags/dag_1.py for tasks to queue
[2026-05-14T13:30:33.204+0000] {logging_mixin.py:188} INFO - [2026-05-14T13:30:33.203+0000] {dagbag.py:540} INFO - Filling up the DagBag from /opt/airflow/dags/dag_1.py
[2026-05-14T13:30:33.371+0000] {processor.py:840} INFO - DAG(s) 'first_dag' retrieved from /opt/airflow/dags/dag_1.py
[2026-05-14T13:30:33.439+0000] {logging_mixin.py:188} INFO - [2026-05-14T13:30:33.439+0000] {dag.py:3047} INFO - Sync 1 DAGs
[2026-05-14T13:30:33.460+0000] {logging_mixin.py:188} INFO - [2026-05-14T13:30:33.460+0000] {dag.py:3834} INFO - Setting next_dagrun for first_dag to 2026-04-01 00:00:00+00:00, run_after=2026-04-02 00:00:00+00:00
[2026-05-14T13:30:33.474+0000] {processor.py:183} INFO - Processing /opt/airflow/dags/dag_1.py took 0.285 seconds
[2026-05-14T13:31:03.756+0000] {processor.py:161} INFO - Started process (PID=118) to work on /opt/airflow/dags/dag_1.py
[2026-05-14T13:31:03.765+0000] {processor.py:830} INFO - Processing file /opt/airflow/dags/dag_1.py for tasks to queue
[2026-05-14T13:31:03.778+0000] {logging_mixin.py:188} INFO - [2026-05-14T13:31:03.777+0000] {dagbag.py:540} INFO - Filling up the DagBag from /opt/airflow/dags/dag_1.py
[2026-05-14T13:31:03.798+0000] {processor.py:840} INFO - DAG(s) 'first_dag' retrieved from /opt/airflow/dags/dag_1.py
[2026-05-14T13:31:03.827+0000] {logging_mixin.py:188} INFO - [2026-05-14T13:31:03.827+0000] {dag.py:3047} INFO - Sync 1 DAGs
[2026-05-14T13:31:03.862+0000] {logging_mixin.py:188} INFO - [2026-05-14T13:31:03.861+0000] {dag.py:3834} INFO - Setting next_dagrun for first_dag to 2026-04-01 00:00:00+00:00, run_after=2026-04-02 00:00:00+00:00
[2026-05-14T13:31:03.879+0000] {processor.py:183} INFO - Processing /opt/airflow/dags/dag_1.py took 0.151 seconds
[2026-05-14T13:31:34.325+0000] {processor.py:161} INFO - Started process (PID=126) to work on /opt/airflow/dags/dag_1.py
[2026-05-14T13:31:34.326+0000] {processor.py:830} INFO - Processing file /opt/airflow/dags/dag_1.py for tasks to queue
[2026-05-14T13:31:34.333+0000] {logging_mixin.py:188} INFO - [2026-05-14T13:31:34.332+0000] {dagbag.py:540} INFO - Filling up the DagBag from /opt/airflow/dags/dag_1.py
[2026-05-14T13:31:34.362+0000] {processor.py:840} INFO - DAG(s) 'first_dag' retrieved from /opt/airflow/dags/dag_1.py
[2026-05-14T13:31:34.399+0000] {logging_mixin.py:188} INFO - [2026-05-14T13:31:34.399+0000] {dag.py:3047} INFO - Sync 1 DAGs
[2026-05-14T13:31:34.436+0000] {logging_mixin.py:188} INFO - [2026-05-14T13:31:34.435+0000] {dag.py:3834} INFO - Setting next_dagrun for first_dag to 2026-04-01 00:00:00+00:00, run_after=2026-04-02 00:00:00+00:00
[2026-05-14T13:31:34.467+0000] {processor.py:183} INFO - Processing /opt/airflow/dags/dag_1.py took 0.195 seconds
[2026-05-14T13:32:04.720+0000] {processor.py:161} INFO - Started process (PID=134) to work on /opt/airflow/dags/dag_1.py
[2026-05-14T13:32:04.722+0000] {processor.py:830} INFO - Processing file /opt/airflow/dags/dag_1.py for tasks to queue
[2026-05-14T13:32:04.724+0000] {logging_mixin.py:188} INFO - [2026-05-14T13:32:04.724+0000] {dagbag.py:540} INFO - Filling up the DagBag from /opt/airflow/dags/dag_1.py
[2026-05-14T13:32:04.736+0000] {processor.py:840} INFO - DAG(s) 'first_dag' retrieved from /opt/airflow/dags/dag_1.py
[2026-05-14T13:32:04.909+0000] {logging_mixin.py:188} INFO - [2026-05-14T13:32:04.908+0000] {dag.py:3047} INFO - Sync 1 DAGs
[2026-05-14T13:32:04.936+0000] {logging_mixin.py:188} INFO - [2026-05-14T13:32:04.936+0000] {dag.py:3834} INFO - Setting next_dagrun for first_dag to 2026-04-01 00:00:00+00:00, run_after=2026-04-02 00:00:00+00:00
[2026-05-14T13:32:04.965+0000] {processor.py:183} INFO - Processing /opt/airflow/dags/dag_1.py took 0.248 seconds
[2026-05-14T13:32:35.229+0000] {processor.py:161} INFO - Started process (PID=142) to work on /opt/airflow/dags/dag_1.py
[2026-05-14T13:32:35.230+0000] {processor.py:830} INFO - Processing file /opt/airflow/dags/dag_1.py for tasks to queue
[2026-05-14T13:32:35.233+0000] {logging_mixin.py:188} INFO - [2026-05-14T13:32:35.232+0000] {dagbag.py:540} INFO - Filling up the DagBag from /opt/airflow/dags/dag_1.py
[2026-05-14T13:32:35.246+0000] {processor.py:840} INFO - DAG(s) 'first_dag' retrieved from /opt/airflow/dags/dag_1.py
[2026-05-14T13:32:35.273+0000] {logging_mixin.py:188} INFO - [2026-05-14T13:32:35.273+0000] {dag.py:3047} INFO - Sync 1 DAGs
[2026-05-14T13:32:35.299+0000] {logging_mixin.py:188} INFO - [2026-05-14T13:32:35.298+0000] {dag.py:3834} INFO - Setting next_dagrun for first_dag to 2026-04-01 00:00:00+00:00, run_after=2026-04-02 00:00:00+00:00
[2026-05-14T13:32:35.316+0000] {processor.py:183} INFO - Processing /opt/airflow/dags/dag_1.py took 0.095 seconds
[2026-05-14T13:33:05.809+0000] {processor.py:161} INFO - Started process (PID=150) to work on /opt/airflow/dags/dag_1.py
[2026-05-14T13:33:05.810+0000] {processor.py:830} INFO - Processing file /opt/airflow/dags/dag_1.py for tasks to queue
[2026-05-14T13:33:05.812+0000] {logging_mixin.py:188} INFO - [2026-05-14T13:33:05.812+0000] {dagbag.py:540} INFO - Filling up the DagBag from /opt/airflow/dags/dag_1.py
[2026-05-14T13:33:05.825+0000] {processor.py:840} INFO - DAG(s) 'first_dag' retrieved from /opt/airflow/dags/dag_1.py
[2026-05-14T13:33:05.853+0000] {logging_mixin.py:188} INFO - [2026-05-14T13:33:05.853+0000] {dag.py:3047} INFO - Sync 1 DAGs
[2026-05-14T13:33:05.877+0000] {logging_mixin.py:188} INFO - [2026-05-14T13:33:05.877+0000] {dag.py:3834} INFO - Setting next_dagrun for first_dag to 2026-04-01 00:00:00+00:00, run_after=2026-04-02 00:00:00+00:00
[2026-05-14T13:33:05.896+0000] {processor.py:183} INFO - Processing /opt/airflow/dags/dag_1.py took 0.090 seconds
[2026-05-14T13:33:36.403+0000] {processor.py:161} INFO - Started process (PID=159) to work on /opt/airflow/dags/dag_1.py
[2026-05-14T13:33:36.404+0000] {processor.py:830} INFO - Processing file /opt/airflow/dags/dag_1.py for tasks to queue
[2026-05-14T13:33:36.406+0000] {logging_mixin.py:188} INFO - [2026-05-14T13:33:36.406+0000] {dagbag.py:540} INFO - Filling up the DagBag from /opt/airflow/dags/dag_1.py
[2026-05-14T13:33:36.418+0000] {processor.py:840} INFO - DAG(s) 'first_dag' retrieved from /opt/airflow/dags/dag_1.py
[2026-05-14T13:33:36.444+0000] {logging_mixin.py:188} INFO - [2026-05-14T13:33:36.444+0000] {dag.py:3047} INFO - Sync 1 DAGs
[2026-05-14T13:33:36.468+0000] {logging_mixin.py:188} INFO - [2026-05-14T13:33:36.468+0000] {dag.py:3834} INFO - Setting next_dagrun for first_dag to 2026-04-01 00:00:00+00:00, run_after=2026-04-02 00:00:00+00:00
[2026-05-14T13:33:36.489+0000] {processor.py:183} INFO - Processing /opt/airflow/dags/dag_1.py took 0.113 seconds
[2026-05-14T13:34:06.847+0000] {processor.py:161} INFO - Started process (PID=168) to work on /opt/airflow/dags/dag_1.py
[2026-05-14T13:34:06.849+0000] {processor.py:830} INFO - Processing file /opt/airflow/dags/dag_1.py for tasks to queue
[2026-05-14T13:34:06.854+0000] {logging_mixin.py:188} INFO - [2026-05-14T13:34:06.853+0000] {dagbag.py:540} INFO - Filling up the DagBag from /opt/airflow/dags/dag_1.py
[2026-05-14T13:34:06.884+0000] {processor.py:840} INFO - DAG(s) 'first_dag' retrieved from /opt/airflow/dags/dag_1.py
[2026-05-14T13:34:07.162+0000] {logging_mixin.py:188} INFO - [2026-05-14T13:34:07.161+0000] {dag.py:3047} INFO - Sync 1 DAGs
[2026-05-14T13:34:07.252+0000] {logging_mixin.py:188} INFO - [2026-05-14T13:34:07.251+0000] {dag.py:3834} INFO - Setting next_dagrun for first_dag to 2026-04-01 00:00:00+00:00, run_after=2026-04-02 00:00:00+00:00
[2026-05-14T13:34:07.307+0000] {processor.py:183} INFO - Processing /opt/airflow/dags/dag_1.py took 0.476 seconds
[2026-05-14T13:34:37.779+0000] {processor.py:161} INFO - Started process (PID=177) to work on /opt/airflow/dags/dag_1.py
[2026-05-14T13:34:37.780+0000] {processor.py:830} INFO - Processing file /opt/airflow/dags/dag_1.py for tasks to queue
[2026-05-14T13:34:37.782+0000] {logging_mixin.py:188} INFO - [2026-05-14T13:34:37.782+0000] {dagbag.py:540} INFO - Filling up the DagBag from /opt/airflow/dags/dag_1.py
[2026-05-14T13:34:37.796+0000] {processor.py:840} INFO - DAG(s) 'first_dag' retrieved from /opt/airflow/dags/dag_1.py
[2026-05-14T13:34:37.828+0000] {logging_mixin.py:188} INFO - [2026-05-14T13:34:37.828+0000] {dag.py:3047} INFO - Sync 1 DAGs
[2026-05-14T13:34:37.856+0000] {logging_mixin.py:188} INFO - [2026-05-14T13:34:37.856+0000] {dag.py:3834} INFO - Setting next_dagrun for first_dag to 2026-04-01 00:00:00+00:00, run_after=2026-04-02 00:00:00+00:00
[2026-05-14T13:34:37.878+0000] {processor.py:183} INFO - Processing /opt/airflow/dags/dag_1.py took 0.102 seconds
[2026-05-14T13:35:08.038+0000] {processor.py:161} INFO - Started process (PID=186) to work on /opt/airflow/dags/dag_1.py
[2026-05-14T13:35:08.052+0000] {processor.py:830} INFO - Processing file /opt/airflow/dags/dag_1.py for tasks to queue
[2026-05-14T13:35:08.076+0000] {logging_mixin.py:188} INFO - [2026-05-14T13:35:08.074+0000] {dagbag.py:540} INFO - Filling up the DagBag from /opt/airflow/dags/dag_1.py
[2026-05-14T13:35:08.092+0000] {processor.py:840} INFO - DAG(s) 'first_dag' retrieved from /opt/airflow/dags/dag_1.py
[2026-05-14T13:35:08.162+0000] {logging_mixin.py:188} INFO - [2026-05-14T13:35:08.162+0000] {dag.py:3047} INFO - Sync 1 DAGs
[2026-05-14T13:35:08.225+0000] {logging_mixin.py:188} INFO - [2026-05-14T13:35:08.222+0000] {dag.py:3834} INFO - Setting next_dagrun for first_dag to 2026-04-01 00:00:00+00:00, run_after=2026-04-02 00:00:00+00:00
[2026-05-14T13:35:08.306+0000] {processor.py:183} INFO - Processing /opt/airflow/dags/dag_1.py took 0.282 seconds
[2026-05-14T13:35:38.413+0000] {processor.py:161} INFO - Started process (PID=195) to work on /opt/airflow/dags/dag_1.py
[2026-05-14T13:35:38.415+0000] {processor.py:830} INFO - Processing file /opt/airflow/dags/dag_1.py for tasks to queue
[2026-05-14T13:35:38.418+0000] {logging_mixin.py:188} INFO - [2026-05-14T13:35:38.418+0000] {dagbag.py:540} INFO - Filling up the DagBag from /opt/airflow/dags/dag_1.py
[2026-05-14T13:35:38.432+0000] {processor.py:840} INFO - DAG(s) 'first_dag' retrieved from /opt/airflow/dags/dag_1.py
[2026-05-14T13:35:38.484+0000] {logging_mixin.py:188} INFO - [2026-05-14T13:35:38.484+0000] {dag.py:3047} INFO - Sync 1 DAGs
[2026-05-14T13:35:38.510+0000] {logging_mixin.py:188} INFO - [2026-05-14T13:35:38.510+0000] {dag.py:3834} INFO - Setting next_dagrun for first_dag to 2026-04-01 00:00:00+00:00, run_after=2026-04-02 00:00:00+00:00
[2026-05-14T13:35:38.528+0000] {processor.py:183} INFO - Processing /opt/airflow/dags/dag_1.py took 0.123 seconds
[2026-05-14T13:36:08.703+0000] {processor.py:161} INFO - Started process (PID=204) to work on /opt/airflow/dags/dag_1.py
[2026-05-14T13:36:08.705+0000] {processor.py:830} INFO - Processing file /opt/airflow/dags/dag_1.py for tasks to queue
[2026-05-14T13:36:08.707+0000] {logging_mixin.py:188} INFO - [2026-05-14T13:36:08.706+0000] {dagbag.py:540} INFO - Filling up the DagBag from /opt/airflow/dags/dag_1.py
[2026-05-14T13:36:08.721+0000] {processor.py:840} INFO - DAG(s) 'first_dag' retrieved from /opt/airflow/dags/dag_1.py
[2026-05-14T13:36:08.769+0000] {logging_mixin.py:188} INFO - [2026-05-14T13:36:08.769+0000] {dag.py:3047} INFO - Sync 1 DAGs
[2026-05-14T13:36:08.801+0000] {logging_mixin.py:188} INFO - [2026-05-14T13:36:08.801+0000] {dag.py:3834} INFO - Setting next_dagrun for first_dag to 2026-04-01 00:00:00+00:00, run_after=2026-04-02 00:00:00+00:00
[2026-05-14T13:36:08.863+0000] {processor.py:183} INFO - Processing /opt/airflow/dags/dag_1.py took 0.170 seconds
[2026-05-14T13:36:38.923+0000] {processor.py:161} INFO - Started process (PID=212) to work on /opt/airflow/dags/dag_1.py
[2026-05-14T13:36:38.924+0000] {processor.py:830} INFO - Processing file /opt/airflow/dags/dag_1.py for tasks to queue
[2026-05-14T13:36:38.927+0000] {logging_mixin.py:188} INFO - [2026-05-14T13:36:38.926+0000] {dagbag.py:540} INFO - Filling up the DagBag from /opt/airflow/dags/dag_1.py
[2026-05-14T13:36:38.941+0000] {processor.py:840} INFO - DAG(s) 'first_dag' retrieved from /opt/airflow/dags/dag_1.py
[2026-05-14T13:36:39.000+0000] {logging_mixin.py:188} INFO - [2026-05-14T13:36:38.997+0000] {dag.py:3047} INFO - Sync 1 DAGs
[2026-05-14T13:36:39.056+0000] {logging_mixin.py:188} INFO - [2026-05-14T13:36:39.055+0000] {dag.py:3834} INFO - Setting next_dagrun for first_dag to 2026-04-01 00:00:00+00:00, run_after=2026-04-02 00:00:00+00:00
[2026-05-14T13:36:39.078+0000] {processor.py:183} INFO - Processing /opt/airflow/dags/dag_1.py took 0.158 seconds
[2026-05-14T13:37:09.270+0000] {processor.py:161} INFO - Started process (PID=221) to work on /opt/airflow/dags/dag_1.py
[2026-05-14T13:37:09.276+0000] {processor.py:830} INFO - Processing file /opt/airflow/dags/dag_1.py for tasks to queue
[2026-05-14T13:37:09.283+0000] {logging_mixin.py:188} INFO - [2026-05-14T13:37:09.282+0000] {dagbag.py:540} INFO - Filling up the DagBag from /opt/airflow/dags/dag_1.py
[2026-05-14T13:37:09.300+0000] {processor.py:840} INFO - DAG(s) 'first_dag' retrieved from /opt/airflow/dags/dag_1.py
[2026-05-14T13:37:09.332+0000] {logging_mixin.py:188} INFO - [2026-05-14T13:37:09.331+0000] {dag.py:3047} INFO - Sync 1 DAGs
[2026-05-14T13:37:09.362+0000] {logging_mixin.py:188} INFO - [2026-05-14T13:37:09.362+0000] {dag.py:3834} INFO - Setting next_dagrun for first_dag to 2026-04-01 00:00:00+00:00, run_after=2026-04-02 00:00:00+00:00
[2026-05-14T13:37:09.382+0000] {processor.py:183} INFO - Processing /opt/airflow/dags/dag_1.py took 0.132 seconds
[2026-05-14T13:37:39.521+0000] {processor.py:161} INFO - Started process (PID=230) to work on /opt/airflow/dags/dag_1.py
[2026-05-14T13:37:39.522+0000] {processor.py:830} INFO - Processing file /opt/airflow/dags/dag_1.py for tasks to queue
[2026-05-14T13:37:39.524+0000] {logging_mixin.py:188} INFO - [2026-05-14T13:37:39.523+0000] {dagbag.py:540} INFO - Filling up the DagBag from /opt/airflow/dags/dag_1.py
[2026-05-14T13:37:39.537+0000] {processor.py:840} INFO - DAG(s) 'first_dag' retrieved from /opt/airflow/dags/dag_1.py
[2026-05-14T13:37:39.568+0000] {logging_mixin.py:188} INFO - [2026-05-14T13:37:39.568+0000] {dag.py:3047} INFO - Sync 1 DAGs
[2026-05-14T13:37:39.592+0000] {logging_mixin.py:188} INFO - [2026-05-14T13:37:39.592+0000] {dag.py:3834} INFO - Setting next_dagrun for first_dag to 2026-04-01 00:00:00+00:00, run_after=2026-04-02 00:00:00+00:00
[2026-05-14T13:37:39.611+0000] {processor.py:183} INFO - Processing /opt/airflow/dags/dag_1.py took 0.093 seconds
[2026-05-14T13:38:09.764+0000] {processor.py:161} INFO - Started process (PID=239) to work on /opt/airflow/dags/dag_1.py
[2026-05-14T13:38:09.765+0000] {processor.py:830} INFO - Processing file /opt/airflow/dags/dag_1.py for tasks to queue
[2026-05-14T13:38:09.767+0000] {logging_mixin.py:188} INFO - [2026-05-14T13:38:09.767+0000] {dagbag.py:540} INFO - Filling up the DagBag from /opt/airflow/dags/dag_1.py
[2026-05-14T13:38:09.780+0000] {processor.py:840} INFO - DAG(s) 'first_dag' retrieved from /opt/airflow/dags/dag_1.py
[2026-05-14T13:38:09.809+0000] {logging_mixin.py:188} INFO - [2026-05-14T13:38:09.809+0000] {dag.py:3047} INFO - Sync 1 DAGs
[2026-05-14T13:38:09.836+0000] {logging_mixin.py:188} INFO - [2026-05-14T13:38:09.836+0000] {dag.py:3834} INFO - Setting next_dagrun for first_dag to 2026-04-01 00:00:00+00:00, run_after=2026-04-02 00:00:00+00:00
[2026-05-14T13:38:09.854+0000] {processor.py:183} INFO - Processing /opt/airflow/dags/dag_1.py took 0.093 seconds
[2026-05-14T13:38:40.012+0000] {processor.py:161} INFO - Started process (PID=248) to work on /opt/airflow/dags/dag_1.py
[2026-05-14T13:38:40.013+0000] {processor.py:830} INFO - Processing file /opt/airflow/dags/dag_1.py for tasks to queue
[2026-05-14T13:38:40.015+0000] {logging_mixin.py:188} INFO - [2026-05-14T13:38:40.015+0000] {dagbag.py:540} INFO - Filling up the DagBag from /opt/airflow/dags/dag_1.py
[2026-05-14T13:38:40.028+0000] {processor.py:840} INFO - DAG(s) 'first_dag' retrieved from /opt/airflow/dags/dag_1.py
[2026-05-14T13:38:40.056+0000] {logging_mixin.py:188} INFO - [2026-05-14T13:38:40.056+0000] {dag.py:3047} INFO - Sync 1 DAGs
[2026-05-14T13:38:40.081+0000] {logging_mixin.py:188} INFO - [2026-05-14T13:38:40.081+0000] {dag.py:3834} INFO - Setting next_dagrun for first_dag to 2026-04-01 00:00:00+00:00, run_after=2026-04-02 00:00:00+00:00
[2026-05-14T13:38:40.105+0000] {processor.py:183} INFO - Processing /opt/airflow/dags/dag_1.py took 0.096 seconds
[2026-05-14T13:39:10.259+0000] {processor.py:161} INFO - Started process (PID=258) to work on /opt/airflow/dags/dag_1.py
[2026-05-14T13:39:10.260+0000] {processor.py:830} INFO - Processing file /opt/airflow/dags/dag_1.py for tasks to queue
[2026-05-14T13:39:10.262+0000] {logging_mixin.py:188} INFO - [2026-05-14T13:39:10.262+0000] {dagbag.py:540} INFO - Filling up the DagBag from /opt/airflow/dags/dag_1.py
[2026-05-14T13:39:10.274+0000] {processor.py:840} INFO - DAG(s) 'first_dag' retrieved from /opt/airflow/dags/dag_1.py
[2026-05-14T13:39:10.304+0000] {logging_mixin.py:188} INFO - [2026-05-14T13:39:10.303+0000] {dag.py:3047} INFO - Sync 1 DAGs
[2026-05-14T13:39:10.334+0000] {logging_mixin.py:188} INFO - [2026-05-14T13:39:10.334+0000] {dag.py:3834} INFO - Setting next_dagrun for first_dag to 2026-04-01 00:00:00+00:00, run_after=2026-04-02 00:00:00+00:00
[2026-05-14T13:39:10.353+0000] {processor.py:183} INFO - Processing /opt/airflow/dags/dag_1.py took 0.098 seconds
[2026-05-14T13:39:40.546+0000] {processor.py:161} INFO - Started process (PID=269) to work on /opt/airflow/dags/dag_1.py
[2026-05-14T13:39:40.547+0000] {processor.py:830} INFO - Processing file /opt/airflow/dags/dag_1.py for tasks to queue
[2026-05-14T13:39:40.549+0000] {logging_mixin.py:188} INFO - [2026-05-14T13:39:40.548+0000] {dagbag.py:540} INFO - Filling up the DagBag from /opt/airflow/dags/dag_1.py
[2026-05-14T13:39:40.561+0000] {processor.py:840} INFO - DAG(s) 'first_dag' retrieved from /opt/airflow/dags/dag_1.py
[2026-05-14T13:39:40.589+0000] {logging_mixin.py:188} INFO - [2026-05-14T13:39:40.588+0000] {dag.py:3047} INFO - Sync 1 DAGs
[2026-05-14T13:39:40.618+0000] {logging_mixin.py:188} INFO - [2026-05-14T13:39:40.618+0000] {dag.py:3834} INFO - Setting next_dagrun for first_dag to 2026-04-01 00:00:00+00:00, run_after=2026-04-02 00:00:00+00:00
[2026-05-14T13:39:40.634+0000] {processor.py:183} INFO - Processing /opt/airflow/dags/dag_1.py took 0.093 seconds
[2026-05-14T13:40:10.802+0000] {processor.py:161} INFO - Started process (PID=278) to work on /opt/airflow/dags/dag_1.py
[2026-05-14T13:40:10.803+0000] {processor.py:830} INFO - Processing file /opt/airflow/dags/dag_1.py for tasks to queue
[2026-05-14T13:40:10.804+0000] {logging_mixin.py:188} INFO - [2026-05-14T13:40:10.804+0000] {dagbag.py:540} INFO - Filling up the DagBag from /opt/airflow/dags/dag_1.py
[2026-05-14T13:40:10.821+0000] {processor.py:840} INFO - DAG(s) 'first_dag' retrieved from /opt/airflow/dags/dag_1.py
[2026-05-14T13:40:10.854+0000] {logging_mixin.py:188} INFO - [2026-05-14T13:40:10.853+0000] {dag.py:3047} INFO - Sync 1 DAGs
[2026-05-14T13:40:10.877+0000] {logging_mixin.py:188} INFO - [2026-05-14T13:40:10.877+0000] {dag.py:3834} INFO - Setting next_dagrun for first_dag to 2026-04-01 00:00:00+00:00, run_after=2026-04-02 00:00:00+00:00
[2026-05-14T13:40:10.895+0000] {processor.py:183} INFO - Processing /opt/airflow/dags/dag_1.py took 0.098 seconds
[2026-05-14T13:40:40.965+0000] {processor.py:161} INFO - Started process (PID=287) to work on /opt/airflow/dags/dag_1.py
[2026-05-14T13:40:40.966+0000] {processor.py:830} INFO - Processing file /opt/airflow/dags/dag_1.py for tasks to queue
[2026-05-14T13:40:40.967+0000] {logging_mixin.py:188} INFO - [2026-05-14T13:40:40.966+0000] {dagbag.py:540} INFO - Filling up the DagBag from /opt/airflow/dags/dag_1.py
[2026-05-14T13:40:40.979+0000] {processor.py:840} INFO - DAG(s) 'first_dag' retrieved from /opt/airflow/dags/dag_1.py
[2026-05-14T13:40:41.020+0000] {logging_mixin.py:188} INFO - [2026-05-14T13:40:41.020+0000] {dag.py:3047} INFO - Sync 1 DAGs
[2026-05-14T13:40:41.044+0000] {logging_mixin.py:188} INFO - [2026-05-14T13:40:41.044+0000] {dag.py:3834} INFO - Setting next_dagrun for first_dag to 2026-04-01 00:00:00+00:00, run_after=2026-04-02 00:00:00+00:00
[2026-05-14T13:40:41.062+0000] {processor.py:183} INFO - Processing /opt/airflow/dags/dag_1.py took 0.101 seconds
[2026-05-14T13:41:11.233+0000] {processor.py:161} INFO - Started process (PID=296) to work on /opt/airflow/dags/dag_1.py
[2026-05-14T13:41:11.234+0000] {processor.py:830} INFO - Processing file /opt/airflow/dags/dag_1.py for tasks to queue
[2026-05-14T13:41:11.235+0000] {logging_mixin.py:188} INFO - [2026-05-14T13:41:11.235+0000] {dagbag.py:540} INFO - Filling up the DagBag from /opt/airflow/dags/dag_1.py
[2026-05-14T13:41:11.250+0000] {processor.py:840} INFO - DAG(s) 'first_dag' retrieved from /opt/airflow/dags/dag_1.py
[2026-05-14T13:41:11.277+0000] {logging_mixin.py:188} INFO - [2026-05-14T13:41:11.277+0000] {dag.py:3047} INFO - Sync 1 DAGs
[2026-05-14T13:41:11.303+0000] {logging_mixin.py:188} INFO - [2026-05-14T13:41:11.303+0000] {dag.py:3834} INFO - Setting next_dagrun for first_dag to 2026-04-01 00:00:00+00:00, run_after=2026-04-02 00:00:00+00:00
[2026-05-14T13:41:11.321+0000] {processor.py:183} INFO - Processing /opt/airflow/dags/dag_1.py took 0.093 seconds
[2026-05-14T13:41:41.382+0000] {processor.py:161} INFO - Started process (PID=305) to work on /opt/airflow/dags/dag_1.py
[2026-05-14T13:41:41.386+0000] {processor.py:830} INFO - Processing file /opt/airflow/dags/dag_1.py for tasks to queue
[2026-05-14T13:41:41.387+0000] {logging_mixin.py:188} INFO - [2026-05-14T13:41:41.387+0000] {dagbag.py:540} INFO - Filling up the DagBag from /opt/airflow/dags/dag_1.py
[2026-05-14T13:41:41.420+0000] {processor.py:840} INFO - DAG(s) 'first_dag' retrieved from /opt/airflow/dags/dag_1.py
[2026-05-14T13:41:41.497+0000] {logging_mixin.py:188} INFO - [2026-05-14T13:41:41.496+0000] {dag.py:3047} INFO - Sync 1 DAGs
[2026-05-14T13:41:41.568+0000] {logging_mixin.py:188} INFO - [2026-05-14T13:41:41.568+0000] {dag.py:3834} INFO - Setting next_dagrun for first_dag to 2026-04-01 00:00:00+00:00, run_after=2026-04-02 00:00:00+00:00
[2026-05-14T13:41:41.616+0000] {processor.py:183} INFO - Processing /opt/airflow/dags/dag_1.py took 0.241 seconds
[2026-05-14T13:42:11.695+0000] {processor.py:161} INFO - Started process (PID=314) to work on /opt/airflow/dags/dag_1.py
[2026-05-14T13:42:11.696+0000] {processor.py:830} INFO - Processing file /opt/airflow/dags/dag_1.py for tasks to queue
[2026-05-14T13:42:11.697+0000] {logging_mixin.py:188} INFO - [2026-05-14T13:42:11.697+0000] {dagbag.py:540} INFO - Filling up the DagBag from /opt/airflow/dags/dag_1.py
[2026-05-14T13:42:11.712+0000] {processor.py:840} INFO - DAG(s) 'first_dag' retrieved from /opt/airflow/dags/dag_1.py
[2026-05-14T13:42:11.740+0000] {logging_mixin.py:188} INFO - [2026-05-14T13:42:11.739+0000] {dag.py:3047} INFO - Sync 1 DAGs
[2026-05-14T13:42:11.764+0000] {logging_mixin.py:188} INFO - [2026-05-14T13:42:11.764+0000] {dag.py:3834} INFO - Setting next_dagrun for first_dag to 2026-04-01 00:00:00+00:00, run_after=2026-04-02 00:00:00+00:00
[2026-05-14T13:42:11.782+0000] {processor.py:183} INFO - Processing /opt/airflow/dags/dag_1.py took 0.090 seconds
[2026-05-14T13:42:41.973+0000] {processor.py:161} INFO - Started process (PID=323) to work on /opt/airflow/dags/dag_1.py
[2026-05-14T13:42:41.976+0000] {processor.py:830} INFO - Processing file /opt/airflow/dags/dag_1.py for tasks to queue
[2026-05-14T13:42:41.988+0000] {logging_mixin.py:188} INFO - [2026-05-14T13:42:41.980+0000] {dagbag.py:540} INFO - Filling up the DagBag from /opt/airflow/dags/dag_1.py
[2026-05-14T13:42:42.077+0000] {processor.py:840} INFO - DAG(s) 'first_dag' retrieved from /opt/airflow/dags/dag_1.py
[2026-05-14T13:42:42.256+0000] {logging_mixin.py:188} INFO - [2026-05-14T13:42:42.254+0000] {dag.py:3047} INFO - Sync 1 DAGs
[2026-05-14T13:42:42.310+0000] {logging_mixin.py:188} INFO - [2026-05-14T13:42:42.310+0000] {dag.py:3834} INFO - Setting next_dagrun for first_dag to 2026-04-01 00:00:00+00:00, run_after=2026-04-02 00:00:00+00:00
[2026-05-14T13:42:42.324+0000] {processor.py:183} INFO - Processing /opt/airflow/dags/dag_1.py took 0.364 seconds
[2026-05-14T13:43:12.450+0000] {processor.py:161} INFO - Started process (PID=332) to work on /opt/airflow/dags/dag_1.py
[2026-05-14T13:43:12.453+0000] {processor.py:830} INFO - Processing file /opt/airflow/dags/dag_1.py for tasks to queue
[2026-05-14T13:43:12.454+0000] {logging_mixin.py:188} INFO - [2026-05-14T13:43:12.454+0000] {dagbag.py:540} INFO - Filling up the DagBag from /opt/airflow/dags/dag_1.py
[2026-05-14T13:43:12.469+0000] {processor.py:840} INFO - DAG(s) 'first_dag' retrieved from /opt/airflow/dags/dag_1.py
[2026-05-14T13:43:12.495+0000] {logging_mixin.py:188} INFO - [2026-05-14T13:43:12.495+0000] {dag.py:3047} INFO - Sync 1 DAGs
[2026-05-14T13:43:12.518+0000] {logging_mixin.py:188} INFO - [2026-05-14T13:43:12.518+0000] {dag.py:3834} INFO - Setting next_dagrun for first_dag to 2026-04-01 00:00:00+00:00, run_after=2026-04-02 00:00:00+00:00
[2026-05-14T13:43:12.537+0000] {processor.py:183} INFO - Processing /opt/airflow/dags/dag_1.py took 0.090 seconds
[2026-05-14T13:43:42.617+0000] {processor.py:161} INFO - Started process (PID=341) to work on /opt/airflow/dags/dag_1.py
[2026-05-14T13:43:42.618+0000] {processor.py:830} INFO - Processing file /opt/airflow/dags/dag_1.py for tasks to queue
[2026-05-14T13:43:42.619+0000] {logging_mixin.py:188} INFO - [2026-05-14T13:43:42.619+0000] {dagbag.py:540} INFO - Filling up the DagBag from /opt/airflow/dags/dag_1.py
[2026-05-14T13:43:42.631+0000] {processor.py:840} INFO - DAG(s) 'first_dag' retrieved from /opt/airflow/dags/dag_1.py
[2026-05-14T13:43:42.659+0000] {logging_mixin.py:188} INFO - [2026-05-14T13:43:42.659+0000] {dag.py:3047} INFO - Sync 1 DAGs
[2026-05-14T13:43:42.683+0000] {logging_mixin.py:188} INFO - [2026-05-14T13:43:42.683+0000] {dag.py:3834} INFO - Setting next_dagrun for first_dag to 2026-04-01 00:00:00+00:00, run_after=2026-04-02 00:00:00+00:00
[2026-05-14T13:43:42.703+0000] {processor.py:183} INFO - Processing /opt/airflow/dags/dag_1.py took 0.088 seconds
[2026-05-14T13:44:12.770+0000] {processor.py:161} INFO - Started process (PID=350) to work on /opt/airflow/dags/dag_1.py
[2026-05-14T13:44:12.771+0000] {processor.py:830} INFO - Processing file /opt/airflow/dags/dag_1.py for tasks to queue
[2026-05-14T13:44:12.775+0000] {logging_mixin.py:188} INFO - [2026-05-14T13:44:12.775+0000] {dagbag.py:540} INFO - Filling up the DagBag from /opt/airflow/dags/dag_1.py
[2026-05-14T13:44:12.798+0000] {processor.py:840} INFO - DAG(s) 'first_dag' retrieved from /opt/airflow/dags/dag_1.py
[2026-05-14T13:44:12.861+0000] {logging_mixin.py:188} INFO - [2026-05-14T13:44:12.860+0000] {dag.py:3047} INFO - Sync 1 DAGs
[2026-05-14T13:44:12.896+0000] {logging_mixin.py:188} INFO - [2026-05-14T13:44:12.895+0000] {dag.py:3834} INFO - Setting next_dagrun for first_dag to 2026-04-01 00:00:00+00:00, run_after=2026-04-02 00:00:00+00:00
[2026-05-14T13:44:12.914+0000] {processor.py:183} INFO - Processing /opt/airflow/dags/dag_1.py took 0.152 seconds
[2026-05-14T13:44:43.117+0000] {processor.py:161} INFO - Started process (PID=359) to work on /opt/airflow/dags/dag_1.py
[2026-05-14T13:44:43.118+0000] {processor.py:830} INFO - Processing file /opt/airflow/dags/dag_1.py for tasks to queue
[2026-05-14T13:44:43.119+0000] {logging_mixin.py:188} INFO - [2026-05-14T13:44:43.118+0000] {dagbag.py:540} INFO - Filling up the DagBag from /opt/airflow/dags/dag_1.py
[2026-05-14T13:44:43.139+0000] {processor.py:840} INFO - DAG(s) 'first_dag' retrieved from /opt/airflow/dags/dag_1.py
[2026-05-14T13:44:43.168+0000] {logging_mixin.py:188} INFO - [2026-05-14T13:44:43.168+0000] {dag.py:3047} INFO - Sync 1 DAGs
[2026-05-14T13:44:43.194+0000] {logging_mixin.py:188} INFO - [2026-05-14T13:44:43.194+0000] {dag.py:3834} INFO - Setting next_dagrun for first_dag to 2026-04-01 00:00:00+00:00, run_after=2026-04-02 00:00:00+00:00
[2026-05-14T13:44:43.214+0000] {processor.py:183} INFO - Processing /opt/airflow/dags/dag_1.py took 0.103 seconds
[2026-05-14T13:45:13.300+0000] {processor.py:161} INFO - Started process (PID=368) to work on /opt/airflow/dags/dag_1.py
[2026-05-14T13:45:13.303+0000] {processor.py:830} INFO - Processing file /opt/airflow/dags/dag_1.py for tasks to queue
[2026-05-14T13:45:13.304+0000] {logging_mixin.py:188} INFO - [2026-05-14T13:45:13.304+0000] {dagbag.py:540} INFO - Filling up the DagBag from /opt/airflow/dags/dag_1.py
[2026-05-14T13:45:13.331+0000] {processor.py:840} INFO - DAG(s) 'first_dag' retrieved from /opt/airflow/dags/dag_1.py
[2026-05-14T13:45:13.358+0000] {logging_mixin.py:188} INFO - [2026-05-14T13:45:13.358+0000] {dag.py:3047} INFO - Sync 1 DAGs
[2026-05-14T13:45:13.382+0000] {logging_mixin.py:188} INFO - [2026-05-14T13:45:13.381+0000] {dag.py:3834} INFO - Setting next_dagrun for first_dag to 2026-04-01 00:00:00+00:00, run_after=2026-04-02 00:00:00+00:00
[2026-05-14T13:45:13.398+0000] {processor.py:183} INFO - Processing /opt/airflow/dags/dag_1.py took 0.101 seconds
[2026-05-14T13:45:43.465+0000] {processor.py:161} INFO - Started process (PID=376) to work on /opt/airflow/dags/dag_1.py
[2026-05-14T13:45:43.466+0000] {processor.py:830} INFO - Processing file /opt/airflow/dags/dag_1.py for tasks to queue
[2026-05-14T13:45:43.467+0000] {logging_mixin.py:188} INFO - [2026-05-14T13:45:43.467+0000] {dagbag.py:540} INFO - Filling up the DagBag from /opt/airflow/dags/dag_1.py
[2026-05-14T13:45:43.480+0000] {processor.py:840} INFO - DAG(s) 'first_dag' retrieved from /opt/airflow/dags/dag_1.py
[2026-05-14T13:45:43.508+0000] {logging_mixin.py:188} INFO - [2026-05-14T13:45:43.508+0000] {dag.py:3047} INFO - Sync 1 DAGs
[2026-05-14T13:45:43.532+0000] {logging_mixin.py:188} INFO - [2026-05-14T13:45:43.532+0000] {dag.py:3834} INFO - Setting next_dagrun for first_dag to 2026-04-01 00:00:00+00:00, run_after=2026-04-02 00:00:00+00:00
[2026-05-14T13:45:43.550+0000] {processor.py:183} INFO - Processing /opt/airflow/dags/dag_1.py took 0.088 seconds
