[2026-05-14T13:32:57.731+0000] {processor.py:161} INFO - Started process (PID=149) to work on /opt/airflow/dags/load_from_api_to_pg_4_1_pntra.py
[2026-05-14T13:32:57.731+0000] {processor.py:830} INFO - Processing file /opt/airflow/dags/load_from_api_to_pg_4_1_pntra.py for tasks to queue
[2026-05-14T13:32:57.733+0000] {logging_mixin.py:188} INFO - [2026-05-14T13:32:57.732+0000] {dagbag.py:540} INFO - Filling up the DagBag from /opt/airflow/dags/load_from_api_to_pg_4_1_pntra.py
[2026-05-14T13:32:57.743+0000] {processor.py:840} INFO - DAG(s) 'load_from_api_to_pg' retrieved from /opt/airflow/dags/load_from_api_to_pg_4_1_pntra.py
[2026-05-14T13:32:57.825+0000] {logging_mixin.py:188} INFO - [2026-05-14T13:32:57.824+0000] {override.py:1769} INFO - Created Permission View: can read on DAG:load_from_api_to_pg
[2026-05-14T13:32:57.840+0000] {logging_mixin.py:188} INFO - [2026-05-14T13:32:57.840+0000] {override.py:1769} INFO - Created Permission View: can delete on DAG:load_from_api_to_pg
[2026-05-14T13:32:57.860+0000] {logging_mixin.py:188} INFO - [2026-05-14T13:32:57.860+0000] {override.py:1769} INFO - Created Permission View: can edit on DAG:load_from_api_to_pg
[2026-05-14T13:32:57.861+0000] {logging_mixin.py:188} INFO - [2026-05-14T13:32:57.860+0000] {dag.py:3047} INFO - Sync 1 DAGs
[2026-05-14T13:32:57.874+0000] {logging_mixin.py:188} INFO - [2026-05-14T13:32:57.874+0000] {dag.py:3069} INFO - Creating ORM DAG for load_from_api_to_pg
[2026-05-14T13:32:57.885+0000] {logging_mixin.py:188} INFO - [2026-05-14T13:32:57.885+0000] {dag.py:3834} INFO - Setting next_dagrun for load_from_api_to_pg to 2024-11-12 00:00:00+00:00, run_after=2024-11-13 00:00:00+00:00
[2026-05-14T13:32:57.909+0000] {processor.py:183} INFO - Processing /opt/airflow/dags/load_from_api_to_pg_4_1_pntra.py took 0.181 seconds
[2026-05-14T13:33:28.169+0000] {processor.py:161} INFO - Started process (PID=158) to work on /opt/airflow/dags/load_from_api_to_pg_4_1_pntra.py
[2026-05-14T13:33:28.171+0000] {processor.py:830} INFO - Processing file /opt/airflow/dags/load_from_api_to_pg_4_1_pntra.py for tasks to queue
[2026-05-14T13:33:28.173+0000] {logging_mixin.py:188} INFO - [2026-05-14T13:33:28.173+0000] {dagbag.py:540} INFO - Filling up the DagBag from /opt/airflow/dags/load_from_api_to_pg_4_1_pntra.py
[2026-05-14T13:33:28.186+0000] {processor.py:840} INFO - DAG(s) 'load_from_api_to_pg' retrieved from /opt/airflow/dags/load_from_api_to_pg_4_1_pntra.py
[2026-05-14T13:33:28.219+0000] {logging_mixin.py:188} INFO - [2026-05-14T13:33:28.219+0000] {dag.py:3047} INFO - Sync 1 DAGs
[2026-05-14T13:33:28.243+0000] {logging_mixin.py:188} INFO - [2026-05-14T13:33:28.243+0000] {dag.py:3834} INFO - Setting next_dagrun for load_from_api_to_pg to 2024-11-12 00:00:00+00:00, run_after=2024-11-13 00:00:00+00:00
[2026-05-14T13:33:28.266+0000] {processor.py:183} INFO - Processing /opt/airflow/dags/load_from_api_to_pg_4_1_pntra.py took 0.101 seconds
[2026-05-14T13:33:58.729+0000] {processor.py:161} INFO - Started process (PID=167) to work on /opt/airflow/dags/load_from_api_to_pg_4_1_pntra.py
[2026-05-14T13:33:58.739+0000] {processor.py:830} INFO - Processing file /opt/airflow/dags/load_from_api_to_pg_4_1_pntra.py for tasks to queue
[2026-05-14T13:33:58.741+0000] {logging_mixin.py:188} INFO - [2026-05-14T13:33:58.741+0000] {dagbag.py:540} INFO - Filling up the DagBag from /opt/airflow/dags/load_from_api_to_pg_4_1_pntra.py
[2026-05-14T13:33:58.752+0000] {processor.py:840} INFO - DAG(s) 'load_from_api_to_pg' retrieved from /opt/airflow/dags/load_from_api_to_pg_4_1_pntra.py
[2026-05-14T13:33:58.778+0000] {logging_mixin.py:188} INFO - [2026-05-14T13:33:58.778+0000] {dag.py:3047} INFO - Sync 1 DAGs
[2026-05-14T13:33:58.799+0000] {logging_mixin.py:188} INFO - [2026-05-14T13:33:58.799+0000] {dag.py:3834} INFO - Setting next_dagrun for load_from_api_to_pg to 2024-11-12 00:00:00+00:00, run_after=2024-11-13 00:00:00+00:00
[2026-05-14T13:33:58.813+0000] {processor.py:183} INFO - Processing /opt/airflow/dags/load_from_api_to_pg_4_1_pntra.py took 0.131 seconds
[2026-05-14T13:34:29.682+0000] {processor.py:161} INFO - Started process (PID=176) to work on /opt/airflow/dags/load_from_api_to_pg_4_1_pntra.py
[2026-05-14T13:34:29.686+0000] {processor.py:830} INFO - Processing file /opt/airflow/dags/load_from_api_to_pg_4_1_pntra.py for tasks to queue
[2026-05-14T13:34:29.692+0000] {logging_mixin.py:188} INFO - [2026-05-14T13:34:29.691+0000] {dagbag.py:540} INFO - Filling up the DagBag from /opt/airflow/dags/load_from_api_to_pg_4_1_pntra.py
[2026-05-14T13:34:29.730+0000] {processor.py:840} INFO - DAG(s) 'load_from_api_to_pg' retrieved from /opt/airflow/dags/load_from_api_to_pg_4_1_pntra.py
[2026-05-14T13:34:29.762+0000] {logging_mixin.py:188} INFO - [2026-05-14T13:34:29.761+0000] {dag.py:3047} INFO - Sync 1 DAGs
[2026-05-14T13:34:29.789+0000] {logging_mixin.py:188} INFO - [2026-05-14T13:34:29.789+0000] {dag.py:3834} INFO - Setting next_dagrun for load_from_api_to_pg to 2024-11-12 00:00:00+00:00, run_after=2024-11-13 00:00:00+00:00
[2026-05-14T13:34:29.812+0000] {processor.py:183} INFO - Processing /opt/airflow/dags/load_from_api_to_pg_4_1_pntra.py took 0.153 seconds
[2026-05-14T13:34:59.934+0000] {processor.py:161} INFO - Started process (PID=185) to work on /opt/airflow/dags/load_from_api_to_pg_4_1_pntra.py
[2026-05-14T13:34:59.935+0000] {processor.py:830} INFO - Processing file /opt/airflow/dags/load_from_api_to_pg_4_1_pntra.py for tasks to queue
[2026-05-14T13:34:59.936+0000] {logging_mixin.py:188} INFO - [2026-05-14T13:34:59.936+0000] {dagbag.py:540} INFO - Filling up the DagBag from /opt/airflow/dags/load_from_api_to_pg_4_1_pntra.py
[2026-05-14T13:34:59.946+0000] {processor.py:840} INFO - DAG(s) 'load_from_api_to_pg' retrieved from /opt/airflow/dags/load_from_api_to_pg_4_1_pntra.py
[2026-05-14T13:34:59.969+0000] {logging_mixin.py:188} INFO - [2026-05-14T13:34:59.968+0000] {dag.py:3047} INFO - Sync 1 DAGs
[2026-05-14T13:34:59.988+0000] {logging_mixin.py:188} INFO - [2026-05-14T13:34:59.987+0000] {dag.py:3834} INFO - Setting next_dagrun for load_from_api_to_pg to 2024-11-12 00:00:00+00:00, run_after=2024-11-13 00:00:00+00:00
[2026-05-14T13:35:00.004+0000] {processor.py:183} INFO - Processing /opt/airflow/dags/load_from_api_to_pg_4_1_pntra.py took 0.073 seconds
[2026-05-14T13:35:30.366+0000] {processor.py:161} INFO - Started process (PID=194) to work on /opt/airflow/dags/load_from_api_to_pg_4_1_pntra.py
[2026-05-14T13:35:30.366+0000] {processor.py:830} INFO - Processing file /opt/airflow/dags/load_from_api_to_pg_4_1_pntra.py for tasks to queue
[2026-05-14T13:35:30.368+0000] {logging_mixin.py:188} INFO - [2026-05-14T13:35:30.368+0000] {dagbag.py:540} INFO - Filling up the DagBag from /opt/airflow/dags/load_from_api_to_pg_4_1_pntra.py
[2026-05-14T13:35:30.379+0000] {processor.py:840} INFO - DAG(s) 'load_from_api_to_pg' retrieved from /opt/airflow/dags/load_from_api_to_pg_4_1_pntra.py
[2026-05-14T13:35:30.402+0000] {logging_mixin.py:188} INFO - [2026-05-14T13:35:30.402+0000] {dag.py:3047} INFO - Sync 1 DAGs
[2026-05-14T13:35:30.423+0000] {logging_mixin.py:188} INFO - [2026-05-14T13:35:30.422+0000] {dag.py:3834} INFO - Setting next_dagrun for load_from_api_to_pg to 2024-11-12 00:00:00+00:00, run_after=2024-11-13 00:00:00+00:00
[2026-05-14T13:35:30.439+0000] {processor.py:183} INFO - Processing /opt/airflow/dags/load_from_api_to_pg_4_1_pntra.py took 0.076 seconds
[2026-05-14T13:36:00.649+0000] {processor.py:161} INFO - Started process (PID=203) to work on /opt/airflow/dags/load_from_api_to_pg_4_1_pntra.py
[2026-05-14T13:36:00.650+0000] {processor.py:830} INFO - Processing file /opt/airflow/dags/load_from_api_to_pg_4_1_pntra.py for tasks to queue
[2026-05-14T13:36:00.652+0000] {logging_mixin.py:188} INFO - [2026-05-14T13:36:00.651+0000] {dagbag.py:540} INFO - Filling up the DagBag from /opt/airflow/dags/load_from_api_to_pg_4_1_pntra.py
[2026-05-14T13:36:00.661+0000] {processor.py:840} INFO - DAG(s) 'load_from_api_to_pg' retrieved from /opt/airflow/dags/load_from_api_to_pg_4_1_pntra.py
[2026-05-14T13:36:00.684+0000] {logging_mixin.py:188} INFO - [2026-05-14T13:36:00.683+0000] {dag.py:3047} INFO - Sync 1 DAGs
[2026-05-14T13:36:00.703+0000] {logging_mixin.py:188} INFO - [2026-05-14T13:36:00.703+0000] {dag.py:3834} INFO - Setting next_dagrun for load_from_api_to_pg to 2024-11-12 00:00:00+00:00, run_after=2024-11-13 00:00:00+00:00
[2026-05-14T13:36:00.720+0000] {processor.py:183} INFO - Processing /opt/airflow/dags/load_from_api_to_pg_4_1_pntra.py took 0.074 seconds
[2026-05-14T13:36:30.889+0000] {processor.py:161} INFO - Started process (PID=211) to work on /opt/airflow/dags/load_from_api_to_pg_4_1_pntra.py
[2026-05-14T13:36:30.890+0000] {processor.py:830} INFO - Processing file /opt/airflow/dags/load_from_api_to_pg_4_1_pntra.py for tasks to queue
[2026-05-14T13:36:30.892+0000] {logging_mixin.py:188} INFO - [2026-05-14T13:36:30.891+0000] {dagbag.py:540} INFO - Filling up the DagBag from /opt/airflow/dags/load_from_api_to_pg_4_1_pntra.py
[2026-05-14T13:36:30.902+0000] {processor.py:840} INFO - DAG(s) 'load_from_api_to_pg' retrieved from /opt/airflow/dags/load_from_api_to_pg_4_1_pntra.py
[2026-05-14T13:36:30.926+0000] {logging_mixin.py:188} INFO - [2026-05-14T13:36:30.925+0000] {dag.py:3047} INFO - Sync 1 DAGs
[2026-05-14T13:36:30.947+0000] {logging_mixin.py:188} INFO - [2026-05-14T13:36:30.947+0000] {dag.py:3834} INFO - Setting next_dagrun for load_from_api_to_pg to 2024-11-12 00:00:00+00:00, run_after=2024-11-13 00:00:00+00:00
[2026-05-14T13:36:30.964+0000] {processor.py:183} INFO - Processing /opt/airflow/dags/load_from_api_to_pg_4_1_pntra.py took 0.078 seconds
[2026-05-14T13:37:01.187+0000] {processor.py:161} INFO - Started process (PID=220) to work on /opt/airflow/dags/load_from_api_to_pg_4_1_pntra.py
[2026-05-14T13:37:01.188+0000] {processor.py:830} INFO - Processing file /opt/airflow/dags/load_from_api_to_pg_4_1_pntra.py for tasks to queue
[2026-05-14T13:37:01.190+0000] {logging_mixin.py:188} INFO - [2026-05-14T13:37:01.190+0000] {dagbag.py:540} INFO - Filling up the DagBag from /opt/airflow/dags/load_from_api_to_pg_4_1_pntra.py
[2026-05-14T13:37:01.200+0000] {processor.py:840} INFO - DAG(s) 'load_from_api_to_pg' retrieved from /opt/airflow/dags/load_from_api_to_pg_4_1_pntra.py
[2026-05-14T13:37:01.222+0000] {logging_mixin.py:188} INFO - [2026-05-14T13:37:01.222+0000] {dag.py:3047} INFO - Sync 1 DAGs
[2026-05-14T13:37:01.241+0000] {logging_mixin.py:188} INFO - [2026-05-14T13:37:01.241+0000] {dag.py:3834} INFO - Setting next_dagrun for load_from_api_to_pg to 2024-11-12 00:00:00+00:00, run_after=2024-11-13 00:00:00+00:00
[2026-05-14T13:37:01.257+0000] {processor.py:183} INFO - Processing /opt/airflow/dags/load_from_api_to_pg_4_1_pntra.py took 0.073 seconds
[2026-05-14T13:37:31.408+0000] {processor.py:161} INFO - Started process (PID=229) to work on /opt/airflow/dags/load_from_api_to_pg_4_1_pntra.py
[2026-05-14T13:37:31.411+0000] {processor.py:830} INFO - Processing file /opt/airflow/dags/load_from_api_to_pg_4_1_pntra.py for tasks to queue
[2026-05-14T13:37:31.413+0000] {logging_mixin.py:188} INFO - [2026-05-14T13:37:31.412+0000] {dagbag.py:540} INFO - Filling up the DagBag from /opt/airflow/dags/load_from_api_to_pg_4_1_pntra.py
[2026-05-14T13:37:31.422+0000] {processor.py:840} INFO - DAG(s) 'load_from_api_to_pg' retrieved from /opt/airflow/dags/load_from_api_to_pg_4_1_pntra.py
[2026-05-14T13:37:31.449+0000] {logging_mixin.py:188} INFO - [2026-05-14T13:37:31.449+0000] {dag.py:3047} INFO - Sync 1 DAGs
[2026-05-14T13:37:31.474+0000] {logging_mixin.py:188} INFO - [2026-05-14T13:37:31.474+0000] {dag.py:3834} INFO - Setting next_dagrun for load_from_api_to_pg to 2024-11-12 00:00:00+00:00, run_after=2024-11-13 00:00:00+00:00
[2026-05-14T13:37:31.496+0000] {processor.py:183} INFO - Processing /opt/airflow/dags/load_from_api_to_pg_4_1_pntra.py took 0.092 seconds
[2026-05-14T13:38:01.725+0000] {processor.py:161} INFO - Started process (PID=238) to work on /opt/airflow/dags/load_from_api_to_pg_4_1_pntra.py
[2026-05-14T13:38:01.726+0000] {processor.py:830} INFO - Processing file /opt/airflow/dags/load_from_api_to_pg_4_1_pntra.py for tasks to queue
[2026-05-14T13:38:01.727+0000] {logging_mixin.py:188} INFO - [2026-05-14T13:38:01.727+0000] {dagbag.py:540} INFO - Filling up the DagBag from /opt/airflow/dags/load_from_api_to_pg_4_1_pntra.py
[2026-05-14T13:38:01.736+0000] {processor.py:840} INFO - DAG(s) 'load_from_api_to_pg' retrieved from /opt/airflow/dags/load_from_api_to_pg_4_1_pntra.py
[2026-05-14T13:38:01.755+0000] {logging_mixin.py:188} INFO - [2026-05-14T13:38:01.755+0000] {dag.py:3047} INFO - Sync 1 DAGs
[2026-05-14T13:38:01.775+0000] {logging_mixin.py:188} INFO - [2026-05-14T13:38:01.775+0000] {dag.py:3834} INFO - Setting next_dagrun for load_from_api_to_pg to 2024-11-12 00:00:00+00:00, run_after=2024-11-13 00:00:00+00:00
[2026-05-14T13:38:01.788+0000] {processor.py:183} INFO - Processing /opt/airflow/dags/load_from_api_to_pg_4_1_pntra.py took 0.066 seconds
[2026-05-14T13:38:31.973+0000] {processor.py:161} INFO - Started process (PID=247) to work on /opt/airflow/dags/load_from_api_to_pg_4_1_pntra.py
[2026-05-14T13:38:31.974+0000] {processor.py:830} INFO - Processing file /opt/airflow/dags/load_from_api_to_pg_4_1_pntra.py for tasks to queue
[2026-05-14T13:38:31.976+0000] {logging_mixin.py:188} INFO - [2026-05-14T13:38:31.975+0000] {dagbag.py:540} INFO - Filling up the DagBag from /opt/airflow/dags/load_from_api_to_pg_4_1_pntra.py
[2026-05-14T13:38:31.985+0000] {processor.py:840} INFO - DAG(s) 'load_from_api_to_pg' retrieved from /opt/airflow/dags/load_from_api_to_pg_4_1_pntra.py
[2026-05-14T13:38:32.019+0000] {logging_mixin.py:188} INFO - [2026-05-14T13:38:32.019+0000] {dag.py:3047} INFO - Sync 1 DAGs
[2026-05-14T13:38:32.046+0000] {logging_mixin.py:188} INFO - [2026-05-14T13:38:32.045+0000] {dag.py:3834} INFO - Setting next_dagrun for load_from_api_to_pg to 2024-11-12 00:00:00+00:00, run_after=2024-11-13 00:00:00+00:00
[2026-05-14T13:38:32.060+0000] {processor.py:183} INFO - Processing /opt/airflow/dags/load_from_api_to_pg_4_1_pntra.py took 0.090 seconds
[2026-05-14T13:38:58.191+0000] {processor.py:161} INFO - Started process (PID=256) to work on /opt/airflow/dags/load_from_api_to_pg_4_1_pntra.py
[2026-05-14T13:38:58.192+0000] {processor.py:830} INFO - Processing file /opt/airflow/dags/load_from_api_to_pg_4_1_pntra.py for tasks to queue
[2026-05-14T13:38:58.193+0000] {logging_mixin.py:188} INFO - [2026-05-14T13:38:58.193+0000] {dagbag.py:540} INFO - Filling up the DagBag from /opt/airflow/dags/load_from_api_to_pg_4_1_pntra.py
[2026-05-14T13:38:58.203+0000] {processor.py:840} INFO - DAG(s) 'load_from_api_to_pg' retrieved from /opt/airflow/dags/load_from_api_to_pg_4_1_pntra.py
[2026-05-14T13:38:58.286+0000] {logging_mixin.py:188} INFO - [2026-05-14T13:38:58.286+0000] {dag.py:3047} INFO - Sync 1 DAGs
[2026-05-14T13:38:58.302+0000] {logging_mixin.py:188} INFO - [2026-05-14T13:38:58.302+0000] {dag.py:3834} INFO - Setting next_dagrun for load_from_api_to_pg to 0202-11-12 00:00:00+00:00, run_after=0202-11-13 00:00:00+00:00
[2026-05-14T13:38:58.318+0000] {processor.py:183} INFO - Processing /opt/airflow/dags/load_from_api_to_pg_4_1_pntra.py took 0.130 seconds
[2026-05-14T13:38:59.212+0000] {processor.py:161} INFO - Started process (PID=257) to work on /opt/airflow/dags/load_from_api_to_pg_4_1_pntra.py
[2026-05-14T13:38:59.213+0000] {processor.py:830} INFO - Processing file /opt/airflow/dags/load_from_api_to_pg_4_1_pntra.py for tasks to queue
[2026-05-14T13:38:59.215+0000] {logging_mixin.py:188} INFO - [2026-05-14T13:38:59.215+0000] {dagbag.py:540} INFO - Filling up the DagBag from /opt/airflow/dags/load_from_api_to_pg_4_1_pntra.py
[2026-05-14T13:38:59.229+0000] {processor.py:840} INFO - DAG(s) 'load_from_api_to_pg' retrieved from /opt/airflow/dags/load_from_api_to_pg_4_1_pntra.py
[2026-05-14T13:38:59.244+0000] {logging_mixin.py:188} INFO - [2026-05-14T13:38:59.244+0000] {dag.py:3047} INFO - Sync 1 DAGs
[2026-05-14T13:38:59.263+0000] {logging_mixin.py:188} INFO - [2026-05-14T13:38:59.263+0000] {dag.py:3834} INFO - Setting next_dagrun for load_from_api_to_pg to 2026-11-12 00:00:00+00:00, run_after=2026-11-13 00:00:00+00:00
[2026-05-14T13:38:59.277+0000] {processor.py:183} INFO - Processing /opt/airflow/dags/load_from_api_to_pg_4_1_pntra.py took 0.069 seconds
[2026-05-14T13:39:12.383+0000] {processor.py:161} INFO - Started process (PID=260) to work on /opt/airflow/dags/load_from_api_to_pg_4_1_pntra.py
[2026-05-14T13:39:12.384+0000] {processor.py:830} INFO - Processing file /opt/airflow/dags/load_from_api_to_pg_4_1_pntra.py for tasks to queue
[2026-05-14T13:39:12.385+0000] {logging_mixin.py:188} INFO - [2026-05-14T13:39:12.385+0000] {dagbag.py:540} INFO - Filling up the DagBag from /opt/airflow/dags/load_from_api_to_pg_4_1_pntra.py
[2026-05-14T13:39:12.388+0000] {logging_mixin.py:188} INFO - [2026-05-14T13:39:12.387+0000] {dagbag.py:350} ERROR - Failed to import: /opt/airflow/dags/load_from_api_to_pg_4_1_pntra.py
Traceback (most recent call last):
  File "/home/airflow/.local/lib/python3.8/site-packages/airflow/models/dagbag.py", line 346, in parse
    loader.exec_module(new_module)
  File "<frozen importlib._bootstrap_external>", line 839, in exec_module
  File "<frozen importlib._bootstrap_external>", line 976, in get_code
  File "<frozen importlib._bootstrap_external>", line 906, in source_to_code
  File "<frozen importlib._bootstrap>", line 219, in _call_with_frames_removed
  File "/opt/airflow/dags/load_from_api_to_pg_4_1_pntra.py", line 13
    'start_date': datetime(2026, , 12),
                                 ^
SyntaxError: invalid syntax
[2026-05-14T13:39:12.388+0000] {processor.py:842} WARNING - No viable dags retrieved from /opt/airflow/dags/load_from_api_to_pg_4_1_pntra.py
[2026-05-14T13:39:12.404+0000] {processor.py:183} INFO - Processing /opt/airflow/dags/load_from_api_to_pg_4_1_pntra.py took 0.023 seconds
[2026-05-14T13:39:18.417+0000] {processor.py:161} INFO - Started process (PID=261) to work on /opt/airflow/dags/load_from_api_to_pg_4_1_pntra.py
[2026-05-14T13:39:18.418+0000] {processor.py:830} INFO - Processing file /opt/airflow/dags/load_from_api_to_pg_4_1_pntra.py for tasks to queue
[2026-05-14T13:39:18.419+0000] {logging_mixin.py:188} INFO - [2026-05-14T13:39:18.419+0000] {dagbag.py:540} INFO - Filling up the DagBag from /opt/airflow/dags/load_from_api_to_pg_4_1_pntra.py
[2026-05-14T13:39:18.422+0000] {logging_mixin.py:188} INFO - [2026-05-14T13:39:18.422+0000] {dagbag.py:350} ERROR - Failed to import: /opt/airflow/dags/load_from_api_to_pg_4_1_pntra.py
Traceback (most recent call last):
  File "/home/airflow/.local/lib/python3.8/site-packages/airflow/models/dagbag.py", line 346, in parse
    loader.exec_module(new_module)
  File "<frozen importlib._bootstrap_external>", line 839, in exec_module
  File "<frozen importlib._bootstrap_external>", line 976, in get_code
  File "<frozen importlib._bootstrap_external>", line 906, in source_to_code
  File "<frozen importlib._bootstrap>", line 219, in _call_with_frames_removed
  File "/opt/airflow/dags/load_from_api_to_pg_4_1_pntra.py", line 13
    'start_date': datetime(2026, 05, 12),
                                  ^
SyntaxError: leading zeros in decimal integer literals are not permitted; use an 0o prefix for octal integers
[2026-05-14T13:39:18.422+0000] {processor.py:842} WARNING - No viable dags retrieved from /opt/airflow/dags/load_from_api_to_pg_4_1_pntra.py
[2026-05-14T13:39:18.437+0000] {processor.py:183} INFO - Processing /opt/airflow/dags/load_from_api_to_pg_4_1_pntra.py took 0.023 seconds
[2026-05-14T13:39:21.451+0000] {processor.py:161} INFO - Started process (PID=262) to work on /opt/airflow/dags/load_from_api_to_pg_4_1_pntra.py
[2026-05-14T13:39:21.452+0000] {processor.py:830} INFO - Processing file /opt/airflow/dags/load_from_api_to_pg_4_1_pntra.py for tasks to queue
[2026-05-14T13:39:21.454+0000] {logging_mixin.py:188} INFO - [2026-05-14T13:39:21.454+0000] {dagbag.py:540} INFO - Filling up the DagBag from /opt/airflow/dags/load_from_api_to_pg_4_1_pntra.py
[2026-05-14T13:39:21.456+0000] {logging_mixin.py:188} INFO - [2026-05-14T13:39:21.456+0000] {dagbag.py:350} ERROR - Failed to import: /opt/airflow/dags/load_from_api_to_pg_4_1_pntra.py
Traceback (most recent call last):
  File "/home/airflow/.local/lib/python3.8/site-packages/airflow/models/dagbag.py", line 346, in parse
    loader.exec_module(new_module)
  File "<frozen importlib._bootstrap_external>", line 839, in exec_module
  File "<frozen importlib._bootstrap_external>", line 976, in get_code
  File "<frozen importlib._bootstrap_external>", line 906, in source_to_code
  File "<frozen importlib._bootstrap>", line 219, in _call_with_frames_removed
  File "/opt/airflow/dags/load_from_api_to_pg_4_1_pntra.py", line 13
    'start_date': datetime(2026, 05, 14),
                                  ^
SyntaxError: leading zeros in decimal integer literals are not permitted; use an 0o prefix for octal integers
[2026-05-14T13:39:21.456+0000] {processor.py:842} WARNING - No viable dags retrieved from /opt/airflow/dags/load_from_api_to_pg_4_1_pntra.py
[2026-05-14T13:39:21.476+0000] {processor.py:183} INFO - Processing /opt/airflow/dags/load_from_api_to_pg_4_1_pntra.py took 0.029 seconds
[2026-05-14T13:39:51.700+0000] {processor.py:161} INFO - Started process (PID=271) to work on /opt/airflow/dags/load_from_api_to_pg_4_1_pntra.py
[2026-05-14T13:39:51.701+0000] {processor.py:830} INFO - Processing file /opt/airflow/dags/load_from_api_to_pg_4_1_pntra.py for tasks to queue
[2026-05-14T13:39:51.702+0000] {logging_mixin.py:188} INFO - [2026-05-14T13:39:51.702+0000] {dagbag.py:540} INFO - Filling up the DagBag from /opt/airflow/dags/load_from_api_to_pg_4_1_pntra.py
[2026-05-14T13:39:51.704+0000] {logging_mixin.py:188} INFO - [2026-05-14T13:39:51.704+0000] {dagbag.py:350} ERROR - Failed to import: /opt/airflow/dags/load_from_api_to_pg_4_1_pntra.py
Traceback (most recent call last):
  File "/home/airflow/.local/lib/python3.8/site-packages/airflow/models/dagbag.py", line 346, in parse
    loader.exec_module(new_module)
  File "<frozen importlib._bootstrap_external>", line 839, in exec_module
  File "<frozen importlib._bootstrap_external>", line 976, in get_code
  File "<frozen importlib._bootstrap_external>", line 906, in source_to_code
  File "<frozen importlib._bootstrap>", line 219, in _call_with_frames_removed
  File "/opt/airflow/dags/load_from_api_to_pg_4_1_pntra.py", line 13
    'start_date': datetime(2026, 05, 14),
                                  ^
SyntaxError: leading zeros in decimal integer literals are not permitted; use an 0o prefix for octal integers
[2026-05-14T13:39:51.704+0000] {processor.py:842} WARNING - No viable dags retrieved from /opt/airflow/dags/load_from_api_to_pg_4_1_pntra.py
[2026-05-14T13:39:51.719+0000] {processor.py:183} INFO - Processing /opt/airflow/dags/load_from_api_to_pg_4_1_pntra.py took 0.022 seconds
[2026-05-14T13:40:21.862+0000] {processor.py:161} INFO - Started process (PID=280) to work on /opt/airflow/dags/load_from_api_to_pg_4_1_pntra.py
[2026-05-14T13:40:21.863+0000] {processor.py:830} INFO - Processing file /opt/airflow/dags/load_from_api_to_pg_4_1_pntra.py for tasks to queue
[2026-05-14T13:40:21.864+0000] {logging_mixin.py:188} INFO - [2026-05-14T13:40:21.864+0000] {dagbag.py:540} INFO - Filling up the DagBag from /opt/airflow/dags/load_from_api_to_pg_4_1_pntra.py
[2026-05-14T13:40:21.866+0000] {logging_mixin.py:188} INFO - [2026-05-14T13:40:21.866+0000] {dagbag.py:350} ERROR - Failed to import: /opt/airflow/dags/load_from_api_to_pg_4_1_pntra.py
Traceback (most recent call last):
  File "/home/airflow/.local/lib/python3.8/site-packages/airflow/models/dagbag.py", line 346, in parse
    loader.exec_module(new_module)
  File "<frozen importlib._bootstrap_external>", line 839, in exec_module
  File "<frozen importlib._bootstrap_external>", line 976, in get_code
  File "<frozen importlib._bootstrap_external>", line 906, in source_to_code
  File "<frozen importlib._bootstrap>", line 219, in _call_with_frames_removed
  File "/opt/airflow/dags/load_from_api_to_pg_4_1_pntra.py", line 13
    'start_date': datetime(2026, 05, 14),
                                  ^
SyntaxError: leading zeros in decimal integer literals are not permitted; use an 0o prefix for octal integers
[2026-05-14T13:40:21.867+0000] {processor.py:842} WARNING - No viable dags retrieved from /opt/airflow/dags/load_from_api_to_pg_4_1_pntra.py
[2026-05-14T13:40:21.885+0000] {processor.py:183} INFO - Processing /opt/airflow/dags/load_from_api_to_pg_4_1_pntra.py took 0.025 seconds
[2026-05-14T13:40:52.141+0000] {processor.py:161} INFO - Started process (PID=289) to work on /opt/airflow/dags/load_from_api_to_pg_4_1_pntra.py
[2026-05-14T13:40:52.142+0000] {processor.py:830} INFO - Processing file /opt/airflow/dags/load_from_api_to_pg_4_1_pntra.py for tasks to queue
[2026-05-14T13:40:52.143+0000] {logging_mixin.py:188} INFO - [2026-05-14T13:40:52.143+0000] {dagbag.py:540} INFO - Filling up the DagBag from /opt/airflow/dags/load_from_api_to_pg_4_1_pntra.py
[2026-05-14T13:40:52.146+0000] {logging_mixin.py:188} INFO - [2026-05-14T13:40:52.145+0000] {dagbag.py:350} ERROR - Failed to import: /opt/airflow/dags/load_from_api_to_pg_4_1_pntra.py
Traceback (most recent call last):
  File "/home/airflow/.local/lib/python3.8/site-packages/airflow/models/dagbag.py", line 346, in parse
    loader.exec_module(new_module)
  File "<frozen importlib._bootstrap_external>", line 839, in exec_module
  File "<frozen importlib._bootstrap_external>", line 976, in get_code
  File "<frozen importlib._bootstrap_external>", line 906, in source_to_code
  File "<frozen importlib._bootstrap>", line 219, in _call_with_frames_removed
  File "/opt/airflow/dags/load_from_api_to_pg_4_1_pntra.py", line 13
    'start_date': datetime(2026, 05, 14),
                                  ^
SyntaxError: leading zeros in decimal integer literals are not permitted; use an 0o prefix for octal integers
[2026-05-14T13:40:52.147+0000] {processor.py:842} WARNING - No viable dags retrieved from /opt/airflow/dags/load_from_api_to_pg_4_1_pntra.py
[2026-05-14T13:40:52.162+0000] {processor.py:183} INFO - Processing /opt/airflow/dags/load_from_api_to_pg_4_1_pntra.py took 0.023 seconds
[2026-05-14T13:41:22.295+0000] {processor.py:161} INFO - Started process (PID=298) to work on /opt/airflow/dags/load_from_api_to_pg_4_1_pntra.py
[2026-05-14T13:41:22.295+0000] {processor.py:830} INFO - Processing file /opt/airflow/dags/load_from_api_to_pg_4_1_pntra.py for tasks to queue
[2026-05-14T13:41:22.296+0000] {logging_mixin.py:188} INFO - [2026-05-14T13:41:22.296+0000] {dagbag.py:540} INFO - Filling up the DagBag from /opt/airflow/dags/load_from_api_to_pg_4_1_pntra.py
[2026-05-14T13:41:22.299+0000] {logging_mixin.py:188} INFO - [2026-05-14T13:41:22.298+0000] {dagbag.py:350} ERROR - Failed to import: /opt/airflow/dags/load_from_api_to_pg_4_1_pntra.py
Traceback (most recent call last):
  File "/home/airflow/.local/lib/python3.8/site-packages/airflow/models/dagbag.py", line 346, in parse
    loader.exec_module(new_module)
  File "<frozen importlib._bootstrap_external>", line 839, in exec_module
  File "<frozen importlib._bootstrap_external>", line 976, in get_code
  File "<frozen importlib._bootstrap_external>", line 906, in source_to_code
  File "<frozen importlib._bootstrap>", line 219, in _call_with_frames_removed
  File "/opt/airflow/dags/load_from_api_to_pg_4_1_pntra.py", line 13
    'start_date': datetime(2026, 05, 14),
                                  ^
SyntaxError: leading zeros in decimal integer literals are not permitted; use an 0o prefix for octal integers
[2026-05-14T13:41:22.299+0000] {processor.py:842} WARNING - No viable dags retrieved from /opt/airflow/dags/load_from_api_to_pg_4_1_pntra.py
[2026-05-14T13:41:22.317+0000] {processor.py:183} INFO - Processing /opt/airflow/dags/load_from_api_to_pg_4_1_pntra.py took 0.025 seconds
[2026-05-14T13:41:52.617+0000] {processor.py:161} INFO - Started process (PID=307) to work on /opt/airflow/dags/load_from_api_to_pg_4_1_pntra.py
[2026-05-14T13:41:52.618+0000] {processor.py:830} INFO - Processing file /opt/airflow/dags/load_from_api_to_pg_4_1_pntra.py for tasks to queue
[2026-05-14T13:41:52.619+0000] {logging_mixin.py:188} INFO - [2026-05-14T13:41:52.619+0000] {dagbag.py:540} INFO - Filling up the DagBag from /opt/airflow/dags/load_from_api_to_pg_4_1_pntra.py
[2026-05-14T13:41:52.621+0000] {logging_mixin.py:188} INFO - [2026-05-14T13:41:52.621+0000] {dagbag.py:350} ERROR - Failed to import: /opt/airflow/dags/load_from_api_to_pg_4_1_pntra.py
Traceback (most recent call last):
  File "/home/airflow/.local/lib/python3.8/site-packages/airflow/models/dagbag.py", line 346, in parse
    loader.exec_module(new_module)
  File "<frozen importlib._bootstrap_external>", line 839, in exec_module
  File "<frozen importlib._bootstrap_external>", line 976, in get_code
  File "<frozen importlib._bootstrap_external>", line 906, in source_to_code
  File "<frozen importlib._bootstrap>", line 219, in _call_with_frames_removed
  File "/opt/airflow/dags/load_from_api_to_pg_4_1_pntra.py", line 13
    'start_date': datetime(2026, 05, 14),
                                  ^
SyntaxError: leading zeros in decimal integer literals are not permitted; use an 0o prefix for octal integers
[2026-05-14T13:41:52.621+0000] {processor.py:842} WARNING - No viable dags retrieved from /opt/airflow/dags/load_from_api_to_pg_4_1_pntra.py
[2026-05-14T13:41:52.642+0000] {processor.py:183} INFO - Processing /opt/airflow/dags/load_from_api_to_pg_4_1_pntra.py took 0.027 seconds
[2026-05-14T13:42:22.844+0000] {processor.py:161} INFO - Started process (PID=316) to work on /opt/airflow/dags/load_from_api_to_pg_4_1_pntra.py
[2026-05-14T13:42:22.844+0000] {processor.py:830} INFO - Processing file /opt/airflow/dags/load_from_api_to_pg_4_1_pntra.py for tasks to queue
[2026-05-14T13:42:22.845+0000] {logging_mixin.py:188} INFO - [2026-05-14T13:42:22.845+0000] {dagbag.py:540} INFO - Filling up the DagBag from /opt/airflow/dags/load_from_api_to_pg_4_1_pntra.py
[2026-05-14T13:42:22.847+0000] {logging_mixin.py:188} INFO - [2026-05-14T13:42:22.847+0000] {dagbag.py:350} ERROR - Failed to import: /opt/airflow/dags/load_from_api_to_pg_4_1_pntra.py
Traceback (most recent call last):
  File "/home/airflow/.local/lib/python3.8/site-packages/airflow/models/dagbag.py", line 346, in parse
    loader.exec_module(new_module)
  File "<frozen importlib._bootstrap_external>", line 839, in exec_module
  File "<frozen importlib._bootstrap_external>", line 976, in get_code
  File "<frozen importlib._bootstrap_external>", line 906, in source_to_code
  File "<frozen importlib._bootstrap>", line 219, in _call_with_frames_removed
  File "/opt/airflow/dags/load_from_api_to_pg_4_1_pntra.py", line 13
    'start_date': datetime(2026, 05, 14),
                                  ^
SyntaxError: leading zeros in decimal integer literals are not permitted; use an 0o prefix for octal integers
[2026-05-14T13:42:22.847+0000] {processor.py:842} WARNING - No viable dags retrieved from /opt/airflow/dags/load_from_api_to_pg_4_1_pntra.py
[2026-05-14T13:42:22.862+0000] {processor.py:183} INFO - Processing /opt/airflow/dags/load_from_api_to_pg_4_1_pntra.py took 0.021 seconds
[2026-05-14T13:42:53.346+0000] {processor.py:161} INFO - Started process (PID=325) to work on /opt/airflow/dags/load_from_api_to_pg_4_1_pntra.py
[2026-05-14T13:42:53.347+0000] {processor.py:830} INFO - Processing file /opt/airflow/dags/load_from_api_to_pg_4_1_pntra.py for tasks to queue
[2026-05-14T13:42:53.348+0000] {logging_mixin.py:188} INFO - [2026-05-14T13:42:53.348+0000] {dagbag.py:540} INFO - Filling up the DagBag from /opt/airflow/dags/load_from_api_to_pg_4_1_pntra.py
[2026-05-14T13:42:53.350+0000] {logging_mixin.py:188} INFO - [2026-05-14T13:42:53.349+0000] {dagbag.py:350} ERROR - Failed to import: /opt/airflow/dags/load_from_api_to_pg_4_1_pntra.py
Traceback (most recent call last):
  File "/home/airflow/.local/lib/python3.8/site-packages/airflow/models/dagbag.py", line 346, in parse
    loader.exec_module(new_module)
  File "<frozen importlib._bootstrap_external>", line 839, in exec_module
  File "<frozen importlib._bootstrap_external>", line 976, in get_code
  File "<frozen importlib._bootstrap_external>", line 906, in source_to_code
  File "<frozen importlib._bootstrap>", line 219, in _call_with_frames_removed
  File "/opt/airflow/dags/load_from_api_to_pg_4_1_pntra.py", line 13
    'start_date': datetime(2026, 05, 14),
                                  ^
SyntaxError: leading zeros in decimal integer literals are not permitted; use an 0o prefix for octal integers
[2026-05-14T13:42:53.350+0000] {processor.py:842} WARNING - No viable dags retrieved from /opt/airflow/dags/load_from_api_to_pg_4_1_pntra.py
[2026-05-14T13:42:53.365+0000] {processor.py:183} INFO - Processing /opt/airflow/dags/load_from_api_to_pg_4_1_pntra.py took 0.022 seconds
[2026-05-14T13:43:23.508+0000] {processor.py:161} INFO - Started process (PID=334) to work on /opt/airflow/dags/load_from_api_to_pg_4_1_pntra.py
[2026-05-14T13:43:23.509+0000] {processor.py:830} INFO - Processing file /opt/airflow/dags/load_from_api_to_pg_4_1_pntra.py for tasks to queue
[2026-05-14T13:43:23.510+0000] {logging_mixin.py:188} INFO - [2026-05-14T13:43:23.510+0000] {dagbag.py:540} INFO - Filling up the DagBag from /opt/airflow/dags/load_from_api_to_pg_4_1_pntra.py
[2026-05-14T13:43:23.513+0000] {logging_mixin.py:188} INFO - [2026-05-14T13:43:23.511+0000] {dagbag.py:350} ERROR - Failed to import: /opt/airflow/dags/load_from_api_to_pg_4_1_pntra.py
Traceback (most recent call last):
  File "/home/airflow/.local/lib/python3.8/site-packages/airflow/models/dagbag.py", line 346, in parse
    loader.exec_module(new_module)
  File "<frozen importlib._bootstrap_external>", line 839, in exec_module
  File "<frozen importlib._bootstrap_external>", line 976, in get_code
  File "<frozen importlib._bootstrap_external>", line 906, in source_to_code
  File "<frozen importlib._bootstrap>", line 219, in _call_with_frames_removed
  File "/opt/airflow/dags/load_from_api_to_pg_4_1_pntra.py", line 13
    'start_date': datetime(2026, 05, 14),
                                  ^
SyntaxError: leading zeros in decimal integer literals are not permitted; use an 0o prefix for octal integers
[2026-05-14T13:43:23.513+0000] {processor.py:842} WARNING - No viable dags retrieved from /opt/airflow/dags/load_from_api_to_pg_4_1_pntra.py
[2026-05-14T13:43:23.528+0000] {processor.py:183} INFO - Processing /opt/airflow/dags/load_from_api_to_pg_4_1_pntra.py took 0.022 seconds
[2026-05-14T13:43:53.679+0000] {processor.py:161} INFO - Started process (PID=343) to work on /opt/airflow/dags/load_from_api_to_pg_4_1_pntra.py
[2026-05-14T13:43:53.680+0000] {processor.py:830} INFO - Processing file /opt/airflow/dags/load_from_api_to_pg_4_1_pntra.py for tasks to queue
[2026-05-14T13:43:53.681+0000] {logging_mixin.py:188} INFO - [2026-05-14T13:43:53.681+0000] {dagbag.py:540} INFO - Filling up the DagBag from /opt/airflow/dags/load_from_api_to_pg_4_1_pntra.py
[2026-05-14T13:43:53.683+0000] {logging_mixin.py:188} INFO - [2026-05-14T13:43:53.683+0000] {dagbag.py:350} ERROR - Failed to import: /opt/airflow/dags/load_from_api_to_pg_4_1_pntra.py
Traceback (most recent call last):
  File "/home/airflow/.local/lib/python3.8/site-packages/airflow/models/dagbag.py", line 346, in parse
    loader.exec_module(new_module)
  File "<frozen importlib._bootstrap_external>", line 839, in exec_module
  File "<frozen importlib._bootstrap_external>", line 976, in get_code
  File "<frozen importlib._bootstrap_external>", line 906, in source_to_code
  File "<frozen importlib._bootstrap>", line 219, in _call_with_frames_removed
  File "/opt/airflow/dags/load_from_api_to_pg_4_1_pntra.py", line 13
    'start_date': datetime(2026, 05, 14),
                                  ^
SyntaxError: leading zeros in decimal integer literals are not permitted; use an 0o prefix for octal integers
[2026-05-14T13:43:53.684+0000] {processor.py:842} WARNING - No viable dags retrieved from /opt/airflow/dags/load_from_api_to_pg_4_1_pntra.py
[2026-05-14T13:43:53.698+0000] {processor.py:183} INFO - Processing /opt/airflow/dags/load_from_api_to_pg_4_1_pntra.py took 0.022 seconds
[2026-05-14T13:44:23.992+0000] {processor.py:161} INFO - Started process (PID=352) to work on /opt/airflow/dags/load_from_api_to_pg_4_1_pntra.py
[2026-05-14T13:44:23.992+0000] {processor.py:830} INFO - Processing file /opt/airflow/dags/load_from_api_to_pg_4_1_pntra.py for tasks to queue
[2026-05-14T13:44:23.993+0000] {logging_mixin.py:188} INFO - [2026-05-14T13:44:23.993+0000] {dagbag.py:540} INFO - Filling up the DagBag from /opt/airflow/dags/load_from_api_to_pg_4_1_pntra.py
[2026-05-14T13:44:23.995+0000] {logging_mixin.py:188} INFO - [2026-05-14T13:44:23.995+0000] {dagbag.py:350} ERROR - Failed to import: /opt/airflow/dags/load_from_api_to_pg_4_1_pntra.py
Traceback (most recent call last):
  File "/home/airflow/.local/lib/python3.8/site-packages/airflow/models/dagbag.py", line 346, in parse
    loader.exec_module(new_module)
  File "<frozen importlib._bootstrap_external>", line 839, in exec_module
  File "<frozen importlib._bootstrap_external>", line 976, in get_code
  File "<frozen importlib._bootstrap_external>", line 906, in source_to_code
  File "<frozen importlib._bootstrap>", line 219, in _call_with_frames_removed
  File "/opt/airflow/dags/load_from_api_to_pg_4_1_pntra.py", line 13
    'start_date': datetime(2026, 05, 14),
                                  ^
SyntaxError: leading zeros in decimal integer literals are not permitted; use an 0o prefix for octal integers
[2026-05-14T13:44:23.995+0000] {processor.py:842} WARNING - No viable dags retrieved from /opt/airflow/dags/load_from_api_to_pg_4_1_pntra.py
[2026-05-14T13:44:24.011+0000] {processor.py:183} INFO - Processing /opt/airflow/dags/load_from_api_to_pg_4_1_pntra.py took 0.022 seconds
[2026-05-14T13:44:54.201+0000] {processor.py:161} INFO - Started process (PID=361) to work on /opt/airflow/dags/load_from_api_to_pg_4_1_pntra.py
[2026-05-14T13:44:54.203+0000] {processor.py:830} INFO - Processing file /opt/airflow/dags/load_from_api_to_pg_4_1_pntra.py for tasks to queue
[2026-05-14T13:44:54.205+0000] {logging_mixin.py:188} INFO - [2026-05-14T13:44:54.204+0000] {dagbag.py:540} INFO - Filling up the DagBag from /opt/airflow/dags/load_from_api_to_pg_4_1_pntra.py
[2026-05-14T13:44:54.208+0000] {logging_mixin.py:188} INFO - [2026-05-14T13:44:54.208+0000] {dagbag.py:350} ERROR - Failed to import: /opt/airflow/dags/load_from_api_to_pg_4_1_pntra.py
Traceback (most recent call last):
  File "/home/airflow/.local/lib/python3.8/site-packages/airflow/models/dagbag.py", line 346, in parse
    loader.exec_module(new_module)
  File "<frozen importlib._bootstrap_external>", line 839, in exec_module
  File "<frozen importlib._bootstrap_external>", line 976, in get_code
  File "<frozen importlib._bootstrap_external>", line 906, in source_to_code
  File "<frozen importlib._bootstrap>", line 219, in _call_with_frames_removed
  File "/opt/airflow/dags/load_from_api_to_pg_4_1_pntra.py", line 13
    'start_date': datetime(2026, 05, 14),
                                  ^
SyntaxError: leading zeros in decimal integer literals are not permitted; use an 0o prefix for octal integers
[2026-05-14T13:44:54.209+0000] {processor.py:842} WARNING - No viable dags retrieved from /opt/airflow/dags/load_from_api_to_pg_4_1_pntra.py
[2026-05-14T13:44:54.228+0000] {processor.py:183} INFO - Processing /opt/airflow/dags/load_from_api_to_pg_4_1_pntra.py took 0.033 seconds
[2026-05-14T13:45:24.377+0000] {processor.py:161} INFO - Started process (PID=370) to work on /opt/airflow/dags/load_from_api_to_pg_4_1_pntra.py
[2026-05-14T13:45:24.378+0000] {processor.py:830} INFO - Processing file /opt/airflow/dags/load_from_api_to_pg_4_1_pntra.py for tasks to queue
[2026-05-14T13:45:24.378+0000] {logging_mixin.py:188} INFO - [2026-05-14T13:45:24.378+0000] {dagbag.py:540} INFO - Filling up the DagBag from /opt/airflow/dags/load_from_api_to_pg_4_1_pntra.py
[2026-05-14T13:45:24.381+0000] {logging_mixin.py:188} INFO - [2026-05-14T13:45:24.380+0000] {dagbag.py:350} ERROR - Failed to import: /opt/airflow/dags/load_from_api_to_pg_4_1_pntra.py
Traceback (most recent call last):
  File "/home/airflow/.local/lib/python3.8/site-packages/airflow/models/dagbag.py", line 346, in parse
    loader.exec_module(new_module)
  File "<frozen importlib._bootstrap_external>", line 839, in exec_module
  File "<frozen importlib._bootstrap_external>", line 976, in get_code
  File "<frozen importlib._bootstrap_external>", line 906, in source_to_code
  File "<frozen importlib._bootstrap>", line 219, in _call_with_frames_removed
  File "/opt/airflow/dags/load_from_api_to_pg_4_1_pntra.py", line 13
    'start_date': datetime(2026, 05, 14),
                                  ^
SyntaxError: leading zeros in decimal integer literals are not permitted; use an 0o prefix for octal integers
[2026-05-14T13:45:24.381+0000] {processor.py:842} WARNING - No viable dags retrieved from /opt/airflow/dags/load_from_api_to_pg_4_1_pntra.py
[2026-05-14T13:45:24.395+0000] {processor.py:183} INFO - Processing /opt/airflow/dags/load_from_api_to_pg_4_1_pntra.py took 0.021 seconds
[2026-05-14T13:45:54.614+0000] {processor.py:161} INFO - Started process (PID=378) to work on /opt/airflow/dags/load_from_api_to_pg_4_1_pntra.py
[2026-05-14T13:45:54.614+0000] {processor.py:830} INFO - Processing file /opt/airflow/dags/load_from_api_to_pg_4_1_pntra.py for tasks to queue
[2026-05-14T13:45:54.615+0000] {logging_mixin.py:188} INFO - [2026-05-14T13:45:54.615+0000] {dagbag.py:540} INFO - Filling up the DagBag from /opt/airflow/dags/load_from_api_to_pg_4_1_pntra.py
[2026-05-14T13:45:54.617+0000] {logging_mixin.py:188} INFO - [2026-05-14T13:45:54.617+0000] {dagbag.py:350} ERROR - Failed to import: /opt/airflow/dags/load_from_api_to_pg_4_1_pntra.py
Traceback (most recent call last):
  File "/home/airflow/.local/lib/python3.8/site-packages/airflow/models/dagbag.py", line 346, in parse
    loader.exec_module(new_module)
  File "<frozen importlib._bootstrap_external>", line 839, in exec_module
  File "<frozen importlib._bootstrap_external>", line 976, in get_code
  File "<frozen importlib._bootstrap_external>", line 906, in source_to_code
  File "<frozen importlib._bootstrap>", line 219, in _call_with_frames_removed
  File "/opt/airflow/dags/load_from_api_to_pg_4_1_pntra.py", line 13
    'start_date': datetime(2026, 05, 14),
                                  ^
SyntaxError: leading zeros in decimal integer literals are not permitted; use an 0o prefix for octal integers
[2026-05-14T13:45:54.618+0000] {processor.py:842} WARNING - No viable dags retrieved from /opt/airflow/dags/load_from_api_to_pg_4_1_pntra.py
[2026-05-14T13:45:54.631+0000] {processor.py:183} INFO - Processing /opt/airflow/dags/load_from_api_to_pg_4_1_pntra.py took 0.021 seconds
