[2026-04-29T11:33:15.304+0000] {processor.py:161} INFO - Started process (PID=80) to work on /home/airflow/.local/lib/python3.8/site-packages/airflow/example_dags/example_sensors.py
[2026-04-29T11:33:15.310+0000] {processor.py:830} INFO - Processing file /home/airflow/.local/lib/python3.8/site-packages/airflow/example_dags/example_sensors.py for tasks to queue
[2026-04-29T11:33:15.318+0000] {logging_mixin.py:188} INFO - [2026-04-29T11:33:15.318+0000] {dagbag.py:540} INFO - Filling up the DagBag from /home/airflow/.local/lib/python3.8/site-packages/airflow/example_dags/example_sensors.py
[2026-04-29T11:33:15.369+0000] {processor.py:840} INFO - DAG(s) 'example_sensors' retrieved from /home/airflow/.local/lib/python3.8/site-packages/airflow/example_dags/example_sensors.py
[2026-04-29T11:33:15.547+0000] {logging_mixin.py:188} INFO - [2026-04-29T11:33:15.547+0000] {dag.py:3047} INFO - Sync 1 DAGs
[2026-04-29T11:33:15.615+0000] {logging_mixin.py:188} INFO - [2026-04-29T11:33:15.614+0000] {dag.py:3834} INFO - Setting next_dagrun for example_sensors to None, run_after=None
[2026-04-29T11:33:15.732+0000] {processor.py:183} INFO - Processing /home/airflow/.local/lib/python3.8/site-packages/airflow/example_dags/example_sensors.py took 0.446 seconds
[2026-04-29T11:33:46.601+0000] {processor.py:161} INFO - Started process (PID=136) to work on /home/airflow/.local/lib/python3.8/site-packages/airflow/example_dags/example_sensors.py
[2026-04-29T11:33:46.604+0000] {processor.py:830} INFO - Processing file /home/airflow/.local/lib/python3.8/site-packages/airflow/example_dags/example_sensors.py for tasks to queue
[2026-04-29T11:33:46.606+0000] {logging_mixin.py:188} INFO - [2026-04-29T11:33:46.605+0000] {dagbag.py:540} INFO - Filling up the DagBag from /home/airflow/.local/lib/python3.8/site-packages/airflow/example_dags/example_sensors.py
[2026-04-29T11:33:46.617+0000] {processor.py:840} INFO - DAG(s) 'example_sensors' retrieved from /home/airflow/.local/lib/python3.8/site-packages/airflow/example_dags/example_sensors.py
[2026-04-29T11:33:46.644+0000] {logging_mixin.py:188} INFO - [2026-04-29T11:33:46.644+0000] {dag.py:3047} INFO - Sync 1 DAGs
[2026-04-29T11:33:46.658+0000] {logging_mixin.py:188} INFO - [2026-04-29T11:33:46.657+0000] {dag.py:3834} INFO - Setting next_dagrun for example_sensors to None, run_after=None
[2026-04-29T11:33:46.676+0000] {processor.py:183} INFO - Processing /home/airflow/.local/lib/python3.8/site-packages/airflow/example_dags/example_sensors.py took 0.081 seconds
[2026-04-29T11:34:17.541+0000] {processor.py:161} INFO - Started process (PID=198) to work on /home/airflow/.local/lib/python3.8/site-packages/airflow/example_dags/example_sensors.py
[2026-04-29T11:34:17.542+0000] {processor.py:830} INFO - Processing file /home/airflow/.local/lib/python3.8/site-packages/airflow/example_dags/example_sensors.py for tasks to queue
[2026-04-29T11:34:17.544+0000] {logging_mixin.py:188} INFO - [2026-04-29T11:34:17.543+0000] {dagbag.py:540} INFO - Filling up the DagBag from /home/airflow/.local/lib/python3.8/site-packages/airflow/example_dags/example_sensors.py
[2026-04-29T11:34:17.554+0000] {processor.py:840} INFO - DAG(s) 'example_sensors' retrieved from /home/airflow/.local/lib/python3.8/site-packages/airflow/example_dags/example_sensors.py
[2026-04-29T11:34:17.583+0000] {logging_mixin.py:188} INFO - [2026-04-29T11:34:17.582+0000] {dag.py:3047} INFO - Sync 1 DAGs
[2026-04-29T11:34:17.597+0000] {logging_mixin.py:188} INFO - [2026-04-29T11:34:17.597+0000] {dag.py:3834} INFO - Setting next_dagrun for example_sensors to None, run_after=None
[2026-04-29T11:34:17.618+0000] {processor.py:183} INFO - Processing /home/airflow/.local/lib/python3.8/site-packages/airflow/example_dags/example_sensors.py took 0.081 seconds
