[2026-04-29T11:33:11.715+0000] {processor.py:161} INFO - Started process (PID=65) to work on /home/airflow/.local/lib/python3.8/site-packages/airflow/example_dags/example_bash_operator.py
[2026-04-29T11:33:11.726+0000] {processor.py:830} INFO - Processing file /home/airflow/.local/lib/python3.8/site-packages/airflow/example_dags/example_bash_operator.py for tasks to queue
[2026-04-29T11:33:11.731+0000] {logging_mixin.py:188} INFO - [2026-04-29T11:33:11.730+0000] {dagbag.py:540} INFO - Filling up the DagBag from /home/airflow/.local/lib/python3.8/site-packages/airflow/example_dags/example_bash_operator.py
[2026-04-29T11:33:11.787+0000] {processor.py:840} INFO - DAG(s) 'example_bash_operator' retrieved from /home/airflow/.local/lib/python3.8/site-packages/airflow/example_dags/example_bash_operator.py
[2026-04-29T11:33:11.968+0000] {logging_mixin.py:188} INFO - [2026-04-29T11:33:11.968+0000] {dag.py:3047} INFO - Sync 1 DAGs
[2026-04-29T11:33:12.014+0000] {logging_mixin.py:188} INFO - [2026-04-29T11:33:12.012+0000] {dag.py:3834} INFO - Setting next_dagrun for example_bash_operator to 2026-04-28 00:00:00+00:00, run_after=2026-04-29 00:00:00+00:00
[2026-04-29T11:33:12.066+0000] {processor.py:183} INFO - Processing /home/airflow/.local/lib/python3.8/site-packages/airflow/example_dags/example_bash_operator.py took 0.356 seconds
[2026-04-29T11:33:42.621+0000] {processor.py:161} INFO - Started process (PID=121) to work on /home/airflow/.local/lib/python3.8/site-packages/airflow/example_dags/example_bash_operator.py
[2026-04-29T11:33:42.622+0000] {processor.py:830} INFO - Processing file /home/airflow/.local/lib/python3.8/site-packages/airflow/example_dags/example_bash_operator.py for tasks to queue
[2026-04-29T11:33:42.625+0000] {logging_mixin.py:188} INFO - [2026-04-29T11:33:42.625+0000] {dagbag.py:540} INFO - Filling up the DagBag from /home/airflow/.local/lib/python3.8/site-packages/airflow/example_dags/example_bash_operator.py
[2026-04-29T11:33:42.640+0000] {processor.py:840} INFO - DAG(s) 'example_bash_operator' retrieved from /home/airflow/.local/lib/python3.8/site-packages/airflow/example_dags/example_bash_operator.py
[2026-04-29T11:33:42.676+0000] {logging_mixin.py:188} INFO - [2026-04-29T11:33:42.676+0000] {dag.py:3047} INFO - Sync 1 DAGs
[2026-04-29T11:33:42.711+0000] {logging_mixin.py:188} INFO - [2026-04-29T11:33:42.710+0000] {dag.py:3834} INFO - Setting next_dagrun for example_bash_operator to 2026-04-28 00:00:00+00:00, run_after=2026-04-29 00:00:00+00:00
[2026-04-29T11:33:42.760+0000] {processor.py:183} INFO - Processing /home/airflow/.local/lib/python3.8/site-packages/airflow/example_dags/example_bash_operator.py took 0.143 seconds
[2026-04-29T11:34:13.571+0000] {processor.py:161} INFO - Started process (PID=177) to work on /home/airflow/.local/lib/python3.8/site-packages/airflow/example_dags/example_bash_operator.py
[2026-04-29T11:34:13.573+0000] {processor.py:830} INFO - Processing file /home/airflow/.local/lib/python3.8/site-packages/airflow/example_dags/example_bash_operator.py for tasks to queue
[2026-04-29T11:34:13.577+0000] {logging_mixin.py:188} INFO - [2026-04-29T11:34:13.577+0000] {dagbag.py:540} INFO - Filling up the DagBag from /home/airflow/.local/lib/python3.8/site-packages/airflow/example_dags/example_bash_operator.py
[2026-04-29T11:34:13.640+0000] {processor.py:840} INFO - DAG(s) 'example_bash_operator' retrieved from /home/airflow/.local/lib/python3.8/site-packages/airflow/example_dags/example_bash_operator.py
[2026-04-29T11:34:13.744+0000] {logging_mixin.py:188} INFO - [2026-04-29T11:34:13.744+0000] {dag.py:3047} INFO - Sync 1 DAGs
[2026-04-29T11:34:13.786+0000] {logging_mixin.py:188} INFO - [2026-04-29T11:34:13.786+0000] {dag.py:3834} INFO - Setting next_dagrun for example_bash_operator to 2026-04-28 00:00:00+00:00, run_after=2026-04-29 00:00:00+00:00
[2026-04-29T11:34:13.804+0000] {processor.py:183} INFO - Processing /home/airflow/.local/lib/python3.8/site-packages/airflow/example_dags/example_bash_operator.py took 0.239 seconds
