[2026-04-29T11:33:21.006+0000] {processor.py:161} INFO - Started process (PID=102) to work on /home/airflow/.local/lib/python3.8/site-packages/airflow/example_dags/example_task_group.py
[2026-04-29T11:33:21.013+0000] {processor.py:830} INFO - Processing file /home/airflow/.local/lib/python3.8/site-packages/airflow/example_dags/example_task_group.py for tasks to queue
[2026-04-29T11:33:21.025+0000] {logging_mixin.py:188} INFO - [2026-04-29T11:33:21.023+0000] {dagbag.py:540} INFO - Filling up the DagBag from /home/airflow/.local/lib/python3.8/site-packages/airflow/example_dags/example_task_group.py
[2026-04-29T11:33:21.063+0000] {processor.py:840} INFO - DAG(s) 'example_task_group' retrieved from /home/airflow/.local/lib/python3.8/site-packages/airflow/example_dags/example_task_group.py
[2026-04-29T11:33:21.143+0000] {logging_mixin.py:188} INFO - [2026-04-29T11:33:21.143+0000] {dag.py:3047} INFO - Sync 1 DAGs
[2026-04-29T11:33:21.230+0000] {logging_mixin.py:188} INFO - [2026-04-29T11:33:21.229+0000] {dag.py:3834} INFO - Setting next_dagrun for example_task_group to 2026-04-28 00:00:00+00:00, run_after=2026-04-29 00:00:00+00:00
[2026-04-29T11:33:21.292+0000] {processor.py:183} INFO - Processing /home/airflow/.local/lib/python3.8/site-packages/airflow/example_dags/example_task_group.py took 0.300 seconds
[2026-04-29T11:33:52.197+0000] {processor.py:161} INFO - Started process (PID=158) to work on /home/airflow/.local/lib/python3.8/site-packages/airflow/example_dags/example_task_group.py
[2026-04-29T11:33:52.199+0000] {processor.py:830} INFO - Processing file /home/airflow/.local/lib/python3.8/site-packages/airflow/example_dags/example_task_group.py for tasks to queue
[2026-04-29T11:33:52.201+0000] {logging_mixin.py:188} INFO - [2026-04-29T11:33:52.201+0000] {dagbag.py:540} INFO - Filling up the DagBag from /home/airflow/.local/lib/python3.8/site-packages/airflow/example_dags/example_task_group.py
[2026-04-29T11:33:52.220+0000] {processor.py:840} INFO - DAG(s) 'example_task_group' retrieved from /home/airflow/.local/lib/python3.8/site-packages/airflow/example_dags/example_task_group.py
[2026-04-29T11:33:52.318+0000] {logging_mixin.py:188} INFO - [2026-04-29T11:33:52.318+0000] {dag.py:3047} INFO - Sync 1 DAGs
[2026-04-29T11:33:52.399+0000] {logging_mixin.py:188} INFO - [2026-04-29T11:33:52.399+0000] {dag.py:3834} INFO - Setting next_dagrun for example_task_group to 2026-04-28 00:00:00+00:00, run_after=2026-04-29 00:00:00+00:00
[2026-04-29T11:33:52.441+0000] {processor.py:183} INFO - Processing /home/airflow/.local/lib/python3.8/site-packages/airflow/example_dags/example_task_group.py took 0.257 seconds
[2026-04-29T11:34:22.610+0000] {processor.py:161} INFO - Started process (PID=214) to work on /home/airflow/.local/lib/python3.8/site-packages/airflow/example_dags/example_task_group.py
[2026-04-29T11:34:22.612+0000] {processor.py:830} INFO - Processing file /home/airflow/.local/lib/python3.8/site-packages/airflow/example_dags/example_task_group.py for tasks to queue
[2026-04-29T11:34:22.614+0000] {logging_mixin.py:188} INFO - [2026-04-29T11:34:22.614+0000] {dagbag.py:540} INFO - Filling up the DagBag from /home/airflow/.local/lib/python3.8/site-packages/airflow/example_dags/example_task_group.py
[2026-04-29T11:34:22.623+0000] {processor.py:840} INFO - DAG(s) 'example_task_group' retrieved from /home/airflow/.local/lib/python3.8/site-packages/airflow/example_dags/example_task_group.py
[2026-04-29T11:34:22.646+0000] {logging_mixin.py:188} INFO - [2026-04-29T11:34:22.645+0000] {dag.py:3047} INFO - Sync 1 DAGs
[2026-04-29T11:34:22.672+0000] {logging_mixin.py:188} INFO - [2026-04-29T11:34:22.672+0000] {dag.py:3834} INFO - Setting next_dagrun for example_task_group to 2026-04-28 00:00:00+00:00, run_after=2026-04-29 00:00:00+00:00
[2026-04-29T11:34:22.690+0000] {processor.py:183} INFO - Processing /home/airflow/.local/lib/python3.8/site-packages/airflow/example_dags/example_task_group.py took 0.085 seconds
