[2026-04-29T11:33:14.186+0000] {processor.py:161} INFO - Started process (PID=76) to work on /home/airflow/.local/lib/python3.8/site-packages/airflow/example_dags/example_setup_teardown.py
[2026-04-29T11:33:14.187+0000] {processor.py:830} INFO - Processing file /home/airflow/.local/lib/python3.8/site-packages/airflow/example_dags/example_setup_teardown.py for tasks to queue
[2026-04-29T11:33:14.214+0000] {logging_mixin.py:188} INFO - [2026-04-29T11:33:14.198+0000] {dagbag.py:540} INFO - Filling up the DagBag from /home/airflow/.local/lib/python3.8/site-packages/airflow/example_dags/example_setup_teardown.py
[2026-04-29T11:33:14.237+0000] {processor.py:840} INFO - DAG(s) 'example_setup_teardown' retrieved from /home/airflow/.local/lib/python3.8/site-packages/airflow/example_dags/example_setup_teardown.py
[2026-04-29T11:33:14.295+0000] {logging_mixin.py:188} INFO - [2026-04-29T11:33:14.295+0000] {dag.py:3047} INFO - Sync 1 DAGs
[2026-04-29T11:33:14.402+0000] {logging_mixin.py:188} INFO - [2026-04-29T11:33:14.402+0000] {dag.py:3834} INFO - Setting next_dagrun for example_setup_teardown to 2026-04-28 00:00:00+00:00, run_after=2026-04-29 00:00:00+00:00
[2026-04-29T11:33:14.487+0000] {processor.py:183} INFO - Processing /home/airflow/.local/lib/python3.8/site-packages/airflow/example_dags/example_setup_teardown.py took 0.316 seconds
[2026-04-29T11:33:45.322+0000] {processor.py:161} INFO - Started process (PID=132) to work on /home/airflow/.local/lib/python3.8/site-packages/airflow/example_dags/example_setup_teardown.py
[2026-04-29T11:33:45.324+0000] {processor.py:830} INFO - Processing file /home/airflow/.local/lib/python3.8/site-packages/airflow/example_dags/example_setup_teardown.py for tasks to queue
[2026-04-29T11:33:45.326+0000] {logging_mixin.py:188} INFO - [2026-04-29T11:33:45.326+0000] {dagbag.py:540} INFO - Filling up the DagBag from /home/airflow/.local/lib/python3.8/site-packages/airflow/example_dags/example_setup_teardown.py
[2026-04-29T11:33:45.335+0000] {processor.py:840} INFO - DAG(s) 'example_setup_teardown' retrieved from /home/airflow/.local/lib/python3.8/site-packages/airflow/example_dags/example_setup_teardown.py
[2026-04-29T11:33:45.359+0000] {logging_mixin.py:188} INFO - [2026-04-29T11:33:45.359+0000] {dag.py:3047} INFO - Sync 1 DAGs
[2026-04-29T11:33:45.384+0000] {logging_mixin.py:188} INFO - [2026-04-29T11:33:45.383+0000] {dag.py:3834} INFO - Setting next_dagrun for example_setup_teardown to 2026-04-28 00:00:00+00:00, run_after=2026-04-29 00:00:00+00:00
[2026-04-29T11:33:45.404+0000] {processor.py:183} INFO - Processing /home/airflow/.local/lib/python3.8/site-packages/airflow/example_dags/example_setup_teardown.py took 0.086 seconds
[2026-04-29T11:34:16.336+0000] {processor.py:161} INFO - Started process (PID=188) to work on /home/airflow/.local/lib/python3.8/site-packages/airflow/example_dags/example_setup_teardown.py
[2026-04-29T11:34:16.337+0000] {processor.py:830} INFO - Processing file /home/airflow/.local/lib/python3.8/site-packages/airflow/example_dags/example_setup_teardown.py for tasks to queue
[2026-04-29T11:34:16.339+0000] {logging_mixin.py:188} INFO - [2026-04-29T11:34:16.339+0000] {dagbag.py:540} INFO - Filling up the DagBag from /home/airflow/.local/lib/python3.8/site-packages/airflow/example_dags/example_setup_teardown.py
[2026-04-29T11:34:16.347+0000] {processor.py:840} INFO - DAG(s) 'example_setup_teardown' retrieved from /home/airflow/.local/lib/python3.8/site-packages/airflow/example_dags/example_setup_teardown.py
[2026-04-29T11:34:16.371+0000] {logging_mixin.py:188} INFO - [2026-04-29T11:34:16.371+0000] {dag.py:3047} INFO - Sync 1 DAGs
[2026-04-29T11:34:16.397+0000] {logging_mixin.py:188} INFO - [2026-04-29T11:34:16.397+0000] {dag.py:3834} INFO - Setting next_dagrun for example_setup_teardown to 2026-04-28 00:00:00+00:00, run_after=2026-04-29 00:00:00+00:00
[2026-04-29T11:34:16.429+0000] {processor.py:183} INFO - Processing /home/airflow/.local/lib/python3.8/site-packages/airflow/example_dags/example_setup_teardown.py took 0.097 seconds
