[2026-04-29T11:33:13.284+0000] {processor.py:161} INFO - Started process (PID=73) to work on /home/airflow/.local/lib/python3.8/site-packages/airflow/example_dags/example_python_operator.py
[2026-04-29T11:33:13.285+0000] {processor.py:830} INFO - Processing file /home/airflow/.local/lib/python3.8/site-packages/airflow/example_dags/example_python_operator.py for tasks to queue
[2026-04-29T11:33:13.286+0000] {logging_mixin.py:188} INFO - [2026-04-29T11:33:13.286+0000] {dagbag.py:540} INFO - Filling up the DagBag from /home/airflow/.local/lib/python3.8/site-packages/airflow/example_dags/example_python_operator.py
[2026-04-29T11:33:13.302+0000] {processor.py:840} INFO - DAG(s) 'example_python_operator' retrieved from /home/airflow/.local/lib/python3.8/site-packages/airflow/example_dags/example_python_operator.py
[2026-04-29T11:33:13.749+0000] {logging_mixin.py:188} INFO - [2026-04-29T11:33:13.749+0000] {dag.py:3047} INFO - Sync 1 DAGs
[2026-04-29T11:33:13.849+0000] {logging_mixin.py:188} INFO - [2026-04-29T11:33:13.849+0000] {dag.py:3834} INFO - Setting next_dagrun for example_python_operator to None, run_after=None
[2026-04-29T11:33:13.971+0000] {processor.py:183} INFO - Processing /home/airflow/.local/lib/python3.8/site-packages/airflow/example_dags/example_python_operator.py took 0.691 seconds
[2026-04-29T11:33:44.207+0000] {processor.py:161} INFO - Started process (PID=129) to work on /home/airflow/.local/lib/python3.8/site-packages/airflow/example_dags/example_python_operator.py
[2026-04-29T11:33:44.208+0000] {processor.py:830} INFO - Processing file /home/airflow/.local/lib/python3.8/site-packages/airflow/example_dags/example_python_operator.py for tasks to queue
[2026-04-29T11:33:44.210+0000] {logging_mixin.py:188} INFO - [2026-04-29T11:33:44.210+0000] {dagbag.py:540} INFO - Filling up the DagBag from /home/airflow/.local/lib/python3.8/site-packages/airflow/example_dags/example_python_operator.py
[2026-04-29T11:33:44.223+0000] {processor.py:840} INFO - DAG(s) 'example_python_operator' retrieved from /home/airflow/.local/lib/python3.8/site-packages/airflow/example_dags/example_python_operator.py
[2026-04-29T11:33:44.249+0000] {logging_mixin.py:188} INFO - [2026-04-29T11:33:44.249+0000] {dag.py:3047} INFO - Sync 1 DAGs
[2026-04-29T11:33:44.263+0000] {logging_mixin.py:188} INFO - [2026-04-29T11:33:44.263+0000] {dag.py:3834} INFO - Setting next_dagrun for example_python_operator to None, run_after=None
[2026-04-29T11:33:44.282+0000] {processor.py:183} INFO - Processing /home/airflow/.local/lib/python3.8/site-packages/airflow/example_dags/example_python_operator.py took 0.078 seconds
[2026-04-29T11:34:15.218+0000] {processor.py:161} INFO - Started process (PID=185) to work on /home/airflow/.local/lib/python3.8/site-packages/airflow/example_dags/example_python_operator.py
[2026-04-29T11:34:15.219+0000] {processor.py:830} INFO - Processing file /home/airflow/.local/lib/python3.8/site-packages/airflow/example_dags/example_python_operator.py for tasks to queue
[2026-04-29T11:34:15.221+0000] {logging_mixin.py:188} INFO - [2026-04-29T11:34:15.220+0000] {dagbag.py:540} INFO - Filling up the DagBag from /home/airflow/.local/lib/python3.8/site-packages/airflow/example_dags/example_python_operator.py
[2026-04-29T11:34:15.234+0000] {processor.py:840} INFO - DAG(s) 'example_python_operator' retrieved from /home/airflow/.local/lib/python3.8/site-packages/airflow/example_dags/example_python_operator.py
[2026-04-29T11:34:15.258+0000] {logging_mixin.py:188} INFO - [2026-04-29T11:34:15.258+0000] {dag.py:3047} INFO - Sync 1 DAGs
[2026-04-29T11:34:15.272+0000] {logging_mixin.py:188} INFO - [2026-04-29T11:34:15.271+0000] {dag.py:3834} INFO - Setting next_dagrun for example_python_operator to None, run_after=None
[2026-04-29T11:34:15.293+0000] {processor.py:183} INFO - Processing /home/airflow/.local/lib/python3.8/site-packages/airflow/example_dags/example_python_operator.py took 0.080 seconds
[2026-04-29T11:34:45.569+0000] {processor.py:161} INFO - Started process (PID=241) to work on /home/airflow/.local/lib/python3.8/site-packages/airflow/example_dags/example_python_operator.py
[2026-04-29T11:34:45.570+0000] {processor.py:830} INFO - Processing file /home/airflow/.local/lib/python3.8/site-packages/airflow/example_dags/example_python_operator.py for tasks to queue
[2026-04-29T11:34:45.572+0000] {logging_mixin.py:188} INFO - [2026-04-29T11:34:45.572+0000] {dagbag.py:540} INFO - Filling up the DagBag from /home/airflow/.local/lib/python3.8/site-packages/airflow/example_dags/example_python_operator.py
[2026-04-29T11:34:45.584+0000] {processor.py:840} INFO - DAG(s) 'example_python_operator' retrieved from /home/airflow/.local/lib/python3.8/site-packages/airflow/example_dags/example_python_operator.py
[2026-04-29T11:34:45.615+0000] {logging_mixin.py:188} INFO - [2026-04-29T11:34:45.614+0000] {dag.py:3047} INFO - Sync 1 DAGs
[2026-04-29T11:34:45.629+0000] {logging_mixin.py:188} INFO - [2026-04-29T11:34:45.629+0000] {dag.py:3834} INFO - Setting next_dagrun for example_python_operator to None, run_after=None
[2026-04-29T11:34:45.647+0000] {processor.py:183} INFO - Processing /home/airflow/.local/lib/python3.8/site-packages/airflow/example_dags/example_python_operator.py took 0.082 seconds
[2026-04-29T11:35:15.878+0000] {processor.py:161} INFO - Started process (PID=297) to work on /home/airflow/.local/lib/python3.8/site-packages/airflow/example_dags/example_python_operator.py
[2026-04-29T11:35:15.880+0000] {processor.py:830} INFO - Processing file /home/airflow/.local/lib/python3.8/site-packages/airflow/example_dags/example_python_operator.py for tasks to queue
[2026-04-29T11:35:15.882+0000] {logging_mixin.py:188} INFO - [2026-04-29T11:35:15.881+0000] {dagbag.py:540} INFO - Filling up the DagBag from /home/airflow/.local/lib/python3.8/site-packages/airflow/example_dags/example_python_operator.py
[2026-04-29T11:35:15.894+0000] {processor.py:840} INFO - DAG(s) 'example_python_operator' retrieved from /home/airflow/.local/lib/python3.8/site-packages/airflow/example_dags/example_python_operator.py
[2026-04-29T11:35:15.920+0000] {logging_mixin.py:188} INFO - [2026-04-29T11:35:15.920+0000] {dag.py:3047} INFO - Sync 1 DAGs
[2026-04-29T11:35:15.934+0000] {logging_mixin.py:188} INFO - [2026-04-29T11:35:15.934+0000] {dag.py:3834} INFO - Setting next_dagrun for example_python_operator to None, run_after=None
[2026-04-29T11:35:15.952+0000] {processor.py:183} INFO - Processing /home/airflow/.local/lib/python3.8/site-packages/airflow/example_dags/example_python_operator.py took 0.077 seconds
[2026-04-29T11:35:46.420+0000] {processor.py:161} INFO - Started process (PID=353) to work on /home/airflow/.local/lib/python3.8/site-packages/airflow/example_dags/example_python_operator.py
[2026-04-29T11:35:46.421+0000] {processor.py:830} INFO - Processing file /home/airflow/.local/lib/python3.8/site-packages/airflow/example_dags/example_python_operator.py for tasks to queue
[2026-04-29T11:35:46.424+0000] {logging_mixin.py:188} INFO - [2026-04-29T11:35:46.423+0000] {dagbag.py:540} INFO - Filling up the DagBag from /home/airflow/.local/lib/python3.8/site-packages/airflow/example_dags/example_python_operator.py
[2026-04-29T11:35:46.465+0000] {processor.py:840} INFO - DAG(s) 'example_python_operator' retrieved from /home/airflow/.local/lib/python3.8/site-packages/airflow/example_dags/example_python_operator.py
[2026-04-29T11:35:46.511+0000] {logging_mixin.py:188} INFO - [2026-04-29T11:35:46.511+0000] {dag.py:3047} INFO - Sync 1 DAGs
[2026-04-29T11:35:46.525+0000] {logging_mixin.py:188} INFO - [2026-04-29T11:35:46.525+0000] {dag.py:3834} INFO - Setting next_dagrun for example_python_operator to None, run_after=None
[2026-04-29T11:35:46.547+0000] {processor.py:183} INFO - Processing /home/airflow/.local/lib/python3.8/site-packages/airflow/example_dags/example_python_operator.py took 0.134 seconds
