[2026-04-29T11:33:15.686+0000] {processor.py:161} INFO - Started process (PID=81) to work on /home/airflow/.local/lib/python3.8/site-packages/airflow/example_dags/example_params_trigger_ui.py
[2026-04-29T11:33:15.693+0000] {processor.py:830} INFO - Processing file /home/airflow/.local/lib/python3.8/site-packages/airflow/example_dags/example_params_trigger_ui.py for tasks to queue
[2026-04-29T11:33:15.702+0000] {logging_mixin.py:188} INFO - [2026-04-29T11:33:15.702+0000] {dagbag.py:540} INFO - Filling up the DagBag from /home/airflow/.local/lib/python3.8/site-packages/airflow/example_dags/example_params_trigger_ui.py
[2026-04-29T11:33:15.766+0000] {processor.py:840} INFO - DAG(s) 'example_params_trigger_ui' retrieved from /home/airflow/.local/lib/python3.8/site-packages/airflow/example_dags/example_params_trigger_ui.py
[2026-04-29T11:33:16.086+0000] {logging_mixin.py:188} INFO - [2026-04-29T11:33:16.086+0000] {dag.py:3047} INFO - Sync 1 DAGs
[2026-04-29T11:33:16.140+0000] {logging_mixin.py:188} INFO - [2026-04-29T11:33:16.139+0000] {dag.py:3834} INFO - Setting next_dagrun for example_params_trigger_ui to None, run_after=None
[2026-04-29T11:33:16.181+0000] {processor.py:183} INFO - Processing /home/airflow/.local/lib/python3.8/site-packages/airflow/example_dags/example_params_trigger_ui.py took 0.510 seconds
[2026-04-29T11:33:46.699+0000] {processor.py:161} INFO - Started process (PID=137) to work on /home/airflow/.local/lib/python3.8/site-packages/airflow/example_dags/example_params_trigger_ui.py
[2026-04-29T11:33:46.700+0000] {processor.py:830} INFO - Processing file /home/airflow/.local/lib/python3.8/site-packages/airflow/example_dags/example_params_trigger_ui.py for tasks to queue
[2026-04-29T11:33:46.701+0000] {logging_mixin.py:188} INFO - [2026-04-29T11:33:46.701+0000] {dagbag.py:540} INFO - Filling up the DagBag from /home/airflow/.local/lib/python3.8/site-packages/airflow/example_dags/example_params_trigger_ui.py
[2026-04-29T11:33:46.712+0000] {processor.py:840} INFO - DAG(s) 'example_params_trigger_ui' retrieved from /home/airflow/.local/lib/python3.8/site-packages/airflow/example_dags/example_params_trigger_ui.py
[2026-04-29T11:33:46.754+0000] {logging_mixin.py:188} INFO - [2026-04-29T11:33:46.754+0000] {dag.py:3047} INFO - Sync 1 DAGs
[2026-04-29T11:33:46.768+0000] {logging_mixin.py:188} INFO - [2026-04-29T11:33:46.768+0000] {dag.py:3834} INFO - Setting next_dagrun for example_params_trigger_ui to None, run_after=None
[2026-04-29T11:33:46.785+0000] {processor.py:183} INFO - Processing /home/airflow/.local/lib/python3.8/site-packages/airflow/example_dags/example_params_trigger_ui.py took 0.089 seconds
[2026-04-29T11:34:17.639+0000] {processor.py:161} INFO - Started process (PID=199) to work on /home/airflow/.local/lib/python3.8/site-packages/airflow/example_dags/example_params_trigger_ui.py
[2026-04-29T11:34:17.639+0000] {processor.py:830} INFO - Processing file /home/airflow/.local/lib/python3.8/site-packages/airflow/example_dags/example_params_trigger_ui.py for tasks to queue
[2026-04-29T11:34:17.641+0000] {logging_mixin.py:188} INFO - [2026-04-29T11:34:17.641+0000] {dagbag.py:540} INFO - Filling up the DagBag from /home/airflow/.local/lib/python3.8/site-packages/airflow/example_dags/example_params_trigger_ui.py
[2026-04-29T11:34:17.652+0000] {processor.py:840} INFO - DAG(s) 'example_params_trigger_ui' retrieved from /home/airflow/.local/lib/python3.8/site-packages/airflow/example_dags/example_params_trigger_ui.py
[2026-04-29T11:34:17.693+0000] {logging_mixin.py:188} INFO - [2026-04-29T11:34:17.693+0000] {dag.py:3047} INFO - Sync 1 DAGs
[2026-04-29T11:34:17.703+0000] {logging_mixin.py:188} INFO - [2026-04-29T11:34:17.702+0000] {dag.py:3834} INFO - Setting next_dagrun for example_params_trigger_ui to None, run_after=None
[2026-04-29T11:34:17.717+0000] {processor.py:183} INFO - Processing /home/airflow/.local/lib/python3.8/site-packages/airflow/example_dags/example_params_trigger_ui.py took 0.081 seconds
