[2026-04-29T11:33:18.218+0000] {processor.py:161} INFO - Started process (PID=94) to work on /home/airflow/.local/lib/python3.8/site-packages/airflow/example_dags/example_dag_decorator.py
[2026-04-29T11:33:18.222+0000] {processor.py:830} INFO - Processing file /home/airflow/.local/lib/python3.8/site-packages/airflow/example_dags/example_dag_decorator.py for tasks to queue
[2026-04-29T11:33:18.233+0000] {logging_mixin.py:188} INFO - [2026-04-29T11:33:18.233+0000] {dagbag.py:540} INFO - Filling up the DagBag from /home/airflow/.local/lib/python3.8/site-packages/airflow/example_dags/example_dag_decorator.py
[2026-04-29T11:33:18.741+0000] {processor.py:840} INFO - DAG(s) 'example_dag_decorator' retrieved from /home/airflow/.local/lib/python3.8/site-packages/airflow/example_dags/example_dag_decorator.py
[2026-04-29T11:33:19.344+0000] {logging_mixin.py:188} INFO - [2026-04-29T11:33:19.343+0000] {dag.py:3047} INFO - Sync 1 DAGs
[2026-04-29T11:33:19.368+0000] {logging_mixin.py:188} INFO - [2026-04-29T11:33:19.367+0000] {dag.py:3834} INFO - Setting next_dagrun for example_dag_decorator to None, run_after=None
[2026-04-29T11:33:19.412+0000] {processor.py:183} INFO - Processing /home/airflow/.local/lib/python3.8/site-packages/airflow/example_dags/example_dag_decorator.py took 1.215 seconds
[2026-04-29T11:33:49.476+0000] {processor.py:161} INFO - Started process (PID=151) to work on /home/airflow/.local/lib/python3.8/site-packages/airflow/example_dags/example_dag_decorator.py
[2026-04-29T11:33:49.478+0000] {processor.py:830} INFO - Processing file /home/airflow/.local/lib/python3.8/site-packages/airflow/example_dags/example_dag_decorator.py for tasks to queue
[2026-04-29T11:33:49.483+0000] {logging_mixin.py:188} INFO - [2026-04-29T11:33:49.482+0000] {dagbag.py:540} INFO - Filling up the DagBag from /home/airflow/.local/lib/python3.8/site-packages/airflow/example_dags/example_dag_decorator.py
[2026-04-29T11:33:49.639+0000] {processor.py:840} INFO - DAG(s) 'example_dag_decorator' retrieved from /home/airflow/.local/lib/python3.8/site-packages/airflow/example_dags/example_dag_decorator.py
[2026-04-29T11:33:49.743+0000] {logging_mixin.py:188} INFO - [2026-04-29T11:33:49.743+0000] {dag.py:3047} INFO - Sync 1 DAGs
[2026-04-29T11:33:49.752+0000] {logging_mixin.py:188} INFO - [2026-04-29T11:33:49.752+0000] {dag.py:3834} INFO - Setting next_dagrun for example_dag_decorator to None, run_after=None
[2026-04-29T11:33:49.767+0000] {processor.py:183} INFO - Processing /home/airflow/.local/lib/python3.8/site-packages/airflow/example_dags/example_dag_decorator.py took 0.294 seconds
[2026-04-29T11:34:20.099+0000] {processor.py:161} INFO - Started process (PID=206) to work on /home/airflow/.local/lib/python3.8/site-packages/airflow/example_dags/example_dag_decorator.py
[2026-04-29T11:34:20.100+0000] {processor.py:830} INFO - Processing file /home/airflow/.local/lib/python3.8/site-packages/airflow/example_dags/example_dag_decorator.py for tasks to queue
[2026-04-29T11:34:20.102+0000] {logging_mixin.py:188} INFO - [2026-04-29T11:34:20.102+0000] {dagbag.py:540} INFO - Filling up the DagBag from /home/airflow/.local/lib/python3.8/site-packages/airflow/example_dags/example_dag_decorator.py
[2026-04-29T11:34:20.220+0000] {processor.py:840} INFO - DAG(s) 'example_dag_decorator' retrieved from /home/airflow/.local/lib/python3.8/site-packages/airflow/example_dags/example_dag_decorator.py
[2026-04-29T11:34:20.333+0000] {logging_mixin.py:188} INFO - [2026-04-29T11:34:20.333+0000] {dag.py:3047} INFO - Sync 1 DAGs
[2026-04-29T11:34:20.346+0000] {logging_mixin.py:188} INFO - [2026-04-29T11:34:20.345+0000] {dag.py:3834} INFO - Setting next_dagrun for example_dag_decorator to None, run_after=None
[2026-04-29T11:34:20.360+0000] {processor.py:183} INFO - Processing /home/airflow/.local/lib/python3.8/site-packages/airflow/example_dags/example_dag_decorator.py took 0.265 seconds
