[2026-04-29T11:33:12.154+0000] {processor.py:161} INFO - Started process (PID=67) to work on /home/airflow/.local/lib/python3.8/site-packages/airflow/example_dags/example_branch_datetime_operator.py
[2026-04-29T11:33:12.157+0000] {processor.py:830} INFO - Processing file /home/airflow/.local/lib/python3.8/site-packages/airflow/example_dags/example_branch_datetime_operator.py for tasks to queue
[2026-04-29T11:33:12.163+0000] {logging_mixin.py:188} INFO - [2026-04-29T11:33:12.163+0000] {dagbag.py:540} INFO - Filling up the DagBag from /home/airflow/.local/lib/python3.8/site-packages/airflow/example_dags/example_branch_datetime_operator.py
[2026-04-29T11:33:12.212+0000] {processor.py:840} INFO - DAG(s) 'example_branch_datetime_operator_2', 'example_branch_datetime_operator', 'example_branch_datetime_operator_3' retrieved from /home/airflow/.local/lib/python3.8/site-packages/airflow/example_dags/example_branch_datetime_operator.py
[2026-04-29T11:33:12.322+0000] {logging_mixin.py:188} INFO - [2026-04-29T11:33:12.321+0000] {dag.py:3047} INFO - Sync 3 DAGs
[2026-04-29T11:33:12.452+0000] {logging_mixin.py:188} INFO - [2026-04-29T11:33:12.452+0000] {dag.py:3834} INFO - Setting next_dagrun for example_branch_datetime_operator to 2026-04-29 00:00:00+00:00, run_after=2026-04-30 00:00:00+00:00
[2026-04-29T11:33:12.459+0000] {logging_mixin.py:188} INFO - [2026-04-29T11:33:12.459+0000] {dag.py:3834} INFO - Setting next_dagrun for example_branch_datetime_operator_2 to 2026-04-28 00:00:00+00:00, run_after=2026-04-29 00:00:00+00:00
[2026-04-29T11:33:12.465+0000] {logging_mixin.py:188} INFO - [2026-04-29T11:33:12.465+0000] {dag.py:3834} INFO - Setting next_dagrun for example_branch_datetime_operator_3 to 2026-04-28 00:00:00+00:00, run_after=2026-04-29 00:00:00+00:00
[2026-04-29T11:33:12.548+0000] {processor.py:183} INFO - Processing /home/airflow/.local/lib/python3.8/site-packages/airflow/example_dags/example_branch_datetime_operator.py took 0.424 seconds
[2026-04-29T11:33:42.860+0000] {processor.py:161} INFO - Started process (PID=123) to work on /home/airflow/.local/lib/python3.8/site-packages/airflow/example_dags/example_branch_datetime_operator.py
[2026-04-29T11:33:42.861+0000] {processor.py:830} INFO - Processing file /home/airflow/.local/lib/python3.8/site-packages/airflow/example_dags/example_branch_datetime_operator.py for tasks to queue
[2026-04-29T11:33:42.863+0000] {logging_mixin.py:188} INFO - [2026-04-29T11:33:42.862+0000] {dagbag.py:540} INFO - Filling up the DagBag from /home/airflow/.local/lib/python3.8/site-packages/airflow/example_dags/example_branch_datetime_operator.py
[2026-04-29T11:33:42.871+0000] {processor.py:840} INFO - DAG(s) 'example_branch_datetime_operator_2', 'example_branch_datetime_operator', 'example_branch_datetime_operator_3' retrieved from /home/airflow/.local/lib/python3.8/site-packages/airflow/example_dags/example_branch_datetime_operator.py
[2026-04-29T11:33:42.892+0000] {logging_mixin.py:188} INFO - [2026-04-29T11:33:42.892+0000] {dag.py:3047} INFO - Sync 3 DAGs
[2026-04-29T11:33:42.911+0000] {logging_mixin.py:188} INFO - [2026-04-29T11:33:42.911+0000] {dag.py:3834} INFO - Setting next_dagrun for example_branch_datetime_operator to 2026-04-29 00:00:00+00:00, run_after=2026-04-30 00:00:00+00:00
[2026-04-29T11:33:42.915+0000] {logging_mixin.py:188} INFO - [2026-04-29T11:33:42.915+0000] {dag.py:3834} INFO - Setting next_dagrun for example_branch_datetime_operator_2 to 2026-04-28 00:00:00+00:00, run_after=2026-04-29 00:00:00+00:00
[2026-04-29T11:33:42.917+0000] {logging_mixin.py:188} INFO - [2026-04-29T11:33:42.917+0000] {dag.py:3834} INFO - Setting next_dagrun for example_branch_datetime_operator_3 to 2026-04-28 00:00:00+00:00, run_after=2026-04-29 00:00:00+00:00
[2026-04-29T11:33:42.929+0000] {processor.py:183} INFO - Processing /home/airflow/.local/lib/python3.8/site-packages/airflow/example_dags/example_branch_datetime_operator.py took 0.072 seconds
[2026-04-29T11:34:13.832+0000] {processor.py:161} INFO - Started process (PID=179) to work on /home/airflow/.local/lib/python3.8/site-packages/airflow/example_dags/example_branch_datetime_operator.py
[2026-04-29T11:34:13.834+0000] {processor.py:830} INFO - Processing file /home/airflow/.local/lib/python3.8/site-packages/airflow/example_dags/example_branch_datetime_operator.py for tasks to queue
[2026-04-29T11:34:13.836+0000] {logging_mixin.py:188} INFO - [2026-04-29T11:34:13.836+0000] {dagbag.py:540} INFO - Filling up the DagBag from /home/airflow/.local/lib/python3.8/site-packages/airflow/example_dags/example_branch_datetime_operator.py
[2026-04-29T11:34:13.848+0000] {processor.py:840} INFO - DAG(s) 'example_branch_datetime_operator', 'example_branch_datetime_operator_3', 'example_branch_datetime_operator_2' retrieved from /home/airflow/.local/lib/python3.8/site-packages/airflow/example_dags/example_branch_datetime_operator.py
[2026-04-29T11:34:13.884+0000] {logging_mixin.py:188} INFO - [2026-04-29T11:34:13.883+0000] {dag.py:3047} INFO - Sync 3 DAGs
[2026-04-29T11:34:13.909+0000] {logging_mixin.py:188} INFO - [2026-04-29T11:34:13.909+0000] {dag.py:3834} INFO - Setting next_dagrun for example_branch_datetime_operator to 2026-04-29 00:00:00+00:00, run_after=2026-04-30 00:00:00+00:00
[2026-04-29T11:34:13.914+0000] {logging_mixin.py:188} INFO - [2026-04-29T11:34:13.914+0000] {dag.py:3834} INFO - Setting next_dagrun for example_branch_datetime_operator_2 to 2026-04-28 00:00:00+00:00, run_after=2026-04-29 00:00:00+00:00
[2026-04-29T11:34:13.917+0000] {logging_mixin.py:188} INFO - [2026-04-29T11:34:13.917+0000] {dag.py:3834} INFO - Setting next_dagrun for example_branch_datetime_operator_3 to 2026-04-28 00:00:00+00:00, run_after=2026-04-29 00:00:00+00:00
[2026-04-29T11:34:13.933+0000] {processor.py:183} INFO - Processing /home/airflow/.local/lib/python3.8/site-packages/airflow/example_dags/example_branch_datetime_operator.py took 0.105 seconds
