[2026-04-29T11:33:20.956+0000] {processor.py:161} INFO - Started process (PID=101) to work on /home/airflow/.local/lib/python3.8/site-packages/airflow/example_dags/example_task_group_decorator.py
[2026-04-29T11:33:20.958+0000] {processor.py:830} INFO - Processing file /home/airflow/.local/lib/python3.8/site-packages/airflow/example_dags/example_task_group_decorator.py for tasks to queue
[2026-04-29T11:33:20.962+0000] {logging_mixin.py:188} INFO - [2026-04-29T11:33:20.961+0000] {dagbag.py:540} INFO - Filling up the DagBag from /home/airflow/.local/lib/python3.8/site-packages/airflow/example_dags/example_task_group_decorator.py
[2026-04-29T11:33:21.016+0000] {processor.py:840} INFO - DAG(s) 'example_task_group_decorator' retrieved from /home/airflow/.local/lib/python3.8/site-packages/airflow/example_dags/example_task_group_decorator.py
[2026-04-29T11:33:21.099+0000] {logging_mixin.py:188} INFO - [2026-04-29T11:33:21.099+0000] {dag.py:3047} INFO - Sync 1 DAGs
[2026-04-29T11:33:21.183+0000] {logging_mixin.py:188} INFO - [2026-04-29T11:33:21.181+0000] {dag.py:3834} INFO - Setting next_dagrun for example_task_group_decorator to 2026-04-28 00:00:00+00:00, run_after=2026-04-29 00:00:00+00:00
[2026-04-29T11:33:21.265+0000] {processor.py:183} INFO - Processing /home/airflow/.local/lib/python3.8/site-packages/airflow/example_dags/example_task_group_decorator.py took 0.321 seconds
[2026-04-29T11:33:52.171+0000] {processor.py:161} INFO - Started process (PID=157) to work on /home/airflow/.local/lib/python3.8/site-packages/airflow/example_dags/example_task_group_decorator.py
[2026-04-29T11:33:52.173+0000] {processor.py:830} INFO - Processing file /home/airflow/.local/lib/python3.8/site-packages/airflow/example_dags/example_task_group_decorator.py for tasks to queue
[2026-04-29T11:33:52.175+0000] {logging_mixin.py:188} INFO - [2026-04-29T11:33:52.175+0000] {dagbag.py:540} INFO - Filling up the DagBag from /home/airflow/.local/lib/python3.8/site-packages/airflow/example_dags/example_task_group_decorator.py
[2026-04-29T11:33:52.194+0000] {processor.py:840} INFO - DAG(s) 'example_task_group_decorator' retrieved from /home/airflow/.local/lib/python3.8/site-packages/airflow/example_dags/example_task_group_decorator.py
[2026-04-29T11:33:52.259+0000] {logging_mixin.py:188} INFO - [2026-04-29T11:33:52.259+0000] {dag.py:3047} INFO - Sync 1 DAGs
[2026-04-29T11:33:52.387+0000] {logging_mixin.py:188} INFO - [2026-04-29T11:33:52.387+0000] {dag.py:3834} INFO - Setting next_dagrun for example_task_group_decorator to 2026-04-28 00:00:00+00:00, run_after=2026-04-29 00:00:00+00:00
[2026-04-29T11:33:52.430+0000] {processor.py:183} INFO - Processing /home/airflow/.local/lib/python3.8/site-packages/airflow/example_dags/example_task_group_decorator.py took 0.268 seconds
[2026-04-29T11:34:22.597+0000] {processor.py:161} INFO - Started process (PID=213) to work on /home/airflow/.local/lib/python3.8/site-packages/airflow/example_dags/example_task_group_decorator.py
[2026-04-29T11:34:22.598+0000] {processor.py:830} INFO - Processing file /home/airflow/.local/lib/python3.8/site-packages/airflow/example_dags/example_task_group_decorator.py for tasks to queue
[2026-04-29T11:34:22.600+0000] {logging_mixin.py:188} INFO - [2026-04-29T11:34:22.599+0000] {dagbag.py:540} INFO - Filling up the DagBag from /home/airflow/.local/lib/python3.8/site-packages/airflow/example_dags/example_task_group_decorator.py
[2026-04-29T11:34:22.618+0000] {processor.py:840} INFO - DAG(s) 'example_task_group_decorator' retrieved from /home/airflow/.local/lib/python3.8/site-packages/airflow/example_dags/example_task_group_decorator.py
[2026-04-29T11:34:22.647+0000] {logging_mixin.py:188} INFO - [2026-04-29T11:34:22.646+0000] {dag.py:3047} INFO - Sync 1 DAGs
[2026-04-29T11:34:22.677+0000] {logging_mixin.py:188} INFO - [2026-04-29T11:34:22.676+0000] {dag.py:3834} INFO - Setting next_dagrun for example_task_group_decorator to 2026-04-28 00:00:00+00:00, run_after=2026-04-29 00:00:00+00:00
[2026-04-29T11:34:22.697+0000] {processor.py:183} INFO - Processing /home/airflow/.local/lib/python3.8/site-packages/airflow/example_dags/example_task_group_decorator.py took 0.104 seconds
[2026-04-29T11:34:52.948+0000] {processor.py:161} INFO - Started process (PID=269) to work on /home/airflow/.local/lib/python3.8/site-packages/airflow/example_dags/example_task_group_decorator.py
[2026-04-29T11:34:52.949+0000] {processor.py:830} INFO - Processing file /home/airflow/.local/lib/python3.8/site-packages/airflow/example_dags/example_task_group_decorator.py for tasks to queue
[2026-04-29T11:34:52.952+0000] {logging_mixin.py:188} INFO - [2026-04-29T11:34:52.951+0000] {dagbag.py:540} INFO - Filling up the DagBag from /home/airflow/.local/lib/python3.8/site-packages/airflow/example_dags/example_task_group_decorator.py
[2026-04-29T11:34:52.969+0000] {processor.py:840} INFO - DAG(s) 'example_task_group_decorator' retrieved from /home/airflow/.local/lib/python3.8/site-packages/airflow/example_dags/example_task_group_decorator.py
[2026-04-29T11:34:52.997+0000] {logging_mixin.py:188} INFO - [2026-04-29T11:34:52.997+0000] {dag.py:3047} INFO - Sync 1 DAGs
[2026-04-29T11:34:53.021+0000] {logging_mixin.py:188} INFO - [2026-04-29T11:34:53.021+0000] {dag.py:3834} INFO - Setting next_dagrun for example_task_group_decorator to 2026-04-28 00:00:00+00:00, run_after=2026-04-29 00:00:00+00:00
[2026-04-29T11:34:53.042+0000] {processor.py:183} INFO - Processing /home/airflow/.local/lib/python3.8/site-packages/airflow/example_dags/example_task_group_decorator.py took 0.097 seconds
[2026-04-29T11:35:23.370+0000] {processor.py:161} INFO - Started process (PID=325) to work on /home/airflow/.local/lib/python3.8/site-packages/airflow/example_dags/example_task_group_decorator.py
[2026-04-29T11:35:23.375+0000] {processor.py:830} INFO - Processing file /home/airflow/.local/lib/python3.8/site-packages/airflow/example_dags/example_task_group_decorator.py for tasks to queue
[2026-04-29T11:35:23.377+0000] {logging_mixin.py:188} INFO - [2026-04-29T11:35:23.377+0000] {dagbag.py:540} INFO - Filling up the DagBag from /home/airflow/.local/lib/python3.8/site-packages/airflow/example_dags/example_task_group_decorator.py
[2026-04-29T11:35:23.397+0000] {processor.py:840} INFO - DAG(s) 'example_task_group_decorator' retrieved from /home/airflow/.local/lib/python3.8/site-packages/airflow/example_dags/example_task_group_decorator.py
[2026-04-29T11:35:23.451+0000] {logging_mixin.py:188} INFO - [2026-04-29T11:35:23.451+0000] {dag.py:3047} INFO - Sync 1 DAGs
[2026-04-29T11:35:23.480+0000] {logging_mixin.py:188} INFO - [2026-04-29T11:35:23.479+0000] {dag.py:3834} INFO - Setting next_dagrun for example_task_group_decorator to 2026-04-28 00:00:00+00:00, run_after=2026-04-29 00:00:00+00:00
[2026-04-29T11:35:23.498+0000] {processor.py:183} INFO - Processing /home/airflow/.local/lib/python3.8/site-packages/airflow/example_dags/example_task_group_decorator.py took 0.132 seconds
[2026-04-29T11:35:53.892+0000] {processor.py:161} INFO - Started process (PID=381) to work on /home/airflow/.local/lib/python3.8/site-packages/airflow/example_dags/example_task_group_decorator.py
[2026-04-29T11:35:53.894+0000] {processor.py:830} INFO - Processing file /home/airflow/.local/lib/python3.8/site-packages/airflow/example_dags/example_task_group_decorator.py for tasks to queue
[2026-04-29T11:35:53.896+0000] {logging_mixin.py:188} INFO - [2026-04-29T11:35:53.896+0000] {dagbag.py:540} INFO - Filling up the DagBag from /home/airflow/.local/lib/python3.8/site-packages/airflow/example_dags/example_task_group_decorator.py
[2026-04-29T11:35:53.915+0000] {processor.py:840} INFO - DAG(s) 'example_task_group_decorator' retrieved from /home/airflow/.local/lib/python3.8/site-packages/airflow/example_dags/example_task_group_decorator.py
[2026-04-29T11:35:53.943+0000] {logging_mixin.py:188} INFO - [2026-04-29T11:35:53.943+0000] {dag.py:3047} INFO - Sync 1 DAGs
[2026-04-29T11:35:53.976+0000] {logging_mixin.py:188} INFO - [2026-04-29T11:35:53.975+0000] {dag.py:3834} INFO - Setting next_dagrun for example_task_group_decorator to 2026-04-28 00:00:00+00:00, run_after=2026-04-29 00:00:00+00:00
[2026-04-29T11:35:54.000+0000] {processor.py:183} INFO - Processing /home/airflow/.local/lib/python3.8/site-packages/airflow/example_dags/example_task_group_decorator.py took 0.113 seconds
