[2026-04-29T11:33:12.654+0000] {processor.py:161} INFO - Started process (PID=69) to work on /home/airflow/.local/lib/python3.8/site-packages/airflow/example_dags/example_subdag_operator.py
[2026-04-29T11:33:12.662+0000] {processor.py:830} INFO - Processing file /home/airflow/.local/lib/python3.8/site-packages/airflow/example_dags/example_subdag_operator.py for tasks to queue
[2026-04-29T11:33:12.670+0000] {logging_mixin.py:188} INFO - [2026-04-29T11:33:12.670+0000] {dagbag.py:540} INFO - Filling up the DagBag from /home/airflow/.local/lib/python3.8/site-packages/airflow/example_dags/example_subdag_operator.py
[2026-04-29T11:33:12.797+0000] {processor.py:840} INFO - DAG(s) 'example_subdag_operator.section-1', 'example_subdag_operator.section-2', 'example_subdag_operator' retrieved from /home/airflow/.local/lib/python3.8/site-packages/airflow/example_dags/example_subdag_operator.py
[2026-04-29T11:33:12.872+0000] {logging_mixin.py:188} INFO - [2026-04-29T11:33:12.872+0000] {dag.py:3047} INFO - Sync 3 DAGs
[2026-04-29T11:33:12.935+0000] {logging_mixin.py:188} INFO - [2026-04-29T11:33:12.934+0000] {dag.py:3834} INFO - Setting next_dagrun for example_subdag_operator to 2022-01-01 00:00:00+00:00, run_after=2022-01-01 00:00:00+00:00
[2026-04-29T11:33:12.938+0000] {logging_mixin.py:188} INFO - [2026-04-29T11:33:12.938+0000] {dag.py:3834} INFO - Setting next_dagrun for example_subdag_operator.section-1 to None, run_after=None
[2026-04-29T11:33:12.940+0000] {logging_mixin.py:188} INFO - [2026-04-29T11:33:12.940+0000] {dag.py:3834} INFO - Setting next_dagrun for example_subdag_operator.section-2 to None, run_after=None
[2026-04-29T11:33:12.957+0000] {logging_mixin.py:188} INFO - [2026-04-29T11:33:12.957+0000] {dag.py:3047} INFO - Sync 2 DAGs
[2026-04-29T11:33:12.970+0000] {logging_mixin.py:188} INFO - [2026-04-29T11:33:12.969+0000] {dag.py:3834} INFO - Setting next_dagrun for example_subdag_operator.section-1 to None, run_after=None
[2026-04-29T11:33:12.972+0000] {logging_mixin.py:188} INFO - [2026-04-29T11:33:12.971+0000] {dag.py:3834} INFO - Setting next_dagrun for example_subdag_operator.section-2 to None, run_after=None
[2026-04-29T11:33:12.989+0000] {processor.py:183} INFO - Processing /home/airflow/.local/lib/python3.8/site-packages/airflow/example_dags/example_subdag_operator.py took 0.351 seconds
[2026-04-29T11:33:43.023+0000] {processor.py:161} INFO - Started process (PID=125) to work on /home/airflow/.local/lib/python3.8/site-packages/airflow/example_dags/example_subdag_operator.py
[2026-04-29T11:33:43.024+0000] {processor.py:830} INFO - Processing file /home/airflow/.local/lib/python3.8/site-packages/airflow/example_dags/example_subdag_operator.py for tasks to queue
[2026-04-29T11:33:43.026+0000] {logging_mixin.py:188} INFO - [2026-04-29T11:33:43.025+0000] {dagbag.py:540} INFO - Filling up the DagBag from /home/airflow/.local/lib/python3.8/site-packages/airflow/example_dags/example_subdag_operator.py
[2026-04-29T11:33:43.045+0000] {processor.py:840} INFO - DAG(s) 'example_subdag_operator.section-1', 'example_subdag_operator.section-2', 'example_subdag_operator' retrieved from /home/airflow/.local/lib/python3.8/site-packages/airflow/example_dags/example_subdag_operator.py
[2026-04-29T11:33:43.057+0000] {logging_mixin.py:188} INFO - [2026-04-29T11:33:43.057+0000] {dag.py:3047} INFO - Sync 3 DAGs
[2026-04-29T11:33:43.074+0000] {logging_mixin.py:188} INFO - [2026-04-29T11:33:43.074+0000] {dag.py:3834} INFO - Setting next_dagrun for example_subdag_operator to 2022-01-01 00:00:00+00:00, run_after=2022-01-01 00:00:00+00:00
[2026-04-29T11:33:43.077+0000] {logging_mixin.py:188} INFO - [2026-04-29T11:33:43.077+0000] {dag.py:3834} INFO - Setting next_dagrun for example_subdag_operator.section-1 to None, run_after=None
[2026-04-29T11:33:43.078+0000] {logging_mixin.py:188} INFO - [2026-04-29T11:33:43.078+0000] {dag.py:3834} INFO - Setting next_dagrun for example_subdag_operator.section-2 to None, run_after=None
[2026-04-29T11:33:43.083+0000] {logging_mixin.py:188} INFO - [2026-04-29T11:33:43.083+0000] {dag.py:3047} INFO - Sync 2 DAGs
[2026-04-29T11:33:43.089+0000] {logging_mixin.py:188} INFO - [2026-04-29T11:33:43.088+0000] {dag.py:3834} INFO - Setting next_dagrun for example_subdag_operator.section-1 to None, run_after=None
[2026-04-29T11:33:43.089+0000] {logging_mixin.py:188} INFO - [2026-04-29T11:33:43.089+0000] {dag.py:3834} INFO - Setting next_dagrun for example_subdag_operator.section-2 to None, run_after=None
[2026-04-29T11:33:43.097+0000] {processor.py:183} INFO - Processing /home/airflow/.local/lib/python3.8/site-packages/airflow/example_dags/example_subdag_operator.py took 0.077 seconds
[2026-04-29T11:34:13.959+0000] {processor.py:161} INFO - Started process (PID=181) to work on /home/airflow/.local/lib/python3.8/site-packages/airflow/example_dags/example_subdag_operator.py
[2026-04-29T11:34:13.960+0000] {processor.py:830} INFO - Processing file /home/airflow/.local/lib/python3.8/site-packages/airflow/example_dags/example_subdag_operator.py for tasks to queue
[2026-04-29T11:34:13.963+0000] {logging_mixin.py:188} INFO - [2026-04-29T11:34:13.962+0000] {dagbag.py:540} INFO - Filling up the DagBag from /home/airflow/.local/lib/python3.8/site-packages/airflow/example_dags/example_subdag_operator.py
[2026-04-29T11:34:13.988+0000] {processor.py:840} INFO - DAG(s) 'example_subdag_operator.section-1', 'example_subdag_operator.section-2', 'example_subdag_operator' retrieved from /home/airflow/.local/lib/python3.8/site-packages/airflow/example_dags/example_subdag_operator.py
[2026-04-29T11:34:14.007+0000] {logging_mixin.py:188} INFO - [2026-04-29T11:34:14.006+0000] {dag.py:3047} INFO - Sync 3 DAGs
[2026-04-29T11:34:14.029+0000] {logging_mixin.py:188} INFO - [2026-04-29T11:34:14.028+0000] {dag.py:3834} INFO - Setting next_dagrun for example_subdag_operator to 2022-01-01 00:00:00+00:00, run_after=2022-01-01 00:00:00+00:00
[2026-04-29T11:34:14.031+0000] {logging_mixin.py:188} INFO - [2026-04-29T11:34:14.031+0000] {dag.py:3834} INFO - Setting next_dagrun for example_subdag_operator.section-1 to None, run_after=None
[2026-04-29T11:34:14.032+0000] {logging_mixin.py:188} INFO - [2026-04-29T11:34:14.032+0000] {dag.py:3834} INFO - Setting next_dagrun for example_subdag_operator.section-2 to None, run_after=None
[2026-04-29T11:34:14.038+0000] {logging_mixin.py:188} INFO - [2026-04-29T11:34:14.037+0000] {dag.py:3047} INFO - Sync 2 DAGs
[2026-04-29T11:34:14.041+0000] {logging_mixin.py:188} INFO - [2026-04-29T11:34:14.041+0000] {dag.py:3834} INFO - Setting next_dagrun for example_subdag_operator.section-1 to None, run_after=None
[2026-04-29T11:34:14.042+0000] {logging_mixin.py:188} INFO - [2026-04-29T11:34:14.042+0000] {dag.py:3834} INFO - Setting next_dagrun for example_subdag_operator.section-2 to None, run_after=None
[2026-04-29T11:34:14.052+0000] {processor.py:183} INFO - Processing /home/airflow/.local/lib/python3.8/site-packages/airflow/example_dags/example_subdag_operator.py took 0.096 seconds
