[2026-04-29T11:33:10.112+0000] {processor.py:161} INFO - Started process (PID=58) to work on /home/airflow/.local/lib/python3.8/site-packages/airflow/example_dags/example_datasets.py
[2026-04-29T11:33:10.115+0000] {processor.py:830} INFO - Processing file /home/airflow/.local/lib/python3.8/site-packages/airflow/example_dags/example_datasets.py for tasks to queue
[2026-04-29T11:33:10.117+0000] {logging_mixin.py:188} INFO - [2026-04-29T11:33:10.117+0000] {dagbag.py:540} INFO - Filling up the DagBag from /home/airflow/.local/lib/python3.8/site-packages/airflow/example_dags/example_datasets.py
[2026-04-29T11:33:10.178+0000] {processor.py:840} INFO - DAG(s) 'dataset_consumes_1_and_2', 'dataset_produces_1', 'dataset_produces_2', 'dataset_consumes_unknown_never_scheduled', 'dataset_consumes_1', 'dataset_consumes_1_never_scheduled' retrieved from /home/airflow/.local/lib/python3.8/site-packages/airflow/example_dags/example_datasets.py
[2026-04-29T11:33:10.403+0000] {logging_mixin.py:188} INFO - [2026-04-29T11:33:10.402+0000] {dag.py:3047} INFO - Sync 6 DAGs
[2026-04-29T11:33:10.476+0000] {logging_mixin.py:188} INFO - [2026-04-29T11:33:10.475+0000] {dag.py:3834} INFO - Setting next_dagrun for dataset_consumes_1 to None, run_after=None
[2026-04-29T11:33:10.488+0000] {logging_mixin.py:188} INFO - [2026-04-29T11:33:10.487+0000] {dag.py:3834} INFO - Setting next_dagrun for dataset_consumes_1_and_2 to None, run_after=None
[2026-04-29T11:33:10.490+0000] {logging_mixin.py:188} INFO - [2026-04-29T11:33:10.490+0000] {dag.py:3834} INFO - Setting next_dagrun for dataset_consumes_1_never_scheduled to None, run_after=None
[2026-04-29T11:33:10.494+0000] {logging_mixin.py:188} INFO - [2026-04-29T11:33:10.494+0000] {dag.py:3834} INFO - Setting next_dagrun for dataset_consumes_unknown_never_scheduled to None, run_after=None
[2026-04-29T11:33:10.498+0000] {logging_mixin.py:188} INFO - [2026-04-29T11:33:10.498+0000] {dag.py:3834} INFO - Setting next_dagrun for dataset_produces_1 to 2026-04-28 00:00:00+00:00, run_after=2026-04-29 00:00:00+00:00
[2026-04-29T11:33:10.506+0000] {logging_mixin.py:188} INFO - [2026-04-29T11:33:10.506+0000] {dag.py:3834} INFO - Setting next_dagrun for dataset_produces_2 to None, run_after=None
[2026-04-29T11:33:10.574+0000] {processor.py:183} INFO - Processing /home/airflow/.local/lib/python3.8/site-packages/airflow/example_dags/example_datasets.py took 0.478 seconds
[2026-04-29T11:33:41.254+0000] {processor.py:161} INFO - Started process (PID=114) to work on /home/airflow/.local/lib/python3.8/site-packages/airflow/example_dags/example_datasets.py
[2026-04-29T11:33:41.256+0000] {processor.py:830} INFO - Processing file /home/airflow/.local/lib/python3.8/site-packages/airflow/example_dags/example_datasets.py for tasks to queue
[2026-04-29T11:33:41.258+0000] {logging_mixin.py:188} INFO - [2026-04-29T11:33:41.258+0000] {dagbag.py:540} INFO - Filling up the DagBag from /home/airflow/.local/lib/python3.8/site-packages/airflow/example_dags/example_datasets.py
[2026-04-29T11:33:41.275+0000] {processor.py:840} INFO - DAG(s) 'dataset_produces_2', 'dataset_consumes_1', 'dataset_produces_1', 'dataset_consumes_1_never_scheduled', 'dataset_consumes_unknown_never_scheduled', 'dataset_consumes_1_and_2' retrieved from /home/airflow/.local/lib/python3.8/site-packages/airflow/example_dags/example_datasets.py
[2026-04-29T11:33:41.315+0000] {logging_mixin.py:188} INFO - [2026-04-29T11:33:41.314+0000] {dag.py:3047} INFO - Sync 6 DAGs
[2026-04-29T11:33:41.341+0000] {logging_mixin.py:188} INFO - [2026-04-29T11:33:41.341+0000] {dag.py:3834} INFO - Setting next_dagrun for dataset_consumes_1 to None, run_after=None
[2026-04-29T11:33:41.345+0000] {logging_mixin.py:188} INFO - [2026-04-29T11:33:41.345+0000] {dag.py:3834} INFO - Setting next_dagrun for dataset_consumes_1_and_2 to None, run_after=None
[2026-04-29T11:33:41.346+0000] {logging_mixin.py:188} INFO - [2026-04-29T11:33:41.346+0000] {dag.py:3834} INFO - Setting next_dagrun for dataset_consumes_1_never_scheduled to None, run_after=None
[2026-04-29T11:33:41.347+0000] {logging_mixin.py:188} INFO - [2026-04-29T11:33:41.347+0000] {dag.py:3834} INFO - Setting next_dagrun for dataset_consumes_unknown_never_scheduled to None, run_after=None
[2026-04-29T11:33:41.350+0000] {logging_mixin.py:188} INFO - [2026-04-29T11:33:41.350+0000] {dag.py:3834} INFO - Setting next_dagrun for dataset_produces_1 to 2026-04-28 00:00:00+00:00, run_after=2026-04-29 00:00:00+00:00
[2026-04-29T11:33:41.351+0000] {logging_mixin.py:188} INFO - [2026-04-29T11:33:41.351+0000] {dag.py:3834} INFO - Setting next_dagrun for dataset_produces_2 to None, run_after=None
[2026-04-29T11:33:41.382+0000] {processor.py:183} INFO - Processing /home/airflow/.local/lib/python3.8/site-packages/airflow/example_dags/example_datasets.py took 0.132 seconds
[2026-04-29T11:34:11.439+0000] {processor.py:161} INFO - Started process (PID=171) to work on /home/airflow/.local/lib/python3.8/site-packages/airflow/example_dags/example_datasets.py
[2026-04-29T11:34:11.448+0000] {processor.py:830} INFO - Processing file /home/airflow/.local/lib/python3.8/site-packages/airflow/example_dags/example_datasets.py for tasks to queue
[2026-04-29T11:34:11.451+0000] {logging_mixin.py:188} INFO - [2026-04-29T11:34:11.451+0000] {dagbag.py:540} INFO - Filling up the DagBag from /home/airflow/.local/lib/python3.8/site-packages/airflow/example_dags/example_datasets.py
[2026-04-29T11:34:11.491+0000] {processor.py:840} INFO - DAG(s) 'dataset_produces_1', 'dataset_consumes_1_never_scheduled', 'dataset_consumes_1', 'dataset_consumes_1_and_2', 'dataset_produces_2', 'dataset_consumes_unknown_never_scheduled' retrieved from /home/airflow/.local/lib/python3.8/site-packages/airflow/example_dags/example_datasets.py
[2026-04-29T11:34:11.634+0000] {logging_mixin.py:188} INFO - [2026-04-29T11:34:11.633+0000] {dag.py:3047} INFO - Sync 6 DAGs
[2026-04-29T11:34:11.697+0000] {logging_mixin.py:188} INFO - [2026-04-29T11:34:11.696+0000] {dag.py:3834} INFO - Setting next_dagrun for dataset_consumes_1 to None, run_after=None
[2026-04-29T11:34:11.713+0000] {logging_mixin.py:188} INFO - [2026-04-29T11:34:11.713+0000] {dag.py:3834} INFO - Setting next_dagrun for dataset_consumes_1_and_2 to None, run_after=None
[2026-04-29T11:34:11.715+0000] {logging_mixin.py:188} INFO - [2026-04-29T11:34:11.715+0000] {dag.py:3834} INFO - Setting next_dagrun for dataset_consumes_1_never_scheduled to None, run_after=None
[2026-04-29T11:34:11.717+0000] {logging_mixin.py:188} INFO - [2026-04-29T11:34:11.716+0000] {dag.py:3834} INFO - Setting next_dagrun for dataset_consumes_unknown_never_scheduled to None, run_after=None
[2026-04-29T11:34:11.722+0000] {logging_mixin.py:188} INFO - [2026-04-29T11:34:11.722+0000] {dag.py:3834} INFO - Setting next_dagrun for dataset_produces_1 to 2026-04-28 00:00:00+00:00, run_after=2026-04-29 00:00:00+00:00
[2026-04-29T11:34:11.724+0000] {logging_mixin.py:188} INFO - [2026-04-29T11:34:11.724+0000] {dag.py:3834} INFO - Setting next_dagrun for dataset_produces_2 to None, run_after=None
[2026-04-29T11:34:11.805+0000] {processor.py:183} INFO - Processing /home/airflow/.local/lib/python3.8/site-packages/airflow/example_dags/example_datasets.py took 0.372 seconds
[2026-04-29T11:34:42.716+0000] {processor.py:161} INFO - Started process (PID=226) to work on /home/airflow/.local/lib/python3.8/site-packages/airflow/example_dags/example_datasets.py
[2026-04-29T11:34:42.717+0000] {processor.py:830} INFO - Processing file /home/airflow/.local/lib/python3.8/site-packages/airflow/example_dags/example_datasets.py for tasks to queue
[2026-04-29T11:34:42.724+0000] {logging_mixin.py:188} INFO - [2026-04-29T11:34:42.719+0000] {dagbag.py:540} INFO - Filling up the DagBag from /home/airflow/.local/lib/python3.8/site-packages/airflow/example_dags/example_datasets.py
[2026-04-29T11:34:42.737+0000] {processor.py:840} INFO - DAG(s) 'dataset_consumes_1_never_scheduled', 'dataset_consumes_unknown_never_scheduled', 'dataset_consumes_1', 'dataset_produces_1', 'dataset_produces_2', 'dataset_consumes_1_and_2' retrieved from /home/airflow/.local/lib/python3.8/site-packages/airflow/example_dags/example_datasets.py
[2026-04-29T11:34:42.777+0000] {logging_mixin.py:188} INFO - [2026-04-29T11:34:42.777+0000] {dag.py:3047} INFO - Sync 6 DAGs
[2026-04-29T11:34:42.803+0000] {logging_mixin.py:188} INFO - [2026-04-29T11:34:42.802+0000] {dag.py:3834} INFO - Setting next_dagrun for dataset_consumes_1 to None, run_after=None
[2026-04-29T11:34:42.806+0000] {logging_mixin.py:188} INFO - [2026-04-29T11:34:42.806+0000] {dag.py:3834} INFO - Setting next_dagrun for dataset_consumes_1_and_2 to None, run_after=None
[2026-04-29T11:34:42.808+0000] {logging_mixin.py:188} INFO - [2026-04-29T11:34:42.808+0000] {dag.py:3834} INFO - Setting next_dagrun for dataset_consumes_1_never_scheduled to None, run_after=None
[2026-04-29T11:34:42.809+0000] {logging_mixin.py:188} INFO - [2026-04-29T11:34:42.809+0000] {dag.py:3834} INFO - Setting next_dagrun for dataset_consumes_unknown_never_scheduled to None, run_after=None
[2026-04-29T11:34:42.812+0000] {logging_mixin.py:188} INFO - [2026-04-29T11:34:42.812+0000] {dag.py:3834} INFO - Setting next_dagrun for dataset_produces_1 to 2026-04-28 00:00:00+00:00, run_after=2026-04-29 00:00:00+00:00
[2026-04-29T11:34:42.813+0000] {logging_mixin.py:188} INFO - [2026-04-29T11:34:42.813+0000] {dag.py:3834} INFO - Setting next_dagrun for dataset_produces_2 to None, run_after=None
[2026-04-29T11:34:42.843+0000] {processor.py:183} INFO - Processing /home/airflow/.local/lib/python3.8/site-packages/airflow/example_dags/example_datasets.py took 0.131 seconds
[2026-04-29T11:35:12.942+0000] {processor.py:161} INFO - Started process (PID=283) to work on /home/airflow/.local/lib/python3.8/site-packages/airflow/example_dags/example_datasets.py
[2026-04-29T11:35:12.943+0000] {processor.py:830} INFO - Processing file /home/airflow/.local/lib/python3.8/site-packages/airflow/example_dags/example_datasets.py for tasks to queue
[2026-04-29T11:35:12.944+0000] {logging_mixin.py:188} INFO - [2026-04-29T11:35:12.944+0000] {dagbag.py:540} INFO - Filling up the DagBag from /home/airflow/.local/lib/python3.8/site-packages/airflow/example_dags/example_datasets.py
[2026-04-29T11:35:12.952+0000] {processor.py:840} INFO - DAG(s) 'dataset_consumes_1_never_scheduled', 'dataset_produces_1', 'dataset_consumes_1', 'dataset_produces_2', 'dataset_consumes_1_and_2', 'dataset_consumes_unknown_never_scheduled' retrieved from /home/airflow/.local/lib/python3.8/site-packages/airflow/example_dags/example_datasets.py
[2026-04-29T11:35:12.980+0000] {logging_mixin.py:188} INFO - [2026-04-29T11:35:12.980+0000] {dag.py:3047} INFO - Sync 6 DAGs
[2026-04-29T11:35:12.998+0000] {logging_mixin.py:188} INFO - [2026-04-29T11:35:12.998+0000] {dag.py:3834} INFO - Setting next_dagrun for dataset_consumes_1 to None, run_after=None
[2026-04-29T11:35:13.001+0000] {logging_mixin.py:188} INFO - [2026-04-29T11:35:13.001+0000] {dag.py:3834} INFO - Setting next_dagrun for dataset_consumes_1_and_2 to None, run_after=None
[2026-04-29T11:35:13.002+0000] {logging_mixin.py:188} INFO - [2026-04-29T11:35:13.002+0000] {dag.py:3834} INFO - Setting next_dagrun for dataset_consumes_1_never_scheduled to None, run_after=None
[2026-04-29T11:35:13.003+0000] {logging_mixin.py:188} INFO - [2026-04-29T11:35:13.003+0000] {dag.py:3834} INFO - Setting next_dagrun for dataset_consumes_unknown_never_scheduled to None, run_after=None
[2026-04-29T11:35:13.005+0000] {logging_mixin.py:188} INFO - [2026-04-29T11:35:13.005+0000] {dag.py:3834} INFO - Setting next_dagrun for dataset_produces_1 to 2026-04-28 00:00:00+00:00, run_after=2026-04-29 00:00:00+00:00
[2026-04-29T11:35:13.006+0000] {logging_mixin.py:188} INFO - [2026-04-29T11:35:13.006+0000] {dag.py:3834} INFO - Setting next_dagrun for dataset_produces_2 to None, run_after=None
[2026-04-29T11:35:13.029+0000] {processor.py:183} INFO - Processing /home/airflow/.local/lib/python3.8/site-packages/airflow/example_dags/example_datasets.py took 0.091 seconds
[2026-04-29T11:35:43.191+0000] {processor.py:161} INFO - Started process (PID=338) to work on /home/airflow/.local/lib/python3.8/site-packages/airflow/example_dags/example_datasets.py
[2026-04-29T11:35:43.192+0000] {processor.py:830} INFO - Processing file /home/airflow/.local/lib/python3.8/site-packages/airflow/example_dags/example_datasets.py for tasks to queue
[2026-04-29T11:35:43.195+0000] {logging_mixin.py:188} INFO - [2026-04-29T11:35:43.194+0000] {dagbag.py:540} INFO - Filling up the DagBag from /home/airflow/.local/lib/python3.8/site-packages/airflow/example_dags/example_datasets.py
[2026-04-29T11:35:43.205+0000] {processor.py:840} INFO - DAG(s) 'dataset_consumes_1_never_scheduled', 'dataset_consumes_1', 'dataset_produces_2', 'dataset_produces_1', 'dataset_consumes_1_and_2', 'dataset_consumes_unknown_never_scheduled' retrieved from /home/airflow/.local/lib/python3.8/site-packages/airflow/example_dags/example_datasets.py
[2026-04-29T11:35:43.246+0000] {logging_mixin.py:188} INFO - [2026-04-29T11:35:43.246+0000] {dag.py:3047} INFO - Sync 6 DAGs
[2026-04-29T11:35:43.276+0000] {logging_mixin.py:188} INFO - [2026-04-29T11:35:43.276+0000] {dag.py:3834} INFO - Setting next_dagrun for dataset_consumes_1 to None, run_after=None
[2026-04-29T11:35:43.280+0000] {logging_mixin.py:188} INFO - [2026-04-29T11:35:43.280+0000] {dag.py:3834} INFO - Setting next_dagrun for dataset_consumes_1_and_2 to None, run_after=None
[2026-04-29T11:35:43.281+0000] {logging_mixin.py:188} INFO - [2026-04-29T11:35:43.281+0000] {dag.py:3834} INFO - Setting next_dagrun for dataset_consumes_1_never_scheduled to None, run_after=None
[2026-04-29T11:35:43.285+0000] {logging_mixin.py:188} INFO - [2026-04-29T11:35:43.284+0000] {dag.py:3834} INFO - Setting next_dagrun for dataset_consumes_unknown_never_scheduled to None, run_after=None
[2026-04-29T11:35:43.291+0000] {logging_mixin.py:188} INFO - [2026-04-29T11:35:43.291+0000] {dag.py:3834} INFO - Setting next_dagrun for dataset_produces_1 to 2026-04-28 00:00:00+00:00, run_after=2026-04-29 00:00:00+00:00
[2026-04-29T11:35:43.292+0000] {logging_mixin.py:188} INFO - [2026-04-29T11:35:43.292+0000] {dag.py:3834} INFO - Setting next_dagrun for dataset_produces_2 to None, run_after=None
[2026-04-29T11:35:43.339+0000] {processor.py:183} INFO - Processing /home/airflow/.local/lib/python3.8/site-packages/airflow/example_dags/example_datasets.py took 0.153 seconds
