[2026-04-29T11:33:21.679+0000] {processor.py:161} INFO - Started process (PID=106) to work on /home/airflow/.local/lib/python3.8/site-packages/airflow/example_dags/example_complex.py
[2026-04-29T11:33:21.682+0000] {processor.py:830} INFO - Processing file /home/airflow/.local/lib/python3.8/site-packages/airflow/example_dags/example_complex.py for tasks to queue
[2026-04-29T11:33:21.695+0000] {logging_mixin.py:188} INFO - [2026-04-29T11:33:21.691+0000] {dagbag.py:540} INFO - Filling up the DagBag from /home/airflow/.local/lib/python3.8/site-packages/airflow/example_dags/example_complex.py
[2026-04-29T11:33:21.741+0000] {processor.py:840} INFO - DAG(s) 'example_complex' retrieved from /home/airflow/.local/lib/python3.8/site-packages/airflow/example_dags/example_complex.py
[2026-04-29T11:33:21.855+0000] {logging_mixin.py:188} INFO - [2026-04-29T11:33:21.855+0000] {dag.py:3047} INFO - Sync 1 DAGs
[2026-04-29T11:33:21.882+0000] {logging_mixin.py:188} INFO - [2026-04-29T11:33:21.881+0000] {dag.py:3834} INFO - Setting next_dagrun for example_complex to None, run_after=None
[2026-04-29T11:33:21.925+0000] {processor.py:183} INFO - Processing /home/airflow/.local/lib/python3.8/site-packages/airflow/example_dags/example_complex.py took 0.267 seconds
[2026-04-29T11:33:52.786+0000] {processor.py:161} INFO - Started process (PID=162) to work on /home/airflow/.local/lib/python3.8/site-packages/airflow/example_dags/example_complex.py
[2026-04-29T11:33:52.792+0000] {processor.py:830} INFO - Processing file /home/airflow/.local/lib/python3.8/site-packages/airflow/example_dags/example_complex.py for tasks to queue
[2026-04-29T11:33:52.799+0000] {logging_mixin.py:188} INFO - [2026-04-29T11:33:52.799+0000] {dagbag.py:540} INFO - Filling up the DagBag from /home/airflow/.local/lib/python3.8/site-packages/airflow/example_dags/example_complex.py
[2026-04-29T11:33:52.817+0000] {processor.py:840} INFO - DAG(s) 'example_complex' retrieved from /home/airflow/.local/lib/python3.8/site-packages/airflow/example_dags/example_complex.py
[2026-04-29T11:33:52.869+0000] {logging_mixin.py:188} INFO - [2026-04-29T11:33:52.869+0000] {dag.py:3047} INFO - Sync 1 DAGs
[2026-04-29T11:33:52.887+0000] {logging_mixin.py:188} INFO - [2026-04-29T11:33:52.887+0000] {dag.py:3834} INFO - Setting next_dagrun for example_complex to None, run_after=None
[2026-04-29T11:33:52.934+0000] {processor.py:183} INFO - Processing /home/airflow/.local/lib/python3.8/site-packages/airflow/example_dags/example_complex.py took 0.162 seconds
[2026-04-29T11:34:23.863+0000] {processor.py:161} INFO - Started process (PID=218) to work on /home/airflow/.local/lib/python3.8/site-packages/airflow/example_dags/example_complex.py
[2026-04-29T11:34:23.864+0000] {processor.py:830} INFO - Processing file /home/airflow/.local/lib/python3.8/site-packages/airflow/example_dags/example_complex.py for tasks to queue
[2026-04-29T11:34:23.866+0000] {logging_mixin.py:188} INFO - [2026-04-29T11:34:23.866+0000] {dagbag.py:540} INFO - Filling up the DagBag from /home/airflow/.local/lib/python3.8/site-packages/airflow/example_dags/example_complex.py
[2026-04-29T11:34:23.880+0000] {processor.py:840} INFO - DAG(s) 'example_complex' retrieved from /home/airflow/.local/lib/python3.8/site-packages/airflow/example_dags/example_complex.py
[2026-04-29T11:34:23.914+0000] {logging_mixin.py:188} INFO - [2026-04-29T11:34:23.914+0000] {dag.py:3047} INFO - Sync 1 DAGs
[2026-04-29T11:34:23.929+0000] {logging_mixin.py:188} INFO - [2026-04-29T11:34:23.929+0000] {dag.py:3834} INFO - Setting next_dagrun for example_complex to None, run_after=None
[2026-04-29T11:34:23.951+0000] {processor.py:183} INFO - Processing /home/airflow/.local/lib/python3.8/site-packages/airflow/example_dags/example_complex.py took 0.092 seconds
[2026-04-29T11:34:54.177+0000] {processor.py:161} INFO - Started process (PID=274) to work on /home/airflow/.local/lib/python3.8/site-packages/airflow/example_dags/example_complex.py
[2026-04-29T11:34:54.178+0000] {processor.py:830} INFO - Processing file /home/airflow/.local/lib/python3.8/site-packages/airflow/example_dags/example_complex.py for tasks to queue
[2026-04-29T11:34:54.181+0000] {logging_mixin.py:188} INFO - [2026-04-29T11:34:54.180+0000] {dagbag.py:540} INFO - Filling up the DagBag from /home/airflow/.local/lib/python3.8/site-packages/airflow/example_dags/example_complex.py
[2026-04-29T11:34:54.194+0000] {processor.py:840} INFO - DAG(s) 'example_complex' retrieved from /home/airflow/.local/lib/python3.8/site-packages/airflow/example_dags/example_complex.py
[2026-04-29T11:34:54.229+0000] {logging_mixin.py:188} INFO - [2026-04-29T11:34:54.229+0000] {dag.py:3047} INFO - Sync 1 DAGs
[2026-04-29T11:34:54.243+0000] {logging_mixin.py:188} INFO - [2026-04-29T11:34:54.243+0000] {dag.py:3834} INFO - Setting next_dagrun for example_complex to None, run_after=None
[2026-04-29T11:34:54.265+0000] {processor.py:183} INFO - Processing /home/airflow/.local/lib/python3.8/site-packages/airflow/example_dags/example_complex.py took 0.091 seconds
[2026-04-29T11:35:24.625+0000] {processor.py:161} INFO - Started process (PID=330) to work on /home/airflow/.local/lib/python3.8/site-packages/airflow/example_dags/example_complex.py
[2026-04-29T11:35:24.627+0000] {processor.py:830} INFO - Processing file /home/airflow/.local/lib/python3.8/site-packages/airflow/example_dags/example_complex.py for tasks to queue
[2026-04-29T11:35:24.629+0000] {logging_mixin.py:188} INFO - [2026-04-29T11:35:24.628+0000] {dagbag.py:540} INFO - Filling up the DagBag from /home/airflow/.local/lib/python3.8/site-packages/airflow/example_dags/example_complex.py
[2026-04-29T11:35:24.642+0000] {processor.py:840} INFO - DAG(s) 'example_complex' retrieved from /home/airflow/.local/lib/python3.8/site-packages/airflow/example_dags/example_complex.py
[2026-04-29T11:35:24.676+0000] {logging_mixin.py:188} INFO - [2026-04-29T11:35:24.676+0000] {dag.py:3047} INFO - Sync 1 DAGs
[2026-04-29T11:35:24.691+0000] {logging_mixin.py:188} INFO - [2026-04-29T11:35:24.690+0000] {dag.py:3834} INFO - Setting next_dagrun for example_complex to None, run_after=None
[2026-04-29T11:35:24.710+0000] {processor.py:183} INFO - Processing /home/airflow/.local/lib/python3.8/site-packages/airflow/example_dags/example_complex.py took 0.090 seconds
[2026-04-29T11:35:55.216+0000] {processor.py:161} INFO - Started process (PID=386) to work on /home/airflow/.local/lib/python3.8/site-packages/airflow/example_dags/example_complex.py
[2026-04-29T11:35:55.217+0000] {processor.py:830} INFO - Processing file /home/airflow/.local/lib/python3.8/site-packages/airflow/example_dags/example_complex.py for tasks to queue
[2026-04-29T11:35:55.219+0000] {logging_mixin.py:188} INFO - [2026-04-29T11:35:55.219+0000] {dagbag.py:540} INFO - Filling up the DagBag from /home/airflow/.local/lib/python3.8/site-packages/airflow/example_dags/example_complex.py
[2026-04-29T11:35:55.233+0000] {processor.py:840} INFO - DAG(s) 'example_complex' retrieved from /home/airflow/.local/lib/python3.8/site-packages/airflow/example_dags/example_complex.py
[2026-04-29T11:35:55.266+0000] {logging_mixin.py:188} INFO - [2026-04-29T11:35:55.266+0000] {dag.py:3047} INFO - Sync 1 DAGs
[2026-04-29T11:35:55.282+0000] {logging_mixin.py:188} INFO - [2026-04-29T11:35:55.282+0000] {dag.py:3834} INFO - Setting next_dagrun for example_complex to None, run_after=None
[2026-04-29T11:35:55.324+0000] {processor.py:183} INFO - Processing /home/airflow/.local/lib/python3.8/site-packages/airflow/example_dags/example_complex.py took 0.111 seconds
