[2026-04-29T11:33:15.832+0000] {processor.py:161} INFO - Started process (PID=82) to work on /home/airflow/.local/lib/python3.8/site-packages/airflow/example_dags/example_params_ui_tutorial.py
[2026-04-29T11:33:15.836+0000] {processor.py:830} INFO - Processing file /home/airflow/.local/lib/python3.8/site-packages/airflow/example_dags/example_params_ui_tutorial.py for tasks to queue
[2026-04-29T11:33:15.842+0000] {logging_mixin.py:188} INFO - [2026-04-29T11:33:15.842+0000] {dagbag.py:540} INFO - Filling up the DagBag from /home/airflow/.local/lib/python3.8/site-packages/airflow/example_dags/example_params_ui_tutorial.py
[2026-04-29T11:33:15.877+0000] {processor.py:840} INFO - DAG(s) 'example_params_ui_tutorial' retrieved from /home/airflow/.local/lib/python3.8/site-packages/airflow/example_dags/example_params_ui_tutorial.py
[2026-04-29T11:33:16.467+0000] {logging_mixin.py:188} INFO - [2026-04-29T11:33:16.467+0000] {dag.py:3047} INFO - Sync 1 DAGs
[2026-04-29T11:33:16.521+0000] {logging_mixin.py:188} INFO - [2026-04-29T11:33:16.520+0000] {dag.py:3834} INFO - Setting next_dagrun for example_params_ui_tutorial to None, run_after=None
[2026-04-29T11:33:16.673+0000] {processor.py:183} INFO - Processing /home/airflow/.local/lib/python3.8/site-packages/airflow/example_dags/example_params_ui_tutorial.py took 0.853 seconds
[2026-04-29T11:33:46.812+0000] {processor.py:161} INFO - Started process (PID=138) to work on /home/airflow/.local/lib/python3.8/site-packages/airflow/example_dags/example_params_ui_tutorial.py
[2026-04-29T11:33:46.813+0000] {processor.py:830} INFO - Processing file /home/airflow/.local/lib/python3.8/site-packages/airflow/example_dags/example_params_ui_tutorial.py for tasks to queue
[2026-04-29T11:33:46.815+0000] {logging_mixin.py:188} INFO - [2026-04-29T11:33:46.815+0000] {dagbag.py:540} INFO - Filling up the DagBag from /home/airflow/.local/lib/python3.8/site-packages/airflow/example_dags/example_params_ui_tutorial.py
[2026-04-29T11:33:46.829+0000] {processor.py:840} INFO - DAG(s) 'example_params_ui_tutorial' retrieved from /home/airflow/.local/lib/python3.8/site-packages/airflow/example_dags/example_params_ui_tutorial.py
[2026-04-29T11:33:46.905+0000] {logging_mixin.py:188} INFO - [2026-04-29T11:33:46.904+0000] {dag.py:3047} INFO - Sync 1 DAGs
[2026-04-29T11:33:46.914+0000] {logging_mixin.py:188} INFO - [2026-04-29T11:33:46.914+0000] {dag.py:3834} INFO - Setting next_dagrun for example_params_ui_tutorial to None, run_after=None
[2026-04-29T11:33:46.929+0000] {processor.py:183} INFO - Processing /home/airflow/.local/lib/python3.8/site-packages/airflow/example_dags/example_params_ui_tutorial.py took 0.121 seconds
[2026-04-29T11:34:17.736+0000] {processor.py:161} INFO - Started process (PID=200) to work on /home/airflow/.local/lib/python3.8/site-packages/airflow/example_dags/example_params_ui_tutorial.py
[2026-04-29T11:34:17.737+0000] {processor.py:830} INFO - Processing file /home/airflow/.local/lib/python3.8/site-packages/airflow/example_dags/example_params_ui_tutorial.py for tasks to queue
[2026-04-29T11:34:17.739+0000] {logging_mixin.py:188} INFO - [2026-04-29T11:34:17.738+0000] {dagbag.py:540} INFO - Filling up the DagBag from /home/airflow/.local/lib/python3.8/site-packages/airflow/example_dags/example_params_ui_tutorial.py
[2026-04-29T11:34:17.752+0000] {processor.py:840} INFO - DAG(s) 'example_params_ui_tutorial' retrieved from /home/airflow/.local/lib/python3.8/site-packages/airflow/example_dags/example_params_ui_tutorial.py
[2026-04-29T11:34:17.824+0000] {logging_mixin.py:188} INFO - [2026-04-29T11:34:17.824+0000] {dag.py:3047} INFO - Sync 1 DAGs
[2026-04-29T11:34:17.834+0000] {logging_mixin.py:188} INFO - [2026-04-29T11:34:17.834+0000] {dag.py:3834} INFO - Setting next_dagrun for example_params_ui_tutorial to None, run_after=None
[2026-04-29T11:34:17.847+0000] {processor.py:183} INFO - Processing /home/airflow/.local/lib/python3.8/site-packages/airflow/example_dags/example_params_ui_tutorial.py took 0.115 seconds
