[2026-04-29T11:33:20.025+0000] {processor.py:161} INFO - Started process (PID=99) to work on /home/airflow/.local/lib/python3.8/site-packages/airflow/example_dags/example_branch_labels.py
[2026-04-29T11:33:20.028+0000] {processor.py:830} INFO - Processing file /home/airflow/.local/lib/python3.8/site-packages/airflow/example_dags/example_branch_labels.py for tasks to queue
[2026-04-29T11:33:20.031+0000] {logging_mixin.py:188} INFO - [2026-04-29T11:33:20.030+0000] {dagbag.py:540} INFO - Filling up the DagBag from /home/airflow/.local/lib/python3.8/site-packages/airflow/example_dags/example_branch_labels.py
[2026-04-29T11:33:20.059+0000] {processor.py:840} INFO - DAG(s) 'example_branch_labels' retrieved from /home/airflow/.local/lib/python3.8/site-packages/airflow/example_dags/example_branch_labels.py
[2026-04-29T11:33:20.186+0000] {logging_mixin.py:188} INFO - [2026-04-29T11:33:20.186+0000] {dag.py:3047} INFO - Sync 1 DAGs
[2026-04-29T11:33:20.370+0000] {logging_mixin.py:188} INFO - [2026-04-29T11:33:20.364+0000] {dag.py:3834} INFO - Setting next_dagrun for example_branch_labels to 2026-04-28 00:00:00+00:00, run_after=2026-04-29 00:00:00+00:00
[2026-04-29T11:33:20.554+0000] {processor.py:183} INFO - Processing /home/airflow/.local/lib/python3.8/site-packages/airflow/example_dags/example_branch_labels.py took 0.535 seconds
[2026-04-29T11:33:50.875+0000] {processor.py:161} INFO - Started process (PID=155) to work on /home/airflow/.local/lib/python3.8/site-packages/airflow/example_dags/example_branch_labels.py
[2026-04-29T11:33:50.876+0000] {processor.py:830} INFO - Processing file /home/airflow/.local/lib/python3.8/site-packages/airflow/example_dags/example_branch_labels.py for tasks to queue
[2026-04-29T11:33:50.879+0000] {logging_mixin.py:188} INFO - [2026-04-29T11:33:50.878+0000] {dagbag.py:540} INFO - Filling up the DagBag from /home/airflow/.local/lib/python3.8/site-packages/airflow/example_dags/example_branch_labels.py
[2026-04-29T11:33:50.901+0000] {processor.py:840} INFO - DAG(s) 'example_branch_labels' retrieved from /home/airflow/.local/lib/python3.8/site-packages/airflow/example_dags/example_branch_labels.py
[2026-04-29T11:33:50.967+0000] {logging_mixin.py:188} INFO - [2026-04-29T11:33:50.967+0000] {dag.py:3047} INFO - Sync 1 DAGs
[2026-04-29T11:33:51.031+0000] {logging_mixin.py:188} INFO - [2026-04-29T11:33:51.029+0000] {dag.py:3834} INFO - Setting next_dagrun for example_branch_labels to 2026-04-28 00:00:00+00:00, run_after=2026-04-29 00:00:00+00:00
[2026-04-29T11:33:51.109+0000] {processor.py:183} INFO - Processing /home/airflow/.local/lib/python3.8/site-packages/airflow/example_dags/example_branch_labels.py took 0.238 seconds
[2026-04-29T11:34:21.491+0000] {processor.py:161} INFO - Started process (PID=211) to work on /home/airflow/.local/lib/python3.8/site-packages/airflow/example_dags/example_branch_labels.py
[2026-04-29T11:34:21.492+0000] {processor.py:830} INFO - Processing file /home/airflow/.local/lib/python3.8/site-packages/airflow/example_dags/example_branch_labels.py for tasks to queue
[2026-04-29T11:34:21.494+0000] {logging_mixin.py:188} INFO - [2026-04-29T11:34:21.493+0000] {dagbag.py:540} INFO - Filling up the DagBag from /home/airflow/.local/lib/python3.8/site-packages/airflow/example_dags/example_branch_labels.py
[2026-04-29T11:34:21.502+0000] {processor.py:840} INFO - DAG(s) 'example_branch_labels' retrieved from /home/airflow/.local/lib/python3.8/site-packages/airflow/example_dags/example_branch_labels.py
[2026-04-29T11:34:21.525+0000] {logging_mixin.py:188} INFO - [2026-04-29T11:34:21.525+0000] {dag.py:3047} INFO - Sync 1 DAGs
[2026-04-29T11:34:21.550+0000] {logging_mixin.py:188} INFO - [2026-04-29T11:34:21.550+0000] {dag.py:3834} INFO - Setting next_dagrun for example_branch_labels to 2026-04-28 00:00:00+00:00, run_after=2026-04-29 00:00:00+00:00
[2026-04-29T11:34:21.568+0000] {processor.py:183} INFO - Processing /home/airflow/.local/lib/python3.8/site-packages/airflow/example_dags/example_branch_labels.py took 0.081 seconds
[2026-04-29T11:34:51.850+0000] {processor.py:161} INFO - Started process (PID=267) to work on /home/airflow/.local/lib/python3.8/site-packages/airflow/example_dags/example_branch_labels.py
[2026-04-29T11:34:51.851+0000] {processor.py:830} INFO - Processing file /home/airflow/.local/lib/python3.8/site-packages/airflow/example_dags/example_branch_labels.py for tasks to queue
[2026-04-29T11:34:51.853+0000] {logging_mixin.py:188} INFO - [2026-04-29T11:34:51.853+0000] {dagbag.py:540} INFO - Filling up the DagBag from /home/airflow/.local/lib/python3.8/site-packages/airflow/example_dags/example_branch_labels.py
[2026-04-29T11:34:51.864+0000] {processor.py:840} INFO - DAG(s) 'example_branch_labels' retrieved from /home/airflow/.local/lib/python3.8/site-packages/airflow/example_dags/example_branch_labels.py
[2026-04-29T11:34:51.890+0000] {logging_mixin.py:188} INFO - [2026-04-29T11:34:51.890+0000] {dag.py:3047} INFO - Sync 1 DAGs
[2026-04-29T11:34:51.908+0000] {logging_mixin.py:188} INFO - [2026-04-29T11:34:51.908+0000] {dag.py:3834} INFO - Setting next_dagrun for example_branch_labels to 2026-04-28 00:00:00+00:00, run_after=2026-04-29 00:00:00+00:00
[2026-04-29T11:34:51.921+0000] {processor.py:183} INFO - Processing /home/airflow/.local/lib/python3.8/site-packages/airflow/example_dags/example_branch_labels.py took 0.080 seconds
[2026-04-29T11:35:22.258+0000] {processor.py:161} INFO - Started process (PID=323) to work on /home/airflow/.local/lib/python3.8/site-packages/airflow/example_dags/example_branch_labels.py
[2026-04-29T11:35:22.260+0000] {processor.py:830} INFO - Processing file /home/airflow/.local/lib/python3.8/site-packages/airflow/example_dags/example_branch_labels.py for tasks to queue
[2026-04-29T11:35:22.263+0000] {logging_mixin.py:188} INFO - [2026-04-29T11:35:22.263+0000] {dagbag.py:540} INFO - Filling up the DagBag from /home/airflow/.local/lib/python3.8/site-packages/airflow/example_dags/example_branch_labels.py
[2026-04-29T11:35:22.273+0000] {processor.py:840} INFO - DAG(s) 'example_branch_labels' retrieved from /home/airflow/.local/lib/python3.8/site-packages/airflow/example_dags/example_branch_labels.py
[2026-04-29T11:35:22.298+0000] {logging_mixin.py:188} INFO - [2026-04-29T11:35:22.298+0000] {dag.py:3047} INFO - Sync 1 DAGs
[2026-04-29T11:35:22.324+0000] {logging_mixin.py:188} INFO - [2026-04-29T11:35:22.324+0000] {dag.py:3834} INFO - Setting next_dagrun for example_branch_labels to 2026-04-28 00:00:00+00:00, run_after=2026-04-29 00:00:00+00:00
[2026-04-29T11:35:22.342+0000] {processor.py:183} INFO - Processing /home/airflow/.local/lib/python3.8/site-packages/airflow/example_dags/example_branch_labels.py took 0.087 seconds
[2026-04-29T11:35:52.801+0000] {processor.py:161} INFO - Started process (PID=379) to work on /home/airflow/.local/lib/python3.8/site-packages/airflow/example_dags/example_branch_labels.py
[2026-04-29T11:35:52.802+0000] {processor.py:830} INFO - Processing file /home/airflow/.local/lib/python3.8/site-packages/airflow/example_dags/example_branch_labels.py for tasks to queue
[2026-04-29T11:35:52.804+0000] {logging_mixin.py:188} INFO - [2026-04-29T11:35:52.804+0000] {dagbag.py:540} INFO - Filling up the DagBag from /home/airflow/.local/lib/python3.8/site-packages/airflow/example_dags/example_branch_labels.py
[2026-04-29T11:35:52.811+0000] {processor.py:840} INFO - DAG(s) 'example_branch_labels' retrieved from /home/airflow/.local/lib/python3.8/site-packages/airflow/example_dags/example_branch_labels.py
[2026-04-29T11:35:52.828+0000] {logging_mixin.py:188} INFO - [2026-04-29T11:35:52.828+0000] {dag.py:3047} INFO - Sync 1 DAGs
[2026-04-29T11:35:52.846+0000] {logging_mixin.py:188} INFO - [2026-04-29T11:35:52.846+0000] {dag.py:3834} INFO - Setting next_dagrun for example_branch_labels to 2026-04-28 00:00:00+00:00, run_after=2026-04-29 00:00:00+00:00
[2026-04-29T11:35:52.859+0000] {processor.py:183} INFO - Processing /home/airflow/.local/lib/python3.8/site-packages/airflow/example_dags/example_branch_labels.py took 0.062 seconds
