[2026-04-29T11:33:12.068+0000] {processor.py:161} INFO - Started process (PID=66) to work on /home/airflow/.local/lib/python3.8/site-packages/airflow/example_dags/example_sla_dag.py
[2026-04-29T11:33:12.073+0000] {processor.py:830} INFO - Processing file /home/airflow/.local/lib/python3.8/site-packages/airflow/example_dags/example_sla_dag.py for tasks to queue
[2026-04-29T11:33:12.079+0000] {logging_mixin.py:188} INFO - [2026-04-29T11:33:12.079+0000] {dagbag.py:540} INFO - Filling up the DagBag from /home/airflow/.local/lib/python3.8/site-packages/airflow/example_dags/example_sla_dag.py
[2026-04-29T11:33:12.106+0000] {processor.py:840} INFO - DAG(s) 'example_sla_dag' retrieved from /home/airflow/.local/lib/python3.8/site-packages/airflow/example_dags/example_sla_dag.py
[2026-04-29T11:33:12.172+0000] {logging_mixin.py:188} INFO - [2026-04-29T11:33:12.172+0000] {dag.py:3047} INFO - Sync 1 DAGs
[2026-04-29T11:33:12.268+0000] {logging_mixin.py:188} INFO - [2026-04-29T11:33:12.268+0000] {dag.py:3834} INFO - Setting next_dagrun for example_sla_dag to 2026-04-29 11:30:00+00:00, run_after=2026-04-29 11:32:00+00:00
[2026-04-29T11:33:12.336+0000] {processor.py:183} INFO - Processing /home/airflow/.local/lib/python3.8/site-packages/airflow/example_dags/example_sla_dag.py took 0.300 seconds
[2026-04-29T11:33:42.781+0000] {processor.py:161} INFO - Started process (PID=122) to work on /home/airflow/.local/lib/python3.8/site-packages/airflow/example_dags/example_sla_dag.py
[2026-04-29T11:33:42.782+0000] {processor.py:830} INFO - Processing file /home/airflow/.local/lib/python3.8/site-packages/airflow/example_dags/example_sla_dag.py for tasks to queue
[2026-04-29T11:33:42.783+0000] {logging_mixin.py:188} INFO - [2026-04-29T11:33:42.783+0000] {dagbag.py:540} INFO - Filling up the DagBag from /home/airflow/.local/lib/python3.8/site-packages/airflow/example_dags/example_sla_dag.py
[2026-04-29T11:33:42.790+0000] {processor.py:840} INFO - DAG(s) 'example_sla_dag' retrieved from /home/airflow/.local/lib/python3.8/site-packages/airflow/example_dags/example_sla_dag.py
[2026-04-29T11:33:42.810+0000] {logging_mixin.py:188} INFO - [2026-04-29T11:33:42.810+0000] {dag.py:3047} INFO - Sync 1 DAGs
[2026-04-29T11:33:42.830+0000] {logging_mixin.py:188} INFO - [2026-04-29T11:33:42.829+0000] {dag.py:3834} INFO - Setting next_dagrun for example_sla_dag to 2026-04-29 11:30:00+00:00, run_after=2026-04-29 11:32:00+00:00
[2026-04-29T11:33:42.842+0000] {processor.py:183} INFO - Processing /home/airflow/.local/lib/python3.8/site-packages/airflow/example_dags/example_sla_dag.py took 0.064 seconds
[2026-04-29T11:34:13.818+0000] {processor.py:161} INFO - Started process (PID=178) to work on /home/airflow/.local/lib/python3.8/site-packages/airflow/example_dags/example_sla_dag.py
[2026-04-29T11:34:13.819+0000] {processor.py:830} INFO - Processing file /home/airflow/.local/lib/python3.8/site-packages/airflow/example_dags/example_sla_dag.py for tasks to queue
[2026-04-29T11:34:13.821+0000] {logging_mixin.py:188} INFO - [2026-04-29T11:34:13.820+0000] {dagbag.py:540} INFO - Filling up the DagBag from /home/airflow/.local/lib/python3.8/site-packages/airflow/example_dags/example_sla_dag.py
[2026-04-29T11:34:13.830+0000] {processor.py:840} INFO - DAG(s) 'example_sla_dag' retrieved from /home/airflow/.local/lib/python3.8/site-packages/airflow/example_dags/example_sla_dag.py
[2026-04-29T11:34:13.851+0000] {logging_mixin.py:188} INFO - [2026-04-29T11:34:13.851+0000] {dag.py:3047} INFO - Sync 1 DAGs
[2026-04-29T11:34:13.881+0000] {logging_mixin.py:188} INFO - [2026-04-29T11:34:13.880+0000] {dag.py:3834} INFO - Setting next_dagrun for example_sla_dag to 2026-04-29 11:32:00+00:00, run_after=2026-04-29 11:34:00+00:00
[2026-04-29T11:34:13.898+0000] {processor.py:183} INFO - Processing /home/airflow/.local/lib/python3.8/site-packages/airflow/example_dags/example_sla_dag.py took 0.084 seconds
