[2026-04-29T11:33:17.951+0000] {processor.py:161} INFO - Started process (PID=93) to work on /home/airflow/.local/lib/python3.8/site-packages/airflow/example_dags/example_latest_only.py
[2026-04-29T11:33:17.956+0000] {processor.py:830} INFO - Processing file /home/airflow/.local/lib/python3.8/site-packages/airflow/example_dags/example_latest_only.py for tasks to queue
[2026-04-29T11:33:17.965+0000] {logging_mixin.py:188} INFO - [2026-04-29T11:33:17.964+0000] {dagbag.py:540} INFO - Filling up the DagBag from /home/airflow/.local/lib/python3.8/site-packages/airflow/example_dags/example_latest_only.py
[2026-04-29T11:33:17.999+0000] {processor.py:840} INFO - DAG(s) 'latest_only' retrieved from /home/airflow/.local/lib/python3.8/site-packages/airflow/example_dags/example_latest_only.py
[2026-04-29T11:33:18.101+0000] {logging_mixin.py:188} INFO - [2026-04-29T11:33:18.101+0000] {dag.py:3047} INFO - Sync 1 DAGs
[2026-04-29T11:33:18.135+0000] {logging_mixin.py:188} INFO - [2026-04-29T11:33:18.135+0000] {dag.py:3834} INFO - Setting next_dagrun for latest_only to 2026-04-29 04:00:00+00:00, run_after=2026-04-29 08:00:00+00:00
[2026-04-29T11:33:18.198+0000] {processor.py:183} INFO - Processing /home/airflow/.local/lib/python3.8/site-packages/airflow/example_dags/example_latest_only.py took 0.259 seconds
[2026-04-29T11:33:48.406+0000] {processor.py:161} INFO - Started process (PID=149) to work on /home/airflow/.local/lib/python3.8/site-packages/airflow/example_dags/example_latest_only.py
[2026-04-29T11:33:48.408+0000] {processor.py:830} INFO - Processing file /home/airflow/.local/lib/python3.8/site-packages/airflow/example_dags/example_latest_only.py for tasks to queue
[2026-04-29T11:33:48.412+0000] {logging_mixin.py:188} INFO - [2026-04-29T11:33:48.412+0000] {dagbag.py:540} INFO - Filling up the DagBag from /home/airflow/.local/lib/python3.8/site-packages/airflow/example_dags/example_latest_only.py
[2026-04-29T11:33:48.425+0000] {processor.py:840} INFO - DAG(s) 'latest_only' retrieved from /home/airflow/.local/lib/python3.8/site-packages/airflow/example_dags/example_latest_only.py
[2026-04-29T11:33:48.461+0000] {logging_mixin.py:188} INFO - [2026-04-29T11:33:48.461+0000] {dag.py:3047} INFO - Sync 1 DAGs
[2026-04-29T11:33:48.505+0000] {logging_mixin.py:188} INFO - [2026-04-29T11:33:48.505+0000] {dag.py:3834} INFO - Setting next_dagrun for latest_only to 2026-04-29 04:00:00+00:00, run_after=2026-04-29 08:00:00+00:00
[2026-04-29T11:33:48.526+0000] {processor.py:183} INFO - Processing /home/airflow/.local/lib/python3.8/site-packages/airflow/example_dags/example_latest_only.py took 0.128 seconds
[2026-04-29T11:34:19.037+0000] {processor.py:161} INFO - Started process (PID=205) to work on /home/airflow/.local/lib/python3.8/site-packages/airflow/example_dags/example_latest_only.py
[2026-04-29T11:34:19.038+0000] {processor.py:830} INFO - Processing file /home/airflow/.local/lib/python3.8/site-packages/airflow/example_dags/example_latest_only.py for tasks to queue
[2026-04-29T11:34:19.040+0000] {logging_mixin.py:188} INFO - [2026-04-29T11:34:19.040+0000] {dagbag.py:540} INFO - Filling up the DagBag from /home/airflow/.local/lib/python3.8/site-packages/airflow/example_dags/example_latest_only.py
[2026-04-29T11:34:19.056+0000] {processor.py:840} INFO - DAG(s) 'latest_only' retrieved from /home/airflow/.local/lib/python3.8/site-packages/airflow/example_dags/example_latest_only.py
[2026-04-29T11:34:19.088+0000] {logging_mixin.py:188} INFO - [2026-04-29T11:34:19.087+0000] {dag.py:3047} INFO - Sync 1 DAGs
[2026-04-29T11:34:19.104+0000] {logging_mixin.py:188} INFO - [2026-04-29T11:34:19.104+0000] {dag.py:3834} INFO - Setting next_dagrun for latest_only to 2026-04-29 04:00:00+00:00, run_after=2026-04-29 08:00:00+00:00
[2026-04-29T11:34:19.118+0000] {processor.py:183} INFO - Processing /home/airflow/.local/lib/python3.8/site-packages/airflow/example_dags/example_latest_only.py took 0.085 seconds
