[2026-04-29T11:33:11.086+0000] {processor.py:161} INFO - Started process (PID=61) to work on /home/airflow/.local/lib/python3.8/site-packages/airflow/example_dags/example_xcomargs.py
[2026-04-29T11:33:11.088+0000] {processor.py:830} INFO - Processing file /home/airflow/.local/lib/python3.8/site-packages/airflow/example_dags/example_xcomargs.py for tasks to queue
[2026-04-29T11:33:11.092+0000] {logging_mixin.py:188} INFO - [2026-04-29T11:33:11.092+0000] {dagbag.py:540} INFO - Filling up the DagBag from /home/airflow/.local/lib/python3.8/site-packages/airflow/example_dags/example_xcomargs.py
[2026-04-29T11:33:11.118+0000] {processor.py:840} INFO - DAG(s) 'example_xcom_args', 'example_xcom_args_with_operators' retrieved from /home/airflow/.local/lib/python3.8/site-packages/airflow/example_dags/example_xcomargs.py
[2026-04-29T11:33:11.205+0000] {logging_mixin.py:188} INFO - [2026-04-29T11:33:11.205+0000] {dag.py:3047} INFO - Sync 2 DAGs
[2026-04-29T11:33:11.236+0000] {logging_mixin.py:188} INFO - [2026-04-29T11:33:11.236+0000] {dag.py:3834} INFO - Setting next_dagrun for example_xcom_args to None, run_after=None
[2026-04-29T11:33:11.247+0000] {logging_mixin.py:188} INFO - [2026-04-29T11:33:11.246+0000] {dag.py:3834} INFO - Setting next_dagrun for example_xcom_args_with_operators to None, run_after=None
[2026-04-29T11:33:11.289+0000] {processor.py:183} INFO - Processing /home/airflow/.local/lib/python3.8/site-packages/airflow/example_dags/example_xcomargs.py took 0.213 seconds
[2026-04-29T11:33:41.411+0000] {processor.py:161} INFO - Started process (PID=117) to work on /home/airflow/.local/lib/python3.8/site-packages/airflow/example_dags/example_xcomargs.py
[2026-04-29T11:33:41.412+0000] {processor.py:830} INFO - Processing file /home/airflow/.local/lib/python3.8/site-packages/airflow/example_dags/example_xcomargs.py for tasks to queue
[2026-04-29T11:33:41.414+0000] {logging_mixin.py:188} INFO - [2026-04-29T11:33:41.414+0000] {dagbag.py:540} INFO - Filling up the DagBag from /home/airflow/.local/lib/python3.8/site-packages/airflow/example_dags/example_xcomargs.py
[2026-04-29T11:33:41.425+0000] {processor.py:840} INFO - DAG(s) 'example_xcom_args_with_operators', 'example_xcom_args' retrieved from /home/airflow/.local/lib/python3.8/site-packages/airflow/example_dags/example_xcomargs.py
[2026-04-29T11:33:41.451+0000] {logging_mixin.py:188} INFO - [2026-04-29T11:33:41.451+0000] {dag.py:3047} INFO - Sync 2 DAGs
[2026-04-29T11:33:41.466+0000] {logging_mixin.py:188} INFO - [2026-04-29T11:33:41.466+0000] {dag.py:3834} INFO - Setting next_dagrun for example_xcom_args to None, run_after=None
[2026-04-29T11:33:41.470+0000] {logging_mixin.py:188} INFO - [2026-04-29T11:33:41.470+0000] {dag.py:3834} INFO - Setting next_dagrun for example_xcom_args_with_operators to None, run_after=None
[2026-04-29T11:33:41.485+0000] {processor.py:183} INFO - Processing /home/airflow/.local/lib/python3.8/site-packages/airflow/example_dags/example_xcomargs.py took 0.079 seconds
[2026-04-29T11:34:11.953+0000] {processor.py:161} INFO - Started process (PID=173) to work on /home/airflow/.local/lib/python3.8/site-packages/airflow/example_dags/example_xcomargs.py
[2026-04-29T11:34:11.956+0000] {processor.py:830} INFO - Processing file /home/airflow/.local/lib/python3.8/site-packages/airflow/example_dags/example_xcomargs.py for tasks to queue
[2026-04-29T11:34:11.973+0000] {logging_mixin.py:188} INFO - [2026-04-29T11:34:11.970+0000] {dagbag.py:540} INFO - Filling up the DagBag from /home/airflow/.local/lib/python3.8/site-packages/airflow/example_dags/example_xcomargs.py
[2026-04-29T11:34:11.991+0000] {processor.py:840} INFO - DAG(s) 'example_xcom_args', 'example_xcom_args_with_operators' retrieved from /home/airflow/.local/lib/python3.8/site-packages/airflow/example_dags/example_xcomargs.py
[2026-04-29T11:34:12.068+0000] {logging_mixin.py:188} INFO - [2026-04-29T11:34:12.067+0000] {dag.py:3047} INFO - Sync 2 DAGs
[2026-04-29T11:34:12.097+0000] {logging_mixin.py:188} INFO - [2026-04-29T11:34:12.097+0000] {dag.py:3834} INFO - Setting next_dagrun for example_xcom_args to None, run_after=None
[2026-04-29T11:34:12.105+0000] {logging_mixin.py:188} INFO - [2026-04-29T11:34:12.104+0000] {dag.py:3834} INFO - Setting next_dagrun for example_xcom_args_with_operators to None, run_after=None
[2026-04-29T11:34:12.143+0000] {processor.py:183} INFO - Processing /home/airflow/.local/lib/python3.8/site-packages/airflow/example_dags/example_xcomargs.py took 0.201 seconds
[2026-04-29T11:34:42.868+0000] {processor.py:161} INFO - Started process (PID=229) to work on /home/airflow/.local/lib/python3.8/site-packages/airflow/example_dags/example_xcomargs.py
[2026-04-29T11:34:42.869+0000] {processor.py:830} INFO - Processing file /home/airflow/.local/lib/python3.8/site-packages/airflow/example_dags/example_xcomargs.py for tasks to queue
[2026-04-29T11:34:42.871+0000] {logging_mixin.py:188} INFO - [2026-04-29T11:34:42.871+0000] {dagbag.py:540} INFO - Filling up the DagBag from /home/airflow/.local/lib/python3.8/site-packages/airflow/example_dags/example_xcomargs.py
[2026-04-29T11:34:42.880+0000] {processor.py:840} INFO - DAG(s) 'example_xcom_args', 'example_xcom_args_with_operators' retrieved from /home/airflow/.local/lib/python3.8/site-packages/airflow/example_dags/example_xcomargs.py
[2026-04-29T11:34:42.906+0000] {logging_mixin.py:188} INFO - [2026-04-29T11:34:42.906+0000] {dag.py:3047} INFO - Sync 2 DAGs
[2026-04-29T11:34:42.920+0000] {logging_mixin.py:188} INFO - [2026-04-29T11:34:42.920+0000] {dag.py:3834} INFO - Setting next_dagrun for example_xcom_args to None, run_after=None
[2026-04-29T11:34:42.924+0000] {logging_mixin.py:188} INFO - [2026-04-29T11:34:42.924+0000] {dag.py:3834} INFO - Setting next_dagrun for example_xcom_args_with_operators to None, run_after=None
[2026-04-29T11:34:42.960+0000] {processor.py:183} INFO - Processing /home/airflow/.local/lib/python3.8/site-packages/airflow/example_dags/example_xcomargs.py took 0.096 seconds
[2026-04-29T11:35:13.058+0000] {processor.py:161} INFO - Started process (PID=285) to work on /home/airflow/.local/lib/python3.8/site-packages/airflow/example_dags/example_xcomargs.py
[2026-04-29T11:35:13.059+0000] {processor.py:830} INFO - Processing file /home/airflow/.local/lib/python3.8/site-packages/airflow/example_dags/example_xcomargs.py for tasks to queue
[2026-04-29T11:35:13.061+0000] {logging_mixin.py:188} INFO - [2026-04-29T11:35:13.060+0000] {dagbag.py:540} INFO - Filling up the DagBag from /home/airflow/.local/lib/python3.8/site-packages/airflow/example_dags/example_xcomargs.py
[2026-04-29T11:35:13.071+0000] {processor.py:840} INFO - DAG(s) 'example_xcom_args_with_operators', 'example_xcom_args' retrieved from /home/airflow/.local/lib/python3.8/site-packages/airflow/example_dags/example_xcomargs.py
[2026-04-29T11:35:13.097+0000] {logging_mixin.py:188} INFO - [2026-04-29T11:35:13.096+0000] {dag.py:3047} INFO - Sync 2 DAGs
[2026-04-29T11:35:13.127+0000] {logging_mixin.py:188} INFO - [2026-04-29T11:35:13.127+0000] {dag.py:3834} INFO - Setting next_dagrun for example_xcom_args to None, run_after=None
[2026-04-29T11:35:13.131+0000] {logging_mixin.py:188} INFO - [2026-04-29T11:35:13.131+0000] {dag.py:3834} INFO - Setting next_dagrun for example_xcom_args_with_operators to None, run_after=None
[2026-04-29T11:35:13.147+0000] {processor.py:183} INFO - Processing /home/airflow/.local/lib/python3.8/site-packages/airflow/example_dags/example_xcomargs.py took 0.093 seconds
[2026-04-29T11:35:43.391+0000] {processor.py:161} INFO - Started process (PID=341) to work on /home/airflow/.local/lib/python3.8/site-packages/airflow/example_dags/example_xcomargs.py
[2026-04-29T11:35:43.392+0000] {processor.py:830} INFO - Processing file /home/airflow/.local/lib/python3.8/site-packages/airflow/example_dags/example_xcomargs.py for tasks to queue
[2026-04-29T11:35:43.394+0000] {logging_mixin.py:188} INFO - [2026-04-29T11:35:43.393+0000] {dagbag.py:540} INFO - Filling up the DagBag from /home/airflow/.local/lib/python3.8/site-packages/airflow/example_dags/example_xcomargs.py
[2026-04-29T11:35:43.403+0000] {processor.py:840} INFO - DAG(s) 'example_xcom_args', 'example_xcom_args_with_operators' retrieved from /home/airflow/.local/lib/python3.8/site-packages/airflow/example_dags/example_xcomargs.py
[2026-04-29T11:35:43.433+0000] {logging_mixin.py:188} INFO - [2026-04-29T11:35:43.432+0000] {dag.py:3047} INFO - Sync 2 DAGs
[2026-04-29T11:35:43.473+0000] {logging_mixin.py:188} INFO - [2026-04-29T11:35:43.473+0000] {dag.py:3834} INFO - Setting next_dagrun for example_xcom_args to None, run_after=None
[2026-04-29T11:35:43.478+0000] {logging_mixin.py:188} INFO - [2026-04-29T11:35:43.478+0000] {dag.py:3834} INFO - Setting next_dagrun for example_xcom_args_with_operators to None, run_after=None
[2026-04-29T11:35:43.499+0000] {processor.py:183} INFO - Processing /home/airflow/.local/lib/python3.8/site-packages/airflow/example_dags/example_xcomargs.py took 0.113 seconds
