[2026-04-29T11:33:20.652+0000] {processor.py:161} INFO - Started process (PID=100) to work on /home/airflow/.local/lib/python3.8/site-packages/airflow/example_dags/example_xcom.py
[2026-04-29T11:33:20.660+0000] {processor.py:830} INFO - Processing file /home/airflow/.local/lib/python3.8/site-packages/airflow/example_dags/example_xcom.py for tasks to queue
[2026-04-29T11:33:20.666+0000] {logging_mixin.py:188} INFO - [2026-04-29T11:33:20.666+0000] {dagbag.py:540} INFO - Filling up the DagBag from /home/airflow/.local/lib/python3.8/site-packages/airflow/example_dags/example_xcom.py
[2026-04-29T11:33:20.703+0000] {processor.py:840} INFO - DAG(s) 'example_xcom' retrieved from /home/airflow/.local/lib/python3.8/site-packages/airflow/example_dags/example_xcom.py
[2026-04-29T11:33:20.773+0000] {logging_mixin.py:188} INFO - [2026-04-29T11:33:20.773+0000] {dag.py:3047} INFO - Sync 1 DAGs
[2026-04-29T11:33:20.840+0000] {logging_mixin.py:188} INFO - [2026-04-29T11:33:20.840+0000] {dag.py:3834} INFO - Setting next_dagrun for example_xcom to 2021-01-01 00:00:00+00:00, run_after=2021-01-01 00:00:00+00:00
[2026-04-29T11:33:20.883+0000] {processor.py:183} INFO - Processing /home/airflow/.local/lib/python3.8/site-packages/airflow/example_dags/example_xcom.py took 0.238 seconds
[2026-04-29T11:33:50.947+0000] {processor.py:161} INFO - Started process (PID=156) to work on /home/airflow/.local/lib/python3.8/site-packages/airflow/example_dags/example_xcom.py
[2026-04-29T11:33:50.949+0000] {processor.py:830} INFO - Processing file /home/airflow/.local/lib/python3.8/site-packages/airflow/example_dags/example_xcom.py for tasks to queue
[2026-04-29T11:33:50.953+0000] {logging_mixin.py:188} INFO - [2026-04-29T11:33:50.952+0000] {dagbag.py:540} INFO - Filling up the DagBag from /home/airflow/.local/lib/python3.8/site-packages/airflow/example_dags/example_xcom.py
[2026-04-29T11:33:50.973+0000] {processor.py:840} INFO - DAG(s) 'example_xcom' retrieved from /home/airflow/.local/lib/python3.8/site-packages/airflow/example_dags/example_xcom.py
[2026-04-29T11:33:51.028+0000] {logging_mixin.py:188} INFO - [2026-04-29T11:33:51.027+0000] {dag.py:3047} INFO - Sync 1 DAGs
[2026-04-29T11:33:51.076+0000] {logging_mixin.py:188} INFO - [2026-04-29T11:33:51.076+0000] {dag.py:3834} INFO - Setting next_dagrun for example_xcom to 2021-01-01 00:00:00+00:00, run_after=2021-01-01 00:00:00+00:00
[2026-04-29T11:33:51.166+0000] {processor.py:183} INFO - Processing /home/airflow/.local/lib/python3.8/site-packages/airflow/example_dags/example_xcom.py took 0.230 seconds
[2026-04-29T11:34:21.505+0000] {processor.py:161} INFO - Started process (PID=212) to work on /home/airflow/.local/lib/python3.8/site-packages/airflow/example_dags/example_xcom.py
[2026-04-29T11:34:21.507+0000] {processor.py:830} INFO - Processing file /home/airflow/.local/lib/python3.8/site-packages/airflow/example_dags/example_xcom.py for tasks to queue
[2026-04-29T11:34:21.510+0000] {logging_mixin.py:188} INFO - [2026-04-29T11:34:21.509+0000] {dagbag.py:540} INFO - Filling up the DagBag from /home/airflow/.local/lib/python3.8/site-packages/airflow/example_dags/example_xcom.py
[2026-04-29T11:34:21.519+0000] {processor.py:840} INFO - DAG(s) 'example_xcom' retrieved from /home/airflow/.local/lib/python3.8/site-packages/airflow/example_dags/example_xcom.py
[2026-04-29T11:34:21.543+0000] {logging_mixin.py:188} INFO - [2026-04-29T11:34:21.543+0000] {dag.py:3047} INFO - Sync 1 DAGs
[2026-04-29T11:34:21.566+0000] {logging_mixin.py:188} INFO - [2026-04-29T11:34:21.566+0000] {dag.py:3834} INFO - Setting next_dagrun for example_xcom to 2021-01-01 00:00:00+00:00, run_after=2021-01-01 00:00:00+00:00
[2026-04-29T11:34:21.584+0000] {processor.py:183} INFO - Processing /home/airflow/.local/lib/python3.8/site-packages/airflow/example_dags/example_xcom.py took 0.082 seconds
