[2026-04-29T11:33:21.383+0000] {processor.py:161} INFO - Started process (PID=104) to work on /home/airflow/.local/lib/python3.8/site-packages/airflow/example_dags/example_sensor_decorator.py
[2026-04-29T11:33:21.389+0000] {processor.py:830} INFO - Processing file /home/airflow/.local/lib/python3.8/site-packages/airflow/example_dags/example_sensor_decorator.py for tasks to queue
[2026-04-29T11:33:21.395+0000] {logging_mixin.py:188} INFO - [2026-04-29T11:33:21.395+0000] {dagbag.py:540} INFO - Filling up the DagBag from /home/airflow/.local/lib/python3.8/site-packages/airflow/example_dags/example_sensor_decorator.py
[2026-04-29T11:33:21.431+0000] {processor.py:840} INFO - DAG(s) 'example_sensor_decorator' retrieved from /home/airflow/.local/lib/python3.8/site-packages/airflow/example_dags/example_sensor_decorator.py
[2026-04-29T11:33:21.515+0000] {logging_mixin.py:188} INFO - [2026-04-29T11:33:21.515+0000] {dag.py:3047} INFO - Sync 1 DAGs
[2026-04-29T11:33:21.544+0000] {logging_mixin.py:188} INFO - [2026-04-29T11:33:21.543+0000] {dag.py:3834} INFO - Setting next_dagrun for example_sensor_decorator to None, run_after=None
[2026-04-29T11:33:21.576+0000] {processor.py:183} INFO - Processing /home/airflow/.local/lib/python3.8/site-packages/airflow/example_dags/example_sensor_decorator.py took 0.210 seconds
[2026-04-29T11:33:52.564+0000] {processor.py:161} INFO - Started process (PID=160) to work on /home/airflow/.local/lib/python3.8/site-packages/airflow/example_dags/example_sensor_decorator.py
[2026-04-29T11:33:52.566+0000] {processor.py:830} INFO - Processing file /home/airflow/.local/lib/python3.8/site-packages/airflow/example_dags/example_sensor_decorator.py for tasks to queue
[2026-04-29T11:33:52.568+0000] {logging_mixin.py:188} INFO - [2026-04-29T11:33:52.568+0000] {dagbag.py:540} INFO - Filling up the DagBag from /home/airflow/.local/lib/python3.8/site-packages/airflow/example_dags/example_sensor_decorator.py
[2026-04-29T11:33:52.575+0000] {processor.py:840} INFO - DAG(s) 'example_sensor_decorator' retrieved from /home/airflow/.local/lib/python3.8/site-packages/airflow/example_dags/example_sensor_decorator.py
[2026-04-29T11:33:52.614+0000] {logging_mixin.py:188} INFO - [2026-04-29T11:33:52.614+0000] {dag.py:3047} INFO - Sync 1 DAGs
[2026-04-29T11:33:52.639+0000] {logging_mixin.py:188} INFO - [2026-04-29T11:33:52.639+0000] {dag.py:3834} INFO - Setting next_dagrun for example_sensor_decorator to None, run_after=None
[2026-04-29T11:33:52.683+0000] {processor.py:183} INFO - Processing /home/airflow/.local/lib/python3.8/site-packages/airflow/example_dags/example_sensor_decorator.py took 0.127 seconds
[2026-04-29T11:34:22.786+0000] {processor.py:161} INFO - Started process (PID=216) to work on /home/airflow/.local/lib/python3.8/site-packages/airflow/example_dags/example_sensor_decorator.py
[2026-04-29T11:34:22.787+0000] {processor.py:830} INFO - Processing file /home/airflow/.local/lib/python3.8/site-packages/airflow/example_dags/example_sensor_decorator.py for tasks to queue
[2026-04-29T11:34:22.788+0000] {logging_mixin.py:188} INFO - [2026-04-29T11:34:22.788+0000] {dagbag.py:540} INFO - Filling up the DagBag from /home/airflow/.local/lib/python3.8/site-packages/airflow/example_dags/example_sensor_decorator.py
[2026-04-29T11:34:22.794+0000] {processor.py:840} INFO - DAG(s) 'example_sensor_decorator' retrieved from /home/airflow/.local/lib/python3.8/site-packages/airflow/example_dags/example_sensor_decorator.py
[2026-04-29T11:34:22.812+0000] {logging_mixin.py:188} INFO - [2026-04-29T11:34:22.812+0000] {dag.py:3047} INFO - Sync 1 DAGs
[2026-04-29T11:34:22.822+0000] {logging_mixin.py:188} INFO - [2026-04-29T11:34:22.822+0000] {dag.py:3834} INFO - Setting next_dagrun for example_sensor_decorator to None, run_after=None
[2026-04-29T11:34:22.836+0000] {processor.py:183} INFO - Processing /home/airflow/.local/lib/python3.8/site-packages/airflow/example_dags/example_sensor_decorator.py took 0.053 seconds
