[2026-04-29T11:33:16.863+0000] {processor.py:161} INFO - Started process (PID=90) to work on /home/airflow/.local/lib/python3.8/site-packages/airflow/example_dags/example_trigger_target_dag.py
[2026-04-29T11:33:16.870+0000] {processor.py:830} INFO - Processing file /home/airflow/.local/lib/python3.8/site-packages/airflow/example_dags/example_trigger_target_dag.py for tasks to queue
[2026-04-29T11:33:16.887+0000] {logging_mixin.py:188} INFO - [2026-04-29T11:33:16.882+0000] {dagbag.py:540} INFO - Filling up the DagBag from /home/airflow/.local/lib/python3.8/site-packages/airflow/example_dags/example_trigger_target_dag.py
[2026-04-29T11:33:16.931+0000] {processor.py:840} INFO - DAG(s) 'example_trigger_target_dag' retrieved from /home/airflow/.local/lib/python3.8/site-packages/airflow/example_dags/example_trigger_target_dag.py
[2026-04-29T11:33:17.023+0000] {logging_mixin.py:188} INFO - [2026-04-29T11:33:17.023+0000] {dag.py:3047} INFO - Sync 1 DAGs
[2026-04-29T11:33:17.066+0000] {logging_mixin.py:188} INFO - [2026-04-29T11:33:17.066+0000] {dag.py:3834} INFO - Setting next_dagrun for example_trigger_target_dag to None, run_after=None
[2026-04-29T11:33:17.119+0000] {processor.py:183} INFO - Processing /home/airflow/.local/lib/python3.8/site-packages/airflow/example_dags/example_trigger_target_dag.py took 0.278 seconds
[2026-04-29T11:33:47.962+0000] {processor.py:161} INFO - Started process (PID=146) to work on /home/airflow/.local/lib/python3.8/site-packages/airflow/example_dags/example_trigger_target_dag.py
[2026-04-29T11:33:47.975+0000] {processor.py:830} INFO - Processing file /home/airflow/.local/lib/python3.8/site-packages/airflow/example_dags/example_trigger_target_dag.py for tasks to queue
[2026-04-29T11:33:47.985+0000] {logging_mixin.py:188} INFO - [2026-04-29T11:33:47.984+0000] {dagbag.py:540} INFO - Filling up the DagBag from /home/airflow/.local/lib/python3.8/site-packages/airflow/example_dags/example_trigger_target_dag.py
[2026-04-29T11:33:48.002+0000] {processor.py:840} INFO - DAG(s) 'example_trigger_target_dag' retrieved from /home/airflow/.local/lib/python3.8/site-packages/airflow/example_dags/example_trigger_target_dag.py
[2026-04-29T11:33:48.076+0000] {logging_mixin.py:188} INFO - [2026-04-29T11:33:48.075+0000] {dag.py:3047} INFO - Sync 1 DAGs
[2026-04-29T11:33:48.091+0000] {logging_mixin.py:188} INFO - [2026-04-29T11:33:48.090+0000] {dag.py:3834} INFO - Setting next_dagrun for example_trigger_target_dag to None, run_after=None
[2026-04-29T11:33:48.133+0000] {processor.py:183} INFO - Processing /home/airflow/.local/lib/python3.8/site-packages/airflow/example_dags/example_trigger_target_dag.py took 0.177 seconds
[2026-04-29T11:34:18.839+0000] {processor.py:161} INFO - Started process (PID=202) to work on /home/airflow/.local/lib/python3.8/site-packages/airflow/example_dags/example_trigger_target_dag.py
[2026-04-29T11:34:18.843+0000] {processor.py:830} INFO - Processing file /home/airflow/.local/lib/python3.8/site-packages/airflow/example_dags/example_trigger_target_dag.py for tasks to queue
[2026-04-29T11:34:18.845+0000] {logging_mixin.py:188} INFO - [2026-04-29T11:34:18.844+0000] {dagbag.py:540} INFO - Filling up the DagBag from /home/airflow/.local/lib/python3.8/site-packages/airflow/example_dags/example_trigger_target_dag.py
[2026-04-29T11:34:18.856+0000] {processor.py:840} INFO - DAG(s) 'example_trigger_target_dag' retrieved from /home/airflow/.local/lib/python3.8/site-packages/airflow/example_dags/example_trigger_target_dag.py
[2026-04-29T11:34:18.887+0000] {logging_mixin.py:188} INFO - [2026-04-29T11:34:18.887+0000] {dag.py:3047} INFO - Sync 1 DAGs
[2026-04-29T11:34:18.902+0000] {logging_mixin.py:188} INFO - [2026-04-29T11:34:18.901+0000] {dag.py:3834} INFO - Setting next_dagrun for example_trigger_target_dag to None, run_after=None
[2026-04-29T11:34:18.920+0000] {processor.py:183} INFO - Processing /home/airflow/.local/lib/python3.8/site-packages/airflow/example_dags/example_trigger_target_dag.py took 0.084 seconds
