[2026-04-29T11:33:14.129+0000] {processor.py:161} INFO - Started process (PID=75) to work on /home/airflow/.local/lib/python3.8/site-packages/airflow/example_dags/example_kubernetes_executor.py
[2026-04-29T11:33:14.134+0000] {processor.py:830} INFO - Processing file /home/airflow/.local/lib/python3.8/site-packages/airflow/example_dags/example_kubernetes_executor.py for tasks to queue
[2026-04-29T11:33:14.140+0000] {logging_mixin.py:188} INFO - [2026-04-29T11:33:14.140+0000] {dagbag.py:540} INFO - Filling up the DagBag from /home/airflow/.local/lib/python3.8/site-packages/airflow/example_dags/example_kubernetes_executor.py
[2026-04-29T11:33:14.218+0000] {processor.py:840} INFO - DAG(s) 'example_kubernetes_executor' retrieved from /home/airflow/.local/lib/python3.8/site-packages/airflow/example_dags/example_kubernetes_executor.py
[2026-04-29T11:33:14.396+0000] {logging_mixin.py:188} INFO - [2026-04-29T11:33:14.396+0000] {dag.py:3047} INFO - Sync 1 DAGs
[2026-04-29T11:33:14.461+0000] {logging_mixin.py:188} INFO - [2026-04-29T11:33:14.461+0000] {dag.py:3834} INFO - Setting next_dagrun for example_kubernetes_executor to None, run_after=None
[2026-04-29T11:33:14.548+0000] {processor.py:183} INFO - Processing /home/airflow/.local/lib/python3.8/site-packages/airflow/example_dags/example_kubernetes_executor.py took 0.453 seconds
[2026-04-29T11:33:45.310+0000] {processor.py:161} INFO - Started process (PID=131) to work on /home/airflow/.local/lib/python3.8/site-packages/airflow/example_dags/example_kubernetes_executor.py
[2026-04-29T11:33:45.311+0000] {processor.py:830} INFO - Processing file /home/airflow/.local/lib/python3.8/site-packages/airflow/example_dags/example_kubernetes_executor.py for tasks to queue
[2026-04-29T11:33:45.313+0000] {logging_mixin.py:188} INFO - [2026-04-29T11:33:45.313+0000] {dagbag.py:540} INFO - Filling up the DagBag from /home/airflow/.local/lib/python3.8/site-packages/airflow/example_dags/example_kubernetes_executor.py
[2026-04-29T11:33:45.331+0000] {processor.py:840} INFO - DAG(s) 'example_kubernetes_executor' retrieved from /home/airflow/.local/lib/python3.8/site-packages/airflow/example_dags/example_kubernetes_executor.py
[2026-04-29T11:33:45.375+0000] {logging_mixin.py:188} INFO - [2026-04-29T11:33:45.375+0000] {dag.py:3047} INFO - Sync 1 DAGs
[2026-04-29T11:33:45.398+0000] {logging_mixin.py:188} INFO - [2026-04-29T11:33:45.398+0000] {dag.py:3834} INFO - Setting next_dagrun for example_kubernetes_executor to None, run_after=None
[2026-04-29T11:33:45.416+0000] {processor.py:183} INFO - Processing /home/airflow/.local/lib/python3.8/site-packages/airflow/example_dags/example_kubernetes_executor.py took 0.110 seconds
[2026-04-29T11:34:16.327+0000] {processor.py:161} INFO - Started process (PID=187) to work on /home/airflow/.local/lib/python3.8/site-packages/airflow/example_dags/example_kubernetes_executor.py
[2026-04-29T11:34:16.328+0000] {processor.py:830} INFO - Processing file /home/airflow/.local/lib/python3.8/site-packages/airflow/example_dags/example_kubernetes_executor.py for tasks to queue
[2026-04-29T11:34:16.331+0000] {logging_mixin.py:188} INFO - [2026-04-29T11:34:16.330+0000] {dagbag.py:540} INFO - Filling up the DagBag from /home/airflow/.local/lib/python3.8/site-packages/airflow/example_dags/example_kubernetes_executor.py
[2026-04-29T11:34:16.348+0000] {processor.py:840} INFO - DAG(s) 'example_kubernetes_executor' retrieved from /home/airflow/.local/lib/python3.8/site-packages/airflow/example_dags/example_kubernetes_executor.py
[2026-04-29T11:34:16.394+0000] {logging_mixin.py:188} INFO - [2026-04-29T11:34:16.394+0000] {dag.py:3047} INFO - Sync 1 DAGs
[2026-04-29T11:34:16.411+0000] {logging_mixin.py:188} INFO - [2026-04-29T11:34:16.411+0000] {dag.py:3834} INFO - Setting next_dagrun for example_kubernetes_executor to None, run_after=None
[2026-04-29T11:34:16.429+0000] {processor.py:183} INFO - Processing /home/airflow/.local/lib/python3.8/site-packages/airflow/example_dags/example_kubernetes_executor.py took 0.106 seconds
[2026-04-29T11:34:46.676+0000] {processor.py:161} INFO - Started process (PID=243) to work on /home/airflow/.local/lib/python3.8/site-packages/airflow/example_dags/example_kubernetes_executor.py
[2026-04-29T11:34:46.678+0000] {processor.py:830} INFO - Processing file /home/airflow/.local/lib/python3.8/site-packages/airflow/example_dags/example_kubernetes_executor.py for tasks to queue
[2026-04-29T11:34:46.680+0000] {logging_mixin.py:188} INFO - [2026-04-29T11:34:46.680+0000] {dagbag.py:540} INFO - Filling up the DagBag from /home/airflow/.local/lib/python3.8/site-packages/airflow/example_dags/example_kubernetes_executor.py
[2026-04-29T11:34:46.698+0000] {processor.py:840} INFO - DAG(s) 'example_kubernetes_executor' retrieved from /home/airflow/.local/lib/python3.8/site-packages/airflow/example_dags/example_kubernetes_executor.py
[2026-04-29T11:34:46.748+0000] {logging_mixin.py:188} INFO - [2026-04-29T11:34:46.748+0000] {dag.py:3047} INFO - Sync 1 DAGs
[2026-04-29T11:34:46.763+0000] {logging_mixin.py:188} INFO - [2026-04-29T11:34:46.762+0000] {dag.py:3834} INFO - Setting next_dagrun for example_kubernetes_executor to None, run_after=None
[2026-04-29T11:34:46.783+0000] {processor.py:183} INFO - Processing /home/airflow/.local/lib/python3.8/site-packages/airflow/example_dags/example_kubernetes_executor.py took 0.110 seconds
[2026-04-29T11:35:16.981+0000] {processor.py:161} INFO - Started process (PID=299) to work on /home/airflow/.local/lib/python3.8/site-packages/airflow/example_dags/example_kubernetes_executor.py
[2026-04-29T11:35:16.982+0000] {processor.py:830} INFO - Processing file /home/airflow/.local/lib/python3.8/site-packages/airflow/example_dags/example_kubernetes_executor.py for tasks to queue
[2026-04-29T11:35:16.984+0000] {logging_mixin.py:188} INFO - [2026-04-29T11:35:16.984+0000] {dagbag.py:540} INFO - Filling up the DagBag from /home/airflow/.local/lib/python3.8/site-packages/airflow/example_dags/example_kubernetes_executor.py
[2026-04-29T11:35:17.017+0000] {processor.py:840} INFO - DAG(s) 'example_kubernetes_executor' retrieved from /home/airflow/.local/lib/python3.8/site-packages/airflow/example_dags/example_kubernetes_executor.py
[2026-04-29T11:35:17.110+0000] {logging_mixin.py:188} INFO - [2026-04-29T11:35:17.108+0000] {dag.py:3047} INFO - Sync 1 DAGs
[2026-04-29T11:35:17.124+0000] {logging_mixin.py:188} INFO - [2026-04-29T11:35:17.124+0000] {dag.py:3834} INFO - Setting next_dagrun for example_kubernetes_executor to None, run_after=None
[2026-04-29T11:35:17.147+0000] {processor.py:183} INFO - Processing /home/airflow/.local/lib/python3.8/site-packages/airflow/example_dags/example_kubernetes_executor.py took 0.170 seconds
[2026-04-29T11:35:47.584+0000] {processor.py:161} INFO - Started process (PID=361) to work on /home/airflow/.local/lib/python3.8/site-packages/airflow/example_dags/example_kubernetes_executor.py
[2026-04-29T11:35:47.589+0000] {processor.py:830} INFO - Processing file /home/airflow/.local/lib/python3.8/site-packages/airflow/example_dags/example_kubernetes_executor.py for tasks to queue
[2026-04-29T11:35:47.594+0000] {logging_mixin.py:188} INFO - [2026-04-29T11:35:47.594+0000] {dagbag.py:540} INFO - Filling up the DagBag from /home/airflow/.local/lib/python3.8/site-packages/airflow/example_dags/example_kubernetes_executor.py
[2026-04-29T11:35:47.612+0000] {processor.py:840} INFO - DAG(s) 'example_kubernetes_executor' retrieved from /home/airflow/.local/lib/python3.8/site-packages/airflow/example_dags/example_kubernetes_executor.py
[2026-04-29T11:35:47.670+0000] {logging_mixin.py:188} INFO - [2026-04-29T11:35:47.669+0000] {dag.py:3047} INFO - Sync 1 DAGs
[2026-04-29T11:35:47.687+0000] {logging_mixin.py:188} INFO - [2026-04-29T11:35:47.686+0000] {dag.py:3834} INFO - Setting next_dagrun for example_kubernetes_executor to None, run_after=None
[2026-04-29T11:35:47.704+0000] {processor.py:183} INFO - Processing /home/airflow/.local/lib/python3.8/site-packages/airflow/example_dags/example_kubernetes_executor.py took 0.124 seconds
