[2026-04-29T11:33:13.235+0000] {processor.py:161} INFO - Started process (PID=72) to work on /home/airflow/.local/lib/python3.8/site-packages/airflow/example_dags/example_branch_day_of_week_operator.py
[2026-04-29T11:33:13.236+0000] {processor.py:830} INFO - Processing file /home/airflow/.local/lib/python3.8/site-packages/airflow/example_dags/example_branch_day_of_week_operator.py for tasks to queue
[2026-04-29T11:33:13.238+0000] {logging_mixin.py:188} INFO - [2026-04-29T11:33:13.237+0000] {dagbag.py:540} INFO - Filling up the DagBag from /home/airflow/.local/lib/python3.8/site-packages/airflow/example_dags/example_branch_day_of_week_operator.py
[2026-04-29T11:33:13.251+0000] {processor.py:840} INFO - DAG(s) 'example_weekday_branch_operator' retrieved from /home/airflow/.local/lib/python3.8/site-packages/airflow/example_dags/example_branch_day_of_week_operator.py
[2026-04-29T11:33:13.321+0000] {logging_mixin.py:188} INFO - [2026-04-29T11:33:13.321+0000] {dag.py:3047} INFO - Sync 1 DAGs
[2026-04-29T11:33:13.410+0000] {logging_mixin.py:188} INFO - [2026-04-29T11:33:13.410+0000] {dag.py:3834} INFO - Setting next_dagrun for example_weekday_branch_operator to 2026-04-28 00:00:00+00:00, run_after=2026-04-29 00:00:00+00:00
[2026-04-29T11:33:13.483+0000] {processor.py:183} INFO - Processing /home/airflow/.local/lib/python3.8/site-packages/airflow/example_dags/example_branch_day_of_week_operator.py took 0.252 seconds
[2026-04-29T11:33:44.129+0000] {processor.py:161} INFO - Started process (PID=128) to work on /home/airflow/.local/lib/python3.8/site-packages/airflow/example_dags/example_branch_day_of_week_operator.py
[2026-04-29T11:33:44.129+0000] {processor.py:830} INFO - Processing file /home/airflow/.local/lib/python3.8/site-packages/airflow/example_dags/example_branch_day_of_week_operator.py for tasks to queue
[2026-04-29T11:33:44.131+0000] {logging_mixin.py:188} INFO - [2026-04-29T11:33:44.131+0000] {dagbag.py:540} INFO - Filling up the DagBag from /home/airflow/.local/lib/python3.8/site-packages/airflow/example_dags/example_branch_day_of_week_operator.py
[2026-04-29T11:33:44.138+0000] {processor.py:840} INFO - DAG(s) 'example_weekday_branch_operator' retrieved from /home/airflow/.local/lib/python3.8/site-packages/airflow/example_dags/example_branch_day_of_week_operator.py
[2026-04-29T11:33:44.154+0000] {logging_mixin.py:188} INFO - [2026-04-29T11:33:44.154+0000] {dag.py:3047} INFO - Sync 1 DAGs
[2026-04-29T11:33:44.172+0000] {logging_mixin.py:188} INFO - [2026-04-29T11:33:44.172+0000] {dag.py:3834} INFO - Setting next_dagrun for example_weekday_branch_operator to 2026-04-28 00:00:00+00:00, run_after=2026-04-29 00:00:00+00:00
[2026-04-29T11:33:44.188+0000] {processor.py:183} INFO - Processing /home/airflow/.local/lib/python3.8/site-packages/airflow/example_dags/example_branch_day_of_week_operator.py took 0.062 seconds
[2026-04-29T11:34:15.207+0000] {processor.py:161} INFO - Started process (PID=184) to work on /home/airflow/.local/lib/python3.8/site-packages/airflow/example_dags/example_branch_day_of_week_operator.py
[2026-04-29T11:34:15.208+0000] {processor.py:830} INFO - Processing file /home/airflow/.local/lib/python3.8/site-packages/airflow/example_dags/example_branch_day_of_week_operator.py for tasks to queue
[2026-04-29T11:34:15.210+0000] {logging_mixin.py:188} INFO - [2026-04-29T11:34:15.209+0000] {dagbag.py:540} INFO - Filling up the DagBag from /home/airflow/.local/lib/python3.8/site-packages/airflow/example_dags/example_branch_day_of_week_operator.py
[2026-04-29T11:34:15.224+0000] {processor.py:840} INFO - DAG(s) 'example_weekday_branch_operator' retrieved from /home/airflow/.local/lib/python3.8/site-packages/airflow/example_dags/example_branch_day_of_week_operator.py
[2026-04-29T11:34:15.248+0000] {logging_mixin.py:188} INFO - [2026-04-29T11:34:15.247+0000] {dag.py:3047} INFO - Sync 1 DAGs
[2026-04-29T11:34:15.276+0000] {logging_mixin.py:188} INFO - [2026-04-29T11:34:15.273+0000] {dag.py:3834} INFO - Setting next_dagrun for example_weekday_branch_operator to 2026-04-28 00:00:00+00:00, run_after=2026-04-29 00:00:00+00:00
[2026-04-29T11:34:15.299+0000] {processor.py:183} INFO - Processing /home/airflow/.local/lib/python3.8/site-packages/airflow/example_dags/example_branch_day_of_week_operator.py took 0.096 seconds
