[2026-04-29T11:33:19.464+0000] {processor.py:161} INFO - Started process (PID=97) to work on /home/airflow/.local/lib/python3.8/site-packages/airflow/example_dags/example_branch_operator_decorator.py
[2026-04-29T11:33:19.468+0000] {processor.py:830} INFO - Processing file /home/airflow/.local/lib/python3.8/site-packages/airflow/example_dags/example_branch_operator_decorator.py for tasks to queue
[2026-04-29T11:33:19.474+0000] {logging_mixin.py:188} INFO - [2026-04-29T11:33:19.474+0000] {dagbag.py:540} INFO - Filling up the DagBag from /home/airflow/.local/lib/python3.8/site-packages/airflow/example_dags/example_branch_operator_decorator.py
[2026-04-29T11:33:19.548+0000] {processor.py:840} INFO - DAG(s) 'example_branch_python_operator_decorator' retrieved from /home/airflow/.local/lib/python3.8/site-packages/airflow/example_dags/example_branch_operator_decorator.py
[2026-04-29T11:33:19.842+0000] {logging_mixin.py:188} INFO - [2026-04-29T11:33:19.842+0000] {dag.py:3047} INFO - Sync 1 DAGs
[2026-04-29T11:33:19.901+0000] {logging_mixin.py:188} INFO - [2026-04-29T11:33:19.900+0000] {dag.py:3834} INFO - Setting next_dagrun for example_branch_python_operator_decorator to 2026-04-28 00:00:00+00:00, run_after=2026-04-29 00:00:00+00:00
[2026-04-29T11:33:19.947+0000] {processor.py:183} INFO - Processing /home/airflow/.local/lib/python3.8/site-packages/airflow/example_dags/example_branch_operator_decorator.py took 0.493 seconds
[2026-04-29T11:33:50.645+0000] {processor.py:161} INFO - Started process (PID=153) to work on /home/airflow/.local/lib/python3.8/site-packages/airflow/example_dags/example_branch_operator_decorator.py
[2026-04-29T11:33:50.646+0000] {processor.py:830} INFO - Processing file /home/airflow/.local/lib/python3.8/site-packages/airflow/example_dags/example_branch_operator_decorator.py for tasks to queue
[2026-04-29T11:33:50.648+0000] {logging_mixin.py:188} INFO - [2026-04-29T11:33:50.648+0000] {dagbag.py:540} INFO - Filling up the DagBag from /home/airflow/.local/lib/python3.8/site-packages/airflow/example_dags/example_branch_operator_decorator.py
[2026-04-29T11:33:50.678+0000] {processor.py:840} INFO - DAG(s) 'example_branch_python_operator_decorator' retrieved from /home/airflow/.local/lib/python3.8/site-packages/airflow/example_dags/example_branch_operator_decorator.py
[2026-04-29T11:33:50.845+0000] {logging_mixin.py:188} INFO - [2026-04-29T11:33:50.845+0000] {dag.py:3047} INFO - Sync 1 DAGs
[2026-04-29T11:33:50.873+0000] {logging_mixin.py:188} INFO - [2026-04-29T11:33:50.873+0000] {dag.py:3834} INFO - Setting next_dagrun for example_branch_python_operator_decorator to 2026-04-28 00:00:00+00:00, run_after=2026-04-29 00:00:00+00:00
[2026-04-29T11:33:50.897+0000] {processor.py:183} INFO - Processing /home/airflow/.local/lib/python3.8/site-packages/airflow/example_dags/example_branch_operator_decorator.py took 0.255 seconds
[2026-04-29T11:34:21.321+0000] {processor.py:161} INFO - Started process (PID=209) to work on /home/airflow/.local/lib/python3.8/site-packages/airflow/example_dags/example_branch_operator_decorator.py
[2026-04-29T11:34:21.322+0000] {processor.py:830} INFO - Processing file /home/airflow/.local/lib/python3.8/site-packages/airflow/example_dags/example_branch_operator_decorator.py for tasks to queue
[2026-04-29T11:34:21.324+0000] {logging_mixin.py:188} INFO - [2026-04-29T11:34:21.324+0000] {dagbag.py:540} INFO - Filling up the DagBag from /home/airflow/.local/lib/python3.8/site-packages/airflow/example_dags/example_branch_operator_decorator.py
[2026-04-29T11:34:21.368+0000] {processor.py:840} INFO - DAG(s) 'example_branch_python_operator_decorator' retrieved from /home/airflow/.local/lib/python3.8/site-packages/airflow/example_dags/example_branch_operator_decorator.py
[2026-04-29T11:34:21.425+0000] {logging_mixin.py:188} INFO - [2026-04-29T11:34:21.425+0000] {dag.py:3047} INFO - Sync 1 DAGs
[2026-04-29T11:34:21.453+0000] {logging_mixin.py:188} INFO - [2026-04-29T11:34:21.453+0000] {dag.py:3834} INFO - Setting next_dagrun for example_branch_python_operator_decorator to 2026-04-28 00:00:00+00:00, run_after=2026-04-29 00:00:00+00:00
[2026-04-29T11:34:21.477+0000] {processor.py:183} INFO - Processing /home/airflow/.local/lib/python3.8/site-packages/airflow/example_dags/example_branch_operator_decorator.py took 0.162 seconds
