[2026-04-29T11:33:18.331+0000] {processor.py:161} INFO - Started process (PID=95) to work on /home/airflow/.local/lib/python3.8/site-packages/airflow/example_dags/example_external_task_marker_dag.py
[2026-04-29T11:33:18.336+0000] {processor.py:830} INFO - Processing file /home/airflow/.local/lib/python3.8/site-packages/airflow/example_dags/example_external_task_marker_dag.py for tasks to queue
[2026-04-29T11:33:18.347+0000] {logging_mixin.py:188} INFO - [2026-04-29T11:33:18.347+0000] {dagbag.py:540} INFO - Filling up the DagBag from /home/airflow/.local/lib/python3.8/site-packages/airflow/example_dags/example_external_task_marker_dag.py
[2026-04-29T11:33:18.354+0000] {processor.py:840} INFO - DAG(s) 'example_external_task_marker_parent', 'example_external_task_marker_child' retrieved from /home/airflow/.local/lib/python3.8/site-packages/airflow/example_dags/example_external_task_marker_dag.py
[2026-04-29T11:33:18.435+0000] {logging_mixin.py:188} INFO - [2026-04-29T11:33:18.435+0000] {dag.py:3047} INFO - Sync 2 DAGs
[2026-04-29T11:33:18.493+0000] {logging_mixin.py:188} INFO - [2026-04-29T11:33:18.493+0000] {dag.py:3834} INFO - Setting next_dagrun for example_external_task_marker_child to None, run_after=None
[2026-04-29T11:33:18.507+0000] {logging_mixin.py:188} INFO - [2026-04-29T11:33:18.507+0000] {dag.py:3834} INFO - Setting next_dagrun for example_external_task_marker_parent to None, run_after=None
[2026-04-29T11:33:18.583+0000] {processor.py:183} INFO - Processing /home/airflow/.local/lib/python3.8/site-packages/airflow/example_dags/example_external_task_marker_dag.py took 0.265 seconds
[2026-04-29T11:33:49.405+0000] {processor.py:161} INFO - Started process (PID=150) to work on /home/airflow/.local/lib/python3.8/site-packages/airflow/example_dags/example_external_task_marker_dag.py
[2026-04-29T11:33:49.406+0000] {processor.py:830} INFO - Processing file /home/airflow/.local/lib/python3.8/site-packages/airflow/example_dags/example_external_task_marker_dag.py for tasks to queue
[2026-04-29T11:33:49.408+0000] {logging_mixin.py:188} INFO - [2026-04-29T11:33:49.408+0000] {dagbag.py:540} INFO - Filling up the DagBag from /home/airflow/.local/lib/python3.8/site-packages/airflow/example_dags/example_external_task_marker_dag.py
[2026-04-29T11:33:49.413+0000] {processor.py:840} INFO - DAG(s) 'example_external_task_marker_child', 'example_external_task_marker_parent' retrieved from /home/airflow/.local/lib/python3.8/site-packages/airflow/example_dags/example_external_task_marker_dag.py
[2026-04-29T11:33:49.432+0000] {logging_mixin.py:188} INFO - [2026-04-29T11:33:49.432+0000] {dag.py:3047} INFO - Sync 2 DAGs
[2026-04-29T11:33:49.442+0000] {logging_mixin.py:188} INFO - [2026-04-29T11:33:49.442+0000] {dag.py:3834} INFO - Setting next_dagrun for example_external_task_marker_child to None, run_after=None
[2026-04-29T11:33:49.445+0000] {logging_mixin.py:188} INFO - [2026-04-29T11:33:49.445+0000] {dag.py:3834} INFO - Setting next_dagrun for example_external_task_marker_parent to None, run_after=None
[2026-04-29T11:33:49.457+0000] {processor.py:183} INFO - Processing /home/airflow/.local/lib/python3.8/site-packages/airflow/example_dags/example_external_task_marker_dag.py took 0.055 seconds
[2026-04-29T11:34:20.109+0000] {processor.py:161} INFO - Started process (PID=207) to work on /home/airflow/.local/lib/python3.8/site-packages/airflow/example_dags/example_external_task_marker_dag.py
[2026-04-29T11:34:20.110+0000] {processor.py:830} INFO - Processing file /home/airflow/.local/lib/python3.8/site-packages/airflow/example_dags/example_external_task_marker_dag.py for tasks to queue
[2026-04-29T11:34:20.112+0000] {logging_mixin.py:188} INFO - [2026-04-29T11:34:20.111+0000] {dagbag.py:540} INFO - Filling up the DagBag from /home/airflow/.local/lib/python3.8/site-packages/airflow/example_dags/example_external_task_marker_dag.py
[2026-04-29T11:34:20.119+0000] {processor.py:840} INFO - DAG(s) 'example_external_task_marker_child', 'example_external_task_marker_parent' retrieved from /home/airflow/.local/lib/python3.8/site-packages/airflow/example_dags/example_external_task_marker_dag.py
[2026-04-29T11:34:20.146+0000] {logging_mixin.py:188} INFO - [2026-04-29T11:34:20.145+0000] {dag.py:3047} INFO - Sync 2 DAGs
[2026-04-29T11:34:20.159+0000] {logging_mixin.py:188} INFO - [2026-04-29T11:34:20.159+0000] {dag.py:3834} INFO - Setting next_dagrun for example_external_task_marker_child to None, run_after=None
[2026-04-29T11:34:20.163+0000] {logging_mixin.py:188} INFO - [2026-04-29T11:34:20.163+0000] {dag.py:3834} INFO - Setting next_dagrun for example_external_task_marker_parent to None, run_after=None
[2026-04-29T11:34:20.181+0000] {processor.py:183} INFO - Processing /home/airflow/.local/lib/python3.8/site-packages/airflow/example_dags/example_external_task_marker_dag.py took 0.077 seconds
