[2026-04-29T11:33:11.359+0000] {processor.py:161} INFO - Started process (PID=63) to work on /home/airflow/.local/lib/python3.8/site-packages/airflow/example_dags/example_short_circuit_decorator.py
[2026-04-29T11:33:11.365+0000] {processor.py:830} INFO - Processing file /home/airflow/.local/lib/python3.8/site-packages/airflow/example_dags/example_short_circuit_decorator.py for tasks to queue
[2026-04-29T11:33:11.376+0000] {logging_mixin.py:188} INFO - [2026-04-29T11:33:11.373+0000] {dagbag.py:540} INFO - Filling up the DagBag from /home/airflow/.local/lib/python3.8/site-packages/airflow/example_dags/example_short_circuit_decorator.py
[2026-04-29T11:33:11.412+0000] {processor.py:840} INFO - DAG(s) 'example_short_circuit_decorator' retrieved from /home/airflow/.local/lib/python3.8/site-packages/airflow/example_dags/example_short_circuit_decorator.py
[2026-04-29T11:33:11.551+0000] {logging_mixin.py:188} INFO - [2026-04-29T11:33:11.550+0000] {dag.py:3047} INFO - Sync 1 DAGs
[2026-04-29T11:33:11.626+0000] {logging_mixin.py:188} INFO - [2026-04-29T11:33:11.625+0000] {dag.py:3834} INFO - Setting next_dagrun for example_short_circuit_decorator to 2026-04-28 00:00:00+00:00, run_after=2026-04-29 00:00:00+00:00
[2026-04-29T11:33:11.658+0000] {processor.py:183} INFO - Processing /home/airflow/.local/lib/python3.8/site-packages/airflow/example_dags/example_short_circuit_decorator.py took 0.309 seconds
[2026-04-29T11:33:42.501+0000] {processor.py:161} INFO - Started process (PID=119) to work on /home/airflow/.local/lib/python3.8/site-packages/airflow/example_dags/example_short_circuit_decorator.py
[2026-04-29T11:33:42.502+0000] {processor.py:830} INFO - Processing file /home/airflow/.local/lib/python3.8/site-packages/airflow/example_dags/example_short_circuit_decorator.py for tasks to queue
[2026-04-29T11:33:42.504+0000] {logging_mixin.py:188} INFO - [2026-04-29T11:33:42.504+0000] {dagbag.py:540} INFO - Filling up the DagBag from /home/airflow/.local/lib/python3.8/site-packages/airflow/example_dags/example_short_circuit_decorator.py
[2026-04-29T11:33:42.521+0000] {processor.py:840} INFO - DAG(s) 'example_short_circuit_decorator' retrieved from /home/airflow/.local/lib/python3.8/site-packages/airflow/example_dags/example_short_circuit_decorator.py
[2026-04-29T11:33:42.546+0000] {logging_mixin.py:188} INFO - [2026-04-29T11:33:42.546+0000] {dag.py:3047} INFO - Sync 1 DAGs
[2026-04-29T11:33:42.573+0000] {logging_mixin.py:188} INFO - [2026-04-29T11:33:42.573+0000] {dag.py:3834} INFO - Setting next_dagrun for example_short_circuit_decorator to 2026-04-28 00:00:00+00:00, run_after=2026-04-29 00:00:00+00:00
[2026-04-29T11:33:42.591+0000] {processor.py:183} INFO - Processing /home/airflow/.local/lib/python3.8/site-packages/airflow/example_dags/example_short_circuit_decorator.py took 0.095 seconds
[2026-04-29T11:34:13.218+0000] {processor.py:161} INFO - Started process (PID=175) to work on /home/airflow/.local/lib/python3.8/site-packages/airflow/example_dags/example_short_circuit_decorator.py
[2026-04-29T11:34:13.221+0000] {processor.py:830} INFO - Processing file /home/airflow/.local/lib/python3.8/site-packages/airflow/example_dags/example_short_circuit_decorator.py for tasks to queue
[2026-04-29T11:34:13.226+0000] {logging_mixin.py:188} INFO - [2026-04-29T11:34:13.224+0000] {dagbag.py:540} INFO - Filling up the DagBag from /home/airflow/.local/lib/python3.8/site-packages/airflow/example_dags/example_short_circuit_decorator.py
[2026-04-29T11:34:13.267+0000] {processor.py:840} INFO - DAG(s) 'example_short_circuit_decorator' retrieved from /home/airflow/.local/lib/python3.8/site-packages/airflow/example_dags/example_short_circuit_decorator.py
[2026-04-29T11:34:13.316+0000] {logging_mixin.py:188} INFO - [2026-04-29T11:34:13.314+0000] {dag.py:3047} INFO - Sync 1 DAGs
[2026-04-29T11:34:13.384+0000] {logging_mixin.py:188} INFO - [2026-04-29T11:34:13.384+0000] {dag.py:3834} INFO - Setting next_dagrun for example_short_circuit_decorator to 2026-04-28 00:00:00+00:00, run_after=2026-04-29 00:00:00+00:00
[2026-04-29T11:34:13.474+0000] {processor.py:183} INFO - Processing /home/airflow/.local/lib/python3.8/site-packages/airflow/example_dags/example_short_circuit_decorator.py took 0.269 seconds
