[2026-04-29T11:33:21.587+0000] {processor.py:161} INFO - Started process (PID=105) to work on /home/airflow/.local/lib/python3.8/site-packages/airflow/example_dags/example_branch_python_dop_operator_3.py
[2026-04-29T11:33:21.603+0000] {processor.py:830} INFO - Processing file /home/airflow/.local/lib/python3.8/site-packages/airflow/example_dags/example_branch_python_dop_operator_3.py for tasks to queue
[2026-04-29T11:33:21.608+0000] {logging_mixin.py:188} INFO - [2026-04-29T11:33:21.608+0000] {dagbag.py:540} INFO - Filling up the DagBag from /home/airflow/.local/lib/python3.8/site-packages/airflow/example_dags/example_branch_python_dop_operator_3.py
[2026-04-29T11:33:21.631+0000] {processor.py:840} INFO - DAG(s) 'example_branch_dop_operator_v3' retrieved from /home/airflow/.local/lib/python3.8/site-packages/airflow/example_dags/example_branch_python_dop_operator_3.py
[2026-04-29T11:33:21.667+0000] {logging_mixin.py:188} INFO - [2026-04-29T11:33:21.666+0000] {dag.py:3047} INFO - Sync 1 DAGs
[2026-04-29T11:33:21.738+0000] {logging_mixin.py:188} INFO - [2026-04-29T11:33:21.738+0000] {dag.py:3834} INFO - Setting next_dagrun for example_branch_dop_operator_v3 to 2026-04-29 11:32:00+00:00, run_after=2026-04-29 11:33:00+00:00
[2026-04-29T11:33:21.808+0000] {processor.py:183} INFO - Processing /home/airflow/.local/lib/python3.8/site-packages/airflow/example_dags/example_branch_python_dop_operator_3.py took 0.233 seconds
[2026-04-29T11:33:52.582+0000] {processor.py:161} INFO - Started process (PID=161) to work on /home/airflow/.local/lib/python3.8/site-packages/airflow/example_dags/example_branch_python_dop_operator_3.py
[2026-04-29T11:33:52.583+0000] {processor.py:830} INFO - Processing file /home/airflow/.local/lib/python3.8/site-packages/airflow/example_dags/example_branch_python_dop_operator_3.py for tasks to queue
[2026-04-29T11:33:52.586+0000] {logging_mixin.py:188} INFO - [2026-04-29T11:33:52.585+0000] {dagbag.py:540} INFO - Filling up the DagBag from /home/airflow/.local/lib/python3.8/site-packages/airflow/example_dags/example_branch_python_dop_operator_3.py
[2026-04-29T11:33:52.609+0000] {processor.py:840} INFO - DAG(s) 'example_branch_dop_operator_v3' retrieved from /home/airflow/.local/lib/python3.8/site-packages/airflow/example_dags/example_branch_python_dop_operator_3.py
[2026-04-29T11:33:52.662+0000] {logging_mixin.py:188} INFO - [2026-04-29T11:33:52.662+0000] {dag.py:3047} INFO - Sync 1 DAGs
[2026-04-29T11:33:52.725+0000] {logging_mixin.py:188} INFO - [2026-04-29T11:33:52.725+0000] {dag.py:3834} INFO - Setting next_dagrun for example_branch_dop_operator_v3 to 2026-04-29 11:32:00+00:00, run_after=2026-04-29 11:33:00+00:00
[2026-04-29T11:33:52.812+0000] {processor.py:183} INFO - Processing /home/airflow/.local/lib/python3.8/site-packages/airflow/example_dags/example_branch_python_dop_operator_3.py took 0.240 seconds
[2026-04-29T11:34:22.854+0000] {processor.py:161} INFO - Started process (PID=217) to work on /home/airflow/.local/lib/python3.8/site-packages/airflow/example_dags/example_branch_python_dop_operator_3.py
[2026-04-29T11:34:22.854+0000] {processor.py:830} INFO - Processing file /home/airflow/.local/lib/python3.8/site-packages/airflow/example_dags/example_branch_python_dop_operator_3.py for tasks to queue
[2026-04-29T11:34:22.856+0000] {logging_mixin.py:188} INFO - [2026-04-29T11:34:22.856+0000] {dagbag.py:540} INFO - Filling up the DagBag from /home/airflow/.local/lib/python3.8/site-packages/airflow/example_dags/example_branch_python_dop_operator_3.py
[2026-04-29T11:34:22.865+0000] {processor.py:840} INFO - DAG(s) 'example_branch_dop_operator_v3' retrieved from /home/airflow/.local/lib/python3.8/site-packages/airflow/example_dags/example_branch_python_dop_operator_3.py
[2026-04-29T11:34:22.881+0000] {logging_mixin.py:188} INFO - [2026-04-29T11:34:22.881+0000] {dag.py:3047} INFO - Sync 1 DAGs
[2026-04-29T11:34:22.901+0000] {logging_mixin.py:188} INFO - [2026-04-29T11:34:22.901+0000] {dag.py:3834} INFO - Setting next_dagrun for example_branch_dop_operator_v3 to 2026-04-29 11:33:00+00:00, run_after=2026-04-29 11:34:00+00:00
[2026-04-29T11:34:22.916+0000] {processor.py:183} INFO - Processing /home/airflow/.local/lib/python3.8/site-packages/airflow/example_dags/example_branch_python_dop_operator_3.py took 0.065 seconds
