[2026-04-29T11:33:11.161+0000] {processor.py:161} INFO - Started process (PID=62) to work on /home/airflow/.local/lib/python3.8/site-packages/airflow/example_dags/example_branch_operator.py
[2026-04-29T11:33:11.164+0000] {processor.py:830} INFO - Processing file /home/airflow/.local/lib/python3.8/site-packages/airflow/example_dags/example_branch_operator.py for tasks to queue
[2026-04-29T11:33:11.166+0000] {logging_mixin.py:188} INFO - [2026-04-29T11:33:11.166+0000] {dagbag.py:540} INFO - Filling up the DagBag from /home/airflow/.local/lib/python3.8/site-packages/airflow/example_dags/example_branch_operator.py
[2026-04-29T11:33:11.222+0000] {processor.py:840} INFO - DAG(s) 'example_branch_operator' retrieved from /home/airflow/.local/lib/python3.8/site-packages/airflow/example_dags/example_branch_operator.py
[2026-04-29T11:33:11.506+0000] {logging_mixin.py:188} INFO - [2026-04-29T11:33:11.506+0000] {dag.py:3047} INFO - Sync 1 DAGs
[2026-04-29T11:33:11.528+0000] {logging_mixin.py:188} INFO - [2026-04-29T11:33:11.528+0000] {dag.py:3834} INFO - Setting next_dagrun for example_branch_operator to 2026-04-28 00:00:00+00:00, run_after=2026-04-29 00:00:00+00:00
[2026-04-29T11:33:11.584+0000] {processor.py:183} INFO - Processing /home/airflow/.local/lib/python3.8/site-packages/airflow/example_dags/example_branch_operator.py took 0.429 seconds
[2026-04-29T11:33:42.491+0000] {processor.py:161} INFO - Started process (PID=118) to work on /home/airflow/.local/lib/python3.8/site-packages/airflow/example_dags/example_branch_operator.py
[2026-04-29T11:33:42.492+0000] {processor.py:830} INFO - Processing file /home/airflow/.local/lib/python3.8/site-packages/airflow/example_dags/example_branch_operator.py for tasks to queue
[2026-04-29T11:33:42.494+0000] {logging_mixin.py:188} INFO - [2026-04-29T11:33:42.494+0000] {dagbag.py:540} INFO - Filling up the DagBag from /home/airflow/.local/lib/python3.8/site-packages/airflow/example_dags/example_branch_operator.py
[2026-04-29T11:33:42.520+0000] {processor.py:840} INFO - DAG(s) 'example_branch_operator' retrieved from /home/airflow/.local/lib/python3.8/site-packages/airflow/example_dags/example_branch_operator.py
[2026-04-29T11:33:42.551+0000] {logging_mixin.py:188} INFO - [2026-04-29T11:33:42.551+0000] {dag.py:3047} INFO - Sync 1 DAGs
[2026-04-29T11:33:42.576+0000] {logging_mixin.py:188} INFO - [2026-04-29T11:33:42.576+0000] {dag.py:3834} INFO - Setting next_dagrun for example_branch_operator to 2026-04-28 00:00:00+00:00, run_after=2026-04-29 00:00:00+00:00
[2026-04-29T11:33:42.593+0000] {processor.py:183} INFO - Processing /home/airflow/.local/lib/python3.8/site-packages/airflow/example_dags/example_branch_operator.py took 0.106 seconds
[2026-04-29T11:34:13.183+0000] {processor.py:161} INFO - Started process (PID=174) to work on /home/airflow/.local/lib/python3.8/site-packages/airflow/example_dags/example_branch_operator.py
[2026-04-29T11:34:13.188+0000] {processor.py:830} INFO - Processing file /home/airflow/.local/lib/python3.8/site-packages/airflow/example_dags/example_branch_operator.py for tasks to queue
[2026-04-29T11:34:13.204+0000] {logging_mixin.py:188} INFO - [2026-04-29T11:34:13.204+0000] {dagbag.py:540} INFO - Filling up the DagBag from /home/airflow/.local/lib/python3.8/site-packages/airflow/example_dags/example_branch_operator.py
[2026-04-29T11:34:13.279+0000] {processor.py:840} INFO - DAG(s) 'example_branch_operator' retrieved from /home/airflow/.local/lib/python3.8/site-packages/airflow/example_dags/example_branch_operator.py
[2026-04-29T11:34:13.357+0000] {logging_mixin.py:188} INFO - [2026-04-29T11:34:13.357+0000] {dag.py:3047} INFO - Sync 1 DAGs
[2026-04-29T11:34:13.445+0000] {logging_mixin.py:188} INFO - [2026-04-29T11:34:13.444+0000] {dag.py:3834} INFO - Setting next_dagrun for example_branch_operator to 2026-04-28 00:00:00+00:00, run_after=2026-04-29 00:00:00+00:00
[2026-04-29T11:34:13.532+0000] {processor.py:183} INFO - Processing /home/airflow/.local/lib/python3.8/site-packages/airflow/example_dags/example_branch_operator.py took 0.368 seconds
[2026-04-29T11:34:43.973+0000] {processor.py:161} INFO - Started process (PID=230) to work on /home/airflow/.local/lib/python3.8/site-packages/airflow/example_dags/example_branch_operator.py
[2026-04-29T11:34:43.974+0000] {processor.py:830} INFO - Processing file /home/airflow/.local/lib/python3.8/site-packages/airflow/example_dags/example_branch_operator.py for tasks to queue
[2026-04-29T11:34:43.976+0000] {logging_mixin.py:188} INFO - [2026-04-29T11:34:43.976+0000] {dagbag.py:540} INFO - Filling up the DagBag from /home/airflow/.local/lib/python3.8/site-packages/airflow/example_dags/example_branch_operator.py
[2026-04-29T11:34:43.997+0000] {processor.py:840} INFO - DAG(s) 'example_branch_operator' retrieved from /home/airflow/.local/lib/python3.8/site-packages/airflow/example_dags/example_branch_operator.py
[2026-04-29T11:34:44.029+0000] {logging_mixin.py:188} INFO - [2026-04-29T11:34:44.028+0000] {dag.py:3047} INFO - Sync 1 DAGs
[2026-04-29T11:34:44.060+0000] {logging_mixin.py:188} INFO - [2026-04-29T11:34:44.060+0000] {dag.py:3834} INFO - Setting next_dagrun for example_branch_operator to 2026-04-28 00:00:00+00:00, run_after=2026-04-29 00:00:00+00:00
[2026-04-29T11:34:44.077+0000] {processor.py:183} INFO - Processing /home/airflow/.local/lib/python3.8/site-packages/airflow/example_dags/example_branch_operator.py took 0.108 seconds
[2026-04-29T11:35:14.171+0000] {processor.py:161} INFO - Started process (PID=286) to work on /home/airflow/.local/lib/python3.8/site-packages/airflow/example_dags/example_branch_operator.py
[2026-04-29T11:35:14.172+0000] {processor.py:830} INFO - Processing file /home/airflow/.local/lib/python3.8/site-packages/airflow/example_dags/example_branch_operator.py for tasks to queue
[2026-04-29T11:35:14.174+0000] {logging_mixin.py:188} INFO - [2026-04-29T11:35:14.174+0000] {dagbag.py:540} INFO - Filling up the DagBag from /home/airflow/.local/lib/python3.8/site-packages/airflow/example_dags/example_branch_operator.py
[2026-04-29T11:35:14.195+0000] {processor.py:840} INFO - DAG(s) 'example_branch_operator' retrieved from /home/airflow/.local/lib/python3.8/site-packages/airflow/example_dags/example_branch_operator.py
[2026-04-29T11:35:14.232+0000] {logging_mixin.py:188} INFO - [2026-04-29T11:35:14.232+0000] {dag.py:3047} INFO - Sync 1 DAGs
[2026-04-29T11:35:14.259+0000] {logging_mixin.py:188} INFO - [2026-04-29T11:35:14.259+0000] {dag.py:3834} INFO - Setting next_dagrun for example_branch_operator to 2026-04-28 00:00:00+00:00, run_after=2026-04-29 00:00:00+00:00
[2026-04-29T11:35:14.277+0000] {processor.py:183} INFO - Processing /home/airflow/.local/lib/python3.8/site-packages/airflow/example_dags/example_branch_operator.py took 0.109 seconds
[2026-04-29T11:35:44.485+0000] {processor.py:161} INFO - Started process (PID=342) to work on /home/airflow/.local/lib/python3.8/site-packages/airflow/example_dags/example_branch_operator.py
[2026-04-29T11:35:44.486+0000] {processor.py:830} INFO - Processing file /home/airflow/.local/lib/python3.8/site-packages/airflow/example_dags/example_branch_operator.py for tasks to queue
[2026-04-29T11:35:44.490+0000] {logging_mixin.py:188} INFO - [2026-04-29T11:35:44.490+0000] {dagbag.py:540} INFO - Filling up the DagBag from /home/airflow/.local/lib/python3.8/site-packages/airflow/example_dags/example_branch_operator.py
[2026-04-29T11:35:44.519+0000] {processor.py:840} INFO - DAG(s) 'example_branch_operator' retrieved from /home/airflow/.local/lib/python3.8/site-packages/airflow/example_dags/example_branch_operator.py
[2026-04-29T11:35:44.558+0000] {logging_mixin.py:188} INFO - [2026-04-29T11:35:44.557+0000] {dag.py:3047} INFO - Sync 1 DAGs
[2026-04-29T11:35:44.596+0000] {logging_mixin.py:188} INFO - [2026-04-29T11:35:44.596+0000] {dag.py:3834} INFO - Setting next_dagrun for example_branch_operator to 2026-04-28 00:00:00+00:00, run_after=2026-04-29 00:00:00+00:00
[2026-04-29T11:35:44.647+0000] {processor.py:183} INFO - Processing /home/airflow/.local/lib/python3.8/site-packages/airflow/example_dags/example_branch_operator.py took 0.166 seconds
