[2026-04-29T11:33:15.036+0000] {processor.py:161} INFO - Started process (PID=79) to work on /home/airflow/.local/lib/python3.8/site-packages/airflow/example_dags/example_local_kubernetes_executor.py
[2026-04-29T11:33:15.040+0000] {processor.py:830} INFO - Processing file /home/airflow/.local/lib/python3.8/site-packages/airflow/example_dags/example_local_kubernetes_executor.py for tasks to queue
[2026-04-29T11:33:15.050+0000] {logging_mixin.py:188} INFO - [2026-04-29T11:33:15.045+0000] {dagbag.py:540} INFO - Filling up the DagBag from /home/airflow/.local/lib/python3.8/site-packages/airflow/example_dags/example_local_kubernetes_executor.py
[2026-04-29T11:33:15.097+0000] {processor.py:840} INFO - DAG(s) 'example_local_kubernetes_executor' retrieved from /home/airflow/.local/lib/python3.8/site-packages/airflow/example_dags/example_local_kubernetes_executor.py
[2026-04-29T11:33:15.395+0000] {logging_mixin.py:188} INFO - [2026-04-29T11:33:15.395+0000] {dag.py:3047} INFO - Sync 1 DAGs
[2026-04-29T11:33:15.439+0000] {logging_mixin.py:188} INFO - [2026-04-29T11:33:15.436+0000] {dag.py:3834} INFO - Setting next_dagrun for example_local_kubernetes_executor to None, run_after=None
[2026-04-29T11:33:15.561+0000] {processor.py:183} INFO - Processing /home/airflow/.local/lib/python3.8/site-packages/airflow/example_dags/example_local_kubernetes_executor.py took 0.550 seconds
[2026-04-29T11:33:46.586+0000] {processor.py:161} INFO - Started process (PID=135) to work on /home/airflow/.local/lib/python3.8/site-packages/airflow/example_dags/example_local_kubernetes_executor.py
[2026-04-29T11:33:46.587+0000] {processor.py:830} INFO - Processing file /home/airflow/.local/lib/python3.8/site-packages/airflow/example_dags/example_local_kubernetes_executor.py for tasks to queue
[2026-04-29T11:33:46.589+0000] {logging_mixin.py:188} INFO - [2026-04-29T11:33:46.589+0000] {dagbag.py:540} INFO - Filling up the DagBag from /home/airflow/.local/lib/python3.8/site-packages/airflow/example_dags/example_local_kubernetes_executor.py
[2026-04-29T11:33:46.598+0000] {processor.py:840} INFO - DAG(s) 'example_local_kubernetes_executor' retrieved from /home/airflow/.local/lib/python3.8/site-packages/airflow/example_dags/example_local_kubernetes_executor.py
[2026-04-29T11:33:46.638+0000] {logging_mixin.py:188} INFO - [2026-04-29T11:33:46.638+0000] {dag.py:3047} INFO - Sync 1 DAGs
[2026-04-29T11:33:46.652+0000] {logging_mixin.py:188} INFO - [2026-04-29T11:33:46.652+0000] {dag.py:3834} INFO - Setting next_dagrun for example_local_kubernetes_executor to None, run_after=None
[2026-04-29T11:33:46.682+0000] {processor.py:183} INFO - Processing /home/airflow/.local/lib/python3.8/site-packages/airflow/example_dags/example_local_kubernetes_executor.py took 0.099 seconds
[2026-04-29T11:34:17.531+0000] {processor.py:161} INFO - Started process (PID=197) to work on /home/airflow/.local/lib/python3.8/site-packages/airflow/example_dags/example_local_kubernetes_executor.py
[2026-04-29T11:34:17.532+0000] {processor.py:830} INFO - Processing file /home/airflow/.local/lib/python3.8/site-packages/airflow/example_dags/example_local_kubernetes_executor.py for tasks to queue
[2026-04-29T11:34:17.534+0000] {logging_mixin.py:188} INFO - [2026-04-29T11:34:17.533+0000] {dagbag.py:540} INFO - Filling up the DagBag from /home/airflow/.local/lib/python3.8/site-packages/airflow/example_dags/example_local_kubernetes_executor.py
[2026-04-29T11:34:17.543+0000] {processor.py:840} INFO - DAG(s) 'example_local_kubernetes_executor' retrieved from /home/airflow/.local/lib/python3.8/site-packages/airflow/example_dags/example_local_kubernetes_executor.py
[2026-04-29T11:34:17.583+0000] {logging_mixin.py:188} INFO - [2026-04-29T11:34:17.582+0000] {dag.py:3047} INFO - Sync 1 DAGs
[2026-04-29T11:34:17.599+0000] {logging_mixin.py:188} INFO - [2026-04-29T11:34:17.599+0000] {dag.py:3834} INFO - Setting next_dagrun for example_local_kubernetes_executor to None, run_after=None
[2026-04-29T11:34:17.618+0000] {processor.py:183} INFO - Processing /home/airflow/.local/lib/python3.8/site-packages/airflow/example_dags/example_local_kubernetes_executor.py took 0.091 seconds
