[2026-04-29T11:33:11.668+0000] {processor.py:161} INFO - Started process (PID=64) to work on /home/airflow/.local/lib/python3.8/site-packages/airflow/example_dags/example_short_circuit_operator.py
[2026-04-29T11:33:11.670+0000] {processor.py:830} INFO - Processing file /home/airflow/.local/lib/python3.8/site-packages/airflow/example_dags/example_short_circuit_operator.py for tasks to queue
[2026-04-29T11:33:11.673+0000] {logging_mixin.py:188} INFO - [2026-04-29T11:33:11.672+0000] {dagbag.py:540} INFO - Filling up the DagBag from /home/airflow/.local/lib/python3.8/site-packages/airflow/example_dags/example_short_circuit_operator.py
[2026-04-29T11:33:11.704+0000] {processor.py:840} INFO - DAG(s) 'example_short_circuit_operator' retrieved from /home/airflow/.local/lib/python3.8/site-packages/airflow/example_dags/example_short_circuit_operator.py
[2026-04-29T11:33:11.789+0000] {logging_mixin.py:188} INFO - [2026-04-29T11:33:11.789+0000] {dag.py:3047} INFO - Sync 1 DAGs
[2026-04-29T11:33:11.857+0000] {logging_mixin.py:188} INFO - [2026-04-29T11:33:11.857+0000] {dag.py:3834} INFO - Setting next_dagrun for example_short_circuit_operator to 2026-04-28 00:00:00+00:00, run_after=2026-04-29 00:00:00+00:00
[2026-04-29T11:33:11.950+0000] {processor.py:183} INFO - Processing /home/airflow/.local/lib/python3.8/site-packages/airflow/example_dags/example_short_circuit_operator.py took 0.296 seconds
[2026-04-29T11:33:42.613+0000] {processor.py:161} INFO - Started process (PID=120) to work on /home/airflow/.local/lib/python3.8/site-packages/airflow/example_dags/example_short_circuit_operator.py
[2026-04-29T11:33:42.614+0000] {processor.py:830} INFO - Processing file /home/airflow/.local/lib/python3.8/site-packages/airflow/example_dags/example_short_circuit_operator.py for tasks to queue
[2026-04-29T11:33:42.616+0000] {logging_mixin.py:188} INFO - [2026-04-29T11:33:42.616+0000] {dagbag.py:540} INFO - Filling up the DagBag from /home/airflow/.local/lib/python3.8/site-packages/airflow/example_dags/example_short_circuit_operator.py
[2026-04-29T11:33:42.628+0000] {processor.py:840} INFO - DAG(s) 'example_short_circuit_operator' retrieved from /home/airflow/.local/lib/python3.8/site-packages/airflow/example_dags/example_short_circuit_operator.py
[2026-04-29T11:33:42.666+0000] {logging_mixin.py:188} INFO - [2026-04-29T11:33:42.666+0000] {dag.py:3047} INFO - Sync 1 DAGs
[2026-04-29T11:33:42.694+0000] {logging_mixin.py:188} INFO - [2026-04-29T11:33:42.694+0000] {dag.py:3834} INFO - Setting next_dagrun for example_short_circuit_operator to 2026-04-28 00:00:00+00:00, run_after=2026-04-29 00:00:00+00:00
[2026-04-29T11:33:42.756+0000] {processor.py:183} INFO - Processing /home/airflow/.local/lib/python3.8/site-packages/airflow/example_dags/example_short_circuit_operator.py took 0.147 seconds
[2026-04-29T11:34:13.542+0000] {processor.py:161} INFO - Started process (PID=176) to work on /home/airflow/.local/lib/python3.8/site-packages/airflow/example_dags/example_short_circuit_operator.py
[2026-04-29T11:34:13.545+0000] {processor.py:830} INFO - Processing file /home/airflow/.local/lib/python3.8/site-packages/airflow/example_dags/example_short_circuit_operator.py for tasks to queue
[2026-04-29T11:34:13.550+0000] {logging_mixin.py:188} INFO - [2026-04-29T11:34:13.549+0000] {dagbag.py:540} INFO - Filling up the DagBag from /home/airflow/.local/lib/python3.8/site-packages/airflow/example_dags/example_short_circuit_operator.py
[2026-04-29T11:34:13.574+0000] {processor.py:840} INFO - DAG(s) 'example_short_circuit_operator' retrieved from /home/airflow/.local/lib/python3.8/site-packages/airflow/example_dags/example_short_circuit_operator.py
[2026-04-29T11:34:13.667+0000] {logging_mixin.py:188} INFO - [2026-04-29T11:34:13.667+0000] {dag.py:3047} INFO - Sync 1 DAGs
[2026-04-29T11:34:13.754+0000] {logging_mixin.py:188} INFO - [2026-04-29T11:34:13.754+0000] {dag.py:3834} INFO - Setting next_dagrun for example_short_circuit_operator to 2026-04-28 00:00:00+00:00, run_after=2026-04-29 00:00:00+00:00
[2026-04-29T11:34:13.788+0000] {processor.py:183} INFO - Processing /home/airflow/.local/lib/python3.8/site-packages/airflow/example_dags/example_short_circuit_operator.py took 0.253 seconds
[2026-04-29T11:34:44.091+0000] {processor.py:161} INFO - Started process (PID=232) to work on /home/airflow/.local/lib/python3.8/site-packages/airflow/example_dags/example_short_circuit_operator.py
[2026-04-29T11:34:44.092+0000] {processor.py:830} INFO - Processing file /home/airflow/.local/lib/python3.8/site-packages/airflow/example_dags/example_short_circuit_operator.py for tasks to queue
[2026-04-29T11:34:44.093+0000] {logging_mixin.py:188} INFO - [2026-04-29T11:34:44.093+0000] {dagbag.py:540} INFO - Filling up the DagBag from /home/airflow/.local/lib/python3.8/site-packages/airflow/example_dags/example_short_circuit_operator.py
[2026-04-29T11:34:44.100+0000] {processor.py:840} INFO - DAG(s) 'example_short_circuit_operator' retrieved from /home/airflow/.local/lib/python3.8/site-packages/airflow/example_dags/example_short_circuit_operator.py
[2026-04-29T11:34:44.121+0000] {logging_mixin.py:188} INFO - [2026-04-29T11:34:44.121+0000] {dag.py:3047} INFO - Sync 1 DAGs
[2026-04-29T11:34:44.140+0000] {logging_mixin.py:188} INFO - [2026-04-29T11:34:44.139+0000] {dag.py:3834} INFO - Setting next_dagrun for example_short_circuit_operator to 2026-04-28 00:00:00+00:00, run_after=2026-04-29 00:00:00+00:00
[2026-04-29T11:34:44.153+0000] {processor.py:183} INFO - Processing /home/airflow/.local/lib/python3.8/site-packages/airflow/example_dags/example_short_circuit_operator.py took 0.065 seconds
[2026-04-29T11:35:14.302+0000] {processor.py:161} INFO - Started process (PID=288) to work on /home/airflow/.local/lib/python3.8/site-packages/airflow/example_dags/example_short_circuit_operator.py
[2026-04-29T11:35:14.303+0000] {processor.py:830} INFO - Processing file /home/airflow/.local/lib/python3.8/site-packages/airflow/example_dags/example_short_circuit_operator.py for tasks to queue
[2026-04-29T11:35:14.304+0000] {logging_mixin.py:188} INFO - [2026-04-29T11:35:14.304+0000] {dagbag.py:540} INFO - Filling up the DagBag from /home/airflow/.local/lib/python3.8/site-packages/airflow/example_dags/example_short_circuit_operator.py
[2026-04-29T11:35:14.310+0000] {processor.py:840} INFO - DAG(s) 'example_short_circuit_operator' retrieved from /home/airflow/.local/lib/python3.8/site-packages/airflow/example_dags/example_short_circuit_operator.py
[2026-04-29T11:35:14.331+0000] {logging_mixin.py:188} INFO - [2026-04-29T11:35:14.331+0000] {dag.py:3047} INFO - Sync 1 DAGs
[2026-04-29T11:35:14.349+0000] {logging_mixin.py:188} INFO - [2026-04-29T11:35:14.349+0000] {dag.py:3834} INFO - Setting next_dagrun for example_short_circuit_operator to 2026-04-28 00:00:00+00:00, run_after=2026-04-29 00:00:00+00:00
[2026-04-29T11:35:14.364+0000] {processor.py:183} INFO - Processing /home/airflow/.local/lib/python3.8/site-packages/airflow/example_dags/example_short_circuit_operator.py took 0.065 seconds
[2026-04-29T11:35:44.673+0000] {processor.py:161} INFO - Started process (PID=344) to work on /home/airflow/.local/lib/python3.8/site-packages/airflow/example_dags/example_short_circuit_operator.py
[2026-04-29T11:35:44.674+0000] {processor.py:830} INFO - Processing file /home/airflow/.local/lib/python3.8/site-packages/airflow/example_dags/example_short_circuit_operator.py for tasks to queue
[2026-04-29T11:35:44.676+0000] {logging_mixin.py:188} INFO - [2026-04-29T11:35:44.675+0000] {dagbag.py:540} INFO - Filling up the DagBag from /home/airflow/.local/lib/python3.8/site-packages/airflow/example_dags/example_short_circuit_operator.py
[2026-04-29T11:35:44.683+0000] {processor.py:840} INFO - DAG(s) 'example_short_circuit_operator' retrieved from /home/airflow/.local/lib/python3.8/site-packages/airflow/example_dags/example_short_circuit_operator.py
[2026-04-29T11:35:44.705+0000] {logging_mixin.py:188} INFO - [2026-04-29T11:35:44.705+0000] {dag.py:3047} INFO - Sync 1 DAGs
[2026-04-29T11:35:44.728+0000] {logging_mixin.py:188} INFO - [2026-04-29T11:35:44.728+0000] {dag.py:3834} INFO - Setting next_dagrun for example_short_circuit_operator to 2026-04-28 00:00:00+00:00, run_after=2026-04-29 00:00:00+00:00
[2026-04-29T11:35:44.744+0000] {processor.py:183} INFO - Processing /home/airflow/.local/lib/python3.8/site-packages/airflow/example_dags/example_short_circuit_operator.py took 0.074 seconds
