[2026-04-29T11:33:10.657+0000] {processor.py:161} INFO - Started process (PID=59) to work on /home/airflow/.local/lib/python3.8/site-packages/airflow/example_dags/example_python_decorator.py
[2026-04-29T11:33:10.660+0000] {processor.py:830} INFO - Processing file /home/airflow/.local/lib/python3.8/site-packages/airflow/example_dags/example_python_decorator.py for tasks to queue
[2026-04-29T11:33:10.663+0000] {logging_mixin.py:188} INFO - [2026-04-29T11:33:10.663+0000] {dagbag.py:540} INFO - Filling up the DagBag from /home/airflow/.local/lib/python3.8/site-packages/airflow/example_dags/example_python_decorator.py
[2026-04-29T11:33:10.715+0000] {processor.py:840} INFO - DAG(s) 'example_python_decorator' retrieved from /home/airflow/.local/lib/python3.8/site-packages/airflow/example_dags/example_python_decorator.py
[2026-04-29T11:33:10.988+0000] {logging_mixin.py:188} INFO - [2026-04-29T11:33:10.988+0000] {dag.py:3047} INFO - Sync 1 DAGs
[2026-04-29T11:33:11.015+0000] {logging_mixin.py:188} INFO - [2026-04-29T11:33:11.015+0000] {dag.py:3834} INFO - Setting next_dagrun for example_python_decorator to None, run_after=None
[2026-04-29T11:33:11.091+0000] {processor.py:183} INFO - Processing /home/airflow/.local/lib/python3.8/site-packages/airflow/example_dags/example_python_decorator.py took 0.452 seconds
[2026-04-29T11:33:41.263+0000] {processor.py:161} INFO - Started process (PID=115) to work on /home/airflow/.local/lib/python3.8/site-packages/airflow/example_dags/example_python_decorator.py
[2026-04-29T11:33:41.264+0000] {processor.py:830} INFO - Processing file /home/airflow/.local/lib/python3.8/site-packages/airflow/example_dags/example_python_decorator.py for tasks to queue
[2026-04-29T11:33:41.266+0000] {logging_mixin.py:188} INFO - [2026-04-29T11:33:41.265+0000] {dagbag.py:540} INFO - Filling up the DagBag from /home/airflow/.local/lib/python3.8/site-packages/airflow/example_dags/example_python_decorator.py
[2026-04-29T11:33:41.283+0000] {processor.py:840} INFO - DAG(s) 'example_python_decorator' retrieved from /home/airflow/.local/lib/python3.8/site-packages/airflow/example_dags/example_python_decorator.py
[2026-04-29T11:33:41.307+0000] {logging_mixin.py:188} INFO - [2026-04-29T11:33:41.307+0000] {dag.py:3047} INFO - Sync 1 DAGs
[2026-04-29T11:33:41.322+0000] {logging_mixin.py:188} INFO - [2026-04-29T11:33:41.322+0000] {dag.py:3834} INFO - Setting next_dagrun for example_python_decorator to None, run_after=None
[2026-04-29T11:33:41.343+0000] {processor.py:183} INFO - Processing /home/airflow/.local/lib/python3.8/site-packages/airflow/example_dags/example_python_decorator.py took 0.085 seconds
[2026-04-29T11:34:11.390+0000] {processor.py:161} INFO - Started process (PID=170) to work on /home/airflow/.local/lib/python3.8/site-packages/airflow/example_dags/example_python_decorator.py
[2026-04-29T11:34:11.391+0000] {processor.py:830} INFO - Processing file /home/airflow/.local/lib/python3.8/site-packages/airflow/example_dags/example_python_decorator.py for tasks to queue
[2026-04-29T11:34:11.395+0000] {logging_mixin.py:188} INFO - [2026-04-29T11:34:11.394+0000] {dagbag.py:540} INFO - Filling up the DagBag from /home/airflow/.local/lib/python3.8/site-packages/airflow/example_dags/example_python_decorator.py
[2026-04-29T11:34:11.412+0000] {processor.py:840} INFO - DAG(s) 'example_python_decorator' retrieved from /home/airflow/.local/lib/python3.8/site-packages/airflow/example_dags/example_python_decorator.py
[2026-04-29T11:34:11.505+0000] {logging_mixin.py:188} INFO - [2026-04-29T11:34:11.505+0000] {dag.py:3047} INFO - Sync 1 DAGs
[2026-04-29T11:34:11.582+0000] {logging_mixin.py:188} INFO - [2026-04-29T11:34:11.582+0000] {dag.py:3834} INFO - Setting next_dagrun for example_python_decorator to None, run_after=None
[2026-04-29T11:34:11.699+0000] {processor.py:183} INFO - Processing /home/airflow/.local/lib/python3.8/site-packages/airflow/example_dags/example_python_decorator.py took 0.312 seconds
[2026-04-29T11:34:42.726+0000] {processor.py:161} INFO - Started process (PID=227) to work on /home/airflow/.local/lib/python3.8/site-packages/airflow/example_dags/example_python_decorator.py
[2026-04-29T11:34:42.733+0000] {processor.py:830} INFO - Processing file /home/airflow/.local/lib/python3.8/site-packages/airflow/example_dags/example_python_decorator.py for tasks to queue
[2026-04-29T11:34:42.737+0000] {logging_mixin.py:188} INFO - [2026-04-29T11:34:42.737+0000] {dagbag.py:540} INFO - Filling up the DagBag from /home/airflow/.local/lib/python3.8/site-packages/airflow/example_dags/example_python_decorator.py
[2026-04-29T11:34:42.754+0000] {processor.py:840} INFO - DAG(s) 'example_python_decorator' retrieved from /home/airflow/.local/lib/python3.8/site-packages/airflow/example_dags/example_python_decorator.py
[2026-04-29T11:34:42.777+0000] {logging_mixin.py:188} INFO - [2026-04-29T11:34:42.777+0000] {dag.py:3047} INFO - Sync 1 DAGs
[2026-04-29T11:34:42.790+0000] {logging_mixin.py:188} INFO - [2026-04-29T11:34:42.790+0000] {dag.py:3834} INFO - Setting next_dagrun for example_python_decorator to None, run_after=None
[2026-04-29T11:34:42.811+0000] {processor.py:183} INFO - Processing /home/airflow/.local/lib/python3.8/site-packages/airflow/example_dags/example_python_decorator.py took 0.089 seconds
[2026-04-29T11:35:12.861+0000] {processor.py:161} INFO - Started process (PID=282) to work on /home/airflow/.local/lib/python3.8/site-packages/airflow/example_dags/example_python_decorator.py
[2026-04-29T11:35:12.862+0000] {processor.py:830} INFO - Processing file /home/airflow/.local/lib/python3.8/site-packages/airflow/example_dags/example_python_decorator.py for tasks to queue
[2026-04-29T11:35:12.864+0000] {logging_mixin.py:188} INFO - [2026-04-29T11:35:12.863+0000] {dagbag.py:540} INFO - Filling up the DagBag from /home/airflow/.local/lib/python3.8/site-packages/airflow/example_dags/example_python_decorator.py
[2026-04-29T11:35:12.875+0000] {processor.py:840} INFO - DAG(s) 'example_python_decorator' retrieved from /home/airflow/.local/lib/python3.8/site-packages/airflow/example_dags/example_python_decorator.py
[2026-04-29T11:35:12.893+0000] {logging_mixin.py:188} INFO - [2026-04-29T11:35:12.893+0000] {dag.py:3047} INFO - Sync 1 DAGs
[2026-04-29T11:35:12.907+0000] {logging_mixin.py:188} INFO - [2026-04-29T11:35:12.907+0000] {dag.py:3834} INFO - Setting next_dagrun for example_python_decorator to None, run_after=None
[2026-04-29T11:35:12.923+0000] {processor.py:183} INFO - Processing /home/airflow/.local/lib/python3.8/site-packages/airflow/example_dags/example_python_decorator.py took 0.064 seconds
[2026-04-29T11:35:43.207+0000] {processor.py:161} INFO - Started process (PID=339) to work on /home/airflow/.local/lib/python3.8/site-packages/airflow/example_dags/example_python_decorator.py
[2026-04-29T11:35:43.208+0000] {processor.py:830} INFO - Processing file /home/airflow/.local/lib/python3.8/site-packages/airflow/example_dags/example_python_decorator.py for tasks to queue
[2026-04-29T11:35:43.210+0000] {logging_mixin.py:188} INFO - [2026-04-29T11:35:43.210+0000] {dagbag.py:540} INFO - Filling up the DagBag from /home/airflow/.local/lib/python3.8/site-packages/airflow/example_dags/example_python_decorator.py
[2026-04-29T11:35:43.225+0000] {processor.py:840} INFO - DAG(s) 'example_python_decorator' retrieved from /home/airflow/.local/lib/python3.8/site-packages/airflow/example_dags/example_python_decorator.py
[2026-04-29T11:35:43.250+0000] {logging_mixin.py:188} INFO - [2026-04-29T11:35:43.250+0000] {dag.py:3047} INFO - Sync 1 DAGs
[2026-04-29T11:35:43.263+0000] {logging_mixin.py:188} INFO - [2026-04-29T11:35:43.263+0000] {dag.py:3834} INFO - Setting next_dagrun for example_python_decorator to None, run_after=None
[2026-04-29T11:35:43.284+0000] {processor.py:183} INFO - Processing /home/airflow/.local/lib/python3.8/site-packages/airflow/example_dags/example_python_decorator.py took 0.081 seconds
