[2026-04-29T11:33:21.329+0000] {processor.py:161} INFO - Started process (PID=103) to work on /home/airflow/.local/lib/python3.8/site-packages/airflow/example_dags/tutorial_dag.py
[2026-04-29T11:33:21.337+0000] {processor.py:830} INFO - Processing file /home/airflow/.local/lib/python3.8/site-packages/airflow/example_dags/tutorial_dag.py for tasks to queue
[2026-04-29T11:33:21.341+0000] {logging_mixin.py:188} INFO - [2026-04-29T11:33:21.341+0000] {dagbag.py:540} INFO - Filling up the DagBag from /home/airflow/.local/lib/python3.8/site-packages/airflow/example_dags/tutorial_dag.py
[2026-04-29T11:33:21.371+0000] {processor.py:840} INFO - DAG(s) 'tutorial_dag' retrieved from /home/airflow/.local/lib/python3.8/site-packages/airflow/example_dags/tutorial_dag.py
[2026-04-29T11:33:21.437+0000] {logging_mixin.py:188} INFO - [2026-04-29T11:33:21.436+0000] {dag.py:3047} INFO - Sync 1 DAGs
[2026-04-29T11:33:21.471+0000] {logging_mixin.py:188} INFO - [2026-04-29T11:33:21.470+0000] {dag.py:3834} INFO - Setting next_dagrun for tutorial_dag to None, run_after=None
[2026-04-29T11:33:21.514+0000] {processor.py:183} INFO - Processing /home/airflow/.local/lib/python3.8/site-packages/airflow/example_dags/tutorial_dag.py took 0.196 seconds
[2026-04-29T11:33:52.470+0000] {processor.py:161} INFO - Started process (PID=159) to work on /home/airflow/.local/lib/python3.8/site-packages/airflow/example_dags/tutorial_dag.py
[2026-04-29T11:33:52.471+0000] {processor.py:830} INFO - Processing file /home/airflow/.local/lib/python3.8/site-packages/airflow/example_dags/tutorial_dag.py for tasks to queue
[2026-04-29T11:33:52.473+0000] {logging_mixin.py:188} INFO - [2026-04-29T11:33:52.472+0000] {dagbag.py:540} INFO - Filling up the DagBag from /home/airflow/.local/lib/python3.8/site-packages/airflow/example_dags/tutorial_dag.py
[2026-04-29T11:33:52.479+0000] {processor.py:840} INFO - DAG(s) 'tutorial_dag' retrieved from /home/airflow/.local/lib/python3.8/site-packages/airflow/example_dags/tutorial_dag.py
[2026-04-29T11:33:52.501+0000] {logging_mixin.py:188} INFO - [2026-04-29T11:33:52.501+0000] {dag.py:3047} INFO - Sync 1 DAGs
[2026-04-29T11:33:52.515+0000] {logging_mixin.py:188} INFO - [2026-04-29T11:33:52.515+0000] {dag.py:3834} INFO - Setting next_dagrun for tutorial_dag to None, run_after=None
[2026-04-29T11:33:52.534+0000] {processor.py:183} INFO - Processing /home/airflow/.local/lib/python3.8/site-packages/airflow/example_dags/tutorial_dag.py took 0.068 seconds
[2026-04-29T11:34:22.712+0000] {processor.py:161} INFO - Started process (PID=215) to work on /home/airflow/.local/lib/python3.8/site-packages/airflow/example_dags/tutorial_dag.py
[2026-04-29T11:34:22.713+0000] {processor.py:830} INFO - Processing file /home/airflow/.local/lib/python3.8/site-packages/airflow/example_dags/tutorial_dag.py for tasks to queue
[2026-04-29T11:34:22.715+0000] {logging_mixin.py:188} INFO - [2026-04-29T11:34:22.715+0000] {dagbag.py:540} INFO - Filling up the DagBag from /home/airflow/.local/lib/python3.8/site-packages/airflow/example_dags/tutorial_dag.py
[2026-04-29T11:34:22.720+0000] {processor.py:840} INFO - DAG(s) 'tutorial_dag' retrieved from /home/airflow/.local/lib/python3.8/site-packages/airflow/example_dags/tutorial_dag.py
[2026-04-29T11:34:22.741+0000] {logging_mixin.py:188} INFO - [2026-04-29T11:34:22.741+0000] {dag.py:3047} INFO - Sync 1 DAGs
[2026-04-29T11:34:22.753+0000] {logging_mixin.py:188} INFO - [2026-04-29T11:34:22.753+0000] {dag.py:3834} INFO - Setting next_dagrun for tutorial_dag to None, run_after=None
[2026-04-29T11:34:22.768+0000] {processor.py:183} INFO - Processing /home/airflow/.local/lib/python3.8/site-packages/airflow/example_dags/tutorial_dag.py took 0.058 seconds
[2026-04-29T11:34:53.063+0000] {processor.py:161} INFO - Started process (PID=271) to work on /home/airflow/.local/lib/python3.8/site-packages/airflow/example_dags/tutorial_dag.py
[2026-04-29T11:34:53.064+0000] {processor.py:830} INFO - Processing file /home/airflow/.local/lib/python3.8/site-packages/airflow/example_dags/tutorial_dag.py for tasks to queue
[2026-04-29T11:34:53.066+0000] {logging_mixin.py:188} INFO - [2026-04-29T11:34:53.066+0000] {dagbag.py:540} INFO - Filling up the DagBag from /home/airflow/.local/lib/python3.8/site-packages/airflow/example_dags/tutorial_dag.py
[2026-04-29T11:34:53.072+0000] {processor.py:840} INFO - DAG(s) 'tutorial_dag' retrieved from /home/airflow/.local/lib/python3.8/site-packages/airflow/example_dags/tutorial_dag.py
[2026-04-29T11:34:53.096+0000] {logging_mixin.py:188} INFO - [2026-04-29T11:34:53.095+0000] {dag.py:3047} INFO - Sync 1 DAGs
[2026-04-29T11:34:53.110+0000] {logging_mixin.py:188} INFO - [2026-04-29T11:34:53.109+0000] {dag.py:3834} INFO - Setting next_dagrun for tutorial_dag to None, run_after=None
[2026-04-29T11:34:53.128+0000] {processor.py:183} INFO - Processing /home/airflow/.local/lib/python3.8/site-packages/airflow/example_dags/tutorial_dag.py took 0.069 seconds
[2026-04-29T11:35:23.490+0000] {processor.py:161} INFO - Started process (PID=327) to work on /home/airflow/.local/lib/python3.8/site-packages/airflow/example_dags/tutorial_dag.py
[2026-04-29T11:35:23.491+0000] {processor.py:830} INFO - Processing file /home/airflow/.local/lib/python3.8/site-packages/airflow/example_dags/tutorial_dag.py for tasks to queue
[2026-04-29T11:35:23.493+0000] {logging_mixin.py:188} INFO - [2026-04-29T11:35:23.493+0000] {dagbag.py:540} INFO - Filling up the DagBag from /home/airflow/.local/lib/python3.8/site-packages/airflow/example_dags/tutorial_dag.py
[2026-04-29T11:35:23.500+0000] {processor.py:840} INFO - DAG(s) 'tutorial_dag' retrieved from /home/airflow/.local/lib/python3.8/site-packages/airflow/example_dags/tutorial_dag.py
[2026-04-29T11:35:23.526+0000] {logging_mixin.py:188} INFO - [2026-04-29T11:35:23.526+0000] {dag.py:3047} INFO - Sync 1 DAGs
[2026-04-29T11:35:23.541+0000] {logging_mixin.py:188} INFO - [2026-04-29T11:35:23.541+0000] {dag.py:3834} INFO - Setting next_dagrun for tutorial_dag to None, run_after=None
[2026-04-29T11:35:23.562+0000] {processor.py:183} INFO - Processing /home/airflow/.local/lib/python3.8/site-packages/airflow/example_dags/tutorial_dag.py took 0.076 seconds
[2026-04-29T11:35:54.071+0000] {processor.py:161} INFO - Started process (PID=383) to work on /home/airflow/.local/lib/python3.8/site-packages/airflow/example_dags/tutorial_dag.py
[2026-04-29T11:35:54.072+0000] {processor.py:830} INFO - Processing file /home/airflow/.local/lib/python3.8/site-packages/airflow/example_dags/tutorial_dag.py for tasks to queue
[2026-04-29T11:35:54.074+0000] {logging_mixin.py:188} INFO - [2026-04-29T11:35:54.074+0000] {dagbag.py:540} INFO - Filling up the DagBag from /home/airflow/.local/lib/python3.8/site-packages/airflow/example_dags/tutorial_dag.py
[2026-04-29T11:35:54.080+0000] {processor.py:840} INFO - DAG(s) 'tutorial_dag' retrieved from /home/airflow/.local/lib/python3.8/site-packages/airflow/example_dags/tutorial_dag.py
[2026-04-29T11:35:54.108+0000] {logging_mixin.py:188} INFO - [2026-04-29T11:35:54.108+0000] {dag.py:3047} INFO - Sync 1 DAGs
[2026-04-29T11:35:54.150+0000] {logging_mixin.py:188} INFO - [2026-04-29T11:35:54.144+0000] {dag.py:3834} INFO - Setting next_dagrun for tutorial_dag to None, run_after=None
[2026-04-29T11:35:54.183+0000] {processor.py:183} INFO - Processing /home/airflow/.local/lib/python3.8/site-packages/airflow/example_dags/tutorial_dag.py took 0.116 seconds
