[2026-04-29T11:33:17.677+0000] {processor.py:161} INFO - Started process (PID=92) to work on /home/airflow/.local/lib/python3.8/site-packages/airflow/example_dags/tutorial_objectstorage.py
[2026-04-29T11:33:17.679+0000] {processor.py:830} INFO - Processing file /home/airflow/.local/lib/python3.8/site-packages/airflow/example_dags/tutorial_objectstorage.py for tasks to queue
[2026-04-29T11:33:17.694+0000] {logging_mixin.py:188} INFO - [2026-04-29T11:33:17.686+0000] {dagbag.py:540} INFO - Filling up the DagBag from /home/airflow/.local/lib/python3.8/site-packages/airflow/example_dags/tutorial_objectstorage.py
[2026-04-29T11:33:17.727+0000] {processor.py:840} INFO - DAG(s) 'tutorial_objectstorage' retrieved from /home/airflow/.local/lib/python3.8/site-packages/airflow/example_dags/tutorial_objectstorage.py
[2026-04-29T11:33:17.877+0000] {logging_mixin.py:188} INFO - [2026-04-29T11:33:17.877+0000] {dag.py:3047} INFO - Sync 1 DAGs
[2026-04-29T11:33:17.973+0000] {logging_mixin.py:188} INFO - [2026-04-29T11:33:17.973+0000] {dag.py:3834} INFO - Setting next_dagrun for tutorial_objectstorage to None, run_after=None
[2026-04-29T11:33:18.118+0000] {processor.py:183} INFO - Processing /home/airflow/.local/lib/python3.8/site-packages/airflow/example_dags/tutorial_objectstorage.py took 0.499 seconds
[2026-04-29T11:33:48.184+0000] {processor.py:161} INFO - Started process (PID=148) to work on /home/airflow/.local/lib/python3.8/site-packages/airflow/example_dags/tutorial_objectstorage.py
[2026-04-29T11:33:48.187+0000] {processor.py:830} INFO - Processing file /home/airflow/.local/lib/python3.8/site-packages/airflow/example_dags/tutorial_objectstorage.py for tasks to queue
[2026-04-29T11:33:48.193+0000] {logging_mixin.py:188} INFO - [2026-04-29T11:33:48.193+0000] {dagbag.py:540} INFO - Filling up the DagBag from /home/airflow/.local/lib/python3.8/site-packages/airflow/example_dags/tutorial_objectstorage.py
[2026-04-29T11:33:48.213+0000] {processor.py:840} INFO - DAG(s) 'tutorial_objectstorage' retrieved from /home/airflow/.local/lib/python3.8/site-packages/airflow/example_dags/tutorial_objectstorage.py
[2026-04-29T11:33:48.310+0000] {logging_mixin.py:188} INFO - [2026-04-29T11:33:48.310+0000] {dag.py:3047} INFO - Sync 1 DAGs
[2026-04-29T11:33:48.327+0000] {logging_mixin.py:188} INFO - [2026-04-29T11:33:48.326+0000] {dag.py:3834} INFO - Setting next_dagrun for tutorial_objectstorage to None, run_after=None
[2026-04-29T11:33:48.360+0000] {processor.py:183} INFO - Processing /home/airflow/.local/lib/python3.8/site-packages/airflow/example_dags/tutorial_objectstorage.py took 0.180 seconds
[2026-04-29T11:34:18.958+0000] {processor.py:161} INFO - Started process (PID=204) to work on /home/airflow/.local/lib/python3.8/site-packages/airflow/example_dags/tutorial_objectstorage.py
[2026-04-29T11:34:18.959+0000] {processor.py:830} INFO - Processing file /home/airflow/.local/lib/python3.8/site-packages/airflow/example_dags/tutorial_objectstorage.py for tasks to queue
[2026-04-29T11:34:18.962+0000] {logging_mixin.py:188} INFO - [2026-04-29T11:34:18.961+0000] {dagbag.py:540} INFO - Filling up the DagBag from /home/airflow/.local/lib/python3.8/site-packages/airflow/example_dags/tutorial_objectstorage.py
[2026-04-29T11:34:18.979+0000] {processor.py:840} INFO - DAG(s) 'tutorial_objectstorage' retrieved from /home/airflow/.local/lib/python3.8/site-packages/airflow/example_dags/tutorial_objectstorage.py
[2026-04-29T11:34:19.033+0000] {logging_mixin.py:188} INFO - [2026-04-29T11:34:19.033+0000] {dag.py:3047} INFO - Sync 1 DAGs
[2026-04-29T11:34:19.048+0000] {logging_mixin.py:188} INFO - [2026-04-29T11:34:19.048+0000] {dag.py:3834} INFO - Setting next_dagrun for tutorial_objectstorage to None, run_after=None
[2026-04-29T11:34:19.069+0000] {processor.py:183} INFO - Processing /home/airflow/.local/lib/python3.8/site-packages/airflow/example_dags/tutorial_objectstorage.py took 0.115 seconds
