[2026-04-29T11:33:14.564+0000] {processor.py:161} INFO - Started process (PID=77) to work on /home/airflow/.local/lib/python3.8/site-packages/airflow/example_dags/tutorial.py
[2026-04-29T11:33:14.569+0000] {processor.py:830} INFO - Processing file /home/airflow/.local/lib/python3.8/site-packages/airflow/example_dags/tutorial.py for tasks to queue
[2026-04-29T11:33:14.576+0000] {logging_mixin.py:188} INFO - [2026-04-29T11:33:14.576+0000] {dagbag.py:540} INFO - Filling up the DagBag from /home/airflow/.local/lib/python3.8/site-packages/airflow/example_dags/tutorial.py
[2026-04-29T11:33:14.611+0000] {processor.py:840} INFO - DAG(s) 'tutorial' retrieved from /home/airflow/.local/lib/python3.8/site-packages/airflow/example_dags/tutorial.py
[2026-04-29T11:33:14.714+0000] {logging_mixin.py:188} INFO - [2026-04-29T11:33:14.711+0000] {dag.py:3047} INFO - Sync 1 DAGs
[2026-04-29T11:33:14.822+0000] {logging_mixin.py:188} INFO - [2026-04-29T11:33:14.821+0000] {dag.py:3834} INFO - Setting next_dagrun for tutorial to 2026-04-28 00:00:00+00:00, run_after=2026-04-29 00:00:00+00:00
[2026-04-29T11:33:14.882+0000] {processor.py:183} INFO - Processing /home/airflow/.local/lib/python3.8/site-packages/airflow/example_dags/tutorial.py took 0.341 seconds
[2026-04-29T11:33:45.428+0000] {processor.py:161} INFO - Started process (PID=133) to work on /home/airflow/.local/lib/python3.8/site-packages/airflow/example_dags/tutorial.py
[2026-04-29T11:33:45.429+0000] {processor.py:830} INFO - Processing file /home/airflow/.local/lib/python3.8/site-packages/airflow/example_dags/tutorial.py for tasks to queue
[2026-04-29T11:33:45.431+0000] {logging_mixin.py:188} INFO - [2026-04-29T11:33:45.431+0000] {dagbag.py:540} INFO - Filling up the DagBag from /home/airflow/.local/lib/python3.8/site-packages/airflow/example_dags/tutorial.py
[2026-04-29T11:33:45.438+0000] {processor.py:840} INFO - DAG(s) 'tutorial' retrieved from /home/airflow/.local/lib/python3.8/site-packages/airflow/example_dags/tutorial.py
[2026-04-29T11:33:45.460+0000] {logging_mixin.py:188} INFO - [2026-04-29T11:33:45.460+0000] {dag.py:3047} INFO - Sync 1 DAGs
[2026-04-29T11:33:45.520+0000] {logging_mixin.py:188} INFO - [2026-04-29T11:33:45.518+0000] {dag.py:3834} INFO - Setting next_dagrun for tutorial to 2026-04-28 00:00:00+00:00, run_after=2026-04-29 00:00:00+00:00
[2026-04-29T11:33:45.557+0000] {processor.py:183} INFO - Processing /home/airflow/.local/lib/python3.8/site-packages/airflow/example_dags/tutorial.py took 0.132 seconds
[2026-04-29T11:34:16.449+0000] {processor.py:161} INFO - Started process (PID=189) to work on /home/airflow/.local/lib/python3.8/site-packages/airflow/example_dags/tutorial.py
[2026-04-29T11:34:16.450+0000] {processor.py:830} INFO - Processing file /home/airflow/.local/lib/python3.8/site-packages/airflow/example_dags/tutorial.py for tasks to queue
[2026-04-29T11:34:16.452+0000] {logging_mixin.py:188} INFO - [2026-04-29T11:34:16.451+0000] {dagbag.py:540} INFO - Filling up the DagBag from /home/airflow/.local/lib/python3.8/site-packages/airflow/example_dags/tutorial.py
[2026-04-29T11:34:16.457+0000] {processor.py:840} INFO - DAG(s) 'tutorial' retrieved from /home/airflow/.local/lib/python3.8/site-packages/airflow/example_dags/tutorial.py
[2026-04-29T11:34:16.474+0000] {logging_mixin.py:188} INFO - [2026-04-29T11:34:16.474+0000] {dag.py:3047} INFO - Sync 1 DAGs
[2026-04-29T11:34:16.491+0000] {logging_mixin.py:188} INFO - [2026-04-29T11:34:16.491+0000] {dag.py:3834} INFO - Setting next_dagrun for tutorial to 2026-04-28 00:00:00+00:00, run_after=2026-04-29 00:00:00+00:00
[2026-04-29T11:34:16.505+0000] {processor.py:183} INFO - Processing /home/airflow/.local/lib/python3.8/site-packages/airflow/example_dags/tutorial.py took 0.058 seconds
