[2026-04-29T11:33:16.291+0000] {processor.py:161} INFO - Started process (PID=83) to work on /home/airflow/.local/lib/python3.8/site-packages/airflow/example_dags/tutorial_taskflow_api.py
[2026-04-29T11:33:16.307+0000] {processor.py:830} INFO - Processing file /home/airflow/.local/lib/python3.8/site-packages/airflow/example_dags/tutorial_taskflow_api.py for tasks to queue
[2026-04-29T11:33:16.318+0000] {logging_mixin.py:188} INFO - [2026-04-29T11:33:16.317+0000] {dagbag.py:540} INFO - Filling up the DagBag from /home/airflow/.local/lib/python3.8/site-packages/airflow/example_dags/tutorial_taskflow_api.py
[2026-04-29T11:33:16.385+0000] {processor.py:840} INFO - DAG(s) 'tutorial_taskflow_api' retrieved from /home/airflow/.local/lib/python3.8/site-packages/airflow/example_dags/tutorial_taskflow_api.py
[2026-04-29T11:33:16.581+0000] {logging_mixin.py:188} INFO - [2026-04-29T11:33:16.581+0000] {dag.py:3047} INFO - Sync 1 DAGs
[2026-04-29T11:33:16.649+0000] {logging_mixin.py:188} INFO - [2026-04-29T11:33:16.648+0000] {dag.py:3834} INFO - Setting next_dagrun for tutorial_taskflow_api to None, run_after=None
[2026-04-29T11:33:16.758+0000] {processor.py:183} INFO - Processing /home/airflow/.local/lib/python3.8/site-packages/airflow/example_dags/tutorial_taskflow_api.py took 0.482 seconds
[2026-04-29T11:33:46.946+0000] {processor.py:161} INFO - Started process (PID=139) to work on /home/airflow/.local/lib/python3.8/site-packages/airflow/example_dags/tutorial_taskflow_api.py
[2026-04-29T11:33:46.947+0000] {processor.py:830} INFO - Processing file /home/airflow/.local/lib/python3.8/site-packages/airflow/example_dags/tutorial_taskflow_api.py for tasks to queue
[2026-04-29T11:33:46.949+0000] {logging_mixin.py:188} INFO - [2026-04-29T11:33:46.949+0000] {dagbag.py:540} INFO - Filling up the DagBag from /home/airflow/.local/lib/python3.8/site-packages/airflow/example_dags/tutorial_taskflow_api.py
[2026-04-29T11:33:46.954+0000] {processor.py:840} INFO - DAG(s) 'tutorial_taskflow_api' retrieved from /home/airflow/.local/lib/python3.8/site-packages/airflow/example_dags/tutorial_taskflow_api.py
[2026-04-29T11:33:46.972+0000] {logging_mixin.py:188} INFO - [2026-04-29T11:33:46.972+0000] {dag.py:3047} INFO - Sync 1 DAGs
[2026-04-29T11:33:46.984+0000] {logging_mixin.py:188} INFO - [2026-04-29T11:33:46.983+0000] {dag.py:3834} INFO - Setting next_dagrun for tutorial_taskflow_api to None, run_after=None
[2026-04-29T11:33:46.997+0000] {processor.py:183} INFO - Processing /home/airflow/.local/lib/python3.8/site-packages/airflow/example_dags/tutorial_taskflow_api.py took 0.054 seconds
[2026-04-29T11:34:17.744+0000] {processor.py:161} INFO - Started process (PID=201) to work on /home/airflow/.local/lib/python3.8/site-packages/airflow/example_dags/tutorial_taskflow_api.py
[2026-04-29T11:34:17.745+0000] {processor.py:830} INFO - Processing file /home/airflow/.local/lib/python3.8/site-packages/airflow/example_dags/tutorial_taskflow_api.py for tasks to queue
[2026-04-29T11:34:17.747+0000] {logging_mixin.py:188} INFO - [2026-04-29T11:34:17.747+0000] {dagbag.py:540} INFO - Filling up the DagBag from /home/airflow/.local/lib/python3.8/site-packages/airflow/example_dags/tutorial_taskflow_api.py
[2026-04-29T11:34:17.755+0000] {processor.py:840} INFO - DAG(s) 'tutorial_taskflow_api' retrieved from /home/airflow/.local/lib/python3.8/site-packages/airflow/example_dags/tutorial_taskflow_api.py
[2026-04-29T11:34:17.778+0000] {logging_mixin.py:188} INFO - [2026-04-29T11:34:17.777+0000] {dag.py:3047} INFO - Sync 1 DAGs
[2026-04-29T11:34:17.791+0000] {logging_mixin.py:188} INFO - [2026-04-29T11:34:17.791+0000] {dag.py:3834} INFO - Setting next_dagrun for tutorial_taskflow_api to None, run_after=None
[2026-04-29T11:34:17.810+0000] {processor.py:183} INFO - Processing /home/airflow/.local/lib/python3.8/site-packages/airflow/example_dags/tutorial_taskflow_api.py took 0.070 seconds
[2026-04-29T11:34:48.183+0000] {processor.py:161} INFO - Started process (PID=257) to work on /home/airflow/.local/lib/python3.8/site-packages/airflow/example_dags/tutorial_taskflow_api.py
[2026-04-29T11:34:48.184+0000] {processor.py:830} INFO - Processing file /home/airflow/.local/lib/python3.8/site-packages/airflow/example_dags/tutorial_taskflow_api.py for tasks to queue
[2026-04-29T11:34:48.187+0000] {logging_mixin.py:188} INFO - [2026-04-29T11:34:48.187+0000] {dagbag.py:540} INFO - Filling up the DagBag from /home/airflow/.local/lib/python3.8/site-packages/airflow/example_dags/tutorial_taskflow_api.py
[2026-04-29T11:34:48.200+0000] {processor.py:840} INFO - DAG(s) 'tutorial_taskflow_api' retrieved from /home/airflow/.local/lib/python3.8/site-packages/airflow/example_dags/tutorial_taskflow_api.py
[2026-04-29T11:34:48.219+0000] {logging_mixin.py:188} INFO - [2026-04-29T11:34:48.219+0000] {dag.py:3047} INFO - Sync 1 DAGs
[2026-04-29T11:34:48.229+0000] {logging_mixin.py:188} INFO - [2026-04-29T11:34:48.228+0000] {dag.py:3834} INFO - Setting next_dagrun for tutorial_taskflow_api to None, run_after=None
[2026-04-29T11:34:48.242+0000] {processor.py:183} INFO - Processing /home/airflow/.local/lib/python3.8/site-packages/airflow/example_dags/tutorial_taskflow_api.py took 0.063 seconds
[2026-04-29T11:35:18.589+0000] {processor.py:161} INFO - Started process (PID=313) to work on /home/airflow/.local/lib/python3.8/site-packages/airflow/example_dags/tutorial_taskflow_api.py
[2026-04-29T11:35:18.590+0000] {processor.py:830} INFO - Processing file /home/airflow/.local/lib/python3.8/site-packages/airflow/example_dags/tutorial_taskflow_api.py for tasks to queue
[2026-04-29T11:35:18.592+0000] {logging_mixin.py:188} INFO - [2026-04-29T11:35:18.591+0000] {dagbag.py:540} INFO - Filling up the DagBag from /home/airflow/.local/lib/python3.8/site-packages/airflow/example_dags/tutorial_taskflow_api.py
[2026-04-29T11:35:18.599+0000] {processor.py:840} INFO - DAG(s) 'tutorial_taskflow_api' retrieved from /home/airflow/.local/lib/python3.8/site-packages/airflow/example_dags/tutorial_taskflow_api.py
[2026-04-29T11:35:18.621+0000] {logging_mixin.py:188} INFO - [2026-04-29T11:35:18.621+0000] {dag.py:3047} INFO - Sync 1 DAGs
[2026-04-29T11:35:18.631+0000] {logging_mixin.py:188} INFO - [2026-04-29T11:35:18.630+0000] {dag.py:3834} INFO - Setting next_dagrun for tutorial_taskflow_api to None, run_after=None
[2026-04-29T11:35:18.644+0000] {processor.py:183} INFO - Processing /home/airflow/.local/lib/python3.8/site-packages/airflow/example_dags/tutorial_taskflow_api.py took 0.060 seconds
[2026-04-29T11:35:49.038+0000] {processor.py:161} INFO - Started process (PID=369) to work on /home/airflow/.local/lib/python3.8/site-packages/airflow/example_dags/tutorial_taskflow_api.py
[2026-04-29T11:35:49.038+0000] {processor.py:830} INFO - Processing file /home/airflow/.local/lib/python3.8/site-packages/airflow/example_dags/tutorial_taskflow_api.py for tasks to queue
[2026-04-29T11:35:49.041+0000] {logging_mixin.py:188} INFO - [2026-04-29T11:35:49.040+0000] {dagbag.py:540} INFO - Filling up the DagBag from /home/airflow/.local/lib/python3.8/site-packages/airflow/example_dags/tutorial_taskflow_api.py
[2026-04-29T11:35:49.048+0000] {processor.py:840} INFO - DAG(s) 'tutorial_taskflow_api' retrieved from /home/airflow/.local/lib/python3.8/site-packages/airflow/example_dags/tutorial_taskflow_api.py
[2026-04-29T11:35:49.069+0000] {logging_mixin.py:188} INFO - [2026-04-29T11:35:49.069+0000] {dag.py:3047} INFO - Sync 1 DAGs
[2026-04-29T11:35:49.083+0000] {logging_mixin.py:188} INFO - [2026-04-29T11:35:49.083+0000] {dag.py:3834} INFO - Setting next_dagrun for tutorial_taskflow_api to None, run_after=None
[2026-04-29T11:35:49.102+0000] {processor.py:183} INFO - Processing /home/airflow/.local/lib/python3.8/site-packages/airflow/example_dags/tutorial_taskflow_api.py took 0.068 seconds
