[2026-04-29T11:33:09.547+0000] {processor.py:161} INFO - Started process (PID=56) to work on /opt/airflow/dags/dag_1.py
[2026-04-29T11:33:09.548+0000] {processor.py:830} INFO - Processing file /opt/airflow/dags/dag_1.py for tasks to queue
[2026-04-29T11:33:09.551+0000] {logging_mixin.py:188} INFO - [2026-04-29T11:33:09.550+0000] {dagbag.py:540} INFO - Filling up the DagBag from /opt/airflow/dags/dag_1.py
[2026-04-29T11:33:09.578+0000] {processor.py:840} INFO - DAG(s) 'first_dag' retrieved from /opt/airflow/dags/dag_1.py
[2026-04-29T11:33:09.822+0000] {logging_mixin.py:188} INFO - [2026-04-29T11:33:09.822+0000] {dag.py:3047} INFO - Sync 1 DAGs
[2026-04-29T11:33:09.924+0000] {logging_mixin.py:188} INFO - [2026-04-29T11:33:09.924+0000] {dag.py:3834} INFO - Setting next_dagrun for first_dag to 2026-04-29 00:00:00+00:00, run_after=2026-04-30 00:00:00+00:00
[2026-04-29T11:33:09.970+0000] {processor.py:183} INFO - Processing /opt/airflow/dags/dag_1.py took 0.426 seconds
[2026-04-29T11:33:40.100+0000] {processor.py:161} INFO - Started process (PID=112) to work on /opt/airflow/dags/dag_1.py
[2026-04-29T11:33:40.105+0000] {processor.py:830} INFO - Processing file /opt/airflow/dags/dag_1.py for tasks to queue
[2026-04-29T11:33:40.110+0000] {logging_mixin.py:188} INFO - [2026-04-29T11:33:40.110+0000] {dagbag.py:540} INFO - Filling up the DagBag from /opt/airflow/dags/dag_1.py
[2026-04-29T11:33:40.157+0000] {processor.py:840} INFO - DAG(s) 'first_dag' retrieved from /opt/airflow/dags/dag_1.py
[2026-04-29T11:33:40.213+0000] {logging_mixin.py:188} INFO - [2026-04-29T11:33:40.212+0000] {dag.py:3047} INFO - Sync 1 DAGs
[2026-04-29T11:33:40.239+0000] {logging_mixin.py:188} INFO - [2026-04-29T11:33:40.239+0000] {dag.py:3834} INFO - Setting next_dagrun for first_dag to 2026-04-29 00:00:00+00:00, run_after=2026-04-30 00:00:00+00:00
[2026-04-29T11:33:40.252+0000] {processor.py:183} INFO - Processing /opt/airflow/dags/dag_1.py took 0.155 seconds
[2026-04-29T11:34:10.271+0000] {processor.py:161} INFO - Started process (PID=168) to work on /opt/airflow/dags/dag_1.py
[2026-04-29T11:34:10.272+0000] {processor.py:830} INFO - Processing file /opt/airflow/dags/dag_1.py for tasks to queue
[2026-04-29T11:34:10.274+0000] {logging_mixin.py:188} INFO - [2026-04-29T11:34:10.274+0000] {dagbag.py:540} INFO - Filling up the DagBag from /opt/airflow/dags/dag_1.py
[2026-04-29T11:34:10.283+0000] {processor.py:840} INFO - DAG(s) 'first_dag' retrieved from /opt/airflow/dags/dag_1.py
[2026-04-29T11:34:10.308+0000] {logging_mixin.py:188} INFO - [2026-04-29T11:34:10.307+0000] {dag.py:3047} INFO - Sync 1 DAGs
[2026-04-29T11:34:10.335+0000] {logging_mixin.py:188} INFO - [2026-04-29T11:34:10.334+0000] {dag.py:3834} INFO - Setting next_dagrun for first_dag to 2026-04-29 00:00:00+00:00, run_after=2026-04-30 00:00:00+00:00
[2026-04-29T11:34:10.352+0000] {processor.py:183} INFO - Processing /opt/airflow/dags/dag_1.py took 0.085 seconds
[2026-04-29T11:34:40.559+0000] {processor.py:161} INFO - Started process (PID=224) to work on /opt/airflow/dags/dag_1.py
[2026-04-29T11:34:40.560+0000] {processor.py:830} INFO - Processing file /opt/airflow/dags/dag_1.py for tasks to queue
[2026-04-29T11:34:40.562+0000] {logging_mixin.py:188} INFO - [2026-04-29T11:34:40.562+0000] {dagbag.py:540} INFO - Filling up the DagBag from /opt/airflow/dags/dag_1.py
[2026-04-29T11:34:40.571+0000] {processor.py:840} INFO - DAG(s) 'first_dag' retrieved from /opt/airflow/dags/dag_1.py
[2026-04-29T11:34:40.592+0000] {logging_mixin.py:188} INFO - [2026-04-29T11:34:40.592+0000] {dag.py:3047} INFO - Sync 1 DAGs
[2026-04-29T11:34:40.620+0000] {logging_mixin.py:188} INFO - [2026-04-29T11:34:40.618+0000] {dag.py:3834} INFO - Setting next_dagrun for first_dag to 2026-04-29 00:00:00+00:00, run_after=2026-04-30 00:00:00+00:00
[2026-04-29T11:34:40.654+0000] {processor.py:183} INFO - Processing /opt/airflow/dags/dag_1.py took 0.099 seconds
[2026-04-29T11:35:10.732+0000] {processor.py:161} INFO - Started process (PID=280) to work on /opt/airflow/dags/dag_1.py
[2026-04-29T11:35:10.736+0000] {processor.py:830} INFO - Processing file /opt/airflow/dags/dag_1.py for tasks to queue
[2026-04-29T11:35:10.738+0000] {logging_mixin.py:188} INFO - [2026-04-29T11:35:10.738+0000] {dagbag.py:540} INFO - Filling up the DagBag from /opt/airflow/dags/dag_1.py
[2026-04-29T11:35:10.756+0000] {processor.py:840} INFO - DAG(s) 'first_dag' retrieved from /opt/airflow/dags/dag_1.py
[2026-04-29T11:35:10.786+0000] {logging_mixin.py:188} INFO - [2026-04-29T11:35:10.785+0000] {dag.py:3047} INFO - Sync 1 DAGs
[2026-04-29T11:35:10.813+0000] {logging_mixin.py:188} INFO - [2026-04-29T11:35:10.813+0000] {dag.py:3834} INFO - Setting next_dagrun for first_dag to 2026-04-29 00:00:00+00:00, run_after=2026-04-30 00:00:00+00:00
[2026-04-29T11:35:10.832+0000] {processor.py:183} INFO - Processing /opt/airflow/dags/dag_1.py took 0.104 seconds
[2026-04-29T11:35:41.168+0000] {processor.py:161} INFO - Started process (PID=336) to work on /opt/airflow/dags/dag_1.py
[2026-04-29T11:35:41.169+0000] {processor.py:830} INFO - Processing file /opt/airflow/dags/dag_1.py for tasks to queue
[2026-04-29T11:35:41.171+0000] {logging_mixin.py:188} INFO - [2026-04-29T11:35:41.170+0000] {dagbag.py:540} INFO - Filling up the DagBag from /opt/airflow/dags/dag_1.py
[2026-04-29T11:35:41.180+0000] {processor.py:840} INFO - DAG(s) 'first_dag' retrieved from /opt/airflow/dags/dag_1.py
[2026-04-29T11:35:41.207+0000] {logging_mixin.py:188} INFO - [2026-04-29T11:35:41.206+0000] {dag.py:3047} INFO - Sync 1 DAGs
[2026-04-29T11:35:41.233+0000] {logging_mixin.py:188} INFO - [2026-04-29T11:35:41.233+0000] {dag.py:3834} INFO - Setting next_dagrun for first_dag to 2026-04-29 00:00:00+00:00, run_after=2026-04-30 00:00:00+00:00
[2026-04-29T11:35:41.252+0000] {processor.py:183} INFO - Processing /opt/airflow/dags/dag_1.py took 0.088 seconds
[2026-04-29T11:37:21.488+0000] {processor.py:161} INFO - Started process (PID=63) to work on /opt/airflow/dags/dag_1.py
[2026-04-29T11:37:21.492+0000] {processor.py:830} INFO - Processing file /opt/airflow/dags/dag_1.py for tasks to queue
[2026-04-29T11:37:21.500+0000] {logging_mixin.py:188} INFO - [2026-04-29T11:37:21.500+0000] {dagbag.py:540} INFO - Filling up the DagBag from /opt/airflow/dags/dag_1.py
[2026-04-29T11:37:21.661+0000] {processor.py:840} INFO - DAG(s) 'first_dag' retrieved from /opt/airflow/dags/dag_1.py
[2026-04-29T11:37:22.386+0000] {logging_mixin.py:188} INFO - [2026-04-29T11:37:22.386+0000] {dag.py:3047} INFO - Sync 1 DAGs
[2026-04-29T11:37:22.457+0000] {logging_mixin.py:188} INFO - [2026-04-29T11:37:22.455+0000] {dag.py:3834} INFO - Setting next_dagrun for first_dag to 2026-04-29 00:00:00+00:00, run_after=2026-04-30 00:00:00+00:00
[2026-04-29T11:37:22.536+0000] {processor.py:183} INFO - Processing /opt/airflow/dags/dag_1.py took 1.068 seconds
[2026-04-29T11:37:52.623+0000] {processor.py:161} INFO - Started process (PID=70) to work on /opt/airflow/dags/dag_1.py
[2026-04-29T11:37:52.624+0000] {processor.py:830} INFO - Processing file /opt/airflow/dags/dag_1.py for tasks to queue
[2026-04-29T11:37:52.626+0000] {logging_mixin.py:188} INFO - [2026-04-29T11:37:52.626+0000] {dagbag.py:540} INFO - Filling up the DagBag from /opt/airflow/dags/dag_1.py
[2026-04-29T11:37:52.639+0000] {processor.py:840} INFO - DAG(s) 'first_dag' retrieved from /opt/airflow/dags/dag_1.py
[2026-04-29T11:37:52.661+0000] {logging_mixin.py:188} INFO - [2026-04-29T11:37:52.661+0000] {dag.py:3047} INFO - Sync 1 DAGs
[2026-04-29T11:37:52.680+0000] {logging_mixin.py:188} INFO - [2026-04-29T11:37:52.679+0000] {dag.py:3834} INFO - Setting next_dagrun for first_dag to 2026-04-29 00:00:00+00:00, run_after=2026-04-30 00:00:00+00:00
[2026-04-29T11:37:52.692+0000] {processor.py:183} INFO - Processing /opt/airflow/dags/dag_1.py took 0.072 seconds
[2026-04-29T11:38:22.736+0000] {processor.py:161} INFO - Started process (PID=77) to work on /opt/airflow/dags/dag_1.py
[2026-04-29T11:38:22.737+0000] {processor.py:830} INFO - Processing file /opt/airflow/dags/dag_1.py for tasks to queue
[2026-04-29T11:38:22.740+0000] {logging_mixin.py:188} INFO - [2026-04-29T11:38:22.739+0000] {dagbag.py:540} INFO - Filling up the DagBag from /opt/airflow/dags/dag_1.py
[2026-04-29T11:38:22.749+0000] {processor.py:840} INFO - DAG(s) 'first_dag' retrieved from /opt/airflow/dags/dag_1.py
[2026-04-29T11:38:22.778+0000] {logging_mixin.py:188} INFO - [2026-04-29T11:38:22.777+0000] {dag.py:3047} INFO - Sync 1 DAGs
[2026-04-29T11:38:22.797+0000] {logging_mixin.py:188} INFO - [2026-04-29T11:38:22.797+0000] {dag.py:3834} INFO - Setting next_dagrun for first_dag to 2026-04-29 00:00:00+00:00, run_after=2026-04-30 00:00:00+00:00
[2026-04-29T11:38:22.809+0000] {processor.py:183} INFO - Processing /opt/airflow/dags/dag_1.py took 0.076 seconds
[2026-04-29T11:38:52.846+0000] {processor.py:161} INFO - Started process (PID=84) to work on /opt/airflow/dags/dag_1.py
[2026-04-29T11:38:52.847+0000] {processor.py:830} INFO - Processing file /opt/airflow/dags/dag_1.py for tasks to queue
[2026-04-29T11:38:52.849+0000] {logging_mixin.py:188} INFO - [2026-04-29T11:38:52.848+0000] {dagbag.py:540} INFO - Filling up the DagBag from /opt/airflow/dags/dag_1.py
[2026-04-29T11:38:52.859+0000] {processor.py:840} INFO - DAG(s) 'first_dag' retrieved from /opt/airflow/dags/dag_1.py
[2026-04-29T11:38:52.880+0000] {logging_mixin.py:188} INFO - [2026-04-29T11:38:52.880+0000] {dag.py:3047} INFO - Sync 1 DAGs
[2026-04-29T11:38:52.898+0000] {logging_mixin.py:188} INFO - [2026-04-29T11:38:52.898+0000] {dag.py:3834} INFO - Setting next_dagrun for first_dag to 2026-04-29 00:00:00+00:00, run_after=2026-04-30 00:00:00+00:00
[2026-04-29T11:38:52.911+0000] {processor.py:183} INFO - Processing /opt/airflow/dags/dag_1.py took 0.069 seconds
[2026-04-29T11:39:23.026+0000] {processor.py:161} INFO - Started process (PID=91) to work on /opt/airflow/dags/dag_1.py
[2026-04-29T11:39:23.027+0000] {processor.py:830} INFO - Processing file /opt/airflow/dags/dag_1.py for tasks to queue
[2026-04-29T11:39:23.028+0000] {logging_mixin.py:188} INFO - [2026-04-29T11:39:23.028+0000] {dagbag.py:540} INFO - Filling up the DagBag from /opt/airflow/dags/dag_1.py
[2026-04-29T11:39:23.037+0000] {processor.py:840} INFO - DAG(s) 'first_dag' retrieved from /opt/airflow/dags/dag_1.py
[2026-04-29T11:39:23.058+0000] {logging_mixin.py:188} INFO - [2026-04-29T11:39:23.058+0000] {dag.py:3047} INFO - Sync 1 DAGs
[2026-04-29T11:39:23.076+0000] {logging_mixin.py:188} INFO - [2026-04-29T11:39:23.075+0000] {dag.py:3834} INFO - Setting next_dagrun for first_dag to 2026-04-29 00:00:00+00:00, run_after=2026-04-30 00:00:00+00:00
[2026-04-29T11:39:23.088+0000] {processor.py:183} INFO - Processing /opt/airflow/dags/dag_1.py took 0.065 seconds
[2026-04-29T11:39:53.137+0000] {processor.py:161} INFO - Started process (PID=98) to work on /opt/airflow/dags/dag_1.py
[2026-04-29T11:39:53.137+0000] {processor.py:830} INFO - Processing file /opt/airflow/dags/dag_1.py for tasks to queue
[2026-04-29T11:39:53.139+0000] {logging_mixin.py:188} INFO - [2026-04-29T11:39:53.139+0000] {dagbag.py:540} INFO - Filling up the DagBag from /opt/airflow/dags/dag_1.py
[2026-04-29T11:39:53.149+0000] {processor.py:840} INFO - DAG(s) 'first_dag' retrieved from /opt/airflow/dags/dag_1.py
[2026-04-29T11:39:53.170+0000] {logging_mixin.py:188} INFO - [2026-04-29T11:39:53.170+0000] {dag.py:3047} INFO - Sync 1 DAGs
[2026-04-29T11:39:53.189+0000] {logging_mixin.py:188} INFO - [2026-04-29T11:39:53.189+0000] {dag.py:3834} INFO - Setting next_dagrun for first_dag to 2026-04-29 00:00:00+00:00, run_after=2026-04-30 00:00:00+00:00
[2026-04-29T11:39:53.203+0000] {processor.py:183} INFO - Processing /opt/airflow/dags/dag_1.py took 0.069 seconds
[2026-04-29T11:40:23.307+0000] {processor.py:161} INFO - Started process (PID=105) to work on /opt/airflow/dags/dag_1.py
[2026-04-29T11:40:23.308+0000] {processor.py:830} INFO - Processing file /opt/airflow/dags/dag_1.py for tasks to queue
[2026-04-29T11:40:23.310+0000] {logging_mixin.py:188} INFO - [2026-04-29T11:40:23.309+0000] {dagbag.py:540} INFO - Filling up the DagBag from /opt/airflow/dags/dag_1.py
[2026-04-29T11:40:23.323+0000] {processor.py:840} INFO - DAG(s) 'first_dag' retrieved from /opt/airflow/dags/dag_1.py
[2026-04-29T11:40:23.353+0000] {logging_mixin.py:188} INFO - [2026-04-29T11:40:23.352+0000] {dag.py:3047} INFO - Sync 1 DAGs
[2026-04-29T11:40:23.380+0000] {logging_mixin.py:188} INFO - [2026-04-29T11:40:23.380+0000] {dag.py:3834} INFO - Setting next_dagrun for first_dag to 2026-04-29 00:00:00+00:00, run_after=2026-04-30 00:00:00+00:00
[2026-04-29T11:40:23.401+0000] {processor.py:183} INFO - Processing /opt/airflow/dags/dag_1.py took 0.102 seconds
[2026-04-29T11:40:53.437+0000] {processor.py:161} INFO - Started process (PID=112) to work on /opt/airflow/dags/dag_1.py
[2026-04-29T11:40:53.438+0000] {processor.py:830} INFO - Processing file /opt/airflow/dags/dag_1.py for tasks to queue
[2026-04-29T11:40:53.442+0000] {logging_mixin.py:188} INFO - [2026-04-29T11:40:53.440+0000] {dagbag.py:540} INFO - Filling up the DagBag from /opt/airflow/dags/dag_1.py
[2026-04-29T11:40:53.474+0000] {processor.py:840} INFO - DAG(s) 'first_dag' retrieved from /opt/airflow/dags/dag_1.py
[2026-04-29T11:40:53.507+0000] {logging_mixin.py:188} INFO - [2026-04-29T11:40:53.507+0000] {dag.py:3047} INFO - Sync 1 DAGs
[2026-04-29T11:40:53.536+0000] {logging_mixin.py:188} INFO - [2026-04-29T11:40:53.536+0000] {dag.py:3834} INFO - Setting next_dagrun for first_dag to 2026-04-29 00:00:00+00:00, run_after=2026-04-30 00:00:00+00:00
[2026-04-29T11:40:53.552+0000] {processor.py:183} INFO - Processing /opt/airflow/dags/dag_1.py took 0.120 seconds
[2026-04-29T11:41:23.645+0000] {processor.py:161} INFO - Started process (PID=119) to work on /opt/airflow/dags/dag_1.py
[2026-04-29T11:41:23.646+0000] {processor.py:830} INFO - Processing file /opt/airflow/dags/dag_1.py for tasks to queue
[2026-04-29T11:41:23.648+0000] {logging_mixin.py:188} INFO - [2026-04-29T11:41:23.648+0000] {dagbag.py:540} INFO - Filling up the DagBag from /opt/airflow/dags/dag_1.py
[2026-04-29T11:41:23.660+0000] {processor.py:840} INFO - DAG(s) 'first_dag' retrieved from /opt/airflow/dags/dag_1.py
[2026-04-29T11:41:23.694+0000] {logging_mixin.py:188} INFO - [2026-04-29T11:41:23.694+0000] {dag.py:3047} INFO - Sync 1 DAGs
[2026-04-29T11:41:23.721+0000] {logging_mixin.py:188} INFO - [2026-04-29T11:41:23.721+0000] {dag.py:3834} INFO - Setting next_dagrun for first_dag to 2026-04-29 00:00:00+00:00, run_after=2026-04-30 00:00:00+00:00
[2026-04-29T11:41:23.745+0000] {processor.py:183} INFO - Processing /opt/airflow/dags/dag_1.py took 0.103 seconds
[2026-04-29T11:41:53.778+0000] {processor.py:161} INFO - Started process (PID=126) to work on /opt/airflow/dags/dag_1.py
[2026-04-29T11:41:53.779+0000] {processor.py:830} INFO - Processing file /opt/airflow/dags/dag_1.py for tasks to queue
[2026-04-29T11:41:53.781+0000] {logging_mixin.py:188} INFO - [2026-04-29T11:41:53.781+0000] {dagbag.py:540} INFO - Filling up the DagBag from /opt/airflow/dags/dag_1.py
[2026-04-29T11:41:53.793+0000] {processor.py:840} INFO - DAG(s) 'first_dag' retrieved from /opt/airflow/dags/dag_1.py
[2026-04-29T11:41:53.816+0000] {logging_mixin.py:188} INFO - [2026-04-29T11:41:53.816+0000] {dag.py:3047} INFO - Sync 1 DAGs
[2026-04-29T11:41:53.834+0000] {logging_mixin.py:188} INFO - [2026-04-29T11:41:53.834+0000] {dag.py:3834} INFO - Setting next_dagrun for first_dag to 2026-04-29 00:00:00+00:00, run_after=2026-04-30 00:00:00+00:00
[2026-04-29T11:41:53.847+0000] {processor.py:183} INFO - Processing /opt/airflow/dags/dag_1.py took 0.072 seconds
[2026-04-29T11:42:23.912+0000] {processor.py:161} INFO - Started process (PID=133) to work on /opt/airflow/dags/dag_1.py
[2026-04-29T11:42:23.913+0000] {processor.py:830} INFO - Processing file /opt/airflow/dags/dag_1.py for tasks to queue
[2026-04-29T11:42:23.914+0000] {logging_mixin.py:188} INFO - [2026-04-29T11:42:23.914+0000] {dagbag.py:540} INFO - Filling up the DagBag from /opt/airflow/dags/dag_1.py
[2026-04-29T11:42:23.924+0000] {processor.py:840} INFO - DAG(s) 'first_dag' retrieved from /opt/airflow/dags/dag_1.py
[2026-04-29T11:42:23.947+0000] {logging_mixin.py:188} INFO - [2026-04-29T11:42:23.947+0000] {dag.py:3047} INFO - Sync 1 DAGs
[2026-04-29T11:42:23.964+0000] {logging_mixin.py:188} INFO - [2026-04-29T11:42:23.964+0000] {dag.py:3834} INFO - Setting next_dagrun for first_dag to 2026-04-29 00:00:00+00:00, run_after=2026-04-30 00:00:00+00:00
[2026-04-29T11:42:23.977+0000] {processor.py:183} INFO - Processing /opt/airflow/dags/dag_1.py took 0.068 seconds
[2026-04-29T11:42:54.084+0000] {processor.py:161} INFO - Started process (PID=140) to work on /opt/airflow/dags/dag_1.py
[2026-04-29T11:42:54.085+0000] {processor.py:830} INFO - Processing file /opt/airflow/dags/dag_1.py for tasks to queue
[2026-04-29T11:42:54.087+0000] {logging_mixin.py:188} INFO - [2026-04-29T11:42:54.087+0000] {dagbag.py:540} INFO - Filling up the DagBag from /opt/airflow/dags/dag_1.py
[2026-04-29T11:42:54.107+0000] {processor.py:840} INFO - DAG(s) 'first_dag' retrieved from /opt/airflow/dags/dag_1.py
[2026-04-29T11:42:54.128+0000] {logging_mixin.py:188} INFO - [2026-04-29T11:42:54.127+0000] {dag.py:3047} INFO - Sync 1 DAGs
[2026-04-29T11:42:54.145+0000] {logging_mixin.py:188} INFO - [2026-04-29T11:42:54.145+0000] {dag.py:3834} INFO - Setting next_dagrun for first_dag to 2026-04-29 00:00:00+00:00, run_after=2026-04-30 00:00:00+00:00
[2026-04-29T11:42:54.158+0000] {processor.py:183} INFO - Processing /opt/airflow/dags/dag_1.py took 0.080 seconds
[2026-04-29T11:43:24.199+0000] {processor.py:161} INFO - Started process (PID=147) to work on /opt/airflow/dags/dag_1.py
[2026-04-29T11:43:24.200+0000] {processor.py:830} INFO - Processing file /opt/airflow/dags/dag_1.py for tasks to queue
[2026-04-29T11:43:24.201+0000] {logging_mixin.py:188} INFO - [2026-04-29T11:43:24.201+0000] {dagbag.py:540} INFO - Filling up the DagBag from /opt/airflow/dags/dag_1.py
[2026-04-29T11:43:24.211+0000] {processor.py:840} INFO - DAG(s) 'first_dag' retrieved from /opt/airflow/dags/dag_1.py
[2026-04-29T11:43:24.232+0000] {logging_mixin.py:188} INFO - [2026-04-29T11:43:24.232+0000] {dag.py:3047} INFO - Sync 1 DAGs
[2026-04-29T11:43:24.252+0000] {logging_mixin.py:188} INFO - [2026-04-29T11:43:24.252+0000] {dag.py:3834} INFO - Setting next_dagrun for first_dag to 2026-04-29 00:00:00+00:00, run_after=2026-04-30 00:00:00+00:00
[2026-04-29T11:43:24.264+0000] {processor.py:183} INFO - Processing /opt/airflow/dags/dag_1.py took 0.069 seconds
[2026-04-29T11:43:54.374+0000] {processor.py:161} INFO - Started process (PID=154) to work on /opt/airflow/dags/dag_1.py
[2026-04-29T11:43:54.375+0000] {processor.py:830} INFO - Processing file /opt/airflow/dags/dag_1.py for tasks to queue
[2026-04-29T11:43:54.376+0000] {logging_mixin.py:188} INFO - [2026-04-29T11:43:54.376+0000] {dagbag.py:540} INFO - Filling up the DagBag from /opt/airflow/dags/dag_1.py
[2026-04-29T11:43:54.386+0000] {processor.py:840} INFO - DAG(s) 'first_dag' retrieved from /opt/airflow/dags/dag_1.py
[2026-04-29T11:43:54.406+0000] {logging_mixin.py:188} INFO - [2026-04-29T11:43:54.406+0000] {dag.py:3047} INFO - Sync 1 DAGs
[2026-04-29T11:43:54.423+0000] {logging_mixin.py:188} INFO - [2026-04-29T11:43:54.423+0000] {dag.py:3834} INFO - Setting next_dagrun for first_dag to 2026-04-29 00:00:00+00:00, run_after=2026-04-30 00:00:00+00:00
[2026-04-29T11:43:54.437+0000] {processor.py:183} INFO - Processing /opt/airflow/dags/dag_1.py took 0.066 seconds
[2026-04-29T11:44:24.496+0000] {processor.py:161} INFO - Started process (PID=161) to work on /opt/airflow/dags/dag_1.py
[2026-04-29T11:44:24.497+0000] {processor.py:830} INFO - Processing file /opt/airflow/dags/dag_1.py for tasks to queue
[2026-04-29T11:44:24.499+0000] {logging_mixin.py:188} INFO - [2026-04-29T11:44:24.499+0000] {dagbag.py:540} INFO - Filling up the DagBag from /opt/airflow/dags/dag_1.py
[2026-04-29T11:44:24.509+0000] {processor.py:840} INFO - DAG(s) 'first_dag' retrieved from /opt/airflow/dags/dag_1.py
[2026-04-29T11:44:24.531+0000] {logging_mixin.py:188} INFO - [2026-04-29T11:44:24.531+0000] {dag.py:3047} INFO - Sync 1 DAGs
[2026-04-29T11:44:24.548+0000] {logging_mixin.py:188} INFO - [2026-04-29T11:44:24.548+0000] {dag.py:3834} INFO - Setting next_dagrun for first_dag to 2026-04-29 00:00:00+00:00, run_after=2026-04-30 00:00:00+00:00
[2026-04-29T11:44:24.561+0000] {processor.py:183} INFO - Processing /opt/airflow/dags/dag_1.py took 0.068 seconds
[2026-04-29T11:44:54.647+0000] {processor.py:161} INFO - Started process (PID=167) to work on /opt/airflow/dags/dag_1.py
[2026-04-29T11:44:54.648+0000] {processor.py:830} INFO - Processing file /opt/airflow/dags/dag_1.py for tasks to queue
[2026-04-29T11:44:54.649+0000] {logging_mixin.py:188} INFO - [2026-04-29T11:44:54.649+0000] {dagbag.py:540} INFO - Filling up the DagBag from /opt/airflow/dags/dag_1.py
[2026-04-29T11:44:54.659+0000] {processor.py:840} INFO - DAG(s) 'first_dag' retrieved from /opt/airflow/dags/dag_1.py
[2026-04-29T11:44:54.679+0000] {logging_mixin.py:188} INFO - [2026-04-29T11:44:54.679+0000] {dag.py:3047} INFO - Sync 1 DAGs
[2026-04-29T11:44:54.696+0000] {logging_mixin.py:188} INFO - [2026-04-29T11:44:54.696+0000] {dag.py:3834} INFO - Setting next_dagrun for first_dag to 2026-04-29 00:00:00+00:00, run_after=2026-04-30 00:00:00+00:00
[2026-04-29T11:44:54.708+0000] {processor.py:183} INFO - Processing /opt/airflow/dags/dag_1.py took 0.065 seconds
[2026-04-29T11:45:24.759+0000] {processor.py:161} INFO - Started process (PID=174) to work on /opt/airflow/dags/dag_1.py
[2026-04-29T11:45:24.760+0000] {processor.py:830} INFO - Processing file /opt/airflow/dags/dag_1.py for tasks to queue
[2026-04-29T11:45:24.762+0000] {logging_mixin.py:188} INFO - [2026-04-29T11:45:24.761+0000] {dagbag.py:540} INFO - Filling up the DagBag from /opt/airflow/dags/dag_1.py
[2026-04-29T11:45:24.772+0000] {processor.py:840} INFO - DAG(s) 'first_dag' retrieved from /opt/airflow/dags/dag_1.py
[2026-04-29T11:45:24.792+0000] {logging_mixin.py:188} INFO - [2026-04-29T11:45:24.792+0000] {dag.py:3047} INFO - Sync 1 DAGs
[2026-04-29T11:45:24.812+0000] {logging_mixin.py:188} INFO - [2026-04-29T11:45:24.812+0000] {dag.py:3834} INFO - Setting next_dagrun for first_dag to 2026-04-29 00:00:00+00:00, run_after=2026-04-30 00:00:00+00:00
[2026-04-29T11:45:24.825+0000] {processor.py:183} INFO - Processing /opt/airflow/dags/dag_1.py took 0.069 seconds
[2026-04-29T11:45:54.936+0000] {processor.py:161} INFO - Started process (PID=181) to work on /opt/airflow/dags/dag_1.py
[2026-04-29T11:45:54.937+0000] {processor.py:830} INFO - Processing file /opt/airflow/dags/dag_1.py for tasks to queue
[2026-04-29T11:45:54.938+0000] {logging_mixin.py:188} INFO - [2026-04-29T11:45:54.938+0000] {dagbag.py:540} INFO - Filling up the DagBag from /opt/airflow/dags/dag_1.py
[2026-04-29T11:45:54.948+0000] {processor.py:840} INFO - DAG(s) 'first_dag' retrieved from /opt/airflow/dags/dag_1.py
[2026-04-29T11:45:54.970+0000] {logging_mixin.py:188} INFO - [2026-04-29T11:45:54.970+0000] {dag.py:3047} INFO - Sync 1 DAGs
[2026-04-29T11:45:54.990+0000] {logging_mixin.py:188} INFO - [2026-04-29T11:45:54.990+0000] {dag.py:3834} INFO - Setting next_dagrun for first_dag to 2026-04-29 00:00:00+00:00, run_after=2026-04-30 00:00:00+00:00
[2026-04-29T11:45:55.003+0000] {processor.py:183} INFO - Processing /opt/airflow/dags/dag_1.py took 0.070 seconds
[2026-04-29T11:46:25.045+0000] {processor.py:161} INFO - Started process (PID=188) to work on /opt/airflow/dags/dag_1.py
[2026-04-29T11:46:25.046+0000] {processor.py:830} INFO - Processing file /opt/airflow/dags/dag_1.py for tasks to queue
[2026-04-29T11:46:25.048+0000] {logging_mixin.py:188} INFO - [2026-04-29T11:46:25.048+0000] {dagbag.py:540} INFO - Filling up the DagBag from /opt/airflow/dags/dag_1.py
[2026-04-29T11:46:25.058+0000] {processor.py:840} INFO - DAG(s) 'first_dag' retrieved from /opt/airflow/dags/dag_1.py
[2026-04-29T11:46:25.078+0000] {logging_mixin.py:188} INFO - [2026-04-29T11:46:25.078+0000] {dag.py:3047} INFO - Sync 1 DAGs
[2026-04-29T11:46:25.096+0000] {logging_mixin.py:188} INFO - [2026-04-29T11:46:25.096+0000] {dag.py:3834} INFO - Setting next_dagrun for first_dag to 2026-04-29 00:00:00+00:00, run_after=2026-04-30 00:00:00+00:00
[2026-04-29T11:46:25.109+0000] {processor.py:183} INFO - Processing /opt/airflow/dags/dag_1.py took 0.067 seconds
[2026-04-29T11:46:55.227+0000] {processor.py:161} INFO - Started process (PID=195) to work on /opt/airflow/dags/dag_1.py
[2026-04-29T11:46:55.228+0000] {processor.py:830} INFO - Processing file /opt/airflow/dags/dag_1.py for tasks to queue
[2026-04-29T11:46:55.230+0000] {logging_mixin.py:188} INFO - [2026-04-29T11:46:55.230+0000] {dagbag.py:540} INFO - Filling up the DagBag from /opt/airflow/dags/dag_1.py
[2026-04-29T11:46:55.240+0000] {processor.py:840} INFO - DAG(s) 'first_dag' retrieved from /opt/airflow/dags/dag_1.py
[2026-04-29T11:46:55.261+0000] {logging_mixin.py:188} INFO - [2026-04-29T11:46:55.261+0000] {dag.py:3047} INFO - Sync 1 DAGs
[2026-04-29T11:46:55.278+0000] {logging_mixin.py:188} INFO - [2026-04-29T11:46:55.278+0000] {dag.py:3834} INFO - Setting next_dagrun for first_dag to 2026-04-29 00:00:00+00:00, run_after=2026-04-30 00:00:00+00:00
[2026-04-29T11:46:55.291+0000] {processor.py:183} INFO - Processing /opt/airflow/dags/dag_1.py took 0.067 seconds
[2026-04-29T11:47:25.356+0000] {processor.py:161} INFO - Started process (PID=202) to work on /opt/airflow/dags/dag_1.py
[2026-04-29T11:47:25.357+0000] {processor.py:830} INFO - Processing file /opt/airflow/dags/dag_1.py for tasks to queue
[2026-04-29T11:47:25.358+0000] {logging_mixin.py:188} INFO - [2026-04-29T11:47:25.358+0000] {dagbag.py:540} INFO - Filling up the DagBag from /opt/airflow/dags/dag_1.py
[2026-04-29T11:47:25.368+0000] {processor.py:840} INFO - DAG(s) 'first_dag' retrieved from /opt/airflow/dags/dag_1.py
[2026-04-29T11:47:25.388+0000] {logging_mixin.py:188} INFO - [2026-04-29T11:47:25.388+0000] {dag.py:3047} INFO - Sync 1 DAGs
[2026-04-29T11:47:25.408+0000] {logging_mixin.py:188} INFO - [2026-04-29T11:47:25.407+0000] {dag.py:3834} INFO - Setting next_dagrun for first_dag to 2026-04-29 00:00:00+00:00, run_after=2026-04-30 00:00:00+00:00
[2026-04-29T11:47:25.423+0000] {processor.py:183} INFO - Processing /opt/airflow/dags/dag_1.py took 0.071 seconds
[2026-04-29T11:47:55.523+0000] {processor.py:161} INFO - Started process (PID=209) to work on /opt/airflow/dags/dag_1.py
[2026-04-29T11:47:55.524+0000] {processor.py:830} INFO - Processing file /opt/airflow/dags/dag_1.py for tasks to queue
[2026-04-29T11:47:55.526+0000] {logging_mixin.py:188} INFO - [2026-04-29T11:47:55.525+0000] {dagbag.py:540} INFO - Filling up the DagBag from /opt/airflow/dags/dag_1.py
[2026-04-29T11:47:55.535+0000] {processor.py:840} INFO - DAG(s) 'first_dag' retrieved from /opt/airflow/dags/dag_1.py
[2026-04-29T11:47:55.556+0000] {logging_mixin.py:188} INFO - [2026-04-29T11:47:55.555+0000] {dag.py:3047} INFO - Sync 1 DAGs
[2026-04-29T11:47:55.576+0000] {logging_mixin.py:188} INFO - [2026-04-29T11:47:55.576+0000] {dag.py:3834} INFO - Setting next_dagrun for first_dag to 2026-04-29 00:00:00+00:00, run_after=2026-04-30 00:00:00+00:00
[2026-04-29T11:47:55.589+0000] {processor.py:183} INFO - Processing /opt/airflow/dags/dag_1.py took 0.069 seconds
[2026-04-29T11:48:25.659+0000] {processor.py:161} INFO - Started process (PID=216) to work on /opt/airflow/dags/dag_1.py
[2026-04-29T11:48:25.660+0000] {processor.py:830} INFO - Processing file /opt/airflow/dags/dag_1.py for tasks to queue
[2026-04-29T11:48:25.662+0000] {logging_mixin.py:188} INFO - [2026-04-29T11:48:25.662+0000] {dagbag.py:540} INFO - Filling up the DagBag from /opt/airflow/dags/dag_1.py
[2026-04-29T11:48:25.680+0000] {processor.py:840} INFO - DAG(s) 'first_dag' retrieved from /opt/airflow/dags/dag_1.py
[2026-04-29T11:48:25.718+0000] {logging_mixin.py:188} INFO - [2026-04-29T11:48:25.717+0000] {dag.py:3047} INFO - Sync 1 DAGs
[2026-04-29T11:48:25.746+0000] {logging_mixin.py:188} INFO - [2026-04-29T11:48:25.746+0000] {dag.py:3834} INFO - Setting next_dagrun for first_dag to 2026-04-29 00:00:00+00:00, run_after=2026-04-30 00:00:00+00:00
[2026-04-29T11:48:25.764+0000] {processor.py:183} INFO - Processing /opt/airflow/dags/dag_1.py took 0.109 seconds
[2026-04-29T11:48:55.788+0000] {processor.py:161} INFO - Started process (PID=223) to work on /opt/airflow/dags/dag_1.py
[2026-04-29T11:48:55.789+0000] {processor.py:830} INFO - Processing file /opt/airflow/dags/dag_1.py for tasks to queue
[2026-04-29T11:48:55.790+0000] {logging_mixin.py:188} INFO - [2026-04-29T11:48:55.790+0000] {dagbag.py:540} INFO - Filling up the DagBag from /opt/airflow/dags/dag_1.py
[2026-04-29T11:48:55.801+0000] {processor.py:840} INFO - DAG(s) 'first_dag' retrieved from /opt/airflow/dags/dag_1.py
[2026-04-29T11:48:55.822+0000] {logging_mixin.py:188} INFO - [2026-04-29T11:48:55.822+0000] {dag.py:3047} INFO - Sync 1 DAGs
[2026-04-29T11:48:55.841+0000] {logging_mixin.py:188} INFO - [2026-04-29T11:48:55.841+0000] {dag.py:3834} INFO - Setting next_dagrun for first_dag to 2026-04-29 00:00:00+00:00, run_after=2026-04-30 00:00:00+00:00
[2026-04-29T11:48:55.855+0000] {processor.py:183} INFO - Processing /opt/airflow/dags/dag_1.py took 0.070 seconds
[2026-04-29T11:49:25.991+0000] {processor.py:161} INFO - Started process (PID=230) to work on /opt/airflow/dags/dag_1.py
[2026-04-29T11:49:25.992+0000] {processor.py:830} INFO - Processing file /opt/airflow/dags/dag_1.py for tasks to queue
[2026-04-29T11:49:25.994+0000] {logging_mixin.py:188} INFO - [2026-04-29T11:49:25.994+0000] {dagbag.py:540} INFO - Filling up the DagBag from /opt/airflow/dags/dag_1.py
[2026-04-29T11:49:26.003+0000] {processor.py:840} INFO - DAG(s) 'first_dag' retrieved from /opt/airflow/dags/dag_1.py
[2026-04-29T11:49:26.023+0000] {logging_mixin.py:188} INFO - [2026-04-29T11:49:26.023+0000] {dag.py:3047} INFO - Sync 1 DAGs
[2026-04-29T11:49:26.041+0000] {logging_mixin.py:188} INFO - [2026-04-29T11:49:26.041+0000] {dag.py:3834} INFO - Setting next_dagrun for first_dag to 2026-04-29 00:00:00+00:00, run_after=2026-04-30 00:00:00+00:00
[2026-04-29T11:49:26.054+0000] {processor.py:183} INFO - Processing /opt/airflow/dags/dag_1.py took 0.066 seconds
[2026-04-29T11:49:56.117+0000] {processor.py:161} INFO - Started process (PID=237) to work on /opt/airflow/dags/dag_1.py
[2026-04-29T11:49:56.118+0000] {processor.py:830} INFO - Processing file /opt/airflow/dags/dag_1.py for tasks to queue
[2026-04-29T11:49:56.122+0000] {logging_mixin.py:188} INFO - [2026-04-29T11:49:56.122+0000] {dagbag.py:540} INFO - Filling up the DagBag from /opt/airflow/dags/dag_1.py
[2026-04-29T11:49:56.139+0000] {processor.py:840} INFO - DAG(s) 'first_dag' retrieved from /opt/airflow/dags/dag_1.py
[2026-04-29T11:49:56.171+0000] {logging_mixin.py:188} INFO - [2026-04-29T11:49:56.171+0000] {dag.py:3047} INFO - Sync 1 DAGs
[2026-04-29T11:49:56.201+0000] {logging_mixin.py:188} INFO - [2026-04-29T11:49:56.201+0000] {dag.py:3834} INFO - Setting next_dagrun for first_dag to 2026-04-29 00:00:00+00:00, run_after=2026-04-30 00:00:00+00:00
[2026-04-29T11:49:56.220+0000] {processor.py:183} INFO - Processing /opt/airflow/dags/dag_1.py took 0.108 seconds
[2026-04-29T11:50:26.283+0000] {processor.py:161} INFO - Started process (PID=244) to work on /opt/airflow/dags/dag_1.py
[2026-04-29T11:50:26.284+0000] {processor.py:830} INFO - Processing file /opt/airflow/dags/dag_1.py for tasks to queue
[2026-04-29T11:50:26.286+0000] {logging_mixin.py:188} INFO - [2026-04-29T11:50:26.285+0000] {dagbag.py:540} INFO - Filling up the DagBag from /opt/airflow/dags/dag_1.py
[2026-04-29T11:50:26.295+0000] {processor.py:840} INFO - DAG(s) 'first_dag' retrieved from /opt/airflow/dags/dag_1.py
[2026-04-29T11:50:26.317+0000] {logging_mixin.py:188} INFO - [2026-04-29T11:50:26.317+0000] {dag.py:3047} INFO - Sync 1 DAGs
[2026-04-29T11:50:26.335+0000] {logging_mixin.py:188} INFO - [2026-04-29T11:50:26.335+0000] {dag.py:3834} INFO - Setting next_dagrun for first_dag to 2026-04-29 00:00:00+00:00, run_after=2026-04-30 00:00:00+00:00
[2026-04-29T11:50:26.348+0000] {processor.py:183} INFO - Processing /opt/airflow/dags/dag_1.py took 0.068 seconds
[2026-04-29T11:50:56.454+0000] {processor.py:161} INFO - Started process (PID=251) to work on /opt/airflow/dags/dag_1.py
[2026-04-29T11:50:56.454+0000] {processor.py:830} INFO - Processing file /opt/airflow/dags/dag_1.py for tasks to queue
[2026-04-29T11:50:56.456+0000] {logging_mixin.py:188} INFO - [2026-04-29T11:50:56.456+0000] {dagbag.py:540} INFO - Filling up the DagBag from /opt/airflow/dags/dag_1.py
[2026-04-29T11:50:56.465+0000] {processor.py:840} INFO - DAG(s) 'first_dag' retrieved from /opt/airflow/dags/dag_1.py
[2026-04-29T11:50:56.485+0000] {logging_mixin.py:188} INFO - [2026-04-29T11:50:56.485+0000] {dag.py:3047} INFO - Sync 1 DAGs
[2026-04-29T11:50:56.502+0000] {logging_mixin.py:188} INFO - [2026-04-29T11:50:56.502+0000] {dag.py:3834} INFO - Setting next_dagrun for first_dag to 2026-04-29 00:00:00+00:00, run_after=2026-04-30 00:00:00+00:00
[2026-04-29T11:50:56.514+0000] {processor.py:183} INFO - Processing /opt/airflow/dags/dag_1.py took 0.064 seconds
[2026-04-29T11:51:26.565+0000] {processor.py:161} INFO - Started process (PID=258) to work on /opt/airflow/dags/dag_1.py
[2026-04-29T11:51:26.566+0000] {processor.py:830} INFO - Processing file /opt/airflow/dags/dag_1.py for tasks to queue
[2026-04-29T11:51:26.568+0000] {logging_mixin.py:188} INFO - [2026-04-29T11:51:26.568+0000] {dagbag.py:540} INFO - Filling up the DagBag from /opt/airflow/dags/dag_1.py
[2026-04-29T11:51:26.578+0000] {processor.py:840} INFO - DAG(s) 'first_dag' retrieved from /opt/airflow/dags/dag_1.py
[2026-04-29T11:51:26.598+0000] {logging_mixin.py:188} INFO - [2026-04-29T11:51:26.598+0000] {dag.py:3047} INFO - Sync 1 DAGs
[2026-04-29T11:51:26.617+0000] {logging_mixin.py:188} INFO - [2026-04-29T11:51:26.616+0000] {dag.py:3834} INFO - Setting next_dagrun for first_dag to 2026-04-29 00:00:00+00:00, run_after=2026-04-30 00:00:00+00:00
[2026-04-29T11:51:26.630+0000] {processor.py:183} INFO - Processing /opt/airflow/dags/dag_1.py took 0.068 seconds
[2026-04-29T11:51:56.740+0000] {processor.py:161} INFO - Started process (PID=265) to work on /opt/airflow/dags/dag_1.py
[2026-04-29T11:51:56.741+0000] {processor.py:830} INFO - Processing file /opt/airflow/dags/dag_1.py for tasks to queue
[2026-04-29T11:51:56.743+0000] {logging_mixin.py:188} INFO - [2026-04-29T11:51:56.743+0000] {dagbag.py:540} INFO - Filling up the DagBag from /opt/airflow/dags/dag_1.py
[2026-04-29T11:51:56.752+0000] {processor.py:840} INFO - DAG(s) 'first_dag' retrieved from /opt/airflow/dags/dag_1.py
[2026-04-29T11:51:56.773+0000] {logging_mixin.py:188} INFO - [2026-04-29T11:51:56.773+0000] {dag.py:3047} INFO - Sync 1 DAGs
[2026-04-29T11:51:56.791+0000] {logging_mixin.py:188} INFO - [2026-04-29T11:51:56.791+0000] {dag.py:3834} INFO - Setting next_dagrun for first_dag to 2026-04-29 00:00:00+00:00, run_after=2026-04-30 00:00:00+00:00
[2026-04-29T11:51:56.803+0000] {processor.py:183} INFO - Processing /opt/airflow/dags/dag_1.py took 0.066 seconds
[2026-04-29T11:52:26.861+0000] {processor.py:161} INFO - Started process (PID=272) to work on /opt/airflow/dags/dag_1.py
[2026-04-29T11:52:26.862+0000] {processor.py:830} INFO - Processing file /opt/airflow/dags/dag_1.py for tasks to queue
[2026-04-29T11:52:26.864+0000] {logging_mixin.py:188} INFO - [2026-04-29T11:52:26.863+0000] {dagbag.py:540} INFO - Filling up the DagBag from /opt/airflow/dags/dag_1.py
[2026-04-29T11:52:26.874+0000] {processor.py:840} INFO - DAG(s) 'first_dag' retrieved from /opt/airflow/dags/dag_1.py
[2026-04-29T11:52:26.897+0000] {logging_mixin.py:188} INFO - [2026-04-29T11:52:26.897+0000] {dag.py:3047} INFO - Sync 1 DAGs
[2026-04-29T11:52:26.915+0000] {logging_mixin.py:188} INFO - [2026-04-29T11:52:26.914+0000] {dag.py:3834} INFO - Setting next_dagrun for first_dag to 2026-04-29 00:00:00+00:00, run_after=2026-04-30 00:00:00+00:00
[2026-04-29T11:52:26.928+0000] {processor.py:183} INFO - Processing /opt/airflow/dags/dag_1.py took 0.070 seconds
[2026-04-29T11:52:57.005+0000] {processor.py:161} INFO - Started process (PID=279) to work on /opt/airflow/dags/dag_1.py
[2026-04-29T11:52:57.006+0000] {processor.py:830} INFO - Processing file /opt/airflow/dags/dag_1.py for tasks to queue
[2026-04-29T11:52:57.007+0000] {logging_mixin.py:188} INFO - [2026-04-29T11:52:57.007+0000] {dagbag.py:540} INFO - Filling up the DagBag from /opt/airflow/dags/dag_1.py
[2026-04-29T11:52:57.019+0000] {processor.py:840} INFO - DAG(s) 'first_dag' retrieved from /opt/airflow/dags/dag_1.py
[2026-04-29T11:52:57.040+0000] {logging_mixin.py:188} INFO - [2026-04-29T11:52:57.040+0000] {dag.py:3047} INFO - Sync 1 DAGs
[2026-04-29T11:52:57.058+0000] {logging_mixin.py:188} INFO - [2026-04-29T11:52:57.058+0000] {dag.py:3834} INFO - Setting next_dagrun for first_dag to 2026-04-29 00:00:00+00:00, run_after=2026-04-30 00:00:00+00:00
[2026-04-29T11:52:57.072+0000] {processor.py:183} INFO - Processing /opt/airflow/dags/dag_1.py took 0.070 seconds
[2026-04-29T11:53:27.135+0000] {processor.py:161} INFO - Started process (PID=286) to work on /opt/airflow/dags/dag_1.py
[2026-04-29T11:53:27.136+0000] {processor.py:830} INFO - Processing file /opt/airflow/dags/dag_1.py for tasks to queue
[2026-04-29T11:53:27.138+0000] {logging_mixin.py:188} INFO - [2026-04-29T11:53:27.138+0000] {dagbag.py:540} INFO - Filling up the DagBag from /opt/airflow/dags/dag_1.py
[2026-04-29T11:53:27.148+0000] {processor.py:840} INFO - DAG(s) 'first_dag' retrieved from /opt/airflow/dags/dag_1.py
[2026-04-29T11:53:27.170+0000] {logging_mixin.py:188} INFO - [2026-04-29T11:53:27.170+0000] {dag.py:3047} INFO - Sync 1 DAGs
[2026-04-29T11:53:27.188+0000] {logging_mixin.py:188} INFO - [2026-04-29T11:53:27.187+0000] {dag.py:3834} INFO - Setting next_dagrun for first_dag to 2026-04-29 00:00:00+00:00, run_after=2026-04-30 00:00:00+00:00
[2026-04-29T11:53:27.200+0000] {processor.py:183} INFO - Processing /opt/airflow/dags/dag_1.py took 0.068 seconds
[2026-04-29T11:53:57.278+0000] {processor.py:161} INFO - Started process (PID=293) to work on /opt/airflow/dags/dag_1.py
[2026-04-29T11:53:57.279+0000] {processor.py:830} INFO - Processing file /opt/airflow/dags/dag_1.py for tasks to queue
[2026-04-29T11:53:57.280+0000] {logging_mixin.py:188} INFO - [2026-04-29T11:53:57.280+0000] {dagbag.py:540} INFO - Filling up the DagBag from /opt/airflow/dags/dag_1.py
[2026-04-29T11:53:57.295+0000] {processor.py:840} INFO - DAG(s) 'first_dag' retrieved from /opt/airflow/dags/dag_1.py
[2026-04-29T11:53:57.318+0000] {logging_mixin.py:188} INFO - [2026-04-29T11:53:57.318+0000] {dag.py:3047} INFO - Sync 1 DAGs
[2026-04-29T11:53:57.336+0000] {logging_mixin.py:188} INFO - [2026-04-29T11:53:57.335+0000] {dag.py:3834} INFO - Setting next_dagrun for first_dag to 2026-04-29 00:00:00+00:00, run_after=2026-04-30 00:00:00+00:00
[2026-04-29T11:53:57.349+0000] {processor.py:183} INFO - Processing /opt/airflow/dags/dag_1.py took 0.075 seconds
[2026-04-29T11:54:27.433+0000] {processor.py:161} INFO - Started process (PID=300) to work on /opt/airflow/dags/dag_1.py
[2026-04-29T11:54:27.433+0000] {processor.py:830} INFO - Processing file /opt/airflow/dags/dag_1.py for tasks to queue
[2026-04-29T11:54:27.435+0000] {logging_mixin.py:188} INFO - [2026-04-29T11:54:27.435+0000] {dagbag.py:540} INFO - Filling up the DagBag from /opt/airflow/dags/dag_1.py
[2026-04-29T11:54:27.446+0000] {processor.py:840} INFO - DAG(s) 'first_dag' retrieved from /opt/airflow/dags/dag_1.py
[2026-04-29T11:54:27.467+0000] {logging_mixin.py:188} INFO - [2026-04-29T11:54:27.467+0000] {dag.py:3047} INFO - Sync 1 DAGs
[2026-04-29T11:54:27.486+0000] {logging_mixin.py:188} INFO - [2026-04-29T11:54:27.486+0000] {dag.py:3834} INFO - Setting next_dagrun for first_dag to 2026-04-29 00:00:00+00:00, run_after=2026-04-30 00:00:00+00:00
[2026-04-29T11:54:27.499+0000] {processor.py:183} INFO - Processing /opt/airflow/dags/dag_1.py took 0.069 seconds
[2026-04-29T11:54:57.562+0000] {processor.py:161} INFO - Started process (PID=307) to work on /opt/airflow/dags/dag_1.py
[2026-04-29T11:54:57.563+0000] {processor.py:830} INFO - Processing file /opt/airflow/dags/dag_1.py for tasks to queue
[2026-04-29T11:54:57.565+0000] {logging_mixin.py:188} INFO - [2026-04-29T11:54:57.564+0000] {dagbag.py:540} INFO - Filling up the DagBag from /opt/airflow/dags/dag_1.py
[2026-04-29T11:54:57.575+0000] {processor.py:840} INFO - DAG(s) 'first_dag' retrieved from /opt/airflow/dags/dag_1.py
[2026-04-29T11:54:57.597+0000] {logging_mixin.py:188} INFO - [2026-04-29T11:54:57.597+0000] {dag.py:3047} INFO - Sync 1 DAGs
[2026-04-29T11:54:57.615+0000] {logging_mixin.py:188} INFO - [2026-04-29T11:54:57.615+0000] {dag.py:3834} INFO - Setting next_dagrun for first_dag to 2026-04-29 00:00:00+00:00, run_after=2026-04-30 00:00:00+00:00
[2026-04-29T11:54:57.632+0000] {processor.py:183} INFO - Processing /opt/airflow/dags/dag_1.py took 0.074 seconds
[2026-04-29T11:55:27.703+0000] {processor.py:161} INFO - Started process (PID=314) to work on /opt/airflow/dags/dag_1.py
[2026-04-29T11:55:27.704+0000] {processor.py:830} INFO - Processing file /opt/airflow/dags/dag_1.py for tasks to queue
[2026-04-29T11:55:27.706+0000] {logging_mixin.py:188} INFO - [2026-04-29T11:55:27.706+0000] {dagbag.py:540} INFO - Filling up the DagBag from /opt/airflow/dags/dag_1.py
[2026-04-29T11:55:27.720+0000] {processor.py:840} INFO - DAG(s) 'first_dag' retrieved from /opt/airflow/dags/dag_1.py
[2026-04-29T11:55:27.744+0000] {logging_mixin.py:188} INFO - [2026-04-29T11:55:27.744+0000] {dag.py:3047} INFO - Sync 1 DAGs
[2026-04-29T11:55:27.764+0000] {logging_mixin.py:188} INFO - [2026-04-29T11:55:27.764+0000] {dag.py:3834} INFO - Setting next_dagrun for first_dag to 2026-04-29 00:00:00+00:00, run_after=2026-04-30 00:00:00+00:00
[2026-04-29T11:55:27.779+0000] {processor.py:183} INFO - Processing /opt/airflow/dags/dag_1.py took 0.079 seconds
[2026-04-29T11:55:57.893+0000] {processor.py:161} INFO - Started process (PID=321) to work on /opt/airflow/dags/dag_1.py
[2026-04-29T11:55:57.894+0000] {processor.py:830} INFO - Processing file /opt/airflow/dags/dag_1.py for tasks to queue
[2026-04-29T11:55:57.896+0000] {logging_mixin.py:188} INFO - [2026-04-29T11:55:57.896+0000] {dagbag.py:540} INFO - Filling up the DagBag from /opt/airflow/dags/dag_1.py
[2026-04-29T11:55:57.907+0000] {processor.py:840} INFO - DAG(s) 'first_dag' retrieved from /opt/airflow/dags/dag_1.py
[2026-04-29T11:55:57.929+0000] {logging_mixin.py:188} INFO - [2026-04-29T11:55:57.928+0000] {dag.py:3047} INFO - Sync 1 DAGs
[2026-04-29T11:55:57.951+0000] {logging_mixin.py:188} INFO - [2026-04-29T11:55:57.950+0000] {dag.py:3834} INFO - Setting next_dagrun for first_dag to 2026-04-29 00:00:00+00:00, run_after=2026-04-30 00:00:00+00:00
[2026-04-29T11:55:57.963+0000] {processor.py:183} INFO - Processing /opt/airflow/dags/dag_1.py took 0.074 seconds
[2026-04-29T11:56:28.033+0000] {processor.py:161} INFO - Started process (PID=328) to work on /opt/airflow/dags/dag_1.py
[2026-04-29T11:56:28.035+0000] {processor.py:830} INFO - Processing file /opt/airflow/dags/dag_1.py for tasks to queue
[2026-04-29T11:56:28.042+0000] {logging_mixin.py:188} INFO - [2026-04-29T11:56:28.041+0000] {dagbag.py:540} INFO - Filling up the DagBag from /opt/airflow/dags/dag_1.py
[2026-04-29T11:56:28.069+0000] {processor.py:840} INFO - DAG(s) 'first_dag' retrieved from /opt/airflow/dags/dag_1.py
[2026-04-29T11:56:28.099+0000] {logging_mixin.py:188} INFO - [2026-04-29T11:56:28.099+0000] {dag.py:3047} INFO - Sync 1 DAGs
[2026-04-29T11:56:28.132+0000] {logging_mixin.py:188} INFO - [2026-04-29T11:56:28.132+0000] {dag.py:3834} INFO - Setting next_dagrun for first_dag to 2026-04-29 00:00:00+00:00, run_after=2026-04-30 00:00:00+00:00
[2026-04-29T11:56:28.150+0000] {processor.py:183} INFO - Processing /opt/airflow/dags/dag_1.py took 0.121 seconds
[2026-04-29T11:56:58.181+0000] {processor.py:161} INFO - Started process (PID=335) to work on /opt/airflow/dags/dag_1.py
[2026-04-29T11:56:58.181+0000] {processor.py:830} INFO - Processing file /opt/airflow/dags/dag_1.py for tasks to queue
[2026-04-29T11:56:58.183+0000] {logging_mixin.py:188} INFO - [2026-04-29T11:56:58.183+0000] {dagbag.py:540} INFO - Filling up the DagBag from /opt/airflow/dags/dag_1.py
[2026-04-29T11:56:58.193+0000] {processor.py:840} INFO - DAG(s) 'first_dag' retrieved from /opt/airflow/dags/dag_1.py
[2026-04-29T11:56:58.215+0000] {logging_mixin.py:188} INFO - [2026-04-29T11:56:58.215+0000] {dag.py:3047} INFO - Sync 1 DAGs
[2026-04-29T11:56:58.233+0000] {logging_mixin.py:188} INFO - [2026-04-29T11:56:58.233+0000] {dag.py:3834} INFO - Setting next_dagrun for first_dag to 2026-04-29 00:00:00+00:00, run_after=2026-04-30 00:00:00+00:00
[2026-04-29T11:56:58.248+0000] {processor.py:183} INFO - Processing /opt/airflow/dags/dag_1.py took 0.071 seconds
[2026-04-29T11:57:28.383+0000] {processor.py:161} INFO - Started process (PID=342) to work on /opt/airflow/dags/dag_1.py
[2026-04-29T11:57:28.384+0000] {processor.py:830} INFO - Processing file /opt/airflow/dags/dag_1.py for tasks to queue
[2026-04-29T11:57:28.386+0000] {logging_mixin.py:188} INFO - [2026-04-29T11:57:28.385+0000] {dagbag.py:540} INFO - Filling up the DagBag from /opt/airflow/dags/dag_1.py
[2026-04-29T11:57:28.396+0000] {processor.py:840} INFO - DAG(s) 'first_dag' retrieved from /opt/airflow/dags/dag_1.py
[2026-04-29T11:57:28.417+0000] {logging_mixin.py:188} INFO - [2026-04-29T11:57:28.417+0000] {dag.py:3047} INFO - Sync 1 DAGs
[2026-04-29T11:57:28.436+0000] {logging_mixin.py:188} INFO - [2026-04-29T11:57:28.435+0000] {dag.py:3834} INFO - Setting next_dagrun for first_dag to 2026-04-29 00:00:00+00:00, run_after=2026-04-30 00:00:00+00:00
[2026-04-29T11:57:28.449+0000] {processor.py:183} INFO - Processing /opt/airflow/dags/dag_1.py took 0.069 seconds
[2026-04-29T11:57:58.494+0000] {processor.py:161} INFO - Started process (PID=349) to work on /opt/airflow/dags/dag_1.py
[2026-04-29T11:57:58.495+0000] {processor.py:830} INFO - Processing file /opt/airflow/dags/dag_1.py for tasks to queue
[2026-04-29T11:57:58.497+0000] {logging_mixin.py:188} INFO - [2026-04-29T11:57:58.496+0000] {dagbag.py:540} INFO - Filling up the DagBag from /opt/airflow/dags/dag_1.py
[2026-04-29T11:57:58.506+0000] {processor.py:840} INFO - DAG(s) 'first_dag' retrieved from /opt/airflow/dags/dag_1.py
[2026-04-29T11:57:58.528+0000] {logging_mixin.py:188} INFO - [2026-04-29T11:57:58.528+0000] {dag.py:3047} INFO - Sync 1 DAGs
[2026-04-29T11:57:58.546+0000] {logging_mixin.py:188} INFO - [2026-04-29T11:57:58.546+0000] {dag.py:3834} INFO - Setting next_dagrun for first_dag to 2026-04-29 00:00:00+00:00, run_after=2026-04-30 00:00:00+00:00
[2026-04-29T11:57:58.560+0000] {processor.py:183} INFO - Processing /opt/airflow/dags/dag_1.py took 0.069 seconds
[2026-04-29T11:58:28.674+0000] {processor.py:161} INFO - Started process (PID=356) to work on /opt/airflow/dags/dag_1.py
[2026-04-29T11:58:28.675+0000] {processor.py:830} INFO - Processing file /opt/airflow/dags/dag_1.py for tasks to queue
[2026-04-29T11:58:28.676+0000] {logging_mixin.py:188} INFO - [2026-04-29T11:58:28.676+0000] {dagbag.py:540} INFO - Filling up the DagBag from /opt/airflow/dags/dag_1.py
[2026-04-29T11:58:28.686+0000] {processor.py:840} INFO - DAG(s) 'first_dag' retrieved from /opt/airflow/dags/dag_1.py
[2026-04-29T11:58:28.708+0000] {logging_mixin.py:188} INFO - [2026-04-29T11:58:28.707+0000] {dag.py:3047} INFO - Sync 1 DAGs
[2026-04-29T11:58:28.728+0000] {logging_mixin.py:188} INFO - [2026-04-29T11:58:28.727+0000] {dag.py:3834} INFO - Setting next_dagrun for first_dag to 2026-04-29 00:00:00+00:00, run_after=2026-04-30 00:00:00+00:00
[2026-04-29T11:58:28.745+0000] {processor.py:183} INFO - Processing /opt/airflow/dags/dag_1.py took 0.074 seconds
[2026-04-29T11:58:58.797+0000] {processor.py:161} INFO - Started process (PID=363) to work on /opt/airflow/dags/dag_1.py
[2026-04-29T11:58:58.798+0000] {processor.py:830} INFO - Processing file /opt/airflow/dags/dag_1.py for tasks to queue
[2026-04-29T11:58:58.801+0000] {logging_mixin.py:188} INFO - [2026-04-29T11:58:58.801+0000] {dagbag.py:540} INFO - Filling up the DagBag from /opt/airflow/dags/dag_1.py
[2026-04-29T11:58:58.815+0000] {processor.py:840} INFO - DAG(s) 'first_dag' retrieved from /opt/airflow/dags/dag_1.py
[2026-04-29T11:58:58.847+0000] {logging_mixin.py:188} INFO - [2026-04-29T11:58:58.847+0000] {dag.py:3047} INFO - Sync 1 DAGs
[2026-04-29T11:58:58.875+0000] {logging_mixin.py:188} INFO - [2026-04-29T11:58:58.874+0000] {dag.py:3834} INFO - Setting next_dagrun for first_dag to 2026-04-29 00:00:00+00:00, run_after=2026-04-30 00:00:00+00:00
[2026-04-29T11:58:58.894+0000] {processor.py:183} INFO - Processing /opt/airflow/dags/dag_1.py took 0.106 seconds
[2026-04-29T11:59:28.954+0000] {processor.py:161} INFO - Started process (PID=370) to work on /opt/airflow/dags/dag_1.py
[2026-04-29T11:59:28.955+0000] {processor.py:830} INFO - Processing file /opt/airflow/dags/dag_1.py for tasks to queue
[2026-04-29T11:59:28.957+0000] {logging_mixin.py:188} INFO - [2026-04-29T11:59:28.957+0000] {dagbag.py:540} INFO - Filling up the DagBag from /opt/airflow/dags/dag_1.py
[2026-04-29T11:59:28.967+0000] {processor.py:840} INFO - DAG(s) 'first_dag' retrieved from /opt/airflow/dags/dag_1.py
[2026-04-29T11:59:28.991+0000] {logging_mixin.py:188} INFO - [2026-04-29T11:59:28.990+0000] {dag.py:3047} INFO - Sync 1 DAGs
[2026-04-29T11:59:29.010+0000] {logging_mixin.py:188} INFO - [2026-04-29T11:59:29.010+0000] {dag.py:3834} INFO - Setting next_dagrun for first_dag to 2026-04-29 00:00:00+00:00, run_after=2026-04-30 00:00:00+00:00
[2026-04-29T11:59:29.024+0000] {processor.py:183} INFO - Processing /opt/airflow/dags/dag_1.py took 0.074 seconds
[2026-04-29T11:59:59.110+0000] {processor.py:161} INFO - Started process (PID=376) to work on /opt/airflow/dags/dag_1.py
[2026-04-29T11:59:59.111+0000] {processor.py:830} INFO - Processing file /opt/airflow/dags/dag_1.py for tasks to queue
[2026-04-29T11:59:59.113+0000] {logging_mixin.py:188} INFO - [2026-04-29T11:59:59.112+0000] {dagbag.py:540} INFO - Filling up the DagBag from /opt/airflow/dags/dag_1.py
[2026-04-29T11:59:59.122+0000] {processor.py:840} INFO - DAG(s) 'first_dag' retrieved from /opt/airflow/dags/dag_1.py
[2026-04-29T11:59:59.144+0000] {logging_mixin.py:188} INFO - [2026-04-29T11:59:59.144+0000] {dag.py:3047} INFO - Sync 1 DAGs
[2026-04-29T11:59:59.179+0000] {logging_mixin.py:188} INFO - [2026-04-29T11:59:59.179+0000] {dag.py:3834} INFO - Setting next_dagrun for first_dag to 2026-04-29 00:00:00+00:00, run_after=2026-04-30 00:00:00+00:00
[2026-04-29T11:59:59.207+0000] {processor.py:183} INFO - Processing /opt/airflow/dags/dag_1.py took 0.101 seconds
[2026-04-29T12:00:29.336+0000] {processor.py:161} INFO - Started process (PID=383) to work on /opt/airflow/dags/dag_1.py
[2026-04-29T12:00:29.337+0000] {processor.py:830} INFO - Processing file /opt/airflow/dags/dag_1.py for tasks to queue
[2026-04-29T12:00:29.338+0000] {logging_mixin.py:188} INFO - [2026-04-29T12:00:29.338+0000] {dagbag.py:540} INFO - Filling up the DagBag from /opt/airflow/dags/dag_1.py
[2026-04-29T12:00:29.348+0000] {processor.py:840} INFO - DAG(s) 'first_dag' retrieved from /opt/airflow/dags/dag_1.py
[2026-04-29T12:00:29.372+0000] {logging_mixin.py:188} INFO - [2026-04-29T12:00:29.372+0000] {dag.py:3047} INFO - Sync 1 DAGs
[2026-04-29T12:00:29.396+0000] {logging_mixin.py:188} INFO - [2026-04-29T12:00:29.396+0000] {dag.py:3834} INFO - Setting next_dagrun for first_dag to 2026-04-29 00:00:00+00:00, run_after=2026-04-30 00:00:00+00:00
[2026-04-29T12:00:29.410+0000] {processor.py:183} INFO - Processing /opt/airflow/dags/dag_1.py took 0.078 seconds
[2026-04-29T12:00:59.448+0000] {processor.py:161} INFO - Started process (PID=390) to work on /opt/airflow/dags/dag_1.py
[2026-04-29T12:00:59.449+0000] {processor.py:830} INFO - Processing file /opt/airflow/dags/dag_1.py for tasks to queue
[2026-04-29T12:00:59.451+0000] {logging_mixin.py:188} INFO - [2026-04-29T12:00:59.451+0000] {dagbag.py:540} INFO - Filling up the DagBag from /opt/airflow/dags/dag_1.py
[2026-04-29T12:00:59.461+0000] {processor.py:840} INFO - DAG(s) 'first_dag' retrieved from /opt/airflow/dags/dag_1.py
[2026-04-29T12:00:59.484+0000] {logging_mixin.py:188} INFO - [2026-04-29T12:00:59.484+0000] {dag.py:3047} INFO - Sync 1 DAGs
[2026-04-29T12:00:59.503+0000] {logging_mixin.py:188} INFO - [2026-04-29T12:00:59.503+0000] {dag.py:3834} INFO - Setting next_dagrun for first_dag to 2026-04-29 00:00:00+00:00, run_after=2026-04-30 00:00:00+00:00
[2026-04-29T12:00:59.517+0000] {processor.py:183} INFO - Processing /opt/airflow/dags/dag_1.py took 0.073 seconds
[2026-04-29T12:01:29.637+0000] {processor.py:161} INFO - Started process (PID=397) to work on /opt/airflow/dags/dag_1.py
[2026-04-29T12:01:29.637+0000] {processor.py:830} INFO - Processing file /opt/airflow/dags/dag_1.py for tasks to queue
[2026-04-29T12:01:29.639+0000] {logging_mixin.py:188} INFO - [2026-04-29T12:01:29.639+0000] {dagbag.py:540} INFO - Filling up the DagBag from /opt/airflow/dags/dag_1.py
[2026-04-29T12:01:29.649+0000] {processor.py:840} INFO - DAG(s) 'first_dag' retrieved from /opt/airflow/dags/dag_1.py
[2026-04-29T12:01:29.671+0000] {logging_mixin.py:188} INFO - [2026-04-29T12:01:29.670+0000] {dag.py:3047} INFO - Sync 1 DAGs
[2026-04-29T12:01:29.691+0000] {logging_mixin.py:188} INFO - [2026-04-29T12:01:29.690+0000] {dag.py:3834} INFO - Setting next_dagrun for first_dag to 2026-04-29 00:00:00+00:00, run_after=2026-04-30 00:00:00+00:00
[2026-04-29T12:01:29.704+0000] {processor.py:183} INFO - Processing /opt/airflow/dags/dag_1.py took 0.071 seconds
[2026-04-29T12:01:59.766+0000] {processor.py:161} INFO - Started process (PID=404) to work on /opt/airflow/dags/dag_1.py
[2026-04-29T12:01:59.766+0000] {processor.py:830} INFO - Processing file /opt/airflow/dags/dag_1.py for tasks to queue
[2026-04-29T12:01:59.768+0000] {logging_mixin.py:188} INFO - [2026-04-29T12:01:59.768+0000] {dagbag.py:540} INFO - Filling up the DagBag from /opt/airflow/dags/dag_1.py
[2026-04-29T12:01:59.779+0000] {processor.py:840} INFO - DAG(s) 'first_dag' retrieved from /opt/airflow/dags/dag_1.py
[2026-04-29T12:01:59.802+0000] {logging_mixin.py:188} INFO - [2026-04-29T12:01:59.802+0000] {dag.py:3047} INFO - Sync 1 DAGs
[2026-04-29T12:01:59.826+0000] {logging_mixin.py:188} INFO - [2026-04-29T12:01:59.826+0000] {dag.py:3834} INFO - Setting next_dagrun for first_dag to 2026-04-29 00:00:00+00:00, run_after=2026-04-30 00:00:00+00:00
[2026-04-29T12:01:59.848+0000] {processor.py:183} INFO - Processing /opt/airflow/dags/dag_1.py took 0.086 seconds
[2026-04-29T12:02:29.942+0000] {processor.py:161} INFO - Started process (PID=411) to work on /opt/airflow/dags/dag_1.py
[2026-04-29T12:02:29.943+0000] {processor.py:830} INFO - Processing file /opt/airflow/dags/dag_1.py for tasks to queue
[2026-04-29T12:02:29.945+0000] {logging_mixin.py:188} INFO - [2026-04-29T12:02:29.944+0000] {dagbag.py:540} INFO - Filling up the DagBag from /opt/airflow/dags/dag_1.py
[2026-04-29T12:02:29.956+0000] {processor.py:840} INFO - DAG(s) 'first_dag' retrieved from /opt/airflow/dags/dag_1.py
[2026-04-29T12:02:29.979+0000] {logging_mixin.py:188} INFO - [2026-04-29T12:02:29.978+0000] {dag.py:3047} INFO - Sync 1 DAGs
[2026-04-29T12:02:29.997+0000] {logging_mixin.py:188} INFO - [2026-04-29T12:02:29.997+0000] {dag.py:3834} INFO - Setting next_dagrun for first_dag to 2026-04-29 00:00:00+00:00, run_after=2026-04-30 00:00:00+00:00
[2026-04-29T12:02:30.011+0000] {processor.py:183} INFO - Processing /opt/airflow/dags/dag_1.py took 0.073 seconds
[2026-04-29T12:03:00.097+0000] {processor.py:161} INFO - Started process (PID=418) to work on /opt/airflow/dags/dag_1.py
[2026-04-29T12:03:00.098+0000] {processor.py:830} INFO - Processing file /opt/airflow/dags/dag_1.py for tasks to queue
[2026-04-29T12:03:00.100+0000] {logging_mixin.py:188} INFO - [2026-04-29T12:03:00.100+0000] {dagbag.py:540} INFO - Filling up the DagBag from /opt/airflow/dags/dag_1.py
[2026-04-29T12:03:00.110+0000] {processor.py:840} INFO - DAG(s) 'first_dag' retrieved from /opt/airflow/dags/dag_1.py
[2026-04-29T12:03:00.133+0000] {logging_mixin.py:188} INFO - [2026-04-29T12:03:00.132+0000] {dag.py:3047} INFO - Sync 1 DAGs
[2026-04-29T12:03:00.152+0000] {logging_mixin.py:188} INFO - [2026-04-29T12:03:00.152+0000] {dag.py:3834} INFO - Setting next_dagrun for first_dag to 2026-04-29 00:00:00+00:00, run_after=2026-04-30 00:00:00+00:00
[2026-04-29T12:03:00.167+0000] {processor.py:183} INFO - Processing /opt/airflow/dags/dag_1.py took 0.073 seconds
[2026-04-29T12:03:30.284+0000] {processor.py:161} INFO - Started process (PID=426) to work on /opt/airflow/dags/dag_1.py
[2026-04-29T12:03:30.284+0000] {processor.py:830} INFO - Processing file /opt/airflow/dags/dag_1.py for tasks to queue
[2026-04-29T12:03:30.286+0000] {logging_mixin.py:188} INFO - [2026-04-29T12:03:30.286+0000] {dagbag.py:540} INFO - Filling up the DagBag from /opt/airflow/dags/dag_1.py
[2026-04-29T12:03:30.296+0000] {processor.py:840} INFO - DAG(s) 'first_dag' retrieved from /opt/airflow/dags/dag_1.py
[2026-04-29T12:03:30.318+0000] {logging_mixin.py:188} INFO - [2026-04-29T12:03:30.318+0000] {dag.py:3047} INFO - Sync 1 DAGs
[2026-04-29T12:03:30.337+0000] {logging_mixin.py:188} INFO - [2026-04-29T12:03:30.337+0000] {dag.py:3834} INFO - Setting next_dagrun for first_dag to 2026-04-29 00:00:00+00:00, run_after=2026-04-30 00:00:00+00:00
[2026-04-29T12:03:30.350+0000] {processor.py:183} INFO - Processing /opt/airflow/dags/dag_1.py took 0.070 seconds
[2026-04-29T12:04:00.401+0000] {processor.py:161} INFO - Started process (PID=433) to work on /opt/airflow/dags/dag_1.py
[2026-04-29T12:04:00.402+0000] {processor.py:830} INFO - Processing file /opt/airflow/dags/dag_1.py for tasks to queue
[2026-04-29T12:04:00.404+0000] {logging_mixin.py:188} INFO - [2026-04-29T12:04:00.404+0000] {dagbag.py:540} INFO - Filling up the DagBag from /opt/airflow/dags/dag_1.py
[2026-04-29T12:04:00.421+0000] {processor.py:840} INFO - DAG(s) 'first_dag' retrieved from /opt/airflow/dags/dag_1.py
[2026-04-29T12:04:00.445+0000] {logging_mixin.py:188} INFO - [2026-04-29T12:04:00.444+0000] {dag.py:3047} INFO - Sync 1 DAGs
[2026-04-29T12:04:00.465+0000] {logging_mixin.py:188} INFO - [2026-04-29T12:04:00.465+0000] {dag.py:3834} INFO - Setting next_dagrun for first_dag to 2026-04-29 00:00:00+00:00, run_after=2026-04-30 00:00:00+00:00
[2026-04-29T12:04:00.479+0000] {processor.py:183} INFO - Processing /opt/airflow/dags/dag_1.py took 0.081 seconds
[2026-04-29T12:04:30.565+0000] {processor.py:161} INFO - Started process (PID=440) to work on /opt/airflow/dags/dag_1.py
[2026-04-29T12:04:30.566+0000] {processor.py:830} INFO - Processing file /opt/airflow/dags/dag_1.py for tasks to queue
[2026-04-29T12:04:30.569+0000] {logging_mixin.py:188} INFO - [2026-04-29T12:04:30.569+0000] {dagbag.py:540} INFO - Filling up the DagBag from /opt/airflow/dags/dag_1.py
[2026-04-29T12:04:30.589+0000] {processor.py:840} INFO - DAG(s) 'first_dag' retrieved from /opt/airflow/dags/dag_1.py
[2026-04-29T12:04:30.619+0000] {logging_mixin.py:188} INFO - [2026-04-29T12:04:30.619+0000] {dag.py:3047} INFO - Sync 1 DAGs
[2026-04-29T12:04:30.651+0000] {logging_mixin.py:188} INFO - [2026-04-29T12:04:30.651+0000] {dag.py:3834} INFO - Setting next_dagrun for first_dag to 2026-04-29 00:00:00+00:00, run_after=2026-04-30 00:00:00+00:00
[2026-04-29T12:04:30.669+0000] {processor.py:183} INFO - Processing /opt/airflow/dags/dag_1.py took 0.108 seconds
[2026-04-29T12:05:00.695+0000] {processor.py:161} INFO - Started process (PID=447) to work on /opt/airflow/dags/dag_1.py
[2026-04-29T12:05:00.696+0000] {processor.py:830} INFO - Processing file /opt/airflow/dags/dag_1.py for tasks to queue
[2026-04-29T12:05:00.698+0000] {logging_mixin.py:188} INFO - [2026-04-29T12:05:00.698+0000] {dagbag.py:540} INFO - Filling up the DagBag from /opt/airflow/dags/dag_1.py
[2026-04-29T12:05:00.708+0000] {processor.py:840} INFO - DAG(s) 'first_dag' retrieved from /opt/airflow/dags/dag_1.py
[2026-04-29T12:05:00.733+0000] {logging_mixin.py:188} INFO - [2026-04-29T12:05:00.732+0000] {dag.py:3047} INFO - Sync 1 DAGs
[2026-04-29T12:05:00.752+0000] {logging_mixin.py:188} INFO - [2026-04-29T12:05:00.752+0000] {dag.py:3834} INFO - Setting next_dagrun for first_dag to 2026-04-29 00:00:00+00:00, run_after=2026-04-30 00:00:00+00:00
[2026-04-29T12:05:00.766+0000] {processor.py:183} INFO - Processing /opt/airflow/dags/dag_1.py took 0.074 seconds
[2026-04-29T12:05:30.901+0000] {processor.py:161} INFO - Started process (PID=454) to work on /opt/airflow/dags/dag_1.py
[2026-04-29T12:05:30.902+0000] {processor.py:830} INFO - Processing file /opt/airflow/dags/dag_1.py for tasks to queue
[2026-04-29T12:05:30.903+0000] {logging_mixin.py:188} INFO - [2026-04-29T12:05:30.903+0000] {dagbag.py:540} INFO - Filling up the DagBag from /opt/airflow/dags/dag_1.py
[2026-04-29T12:05:30.913+0000] {processor.py:840} INFO - DAG(s) 'first_dag' retrieved from /opt/airflow/dags/dag_1.py
[2026-04-29T12:05:30.934+0000] {logging_mixin.py:188} INFO - [2026-04-29T12:05:30.934+0000] {dag.py:3047} INFO - Sync 1 DAGs
[2026-04-29T12:05:30.954+0000] {logging_mixin.py:188} INFO - [2026-04-29T12:05:30.954+0000] {dag.py:3834} INFO - Setting next_dagrun for first_dag to 2026-04-29 00:00:00+00:00, run_after=2026-04-30 00:00:00+00:00
[2026-04-29T12:05:30.968+0000] {processor.py:183} INFO - Processing /opt/airflow/dags/dag_1.py took 0.070 seconds
[2026-04-29T12:06:01.032+0000] {processor.py:161} INFO - Started process (PID=461) to work on /opt/airflow/dags/dag_1.py
[2026-04-29T12:06:01.032+0000] {processor.py:830} INFO - Processing file /opt/airflow/dags/dag_1.py for tasks to queue
[2026-04-29T12:06:01.034+0000] {logging_mixin.py:188} INFO - [2026-04-29T12:06:01.034+0000] {dagbag.py:540} INFO - Filling up the DagBag from /opt/airflow/dags/dag_1.py
[2026-04-29T12:06:01.044+0000] {processor.py:840} INFO - DAG(s) 'first_dag' retrieved from /opt/airflow/dags/dag_1.py
[2026-04-29T12:06:01.067+0000] {logging_mixin.py:188} INFO - [2026-04-29T12:06:01.067+0000] {dag.py:3047} INFO - Sync 1 DAGs
[2026-04-29T12:06:01.097+0000] {logging_mixin.py:188} INFO - [2026-04-29T12:06:01.097+0000] {dag.py:3834} INFO - Setting next_dagrun for first_dag to 2026-04-29 00:00:00+00:00, run_after=2026-04-30 00:00:00+00:00
[2026-04-29T12:06:01.117+0000] {processor.py:183} INFO - Processing /opt/airflow/dags/dag_1.py took 0.089 seconds
[2026-04-29T12:06:31.390+0000] {processor.py:161} INFO - Started process (PID=468) to work on /opt/airflow/dags/dag_1.py
[2026-04-29T12:06:31.396+0000] {processor.py:830} INFO - Processing file /opt/airflow/dags/dag_1.py for tasks to queue
[2026-04-29T12:06:31.403+0000] {logging_mixin.py:188} INFO - [2026-04-29T12:06:31.403+0000] {dagbag.py:540} INFO - Filling up the DagBag from /opt/airflow/dags/dag_1.py
[2026-04-29T12:06:31.460+0000] {processor.py:840} INFO - DAG(s) 'first_dag' retrieved from /opt/airflow/dags/dag_1.py
[2026-04-29T12:06:31.692+0000] {logging_mixin.py:188} INFO - [2026-04-29T12:06:31.692+0000] {dag.py:3047} INFO - Sync 1 DAGs
[2026-04-29T12:06:31.835+0000] {logging_mixin.py:188} INFO - [2026-04-29T12:06:31.834+0000] {dag.py:3834} INFO - Setting next_dagrun for first_dag to 2026-04-29 00:00:00+00:00, run_after=2026-04-30 00:00:00+00:00
[2026-04-29T12:06:31.973+0000] {processor.py:183} INFO - Processing /opt/airflow/dags/dag_1.py took 0.610 seconds
[2026-04-29T12:07:02.247+0000] {processor.py:161} INFO - Started process (PID=475) to work on /opt/airflow/dags/dag_1.py
[2026-04-29T12:07:02.248+0000] {processor.py:830} INFO - Processing file /opt/airflow/dags/dag_1.py for tasks to queue
[2026-04-29T12:07:02.250+0000] {logging_mixin.py:188} INFO - [2026-04-29T12:07:02.250+0000] {dagbag.py:540} INFO - Filling up the DagBag from /opt/airflow/dags/dag_1.py
[2026-04-29T12:07:02.262+0000] {processor.py:840} INFO - DAG(s) 'first_dag' retrieved from /opt/airflow/dags/dag_1.py
[2026-04-29T12:07:02.286+0000] {logging_mixin.py:188} INFO - [2026-04-29T12:07:02.285+0000] {dag.py:3047} INFO - Sync 1 DAGs
[2026-04-29T12:07:02.309+0000] {logging_mixin.py:188} INFO - [2026-04-29T12:07:02.309+0000] {dag.py:3834} INFO - Setting next_dagrun for first_dag to 2026-04-29 00:00:00+00:00, run_after=2026-04-30 00:00:00+00:00
[2026-04-29T12:07:02.333+0000] {processor.py:183} INFO - Processing /opt/airflow/dags/dag_1.py took 0.089 seconds
[2026-04-29T12:07:32.410+0000] {processor.py:161} INFO - Started process (PID=482) to work on /opt/airflow/dags/dag_1.py
[2026-04-29T12:07:32.411+0000] {processor.py:830} INFO - Processing file /opt/airflow/dags/dag_1.py for tasks to queue
[2026-04-29T12:07:32.413+0000] {logging_mixin.py:188} INFO - [2026-04-29T12:07:32.413+0000] {dagbag.py:540} INFO - Filling up the DagBag from /opt/airflow/dags/dag_1.py
[2026-04-29T12:07:32.424+0000] {processor.py:840} INFO - DAG(s) 'first_dag' retrieved from /opt/airflow/dags/dag_1.py
[2026-04-29T12:07:32.447+0000] {logging_mixin.py:188} INFO - [2026-04-29T12:07:32.447+0000] {dag.py:3047} INFO - Sync 1 DAGs
[2026-04-29T12:07:32.466+0000] {logging_mixin.py:188} INFO - [2026-04-29T12:07:32.466+0000] {dag.py:3834} INFO - Setting next_dagrun for first_dag to 2026-04-29 00:00:00+00:00, run_after=2026-04-30 00:00:00+00:00
[2026-04-29T12:07:32.479+0000] {processor.py:183} INFO - Processing /opt/airflow/dags/dag_1.py took 0.073 seconds
[2026-04-29T12:08:02.603+0000] {processor.py:161} INFO - Started process (PID=489) to work on /opt/airflow/dags/dag_1.py
[2026-04-29T12:08:02.604+0000] {processor.py:830} INFO - Processing file /opt/airflow/dags/dag_1.py for tasks to queue
[2026-04-29T12:08:02.606+0000] {logging_mixin.py:188} INFO - [2026-04-29T12:08:02.606+0000] {dagbag.py:540} INFO - Filling up the DagBag from /opt/airflow/dags/dag_1.py
[2026-04-29T12:08:02.616+0000] {processor.py:840} INFO - DAG(s) 'first_dag' retrieved from /opt/airflow/dags/dag_1.py
[2026-04-29T12:08:02.649+0000] {logging_mixin.py:188} INFO - [2026-04-29T12:08:02.649+0000] {dag.py:3047} INFO - Sync 1 DAGs
[2026-04-29T12:08:02.676+0000] {logging_mixin.py:188} INFO - [2026-04-29T12:08:02.676+0000] {dag.py:3834} INFO - Setting next_dagrun for first_dag to 2026-04-29 00:00:00+00:00, run_after=2026-04-30 00:00:00+00:00
[2026-04-29T12:08:02.694+0000] {processor.py:183} INFO - Processing /opt/airflow/dags/dag_1.py took 0.095 seconds
[2026-04-29T12:08:32.714+0000] {processor.py:161} INFO - Started process (PID=496) to work on /opt/airflow/dags/dag_1.py
[2026-04-29T12:08:32.715+0000] {processor.py:830} INFO - Processing file /opt/airflow/dags/dag_1.py for tasks to queue
[2026-04-29T12:08:32.718+0000] {logging_mixin.py:188} INFO - [2026-04-29T12:08:32.717+0000] {dagbag.py:540} INFO - Filling up the DagBag from /opt/airflow/dags/dag_1.py
[2026-04-29T12:08:32.727+0000] {processor.py:840} INFO - DAG(s) 'first_dag' retrieved from /opt/airflow/dags/dag_1.py
[2026-04-29T12:08:32.751+0000] {logging_mixin.py:188} INFO - [2026-04-29T12:08:32.751+0000] {dag.py:3047} INFO - Sync 1 DAGs
[2026-04-29T12:08:32.769+0000] {logging_mixin.py:188} INFO - [2026-04-29T12:08:32.769+0000] {dag.py:3834} INFO - Setting next_dagrun for first_dag to 2026-04-29 00:00:00+00:00, run_after=2026-04-30 00:00:00+00:00
[2026-04-29T12:08:32.784+0000] {processor.py:183} INFO - Processing /opt/airflow/dags/dag_1.py took 0.073 seconds
[2026-04-29T12:09:02.861+0000] {processor.py:161} INFO - Started process (PID=503) to work on /opt/airflow/dags/dag_1.py
[2026-04-29T12:09:02.862+0000] {processor.py:830} INFO - Processing file /opt/airflow/dags/dag_1.py for tasks to queue
[2026-04-29T12:09:02.864+0000] {logging_mixin.py:188} INFO - [2026-04-29T12:09:02.864+0000] {dagbag.py:540} INFO - Filling up the DagBag from /opt/airflow/dags/dag_1.py
[2026-04-29T12:09:02.876+0000] {processor.py:840} INFO - DAG(s) 'first_dag' retrieved from /opt/airflow/dags/dag_1.py
[2026-04-29T12:09:02.900+0000] {logging_mixin.py:188} INFO - [2026-04-29T12:09:02.899+0000] {dag.py:3047} INFO - Sync 1 DAGs
[2026-04-29T12:09:02.923+0000] {logging_mixin.py:188} INFO - [2026-04-29T12:09:02.923+0000] {dag.py:3834} INFO - Setting next_dagrun for first_dag to 2026-04-29 00:00:00+00:00, run_after=2026-04-30 00:00:00+00:00
[2026-04-29T12:09:02.937+0000] {processor.py:183} INFO - Processing /opt/airflow/dags/dag_1.py took 0.080 seconds
[2026-04-29T12:09:33.005+0000] {processor.py:161} INFO - Started process (PID=510) to work on /opt/airflow/dags/dag_1.py
[2026-04-29T12:09:33.006+0000] {processor.py:830} INFO - Processing file /opt/airflow/dags/dag_1.py for tasks to queue
[2026-04-29T12:09:33.007+0000] {logging_mixin.py:188} INFO - [2026-04-29T12:09:33.007+0000] {dagbag.py:540} INFO - Filling up the DagBag from /opt/airflow/dags/dag_1.py
[2026-04-29T12:09:33.017+0000] {processor.py:840} INFO - DAG(s) 'first_dag' retrieved from /opt/airflow/dags/dag_1.py
[2026-04-29T12:09:33.042+0000] {logging_mixin.py:188} INFO - [2026-04-29T12:09:33.042+0000] {dag.py:3047} INFO - Sync 1 DAGs
[2026-04-29T12:09:33.061+0000] {logging_mixin.py:188} INFO - [2026-04-29T12:09:33.061+0000] {dag.py:3834} INFO - Setting next_dagrun for first_dag to 2026-04-29 00:00:00+00:00, run_after=2026-04-30 00:00:00+00:00
[2026-04-29T12:09:33.074+0000] {processor.py:183} INFO - Processing /opt/airflow/dags/dag_1.py took 0.073 seconds
[2026-04-29T12:10:03.167+0000] {processor.py:161} INFO - Started process (PID=517) to work on /opt/airflow/dags/dag_1.py
[2026-04-29T12:10:03.168+0000] {processor.py:830} INFO - Processing file /opt/airflow/dags/dag_1.py for tasks to queue
[2026-04-29T12:10:03.171+0000] {logging_mixin.py:188} INFO - [2026-04-29T12:10:03.171+0000] {dagbag.py:540} INFO - Filling up the DagBag from /opt/airflow/dags/dag_1.py
[2026-04-29T12:10:03.181+0000] {processor.py:840} INFO - DAG(s) 'first_dag' retrieved from /opt/airflow/dags/dag_1.py
[2026-04-29T12:10:03.208+0000] {logging_mixin.py:188} INFO - [2026-04-29T12:10:03.208+0000] {dag.py:3047} INFO - Sync 1 DAGs
[2026-04-29T12:10:03.227+0000] {logging_mixin.py:188} INFO - [2026-04-29T12:10:03.227+0000] {dag.py:3834} INFO - Setting next_dagrun for first_dag to 2026-04-29 00:00:00+00:00, run_after=2026-04-30 00:00:00+00:00
[2026-04-29T12:10:03.240+0000] {processor.py:183} INFO - Processing /opt/airflow/dags/dag_1.py took 0.077 seconds
[2026-04-29T12:10:33.291+0000] {processor.py:161} INFO - Started process (PID=524) to work on /opt/airflow/dags/dag_1.py
[2026-04-29T12:10:33.292+0000] {processor.py:830} INFO - Processing file /opt/airflow/dags/dag_1.py for tasks to queue
[2026-04-29T12:10:33.293+0000] {logging_mixin.py:188} INFO - [2026-04-29T12:10:33.293+0000] {dagbag.py:540} INFO - Filling up the DagBag from /opt/airflow/dags/dag_1.py
[2026-04-29T12:10:33.303+0000] {processor.py:840} INFO - DAG(s) 'first_dag' retrieved from /opt/airflow/dags/dag_1.py
[2026-04-29T12:10:33.328+0000] {logging_mixin.py:188} INFO - [2026-04-29T12:10:33.327+0000] {dag.py:3047} INFO - Sync 1 DAGs
[2026-04-29T12:10:33.347+0000] {logging_mixin.py:188} INFO - [2026-04-29T12:10:33.347+0000] {dag.py:3834} INFO - Setting next_dagrun for first_dag to 2026-04-29 00:00:00+00:00, run_after=2026-04-30 00:00:00+00:00
[2026-04-29T12:10:33.361+0000] {processor.py:183} INFO - Processing /opt/airflow/dags/dag_1.py took 0.074 seconds
[2026-04-29T12:11:03.489+0000] {processor.py:161} INFO - Started process (PID=531) to work on /opt/airflow/dags/dag_1.py
[2026-04-29T12:11:03.490+0000] {processor.py:830} INFO - Processing file /opt/airflow/dags/dag_1.py for tasks to queue
[2026-04-29T12:11:03.492+0000] {logging_mixin.py:188} INFO - [2026-04-29T12:11:03.492+0000] {dagbag.py:540} INFO - Filling up the DagBag from /opt/airflow/dags/dag_1.py
[2026-04-29T12:11:03.503+0000] {processor.py:840} INFO - DAG(s) 'first_dag' retrieved from /opt/airflow/dags/dag_1.py
[2026-04-29T12:11:03.525+0000] {logging_mixin.py:188} INFO - [2026-04-29T12:11:03.524+0000] {dag.py:3047} INFO - Sync 1 DAGs
[2026-04-29T12:11:03.543+0000] {logging_mixin.py:188} INFO - [2026-04-29T12:11:03.543+0000] {dag.py:3834} INFO - Setting next_dagrun for first_dag to 2026-04-29 00:00:00+00:00, run_after=2026-04-30 00:00:00+00:00
[2026-04-29T12:11:03.556+0000] {processor.py:183} INFO - Processing /opt/airflow/dags/dag_1.py took 0.070 seconds
[2026-04-29T12:11:33.612+0000] {processor.py:161} INFO - Started process (PID=538) to work on /opt/airflow/dags/dag_1.py
[2026-04-29T12:11:33.613+0000] {processor.py:830} INFO - Processing file /opt/airflow/dags/dag_1.py for tasks to queue
[2026-04-29T12:11:33.616+0000] {logging_mixin.py:188} INFO - [2026-04-29T12:11:33.616+0000] {dagbag.py:540} INFO - Filling up the DagBag from /opt/airflow/dags/dag_1.py
[2026-04-29T12:11:33.630+0000] {processor.py:840} INFO - DAG(s) 'first_dag' retrieved from /opt/airflow/dags/dag_1.py
[2026-04-29T12:11:33.666+0000] {logging_mixin.py:188} INFO - [2026-04-29T12:11:33.666+0000] {dag.py:3047} INFO - Sync 1 DAGs
[2026-04-29T12:11:33.698+0000] {logging_mixin.py:188} INFO - [2026-04-29T12:11:33.698+0000] {dag.py:3834} INFO - Setting next_dagrun for first_dag to 2026-04-29 00:00:00+00:00, run_after=2026-04-30 00:00:00+00:00
[2026-04-29T12:11:33.716+0000] {processor.py:183} INFO - Processing /opt/airflow/dags/dag_1.py took 0.108 seconds
[2026-04-29T12:12:03.787+0000] {processor.py:161} INFO - Started process (PID=545) to work on /opt/airflow/dags/dag_1.py
[2026-04-29T12:12:03.788+0000] {processor.py:830} INFO - Processing file /opt/airflow/dags/dag_1.py for tasks to queue
[2026-04-29T12:12:03.789+0000] {logging_mixin.py:188} INFO - [2026-04-29T12:12:03.789+0000] {dagbag.py:540} INFO - Filling up the DagBag from /opt/airflow/dags/dag_1.py
[2026-04-29T12:12:03.801+0000] {processor.py:840} INFO - DAG(s) 'first_dag' retrieved from /opt/airflow/dags/dag_1.py
[2026-04-29T12:12:03.824+0000] {logging_mixin.py:188} INFO - [2026-04-29T12:12:03.824+0000] {dag.py:3047} INFO - Sync 1 DAGs
[2026-04-29T12:12:03.844+0000] {logging_mixin.py:188} INFO - [2026-04-29T12:12:03.844+0000] {dag.py:3834} INFO - Setting next_dagrun for first_dag to 2026-04-29 00:00:00+00:00, run_after=2026-04-30 00:00:00+00:00
[2026-04-29T12:12:03.857+0000] {processor.py:183} INFO - Processing /opt/airflow/dags/dag_1.py took 0.073 seconds
[2026-04-29T12:12:33.955+0000] {processor.py:161} INFO - Started process (PID=552) to work on /opt/airflow/dags/dag_1.py
[2026-04-29T12:12:33.959+0000] {processor.py:830} INFO - Processing file /opt/airflow/dags/dag_1.py for tasks to queue
[2026-04-29T12:12:33.969+0000] {logging_mixin.py:188} INFO - [2026-04-29T12:12:33.968+0000] {dagbag.py:540} INFO - Filling up the DagBag from /opt/airflow/dags/dag_1.py
[2026-04-29T12:12:33.984+0000] {processor.py:840} INFO - DAG(s) 'first_dag' retrieved from /opt/airflow/dags/dag_1.py
[2026-04-29T12:12:34.021+0000] {logging_mixin.py:188} INFO - [2026-04-29T12:12:34.020+0000] {dag.py:3047} INFO - Sync 1 DAGs
[2026-04-29T12:12:34.055+0000] {logging_mixin.py:188} INFO - [2026-04-29T12:12:34.055+0000] {dag.py:3834} INFO - Setting next_dagrun for first_dag to 2026-04-29 00:00:00+00:00, run_after=2026-04-30 00:00:00+00:00
[2026-04-29T12:12:34.070+0000] {processor.py:183} INFO - Processing /opt/airflow/dags/dag_1.py took 0.123 seconds
[2026-04-29T12:13:04.099+0000] {processor.py:161} INFO - Started process (PID=559) to work on /opt/airflow/dags/dag_1.py
[2026-04-29T12:13:04.100+0000] {processor.py:830} INFO - Processing file /opt/airflow/dags/dag_1.py for tasks to queue
[2026-04-29T12:13:04.103+0000] {logging_mixin.py:188} INFO - [2026-04-29T12:13:04.102+0000] {dagbag.py:540} INFO - Filling up the DagBag from /opt/airflow/dags/dag_1.py
[2026-04-29T12:13:04.113+0000] {processor.py:840} INFO - DAG(s) 'first_dag' retrieved from /opt/airflow/dags/dag_1.py
[2026-04-29T12:13:04.135+0000] {logging_mixin.py:188} INFO - [2026-04-29T12:13:04.135+0000] {dag.py:3047} INFO - Sync 1 DAGs
[2026-04-29T12:13:04.156+0000] {logging_mixin.py:188} INFO - [2026-04-29T12:13:04.155+0000] {dag.py:3834} INFO - Setting next_dagrun for first_dag to 2026-04-29 00:00:00+00:00, run_after=2026-04-30 00:00:00+00:00
[2026-04-29T12:13:04.169+0000] {processor.py:183} INFO - Processing /opt/airflow/dags/dag_1.py took 0.075 seconds
[2026-04-29T12:13:34.224+0000] {processor.py:161} INFO - Started process (PID=566) to work on /opt/airflow/dags/dag_1.py
[2026-04-29T12:13:34.225+0000] {processor.py:830} INFO - Processing file /opt/airflow/dags/dag_1.py for tasks to queue
[2026-04-29T12:13:34.227+0000] {logging_mixin.py:188} INFO - [2026-04-29T12:13:34.227+0000] {dagbag.py:540} INFO - Filling up the DagBag from /opt/airflow/dags/dag_1.py
[2026-04-29T12:13:34.236+0000] {processor.py:840} INFO - DAG(s) 'first_dag' retrieved from /opt/airflow/dags/dag_1.py
[2026-04-29T12:13:34.258+0000] {logging_mixin.py:188} INFO - [2026-04-29T12:13:34.258+0000] {dag.py:3047} INFO - Sync 1 DAGs
[2026-04-29T12:13:34.277+0000] {logging_mixin.py:188} INFO - [2026-04-29T12:13:34.277+0000] {dag.py:3834} INFO - Setting next_dagrun for first_dag to 2026-04-29 00:00:00+00:00, run_after=2026-04-30 00:00:00+00:00
[2026-04-29T12:13:34.290+0000] {processor.py:183} INFO - Processing /opt/airflow/dags/dag_1.py took 0.069 seconds
[2026-04-29T12:14:04.400+0000] {processor.py:161} INFO - Started process (PID=573) to work on /opt/airflow/dags/dag_1.py
[2026-04-29T12:14:04.401+0000] {processor.py:830} INFO - Processing file /opt/airflow/dags/dag_1.py for tasks to queue
[2026-04-29T12:14:04.403+0000] {logging_mixin.py:188} INFO - [2026-04-29T12:14:04.403+0000] {dagbag.py:540} INFO - Filling up the DagBag from /opt/airflow/dags/dag_1.py
[2026-04-29T12:14:04.413+0000] {processor.py:840} INFO - DAG(s) 'first_dag' retrieved from /opt/airflow/dags/dag_1.py
[2026-04-29T12:14:04.435+0000] {logging_mixin.py:188} INFO - [2026-04-29T12:14:04.434+0000] {dag.py:3047} INFO - Sync 1 DAGs
[2026-04-29T12:14:04.453+0000] {logging_mixin.py:188} INFO - [2026-04-29T12:14:04.453+0000] {dag.py:3834} INFO - Setting next_dagrun for first_dag to 2026-04-29 00:00:00+00:00, run_after=2026-04-30 00:00:00+00:00
[2026-04-29T12:14:04.467+0000] {processor.py:183} INFO - Processing /opt/airflow/dags/dag_1.py took 0.070 seconds
[2026-04-29T12:14:34.528+0000] {processor.py:161} INFO - Started process (PID=580) to work on /opt/airflow/dags/dag_1.py
[2026-04-29T12:14:34.530+0000] {processor.py:830} INFO - Processing file /opt/airflow/dags/dag_1.py for tasks to queue
[2026-04-29T12:14:34.532+0000] {logging_mixin.py:188} INFO - [2026-04-29T12:14:34.532+0000] {dagbag.py:540} INFO - Filling up the DagBag from /opt/airflow/dags/dag_1.py
[2026-04-29T12:14:34.546+0000] {processor.py:840} INFO - DAG(s) 'first_dag' retrieved from /opt/airflow/dags/dag_1.py
[2026-04-29T12:14:34.575+0000] {logging_mixin.py:188} INFO - [2026-04-29T12:14:34.575+0000] {dag.py:3047} INFO - Sync 1 DAGs
[2026-04-29T12:14:34.601+0000] {logging_mixin.py:188} INFO - [2026-04-29T12:14:34.600+0000] {dag.py:3834} INFO - Setting next_dagrun for first_dag to 2026-04-29 00:00:00+00:00, run_after=2026-04-30 00:00:00+00:00
[2026-04-29T12:14:34.619+0000] {processor.py:183} INFO - Processing /opt/airflow/dags/dag_1.py took 0.095 seconds
[2026-04-29T12:15:04.693+0000] {processor.py:161} INFO - Started process (PID=587) to work on /opt/airflow/dags/dag_1.py
[2026-04-29T12:15:04.694+0000] {processor.py:830} INFO - Processing file /opt/airflow/dags/dag_1.py for tasks to queue
[2026-04-29T12:15:04.696+0000] {logging_mixin.py:188} INFO - [2026-04-29T12:15:04.695+0000] {dagbag.py:540} INFO - Filling up the DagBag from /opt/airflow/dags/dag_1.py
[2026-04-29T12:15:04.707+0000] {processor.py:840} INFO - DAG(s) 'first_dag' retrieved from /opt/airflow/dags/dag_1.py
[2026-04-29T12:15:04.729+0000] {logging_mixin.py:188} INFO - [2026-04-29T12:15:04.729+0000] {dag.py:3047} INFO - Sync 1 DAGs
[2026-04-29T12:15:04.749+0000] {logging_mixin.py:188} INFO - [2026-04-29T12:15:04.749+0000] {dag.py:3834} INFO - Setting next_dagrun for first_dag to 2026-04-29 00:00:00+00:00, run_after=2026-04-30 00:00:00+00:00
[2026-04-29T12:15:04.762+0000] {processor.py:183} INFO - Processing /opt/airflow/dags/dag_1.py took 0.072 seconds
[2026-04-29T12:16:42.517+0000] {processor.py:161} INFO - Started process (PID=65) to work on /opt/airflow/dags/dag_1.py
[2026-04-29T12:16:42.522+0000] {processor.py:830} INFO - Processing file /opt/airflow/dags/dag_1.py for tasks to queue
[2026-04-29T12:16:42.530+0000] {logging_mixin.py:188} INFO - [2026-04-29T12:16:42.530+0000] {dagbag.py:540} INFO - Filling up the DagBag from /opt/airflow/dags/dag_1.py
[2026-04-29T12:16:42.587+0000] {processor.py:840} INFO - DAG(s) 'first_dag' retrieved from /opt/airflow/dags/dag_1.py
[2026-04-29T12:16:42.917+0000] {logging_mixin.py:188} INFO - [2026-04-29T12:16:42.916+0000] {dag.py:3047} INFO - Sync 1 DAGs
[2026-04-29T12:16:42.962+0000] {logging_mixin.py:188} INFO - [2026-04-29T12:16:42.962+0000] {dag.py:3834} INFO - Setting next_dagrun for first_dag to 2026-04-29 00:00:00+00:00, run_after=2026-04-30 00:00:00+00:00
[2026-04-29T12:16:42.991+0000] {processor.py:183} INFO - Processing /opt/airflow/dags/dag_1.py took 0.487 seconds
[2026-04-29T12:17:13.164+0000] {processor.py:161} INFO - Started process (PID=72) to work on /opt/airflow/dags/dag_1.py
[2026-04-29T12:17:13.165+0000] {processor.py:830} INFO - Processing file /opt/airflow/dags/dag_1.py for tasks to queue
[2026-04-29T12:17:13.169+0000] {logging_mixin.py:188} INFO - [2026-04-29T12:17:13.168+0000] {dagbag.py:540} INFO - Filling up the DagBag from /opt/airflow/dags/dag_1.py
[2026-04-29T12:17:13.203+0000] {processor.py:840} INFO - DAG(s) 'first_dag' retrieved from /opt/airflow/dags/dag_1.py
[2026-04-29T12:17:13.268+0000] {logging_mixin.py:188} INFO - [2026-04-29T12:17:13.267+0000] {dag.py:3047} INFO - Sync 1 DAGs
[2026-04-29T12:17:13.303+0000] {logging_mixin.py:188} INFO - [2026-04-29T12:17:13.302+0000] {dag.py:3834} INFO - Setting next_dagrun for first_dag to 2026-04-29 00:00:00+00:00, run_after=2026-04-30 00:00:00+00:00
[2026-04-29T12:17:13.327+0000] {processor.py:183} INFO - Processing /opt/airflow/dags/dag_1.py took 0.170 seconds
[2026-04-29T12:17:43.450+0000] {processor.py:161} INFO - Started process (PID=79) to work on /opt/airflow/dags/dag_1.py
[2026-04-29T12:17:43.451+0000] {processor.py:830} INFO - Processing file /opt/airflow/dags/dag_1.py for tasks to queue
[2026-04-29T12:17:43.453+0000] {logging_mixin.py:188} INFO - [2026-04-29T12:17:43.453+0000] {dagbag.py:540} INFO - Filling up the DagBag from /opt/airflow/dags/dag_1.py
[2026-04-29T12:17:43.463+0000] {processor.py:840} INFO - DAG(s) 'first_dag' retrieved from /opt/airflow/dags/dag_1.py
[2026-04-29T12:17:43.484+0000] {logging_mixin.py:188} INFO - [2026-04-29T12:17:43.484+0000] {dag.py:3047} INFO - Sync 1 DAGs
[2026-04-29T12:17:43.508+0000] {logging_mixin.py:188} INFO - [2026-04-29T12:17:43.507+0000] {dag.py:3834} INFO - Setting next_dagrun for first_dag to 2026-04-29 00:00:00+00:00, run_after=2026-04-30 00:00:00+00:00
[2026-04-29T12:17:43.521+0000] {processor.py:183} INFO - Processing /opt/airflow/dags/dag_1.py took 0.074 seconds
[2026-04-29T12:18:13.578+0000] {processor.py:161} INFO - Started process (PID=86) to work on /opt/airflow/dags/dag_1.py
[2026-04-29T12:18:13.579+0000] {processor.py:830} INFO - Processing file /opt/airflow/dags/dag_1.py for tasks to queue
[2026-04-29T12:18:13.580+0000] {logging_mixin.py:188} INFO - [2026-04-29T12:18:13.580+0000] {dagbag.py:540} INFO - Filling up the DagBag from /opt/airflow/dags/dag_1.py
[2026-04-29T12:18:13.589+0000] {processor.py:840} INFO - DAG(s) 'first_dag' retrieved from /opt/airflow/dags/dag_1.py
[2026-04-29T12:18:13.612+0000] {logging_mixin.py:188} INFO - [2026-04-29T12:18:13.611+0000] {dag.py:3047} INFO - Sync 1 DAGs
[2026-04-29T12:18:13.629+0000] {logging_mixin.py:188} INFO - [2026-04-29T12:18:13.629+0000] {dag.py:3834} INFO - Setting next_dagrun for first_dag to 2026-04-29 00:00:00+00:00, run_after=2026-04-30 00:00:00+00:00
[2026-04-29T12:18:13.642+0000] {processor.py:183} INFO - Processing /opt/airflow/dags/dag_1.py took 0.068 seconds
[2026-04-29T12:18:43.722+0000] {processor.py:161} INFO - Started process (PID=93) to work on /opt/airflow/dags/dag_1.py
[2026-04-29T12:18:43.722+0000] {processor.py:830} INFO - Processing file /opt/airflow/dags/dag_1.py for tasks to queue
[2026-04-29T12:18:43.724+0000] {logging_mixin.py:188} INFO - [2026-04-29T12:18:43.724+0000] {dagbag.py:540} INFO - Filling up the DagBag from /opt/airflow/dags/dag_1.py
[2026-04-29T12:18:43.733+0000] {processor.py:840} INFO - DAG(s) 'first_dag' retrieved from /opt/airflow/dags/dag_1.py
[2026-04-29T12:18:43.838+0000] {logging_mixin.py:188} INFO - [2026-04-29T12:18:43.837+0000] {dag.py:3047} INFO - Sync 1 DAGs
[2026-04-29T12:18:43.861+0000] {logging_mixin.py:188} INFO - [2026-04-29T12:18:43.861+0000] {dag.py:3834} INFO - Setting next_dagrun for first_dag to 2026-04-29 00:00:00+00:00, run_after=2026-04-30 00:00:00+00:00
[2026-04-29T12:18:43.881+0000] {processor.py:183} INFO - Processing /opt/airflow/dags/dag_1.py took 0.162 seconds
[2026-04-29T12:19:13.994+0000] {processor.py:161} INFO - Started process (PID=100) to work on /opt/airflow/dags/dag_1.py
[2026-04-29T12:19:13.996+0000] {processor.py:830} INFO - Processing file /opt/airflow/dags/dag_1.py for tasks to queue
[2026-04-29T12:19:13.998+0000] {logging_mixin.py:188} INFO - [2026-04-29T12:19:13.997+0000] {dagbag.py:540} INFO - Filling up the DagBag from /opt/airflow/dags/dag_1.py
[2026-04-29T12:19:14.016+0000] {processor.py:840} INFO - DAG(s) 'first_dag' retrieved from /opt/airflow/dags/dag_1.py
[2026-04-29T12:19:14.060+0000] {logging_mixin.py:188} INFO - [2026-04-29T12:19:14.060+0000] {dag.py:3047} INFO - Sync 1 DAGs
[2026-04-29T12:19:14.079+0000] {logging_mixin.py:188} INFO - [2026-04-29T12:19:14.079+0000] {dag.py:3834} INFO - Setting next_dagrun for first_dag to 2026-04-29 00:00:00+00:00, run_after=2026-04-30 00:00:00+00:00
[2026-04-29T12:19:14.093+0000] {processor.py:183} INFO - Processing /opt/airflow/dags/dag_1.py took 0.103 seconds
[2026-04-29T12:19:44.207+0000] {processor.py:161} INFO - Started process (PID=108) to work on /opt/airflow/dags/dag_1.py
[2026-04-29T12:19:44.209+0000] {processor.py:830} INFO - Processing file /opt/airflow/dags/dag_1.py for tasks to queue
[2026-04-29T12:19:44.211+0000] {logging_mixin.py:188} INFO - [2026-04-29T12:19:44.210+0000] {dagbag.py:540} INFO - Filling up the DagBag from /opt/airflow/dags/dag_1.py
[2026-04-29T12:19:44.224+0000] {processor.py:840} INFO - DAG(s) 'first_dag' retrieved from /opt/airflow/dags/dag_1.py
[2026-04-29T12:19:44.254+0000] {logging_mixin.py:188} INFO - [2026-04-29T12:19:44.253+0000] {dag.py:3047} INFO - Sync 1 DAGs
[2026-04-29T12:19:44.279+0000] {logging_mixin.py:188} INFO - [2026-04-29T12:19:44.278+0000] {dag.py:3834} INFO - Setting next_dagrun for first_dag to 2026-04-29 00:00:00+00:00, run_after=2026-04-30 00:00:00+00:00
[2026-04-29T12:19:44.291+0000] {processor.py:183} INFO - Processing /opt/airflow/dags/dag_1.py took 0.088 seconds
[2026-04-29T12:20:14.333+0000] {processor.py:161} INFO - Started process (PID=115) to work on /opt/airflow/dags/dag_1.py
[2026-04-29T12:20:14.334+0000] {processor.py:830} INFO - Processing file /opt/airflow/dags/dag_1.py for tasks to queue
[2026-04-29T12:20:14.335+0000] {logging_mixin.py:188} INFO - [2026-04-29T12:20:14.335+0000] {dagbag.py:540} INFO - Filling up the DagBag from /opt/airflow/dags/dag_1.py
[2026-04-29T12:20:14.345+0000] {processor.py:840} INFO - DAG(s) 'first_dag' retrieved from /opt/airflow/dags/dag_1.py
[2026-04-29T12:20:14.366+0000] {logging_mixin.py:188} INFO - [2026-04-29T12:20:14.366+0000] {dag.py:3047} INFO - Sync 1 DAGs
[2026-04-29T12:20:14.385+0000] {logging_mixin.py:188} INFO - [2026-04-29T12:20:14.385+0000] {dag.py:3834} INFO - Setting next_dagrun for first_dag to 2026-04-29 00:00:00+00:00, run_after=2026-04-30 00:00:00+00:00
[2026-04-29T12:20:14.402+0000] {processor.py:183} INFO - Processing /opt/airflow/dags/dag_1.py took 0.072 seconds
[2026-04-29T12:20:44.520+0000] {processor.py:161} INFO - Started process (PID=122) to work on /opt/airflow/dags/dag_1.py
[2026-04-29T12:20:44.521+0000] {processor.py:830} INFO - Processing file /opt/airflow/dags/dag_1.py for tasks to queue
[2026-04-29T12:20:44.522+0000] {logging_mixin.py:188} INFO - [2026-04-29T12:20:44.522+0000] {dagbag.py:540} INFO - Filling up the DagBag from /opt/airflow/dags/dag_1.py
[2026-04-29T12:20:44.531+0000] {processor.py:840} INFO - DAG(s) 'first_dag' retrieved from /opt/airflow/dags/dag_1.py
[2026-04-29T12:20:44.557+0000] {logging_mixin.py:188} INFO - [2026-04-29T12:20:44.556+0000] {dag.py:3047} INFO - Sync 1 DAGs
[2026-04-29T12:20:44.575+0000] {logging_mixin.py:188} INFO - [2026-04-29T12:20:44.575+0000] {dag.py:3834} INFO - Setting next_dagrun for first_dag to 2026-04-29 00:00:00+00:00, run_after=2026-04-30 00:00:00+00:00
[2026-04-29T12:20:44.587+0000] {processor.py:183} INFO - Processing /opt/airflow/dags/dag_1.py took 0.071 seconds
[2026-04-29T12:21:14.676+0000] {processor.py:161} INFO - Started process (PID=129) to work on /opt/airflow/dags/dag_1.py
[2026-04-29T12:21:14.677+0000] {processor.py:830} INFO - Processing file /opt/airflow/dags/dag_1.py for tasks to queue
[2026-04-29T12:21:14.679+0000] {logging_mixin.py:188} INFO - [2026-04-29T12:21:14.679+0000] {dagbag.py:540} INFO - Filling up the DagBag from /opt/airflow/dags/dag_1.py
[2026-04-29T12:21:14.700+0000] {processor.py:840} INFO - DAG(s) 'first_dag' retrieved from /opt/airflow/dags/dag_1.py
[2026-04-29T12:21:14.727+0000] {logging_mixin.py:188} INFO - [2026-04-29T12:21:14.727+0000] {dag.py:3047} INFO - Sync 1 DAGs
[2026-04-29T12:21:14.745+0000] {logging_mixin.py:188} INFO - [2026-04-29T12:21:14.745+0000] {dag.py:3834} INFO - Setting next_dagrun for first_dag to 2026-04-29 00:00:00+00:00, run_after=2026-04-30 00:00:00+00:00
[2026-04-29T12:21:14.758+0000] {processor.py:183} INFO - Processing /opt/airflow/dags/dag_1.py took 0.086 seconds
[2026-04-29T12:21:44.830+0000] {processor.py:161} INFO - Started process (PID=136) to work on /opt/airflow/dags/dag_1.py
[2026-04-29T12:21:44.831+0000] {processor.py:830} INFO - Processing file /opt/airflow/dags/dag_1.py for tasks to queue
[2026-04-29T12:21:44.833+0000] {logging_mixin.py:188} INFO - [2026-04-29T12:21:44.832+0000] {dagbag.py:540} INFO - Filling up the DagBag from /opt/airflow/dags/dag_1.py
[2026-04-29T12:21:44.844+0000] {processor.py:840} INFO - DAG(s) 'first_dag' retrieved from /opt/airflow/dags/dag_1.py
[2026-04-29T12:21:44.866+0000] {logging_mixin.py:188} INFO - [2026-04-29T12:21:44.866+0000] {dag.py:3047} INFO - Sync 1 DAGs
[2026-04-29T12:21:44.886+0000] {logging_mixin.py:188} INFO - [2026-04-29T12:21:44.886+0000] {dag.py:3834} INFO - Setting next_dagrun for first_dag to 2026-04-29 00:00:00+00:00, run_after=2026-04-30 00:00:00+00:00
[2026-04-29T12:21:44.899+0000] {processor.py:183} INFO - Processing /opt/airflow/dags/dag_1.py took 0.074 seconds
[2026-04-29T12:22:15.006+0000] {processor.py:161} INFO - Started process (PID=143) to work on /opt/airflow/dags/dag_1.py
[2026-04-29T12:22:15.007+0000] {processor.py:830} INFO - Processing file /opt/airflow/dags/dag_1.py for tasks to queue
[2026-04-29T12:22:15.008+0000] {logging_mixin.py:188} INFO - [2026-04-29T12:22:15.008+0000] {dagbag.py:540} INFO - Filling up the DagBag from /opt/airflow/dags/dag_1.py
[2026-04-29T12:22:15.019+0000] {processor.py:840} INFO - DAG(s) 'first_dag' retrieved from /opt/airflow/dags/dag_1.py
[2026-04-29T12:22:15.040+0000] {logging_mixin.py:188} INFO - [2026-04-29T12:22:15.039+0000] {dag.py:3047} INFO - Sync 1 DAGs
[2026-04-29T12:22:15.057+0000] {logging_mixin.py:188} INFO - [2026-04-29T12:22:15.057+0000] {dag.py:3834} INFO - Setting next_dagrun for first_dag to 2026-04-29 00:00:00+00:00, run_after=2026-04-30 00:00:00+00:00
[2026-04-29T12:22:15.072+0000] {processor.py:183} INFO - Processing /opt/airflow/dags/dag_1.py took 0.070 seconds
[2026-04-29T12:22:45.136+0000] {processor.py:161} INFO - Started process (PID=150) to work on /opt/airflow/dags/dag_1.py
[2026-04-29T12:22:45.137+0000] {processor.py:830} INFO - Processing file /opt/airflow/dags/dag_1.py for tasks to queue
[2026-04-29T12:22:45.139+0000] {logging_mixin.py:188} INFO - [2026-04-29T12:22:45.138+0000] {dagbag.py:540} INFO - Filling up the DagBag from /opt/airflow/dags/dag_1.py
[2026-04-29T12:22:45.148+0000] {processor.py:840} INFO - DAG(s) 'first_dag' retrieved from /opt/airflow/dags/dag_1.py
[2026-04-29T12:22:45.172+0000] {logging_mixin.py:188} INFO - [2026-04-29T12:22:45.172+0000] {dag.py:3047} INFO - Sync 1 DAGs
[2026-04-29T12:22:45.195+0000] {logging_mixin.py:188} INFO - [2026-04-29T12:22:45.194+0000] {dag.py:3834} INFO - Setting next_dagrun for first_dag to 2026-04-29 00:00:00+00:00, run_after=2026-04-30 00:00:00+00:00
[2026-04-29T12:22:45.211+0000] {processor.py:183} INFO - Processing /opt/airflow/dags/dag_1.py took 0.077 seconds
[2026-04-29T12:23:15.308+0000] {processor.py:161} INFO - Started process (PID=157) to work on /opt/airflow/dags/dag_1.py
[2026-04-29T12:23:15.310+0000] {processor.py:830} INFO - Processing file /opt/airflow/dags/dag_1.py for tasks to queue
[2026-04-29T12:23:15.314+0000] {logging_mixin.py:188} INFO - [2026-04-29T12:23:15.313+0000] {dagbag.py:540} INFO - Filling up the DagBag from /opt/airflow/dags/dag_1.py
[2026-04-29T12:23:15.327+0000] {processor.py:840} INFO - DAG(s) 'first_dag' retrieved from /opt/airflow/dags/dag_1.py
[2026-04-29T12:23:15.359+0000] {logging_mixin.py:188} INFO - [2026-04-29T12:23:15.359+0000] {dag.py:3047} INFO - Sync 1 DAGs
[2026-04-29T12:23:15.397+0000] {logging_mixin.py:188} INFO - [2026-04-29T12:23:15.396+0000] {dag.py:3834} INFO - Setting next_dagrun for first_dag to 2026-04-29 00:00:00+00:00, run_after=2026-04-30 00:00:00+00:00
[2026-04-29T12:23:15.419+0000] {processor.py:183} INFO - Processing /opt/airflow/dags/dag_1.py took 0.115 seconds
